
[1m[46m RUN [49m[22m [36mv4.0.18 [39m[90mC:/Users/Prashant/OneDrive/Desktop/instadm[39m

[90mstdout[2m | tests/lib/capacity-simulation.test.ts[2m > [22m[2m≡ƒÜÇ Capacity Simulation: Full System Load Test[2m > [22m[2m≡ƒôè Per-Plan Capacity Report[2m > [22m[2mprints capacity for all plan tiers
[22m[39m
ΓòöΓòÉΓòÉΓòÉΓòÉΓòÉΓòÉΓòÉΓòÉΓòÉΓòÉΓòÉΓòÉΓòÉΓòÉΓòÉΓòÉΓòÉΓòÉΓòÉΓòÉΓòÉΓòÉΓòÉΓòÉΓòÉΓòÉΓòÉΓòÉΓòÉΓòÉΓòÉΓòÉΓòÉΓòÉΓòÉΓòÉΓòÉΓòÉΓòÉΓòÉΓòÉΓòÉΓòÉΓòÉΓòÉΓòÉΓòÉΓòÉΓòÉΓòÉΓòÉΓòÉΓòÉΓòÉΓòÉΓòÉΓòÉΓòÉΓòù
Γòæ          REPLYKARO CAPACITY REPORT                      Γòæ
ΓòáΓòÉΓòÉΓòÉΓòÉΓòÉΓòÉΓòÉΓòÉΓòÉΓòÉΓòÉΓòÉΓòÉΓòÉΓòÉΓòÉΓòÉΓòÉΓòÉΓòÉΓòÉΓòÉΓòÉΓòÉΓòÉΓòÉΓòÉΓòÉΓòÉΓòÉΓòÉΓòÉΓòÉΓòÉΓòÉΓòÉΓòÉΓòÉΓòÉΓòÉΓòÉΓòÉΓòÉΓòÉΓòÉΓòÉΓòÉΓòÉΓòÉΓòÉΓòÉΓòÉΓòÉΓòÉΓòÉΓòÉΓòÉΓòÉΓòú
Γòæ  Free Starter     Γöé   200 DMs/hr Γöé       1000 DMs/mo Γöé    3 auto Γòæ
Γòæ  Starter Pack     Γöé   200 DMs/hr Γöé      50000 DMs/mo Γöé   10 auto Γòæ
Γòæ  Pro Pack         Γöé   200 DMs/hr Γöé    1000000 DMs/mo Γöé  999 auto Γòæ
ΓòáΓòÉΓòÉΓòÉΓòÉΓòÉΓòÉΓòÉΓòÉΓòÉΓòÉΓòÉΓòÉΓòÉΓòÉΓòÉΓòÉΓòÉΓòÉΓòÉΓòÉΓòÉΓòÉΓòÉΓòÉΓòÉΓòÉΓòÉΓòÉΓòÉΓòÉΓòÉΓòÉΓòÉΓòÉΓòÉΓòÉΓòÉΓòÉΓòÉΓòÉΓòÉΓòÉΓòÉΓòÉΓòÉΓòÉΓòÉΓòÉΓòÉΓòÉΓòÉΓòÉΓòÉΓòÉΓòÉΓòÉΓòÉΓòÉΓòú
Γòæ  Platform-wide hourly speed limit: 200 DMs/hr/user      Γòæ
ΓòÜΓòÉΓòÉΓòÉΓòÉΓòÉΓòÉΓòÉΓòÉΓòÉΓòÉΓòÉΓòÉΓòÉΓòÉΓòÉΓòÉΓòÉΓòÉΓòÉΓòÉΓòÉΓòÉΓòÉΓòÉΓòÉΓòÉΓòÉΓòÉΓòÉΓòÉΓòÉΓòÉΓòÉΓòÉΓòÉΓòÉΓòÉΓòÉΓòÉΓòÉΓòÉΓòÉΓòÉΓòÉΓòÉΓòÉΓòÉΓòÉΓòÉΓòÉΓòÉΓòÉΓòÉΓòÉΓòÉΓòÉΓòÉΓòÉΓò¥

[90mstdout[2m | tests/lib/capacity-simulation.test.ts[2m > [22m[2m≡ƒÜÇ Capacity Simulation: Full System Load Test[2m > [22m[2m≡ƒºæ Single User Full Journey[2m > [22m[2mFree tier: 210 comments ΓåÆ 200 DMs + 10 queued
[22m[39mΓä╣∩╕Å [INFO] Rate limit hit, queuing DM | {"userId":"free_user_1","planType":"free","remaining":{"hourly":0,"monthly":800}}

[90mstdout[2m | tests/lib/capacity-simulation.test.ts[2m > [22m[2m≡ƒÜÇ Capacity Simulation: Full System Load Test[2m > [22m[2m≡ƒºæ Single User Full Journey[2m > [22m[2mFree tier: 210 comments ΓåÆ 200 DMs + 10 queued
[22m[39mΓä╣∩╕Å [INFO] Rate limit hit, queuing DM | {"userId":"free_user_1","planType":"free","remaining":{"hourly":0,"monthly":800}}

[90mstdout[2m | tests/lib/capacity-simulation.test.ts[2m > [22m[2m≡ƒÜÇ Capacity Simulation: Full System Load Test[2m > [22m[2m≡ƒºæ Single User Full Journey[2m > [22m[2mFree tier: 210 comments ΓåÆ 200 DMs + 10 queued
[22m[39mΓä╣∩╕Å [INFO] Rate limit hit, queuing DM | {"userId":"free_user_1","planType":"free","remaining":{"hourly":0,"monthly":800}}

[90mstdout[2m | tests/lib/capacity-simulation.test.ts[2m > [22m[2m≡ƒÜÇ Capacity Simulation: Full System Load Test[2m > [22m[2m≡ƒºæ Single User Full Journey[2m > [22m[2mFree tier: 210 comments ΓåÆ 200 DMs + 10 queued
[22m[39mΓä╣∩╕Å [INFO] Rate limit hit, queuing DM | {"userId":"free_user_1","planType":"free","remaining":{"hourly":0,"monthly":800}}

[90mstdout[2m | tests/lib/capacity-simulation.test.ts[2m > [22m[2m≡ƒÜÇ Capacity Simulation: Full System Load Test[2m > [22m[2m≡ƒºæ Single User Full Journey[2m > [22m[2mFree tier: 210 comments ΓåÆ 200 DMs + 10 queued
[22m[39mΓä╣∩╕Å [INFO] Rate limit hit, queuing DM | {"userId":"free_user_1","planType":"free","remaining":{"hourly":0,"monthly":800}}

[90mstdout[2m | tests/lib/capacity-simulation.test.ts[2m > [22m[2m≡ƒÜÇ Capacity Simulation: Full System Load Test[2m > [22m[2m≡ƒºæ Single User Full Journey[2m > [22m[2mFree tier: 210 comments ΓåÆ 200 DMs + 10 queued
[22m[39mΓä╣∩╕Å [INFO] Rate limit hit, queuing DM | {"userId":"free_user_1","planType":"free","remaining":{"hourly":0,"monthly":800}}

[90mstdout[2m | tests/lib/capacity-simulation.test.ts[2m > [22m[2m≡ƒÜÇ Capacity Simulation: Full System Load Test[2m > [22m[2m≡ƒºæ Single User Full Journey[2m > [22m[2mFree tier: 210 comments ΓåÆ 200 DMs + 10 queued
[22m[39mΓä╣∩╕Å [INFO] Rate limit hit, queuing DM | {"userId":"free_user_1","planType":"free","remaining":{"hourly":0,"monthly":800}}

[90mstdout[2m | tests/lib/capacity-simulation.test.ts[2m > [22m[2m≡ƒÜÇ Capacity Simulation: Full System Load Test[2m > [22m[2m≡ƒºæ Single User Full Journey[2m > [22m[2mFree tier: 210 comments ΓåÆ 200 DMs + 10 queued
[22m[39mΓä╣∩╕Å [INFO] Rate limit hit, queuing DM | {"userId":"free_user_1","planType":"free","remaining":{"hourly":0,"monthly":800}}

[90mstdout[2m | tests/lib/capacity-simulation.test.ts[2m > [22m[2m≡ƒÜÇ Capacity Simulation: Full System Load Test[2m > [22m[2m≡ƒºæ Single User Full Journey[2m > [22m[2mFree tier: 210 comments ΓåÆ 200 DMs + 10 queued
[22m[39mΓä╣∩╕Å [INFO] Rate limit hit, queuing DM | {"userId":"free_user_1","planType":"free","remaining":{"hourly":0,"monthly":800}}

[90mstdout[2m | tests/lib/capacity-simulation.test.ts[2m > [22m[2m≡ƒÜÇ Capacity Simulation: Full System Load Test[2m > [22m[2m≡ƒºæ Single User Full Journey[2m > [22m[2mFree tier: 210 comments ΓåÆ 200 DMs + 10 queued
[22m[39mΓä╣∩╕Å [INFO] Rate limit hit, queuing DM | {"userId":"free_user_1","planType":"free","remaining":{"hourly":0,"monthly":800}}

[90mstdout[2m | tests/lib/capacity-simulation.test.ts[2m > [22m[2m≡ƒÜÇ Capacity Simulation: Full System Load Test[2m > [22m[2m≡ƒºæ Single User Full Journey[2m > [22m[2mFree tier: 210 comments ΓåÆ 200 DMs + 10 queued
[22m[39m
≡ƒºæ FREE USER JOURNEY (210 comments):
   Γö£ΓöÇ DMs sent:   200
   Γö£ΓöÇ DMs queued: 10
   ΓööΓöÇ Total:      210

[90mstdout[2m | tests/lib/capacity-simulation.test.ts[2m > [22m[2m≡ƒÜÇ Capacity Simulation: Full System Load Test[2m > [22m[2m≡ƒºæ Single User Full Journey[2m > [22m[2mStarter tier: 210 comments ΓåÆ 200 DMs + 10 queued (same hourly limit)
[22m[39mΓä╣∩╕Å [INFO] Rate limit hit, queuing DM | {"userId":"starter_user_1","planType":"starter","remaining":{"hourly":0,"monthly":49800}}

[90mstdout[2m | tests/lib/capacity-simulation.test.ts[2m > [22m[2m≡ƒÜÇ Capacity Simulation: Full System Load Test[2m > [22m[2m≡ƒºæ Single User Full Journey[2m > [22m[2mStarter tier: 210 comments ΓåÆ 200 DMs + 10 queued (same hourly limit)
[22m[39mΓä╣∩╕Å [INFO] Rate limit hit, queuing DM | {"userId":"starter_user_1","planType":"starter","remaining":{"hourly":0,"monthly":49800}}

[90mstdout[2m | tests/lib/capacity-simulation.test.ts[2m > [22m[2m≡ƒÜÇ Capacity Simulation: Full System Load Test[2m > [22m[2m≡ƒºæ Single User Full Journey[2m > [22m[2mStarter tier: 210 comments ΓåÆ 200 DMs + 10 queued (same hourly limit)
[22m[39mΓä╣∩╕Å [INFO] Rate limit hit, queuing DM | {"userId":"starter_user_1","planType":"starter","remaining":{"hourly":0,"monthly":49800}}

[90mstdout[2m | tests/lib/capacity-simulation.test.ts[2m > [22m[2m≡ƒÜÇ Capacity Simulation: Full System Load Test[2m > [22m[2m≡ƒºæ Single User Full Journey[2m > [22m[2mStarter tier: 210 comments ΓåÆ 200 DMs + 10 queued (same hourly limit)
[22m[39mΓä╣∩╕Å [INFO] Rate limit hit, queuing DM | {"userId":"starter_user_1","planType":"starter","remaining":{"hourly":0,"monthly":49800}}

[90mstdout[2m | tests/lib/capacity-simulation.test.ts[2m > [22m[2m≡ƒÜÇ Capacity Simulation: Full System Load Test[2m > [22m[2m≡ƒºæ Single User Full Journey[2m > [22m[2mStarter tier: 210 comments ΓåÆ 200 DMs + 10 queued (same hourly limit)
[22m[39mΓä╣∩╕Å [INFO] Rate limit hit, queuing DM | {"userId":"starter_user_1","planType":"starter","remaining":{"hourly":0,"monthly":49800}}

[90mstdout[2m | tests/lib/capacity-simulation.test.ts[2m > [22m[2m≡ƒÜÇ Capacity Simulation: Full System Load Test[2m > [22m[2m≡ƒºæ Single User Full Journey[2m > [22m[2mStarter tier: 210 comments ΓåÆ 200 DMs + 10 queued (same hourly limit)
[22m[39mΓä╣∩╕Å [INFO] Rate limit hit, queuing DM | {"userId":"starter_user_1","planType":"starter","remaining":{"hourly":0,"monthly":49800}}

[90mstdout[2m | tests/lib/capacity-simulation.test.ts[2m > [22m[2m≡ƒÜÇ Capacity Simulation: Full System Load Test[2m > [22m[2m≡ƒºæ Single User Full Journey[2m > [22m[2mStarter tier: 210 comments ΓåÆ 200 DMs + 10 queued (same hourly limit)
[22m[39mΓä╣∩╕Å [INFO] Rate limit hit, queuing DM | {"userId":"starter_user_1","planType":"starter","remaining":{"hourly":0,"monthly":49800}}

[90mstdout[2m | tests/lib/capacity-simulation.test.ts[2m > [22m[2m≡ƒÜÇ Capacity Simulation: Full System Load Test[2m > [22m[2m≡ƒºæ Single User Full Journey[2m > [22m[2mStarter tier: 210 comments ΓåÆ 200 DMs + 10 queued (same hourly limit)
[22m[39mΓä╣∩╕Å [INFO] Rate limit hit, queuing DM | {"userId":"starter_user_1","planType":"starter","remaining":{"hourly":0,"monthly":49800}}

[90mstdout[2m | tests/lib/capacity-simulation.test.ts[2m > [22m[2m≡ƒÜÇ Capacity Simulation: Full System Load Test[2m > [22m[2m≡ƒºæ Single User Full Journey[2m > [22m[2mStarter tier: 210 comments ΓåÆ 200 DMs + 10 queued (same hourly limit)
[22m[39mΓä╣∩╕Å [INFO] Rate limit hit, queuing DM | {"userId":"starter_user_1","planType":"starter","remaining":{"hourly":0,"monthly":49800}}

[90mstdout[2m | tests/lib/capacity-simulation.test.ts[2m > [22m[2m≡ƒÜÇ Capacity Simulation: Full System Load Test[2m > [22m[2m≡ƒºæ Single User Full Journey[2m > [22m[2mStarter tier: 210 comments ΓåÆ 200 DMs + 10 queued (same hourly limit)
[22m[39mΓä╣∩╕Å [INFO] Rate limit hit, queuing DM | {"userId":"starter_user_1","planType":"starter","remaining":{"hourly":0,"monthly":49800}}

[90mstdout[2m | tests/lib/capacity-simulation.test.ts[2m > [22m[2m≡ƒÜÇ Capacity Simulation: Full System Load Test[2m > [22m[2m≡ƒºæ Single User Full Journey[2m > [22m[2mStarter tier: 210 comments ΓåÆ 200 DMs + 10 queued (same hourly limit)
[22m[39m
≡ƒºæ STARTER USER JOURNEY (210 comments):
   Γö£ΓöÇ DMs sent:   200
   Γö£ΓöÇ DMs queued: 10
   ΓööΓöÇ Total:      210

[90mstdout[2m | tests/lib/capacity-simulation.test.ts[2m > [22m[2m≡ƒÜÇ Capacity Simulation: Full System Load Test[2m > [22m[2m≡ƒºæ Single User Full Journey[2m > [22m[2mPro tier: 210 comments ΓåÆ 200 DMs + 10 queued (same hourly limit)
[22m[39mΓä╣∩╕Å [INFO] Rate limit hit, queuing DM | {"userId":"pro_user_1","planType":"pro","remaining":{"hourly":0,"monthly":999800}}

[90mstdout[2m | tests/lib/capacity-simulation.test.ts[2m > [22m[2m≡ƒÜÇ Capacity Simulation: Full System Load Test[2m > [22m[2m≡ƒºæ Single User Full Journey[2m > [22m[2mPro tier: 210 comments ΓåÆ 200 DMs + 10 queued (same hourly limit)
[22m[39mΓä╣∩╕Å [INFO] Rate limit hit, queuing DM | {"userId":"pro_user_1","planType":"pro","remaining":{"hourly":0,"monthly":999800}}

[90mstdout[2m | tests/lib/capacity-simulation.test.ts[2m > [22m[2m≡ƒÜÇ Capacity Simulation: Full System Load Test[2m > [22m[2m≡ƒºæ Single User Full Journey[2m > [22m[2mPro tier: 210 comments ΓåÆ 200 DMs + 10 queued (same hourly limit)
[22m[39mΓä╣∩╕Å [INFO] Rate limit hit, queuing DM | {"userId":"pro_user_1","planType":"pro","remaining":{"hourly":0,"monthly":999800}}

[90mstdout[2m | tests/lib/capacity-simulation.test.ts[2m > [22m[2m≡ƒÜÇ Capacity Simulation: Full System Load Test[2m > [22m[2m≡ƒºæ Single User Full Journey[2m > [22m[2mPro tier: 210 comments ΓåÆ 200 DMs + 10 queued (same hourly limit)
[22m[39mΓä╣∩╕Å [INFO] Rate limit hit, queuing DM | {"userId":"pro_user_1","planType":"pro","remaining":{"hourly":0,"monthly":999800}}

[90mstdout[2m | tests/lib/capacity-simulation.test.ts[2m > [22m[2m≡ƒÜÇ Capacity Simulation: Full System Load Test[2m > [22m[2m≡ƒºæ Single User Full Journey[2m > [22m[2mPro tier: 210 comments ΓåÆ 200 DMs + 10 queued (same hourly limit)
[22m[39mΓä╣∩╕Å [INFO] Rate limit hit, queuing DM | {"userId":"pro_user_1","planType":"pro","remaining":{"hourly":0,"monthly":999800}}

[90mstdout[2m | tests/lib/capacity-simulation.test.ts[2m > [22m[2m≡ƒÜÇ Capacity Simulation: Full System Load Test[2m > [22m[2m≡ƒºæ Single User Full Journey[2m > [22m[2mPro tier: 210 comments ΓåÆ 200 DMs + 10 queued (same hourly limit)
[22m[39mΓä╣∩╕Å [INFO] Rate limit hit, queuing DM | {"userId":"pro_user_1","planType":"pro","remaining":{"hourly":0,"monthly":999800}}

[90mstdout[2m | tests/lib/capacity-simulation.test.ts[2m > [22m[2m≡ƒÜÇ Capacity Simulation: Full System Load Test[2m > [22m[2m≡ƒºæ Single User Full Journey[2m > [22m[2mPro tier: 210 comments ΓåÆ 200 DMs + 10 queued (same hourly limit)
[22m[39mΓä╣∩╕Å [INFO] Rate limit hit, queuing DM | {"userId":"pro_user_1","planType":"pro","remaining":{"hourly":0,"monthly":999800}}

[90mstdout[2m | tests/lib/capacity-simulation.test.ts[2m > [22m[2m≡ƒÜÇ Capacity Simulation: Full System Load Test[2m > [22m[2m≡ƒºæ Single User Full Journey[2m > [22m[2mPro tier: 210 comments ΓåÆ 200 DMs + 10 queued (same hourly limit)
[22m[39mΓä╣∩╕Å [INFO] Rate limit hit, queuing DM | {"userId":"pro_user_1","planType":"pro","remaining":{"hourly":0,"monthly":999800}}

[90mstdout[2m | tests/lib/capacity-simulation.test.ts[2m > [22m[2m≡ƒÜÇ Capacity Simulation: Full System Load Test[2m > [22m[2m≡ƒºæ Single User Full Journey[2m > [22m[2mPro tier: 210 comments ΓåÆ 200 DMs + 10 queued (same hourly limit)
[22m[39mΓä╣∩╕Å [INFO] Rate limit hit, queuing DM | {"userId":"pro_user_1","planType":"pro","remaining":{"hourly":0,"monthly":999800}}

[90mstdout[2m | tests/lib/capacity-simulation.test.ts[2m > [22m[2m≡ƒÜÇ Capacity Simulation: Full System Load Test[2m > [22m[2m≡ƒºæ Single User Full Journey[2m > [22m[2mPro tier: 210 comments ΓåÆ 200 DMs + 10 queued (same hourly limit)
[22m[39mΓä╣∩╕Å [INFO] Rate limit hit, queuing DM | {"userId":"pro_user_1","planType":"pro","remaining":{"hourly":0,"monthly":999800}}

[90mstdout[2m | tests/lib/capacity-simulation.test.ts[2m > [22m[2m≡ƒÜÇ Capacity Simulation: Full System Load Test[2m > [22m[2m≡ƒºæ Single User Full Journey[2m > [22m[2mPro tier: 210 comments ΓåÆ 200 DMs + 10 queued (same hourly limit)
[22m[39m
≡ƒºæ PRO USER JOURNEY (210 comments):
   Γö£ΓöÇ DMs sent:   200
   Γö£ΓöÇ DMs queued: 10
   ΓööΓöÇ Total:      210

[90mstdout[2m | tests/lib/capacity-simulation.test.ts[2m > [22m[2m≡ƒÜÇ Capacity Simulation: Full System Load Test[2m > [22m[2m≡ƒæÑ Multi-User Concurrency[2m > [22m[2m10 concurrent Free users ├ù 50 comments = 500 DMs
[22m[39mΓä╣∩╕Å [INFO] Rate limit hit, queuing DM | {"userId":"concurrent_free_9","planType":"free","remaining":{"hourly":0,"monthly":800}}
Γä╣∩╕Å [INFO] Rate limit hit, queuing DM | {"userId":"concurrent_free_9","planType":"free","remaining":{"hourly":0,"monthly":800}}
Γä╣∩╕Å [INFO] Rate limit hit, queuing DM | {"userId":"concurrent_free_9","planType":"free","remaining":{"hourly":0,"monthly":800}}

[90mstdout[2m | tests/lib/capacity-simulation.test.ts[2m > [22m[2m≡ƒÜÇ Capacity Simulation: Full System Load Test[2m > [22m[2m≡ƒæÑ Multi-User Concurrency[2m > [22m[2m10 concurrent Free users ├ù 50 comments = 500 DMs
[22m[39mΓä╣∩╕Å [INFO] Rate limit hit, queuing DM | {"userId":"concurrent_free_9","planType":"free","remaining":{"hourly":0,"monthly":800}}
Γä╣∩╕Å [INFO] Rate limit hit, queuing DM | {"userId":"concurrent_free_9","planType":"free","remaining":{"hourly":0,"monthly":800}}
Γä╣∩╕Å [INFO] Rate limit hit, queuing DM | {"userId":"concurrent_free_9","planType":"free","remaining":{"hourly":0,"monthly":800}}

[90mstdout[2m | tests/lib/capacity-simulation.test.ts[2m > [22m[2m≡ƒÜÇ Capacity Simulation: Full System Load Test[2m > [22m[2m≡ƒæÑ Multi-User Concurrency[2m > [22m[2m10 concurrent Free users ├ù 50 comments = 500 DMs
[22m[39mΓä╣∩╕Å [INFO] Rate limit hit, queuing DM | {"userId":"concurrent_free_9","planType":"free","remaining":{"hourly":0,"monthly":800}}
Γä╣∩╕Å [INFO] Rate limit hit, queuing DM | {"userId":"concurrent_free_9","planType":"free","remaining":{"hourly":0,"monthly":800}}
Γä╣∩╕Å [INFO] Rate limit hit, queuing DM | {"userId":"concurrent_free_9","planType":"free","remaining":{"hourly":0,"monthly":800}}

[90mstdout[2m | tests/lib/capacity-simulation.test.ts[2m > [22m[2m≡ƒÜÇ Capacity Simulation: Full System Load Test[2m > [22m[2m≡ƒæÑ Multi-User Concurrency[2m > [22m[2m10 concurrent Free users ├ù 50 comments = 500 DMs
[22m[39mΓä╣∩╕Å [INFO] Rate limit hit, queuing DM | {"userId":"concurrent_free_9","planType":"free","remaining":{"hourly":0,"monthly":800}}

[90mstdout[2m | tests/lib/capacity-simulation.test.ts[2m > [22m[2m≡ƒÜÇ Capacity Simulation: Full System Load Test[2m > [22m[2m≡ƒæÑ Multi-User Concurrency[2m > [22m[2m10 concurrent Free users ├ù 50 comments = 500 DMs
[22m[39mΓä╣∩╕Å [INFO] Rate limit hit, queuing DM | {"userId":"concurrent_free_9","planType":"free","remaining":{"hourly":0,"monthly":800}}
Γä╣∩╕Å [INFO] Rate limit hit, queuing DM | {"userId":"concurrent_free_9","planType":"free","remaining":{"hourly":0,"monthly":800}}
Γä╣∩╕Å [INFO] Rate limit hit, queuing DM | {"userId":"concurrent_free_9","planType":"free","remaining":{"hourly":0,"monthly":800}}
Γä╣∩╕Å [INFO] Rate limit hit, queuing DM | {"userId":"concurrent_free_9","planType":"free","remaining":{"hourly":0,"monthly":800}}
Γä╣∩╕Å [INFO] Rate limit hit, queuing DM | {"userId":"concurrent_free_9","planType":"free","remaining":{"hourly":0,"monthly":800}}
Γä╣∩╕Å [INFO] Rate limit hit, queuing DM | {"userId":"concurrent_free_9","planType":"free","remaining":{"hourly":0,"monthly":800}}
Γä╣∩╕Å [INFO] Rate limit hit, queuing DM | {"userId":"concurrent_free_9","planType":"free","remaining":{"hourly":0,"monthly":800}}
Γä╣∩╕Å [INFO] Rate limit hit, queuing DM | {"userId":"concurrent_free_9","planType":"free","remaining":{"hourly":0,"monthly":800}}

[90mstdout[2m | tests/lib/capacity-simulation.test.ts[2m > [22m[2m≡ƒÜÇ Capacity Simulation: Full System Load Test[2m > [22m[2m≡ƒæÑ Multi-User Concurrency[2m > [22m[2m10 concurrent Free users ├ù 50 comments = 500 DMs
[22m[39mΓä╣∩╕Å [INFO] Rate limit hit, queuing DM | {"userId":"concurrent_free_9","planType":"free","remaining":{"hourly":0,"monthly":800}}

[90mstdout[2m | tests/lib/capacity-simulation.test.ts[2m > [22m[2m≡ƒÜÇ Capacity Simulation: Full System Load Test[2m > [22m[2m≡ƒæÑ Multi-User Concurrency[2m > [22m[2m10 concurrent Free users ├ù 50 comments = 500 DMs
[22m[39mΓä╣∩╕Å [INFO] Rate limit hit, queuing DM | {"userId":"concurrent_free_9","planType":"free","remaining":{"hourly":0,"monthly":800}}
Γä╣∩╕Å [INFO] Rate limit hit, queuing DM | {"userId":"concurrent_free_9","planType":"free","remaining":{"hourly":0,"monthly":800}}
Γä╣∩╕Å [INFO] Rate limit hit, queuing DM | {"userId":"concurrent_free_9","planType":"free","remaining":{"hourly":0,"monthly":800}}
Γä╣∩╕Å [INFO] Rate limit hit, queuing DM | {"userId":"concurrent_free_9","planType":"free","remaining":{"hourly":0,"monthly":800}}
Γä╣∩╕Å [INFO] Rate limit hit, queuing DM | {"userId":"concurrent_free_9","planType":"free","remaining":{"hourly":0,"monthly":800}}
Γä╣∩╕Å [INFO] Rate limit hit, queuing DM | {"userId":"concurrent_free_9","planType":"free","remaining":{"hourly":0,"monthly":800}}
Γä╣∩╕Å [INFO] Rate limit hit, queuing DM | {"userId":"concurrent_free_9","planType":"free","remaining":{"hourly":0,"monthly":800}}
Γä╣∩╕Å [INFO] Rate limit hit, queuing DM | {"userId":"concurrent_free_9","planType":"free","remaining":{"hourly":0,"monthly":800}}

[90mstdout[2m | tests/lib/capacity-simulation.test.ts[2m > [22m[2m≡ƒÜÇ Capacity Simulation: Full System Load Test[2m > [22m[2m≡ƒæÑ Multi-User Concurrency[2m > [22m[2m10 concurrent Free users ├ù 50 comments = 500 DMs
[22m[39mΓä╣∩╕Å [INFO] Rate limit hit, queuing DM | {"userId":"concurrent_free_9","planType":"free","remaining":{"hourly":0,"monthly":800}}

[90mstdout[2m | tests/lib/capacity-simulation.test.ts[2m > [22m[2m≡ƒÜÇ Capacity Simulation: Full System Load Test[2m > [22m[2m≡ƒæÑ Multi-User Concurrency[2m > [22m[2m10 concurrent Free users ├ù 50 comments = 500 DMs
[22m[39mΓä╣∩╕Å [INFO] Rate limit hit, queuing DM | {"userId":"concurrent_free_9","planType":"free","remaining":{"hourly":0,"monthly":800}}
Γä╣∩╕Å [INFO] Rate limit hit, queuing DM | {"userId":"concurrent_free_9","planType":"free","remaining":{"hourly":0,"monthly":800}}
Γä╣∩╕Å [INFO] Rate limit hit, queuing DM | {"userId":"concurrent_free_9","planType":"free","remaining":{"hourly":0,"monthly":800}}
Γä╣∩╕Å [INFO] Rate limit hit, queuing DM | {"userId":"concurrent_free_9","planType":"free","remaining":{"hourly":0,"monthly":800}}
Γä╣∩╕Å [INFO] Rate limit hit, queuing DM | {"userId":"concurrent_free_9","planType":"free","remaining":{"hourly":0,"monthly":800}}
Γä╣∩╕Å [INFO] Rate limit hit, queuing DM | {"userId":"concurrent_free_9","planType":"free","remaining":{"hourly":0,"monthly":800}}
Γä╣∩╕Å [INFO] Rate limit hit, queuing DM | {"userId":"concurrent_free_9","planType":"free","remaining":{"hourly":0,"monthly":800}}
Γä╣∩╕Å [INFO] Rate limit hit, queuing DM | {"userId":"concurrent_free_9","planType":"free","remaining":{"hourly":0,"monthly":800}}

[90mstdout[2m | tests/lib/capacity-simulation.test.ts[2m > [22m[2m≡ƒÜÇ Capacity Simulation: Full System Load Test[2m > [22m[2m≡ƒæÑ Multi-User Concurrency[2m > [22m[2m10 concurrent Free users ├ù 50 comments = 500 DMs
[22m[39mΓä╣∩╕Å [INFO] Rate limit hit, queuing DM | {"userId":"concurrent_free_9","planType":"free","remaining":{"hourly":0,"monthly":800}}

[90mstdout[2m | tests/lib/capacity-simulation.test.ts[2m > [22m[2m≡ƒÜÇ Capacity Simulation: Full System Load Test[2m > [22m[2m≡ƒæÑ Multi-User Concurrency[2m > [22m[2m10 concurrent Free users ├ù 50 comments = 500 DMs
[22m[39mΓä╣∩╕Å [INFO] Rate limit hit, queuing DM | {"userId":"concurrent_free_9","planType":"free","remaining":{"hourly":0,"monthly":800}}
Γä╣∩╕Å [INFO] Rate limit hit, queuing DM | {"userId":"concurrent_free_9","planType":"free","remaining":{"hourly":0,"monthly":800}}
Γä╣∩╕Å [INFO] Rate limit hit, queuing DM | {"userId":"concurrent_free_9","planType":"free","remaining":{"hourly":0,"monthly":800}}
Γä╣∩╕Å [INFO] Rate limit hit, queuing DM | {"userId":"concurrent_free_9","planType":"free","remaining":{"hourly":0,"monthly":800}}
Γä╣∩╕Å [INFO] Rate limit hit, queuing DM | {"userId":"concurrent_free_9","planType":"free","remaining":{"hourly":0,"monthly":800}}
Γä╣∩╕Å [INFO] Rate limit hit, queuing DM | {"userId":"concurrent_free_9","planType":"free","remaining":{"hourly":0,"monthly":800}}
Γä╣∩╕Å [INFO] Rate limit hit, queuing DM | {"userId":"concurrent_free_9","planType":"free","remaining":{"hourly":0,"monthly":800}}
Γä╣∩╕Å [INFO] Rate limit hit, queuing DM | {"userId":"concurrent_free_9","planType":"free","remaining":{"hourly":0,"monthly":800}}

[90mstdout[2m | tests/lib/capacity-simulation.test.ts[2m > [22m[2m≡ƒÜÇ Capacity Simulation: Full System Load Test[2m > [22m[2m≡ƒæÑ Multi-User Concurrency[2m > [22m[2m10 concurrent Free users ├ù 50 comments = 500 DMs
[22m[39mΓä╣∩╕Å [INFO] Rate limit hit, queuing DM | {"userId":"concurrent_free_9","planType":"free","remaining":{"hourly":0,"monthly":800}}

[90mstdout[2m | tests/lib/capacity-simulation.test.ts[2m > [22m[2m≡ƒÜÇ Capacity Simulation: Full System Load Test[2m > [22m[2m≡ƒæÑ Multi-User Concurrency[2m > [22m[2m10 concurrent Free users ├ù 50 comments = 500 DMs
[22m[39mΓä╣∩╕Å [INFO] Rate limit hit, queuing DM | {"userId":"concurrent_free_9","planType":"free","remaining":{"hourly":0,"monthly":800}}
Γä╣∩╕Å [INFO] Rate limit hit, queuing DM | {"userId":"concurrent_free_9","planType":"free","remaining":{"hourly":0,"monthly":800}}
Γä╣∩╕Å [INFO] Rate limit hit, queuing DM | {"userId":"concurrent_free_9","planType":"free","remaining":{"hourly":0,"monthly":800}}
Γä╣∩╕Å [INFO] Rate limit hit, queuing DM | {"userId":"concurrent_free_9","planType":"free","remaining":{"hourly":0,"monthly":800}}
Γä╣∩╕Å [INFO] Rate limit hit, queuing DM | {"userId":"concurrent_free_9","planType":"free","remaining":{"hourly":0,"monthly":800}}
Γä╣∩╕Å [INFO] Rate limit hit, queuing DM | {"userId":"concurrent_free_9","planType":"free","remaining":{"hourly":0,"monthly":800}}
Γä╣∩╕Å [INFO] Rate limit hit, queuing DM | {"userId":"concurrent_free_9","planType":"free","remaining":{"hourly":0,"monthly":800}}
Γä╣∩╕Å [INFO] Rate limit hit, queuing DM | {"userId":"concurrent_free_9","planType":"free","remaining":{"hourly":0,"monthly":800}}

[90mstdout[2m | tests/lib/capacity-simulation.test.ts[2m > [22m[2m≡ƒÜÇ Capacity Simulation: Full System Load Test[2m > [22m[2m≡ƒæÑ Multi-User Concurrency[2m > [22m[2m10 concurrent Free users ├ù 50 comments = 500 DMs
[22m[39mΓä╣∩╕Å [INFO] Rate limit hit, queuing DM | {"userId":"concurrent_free_9","planType":"free","remaining":{"hourly":0,"monthly":800}}

[90mstdout[2m | tests/lib/capacity-simulation.test.ts[2m > [22m[2m≡ƒÜÇ Capacity Simulation: Full System Load Test[2m > [22m[2m≡ƒæÑ Multi-User Concurrency[2m > [22m[2m10 concurrent Free users ├ù 50 comments = 500 DMs
[22m[39mΓä╣∩╕Å [INFO] Rate limit hit, queuing DM | {"userId":"concurrent_free_9","planType":"free","remaining":{"hourly":0,"monthly":800}}
Γä╣∩╕Å [INFO] Rate limit hit, queuing DM | {"userId":"concurrent_free_9","planType":"free","remaining":{"hourly":0,"monthly":800}}
Γä╣∩╕Å [INFO] Rate limit hit, queuing DM | {"userId":"concurrent_free_9","planType":"free","remaining":{"hourly":0,"monthly":800}}
Γä╣∩╕Å [INFO] Rate limit hit, queuing DM | {"userId":"concurrent_free_9","planType":"free","remaining":{"hourly":0,"monthly":800}}
Γä╣∩╕Å [INFO] Rate limit hit, queuing DM | {"userId":"concurrent_free_9","planType":"free","remaining":{"hourly":0,"monthly":800}}
Γä╣∩╕Å [INFO] Rate limit hit, queuing DM | {"userId":"concurrent_free_9","planType":"free","remaining":{"hourly":0,"monthly":800}}
Γä╣∩╕Å [INFO] Rate limit hit, queuing DM | {"userId":"concurrent_free_9","planType":"free","remaining":{"hourly":0,"monthly":800}}
Γä╣∩╕Å [INFO] Rate limit hit, queuing DM | {"userId":"concurrent_free_9","planType":"free","remaining":{"hourly":0,"monthly":800}}

[90mstdout[2m | tests/lib/capacity-simulation.test.ts[2m > [22m[2m≡ƒÜÇ Capacity Simulation: Full System Load Test[2m > [22m[2m≡ƒæÑ Multi-User Concurrency[2m > [22m[2m10 concurrent Free users ├ù 50 comments = 500 DMs
[22m[39mΓä╣∩╕Å [INFO] Rate limit hit, queuing DM | {"userId":"concurrent_free_9","planType":"free","remaining":{"hourly":0,"monthly":800}}

[90mstdout[2m | tests/lib/capacity-simulation.test.ts[2m > [22m[2m≡ƒÜÇ Capacity Simulation: Full System Load Test[2m > [22m[2m≡ƒæÑ Multi-User Concurrency[2m > [22m[2m10 concurrent Free users ├ù 50 comments = 500 DMs
[22m[39mΓä╣∩╕Å [INFO] Rate limit hit, queuing DM | {"userId":"concurrent_free_9","planType":"free","remaining":{"hourly":0,"monthly":800}}
Γä╣∩╕Å [INFO] Rate limit hit, queuing DM | {"userId":"concurrent_free_9","planType":"free","remaining":{"hourly":0,"monthly":800}}
Γä╣∩╕Å [INFO] Rate limit hit, queuing DM | {"userId":"concurrent_free_9","planType":"free","remaining":{"hourly":0,"monthly":800}}
Γä╣∩╕Å [INFO] Rate limit hit, queuing DM | {"userId":"concurrent_free_9","planType":"free","remaining":{"hourly":0,"monthly":800}}
Γä╣∩╕Å [INFO] Rate limit hit, queuing DM | {"userId":"concurrent_free_9","planType":"free","remaining":{"hourly":0,"monthly":800}}
Γä╣∩╕Å [INFO] Rate limit hit, queuing DM | {"userId":"concurrent_free_9","planType":"free","remaining":{"hourly":0,"monthly":800}}
Γä╣∩╕Å [INFO] Rate limit hit, queuing DM | {"userId":"concurrent_free_9","planType":"free","remaining":{"hourly":0,"monthly":800}}
Γä╣∩╕Å [INFO] Rate limit hit, queuing DM | {"userId":"concurrent_free_9","planType":"free","remaining":{"hourly":0,"monthly":800}}

[90mstdout[2m | tests/lib/capacity-simulation.test.ts[2m > [22m[2m≡ƒÜÇ Capacity Simulation: Full System Load Test[2m > [22m[2m≡ƒæÑ Multi-User Concurrency[2m > [22m[2m10 concurrent Free users ├ù 50 comments = 500 DMs
[22m[39mΓä╣∩╕Å [INFO] Rate limit hit, queuing DM | {"userId":"concurrent_free_9","planType":"free","remaining":{"hourly":0,"monthly":800}}

[90mstdout[2m | tests/lib/capacity-simulation.test.ts[2m > [22m[2m≡ƒÜÇ Capacity Simulation: Full System Load Test[2m > [22m[2m≡ƒæÑ Multi-User Concurrency[2m > [22m[2m10 concurrent Free users ├ù 50 comments = 500 DMs
[22m[39mΓä╣∩╕Å [INFO] Rate limit hit, queuing DM | {"userId":"concurrent_free_9","planType":"free","remaining":{"hourly":0,"monthly":800}}
Γä╣∩╕Å [INFO] Rate limit hit, queuing DM | {"userId":"concurrent_free_9","planType":"free","remaining":{"hourly":0,"monthly":800}}
Γä╣∩╕Å [INFO] Rate limit hit, queuing DM | {"userId":"concurrent_free_9","planType":"free","remaining":{"hourly":0,"monthly":800}}
Γä╣∩╕Å [INFO] Rate limit hit, queuing DM | {"userId":"concurrent_free_9","planType":"free","remaining":{"hourly":0,"monthly":800}}
Γä╣∩╕Å [INFO] Rate limit hit, queuing DM | {"userId":"concurrent_free_9","planType":"free","remaining":{"hourly":0,"monthly":800}}
Γä╣∩╕Å [INFO] Rate limit hit, queuing DM | {"userId":"concurrent_free_9","planType":"free","remaining":{"hourly":0,"monthly":800}}
Γä╣∩╕Å [INFO] Rate limit hit, queuing DM | {"userId":"concurrent_free_9","planType":"free","remaining":{"hourly":0,"monthly":800}}
Γä╣∩╕Å [INFO] Rate limit hit, queuing DM | {"userId":"concurrent_free_9","planType":"free","remaining":{"hourly":0,"monthly":800}}

[90mstdout[2m | tests/lib/capacity-simulation.test.ts[2m > [22m[2m≡ƒÜÇ Capacity Simulation: Full System Load Test[2m > [22m[2m≡ƒæÑ Multi-User Concurrency[2m > [22m[2m10 concurrent Free users ├ù 50 comments = 500 DMs
[22m[39mΓä╣∩╕Å [INFO] Rate limit hit, queuing DM | {"userId":"concurrent_free_9","planType":"free","remaining":{"hourly":0,"monthly":800}}

[90mstdout[2m | tests/lib/capacity-simulation.test.ts[2m > [22m[2m≡ƒÜÇ Capacity Simulation: Full System Load Test[2m > [22m[2m≡ƒæÑ Multi-User Concurrency[2m > [22m[2m10 concurrent Free users ├ù 50 comments = 500 DMs
[22m[39mΓä╣∩╕Å [INFO] Rate limit hit, queuing DM | {"userId":"concurrent_free_9","planType":"free","remaining":{"hourly":0,"monthly":800}}
Γä╣∩╕Å [INFO] Rate limit hit, queuing DM | {"userId":"concurrent_free_9","planType":"free","remaining":{"hourly":0,"monthly":800}}
Γä╣∩╕Å [INFO] Rate limit hit, queuing DM | {"userId":"concurrent_free_9","planType":"free","remaining":{"hourly":0,"monthly":800}}
Γä╣∩╕Å [INFO] Rate limit hit, queuing DM | {"userId":"concurrent_free_9","planType":"free","remaining":{"hourly":0,"monthly":800}}
Γä╣∩╕Å [INFO] Rate limit hit, queuing DM | {"userId":"concurrent_free_9","planType":"free","remaining":{"hourly":0,"monthly":800}}
Γä╣∩╕Å [INFO] Rate limit hit, queuing DM | {"userId":"concurrent_free_9","planType":"free","remaining":{"hourly":0,"monthly":800}}
Γä╣∩╕Å [INFO] Rate limit hit, queuing DM | {"userId":"concurrent_free_9","planType":"free","remaining":{"hourly":0,"monthly":800}}
Γä╣∩╕Å [INFO] Rate limit hit, queuing DM | {"userId":"concurrent_free_9","planType":"free","remaining":{"hourly":0,"monthly":800}}

[90mstdout[2m | tests/lib/capacity-simulation.test.ts[2m > [22m[2m≡ƒÜÇ Capacity Simulation: Full System Load Test[2m > [22m[2m≡ƒæÑ Multi-User Concurrency[2m > [22m[2m10 concurrent Free users ├ù 50 comments = 500 DMs
[22m[39mΓä╣∩╕Å [INFO] Rate limit hit, queuing DM | {"userId":"concurrent_free_9","planType":"free","remaining":{"hourly":0,"monthly":800}}

[90mstdout[2m | tests/lib/capacity-simulation.test.ts[2m > [22m[2m≡ƒÜÇ Capacity Simulation: Full System Load Test[2m > [22m[2m≡ƒæÑ Multi-User Concurrency[2m > [22m[2m10 concurrent Free users ├ù 50 comments = 500 DMs
[22m[39mΓä╣∩╕Å [INFO] Rate limit hit, queuing DM | {"userId":"concurrent_free_9","planType":"free","remaining":{"hourly":0,"monthly":800}}
Γä╣∩╕Å [INFO] Rate limit hit, queuing DM | {"userId":"concurrent_free_9","planType":"free","remaining":{"hourly":0,"monthly":800}}
Γä╣∩╕Å [INFO] Rate limit hit, queuing DM | {"userId":"concurrent_free_9","planType":"free","remaining":{"hourly":0,"monthly":800}}
Γä╣∩╕Å [INFO] Rate limit hit, queuing DM | {"userId":"concurrent_free_9","planType":"free","remaining":{"hourly":0,"monthly":800}}
Γä╣∩╕Å [INFO] Rate limit hit, queuing DM | {"userId":"concurrent_free_9","planType":"free","remaining":{"hourly":0,"monthly":800}}
Γä╣∩╕Å [INFO] Rate limit hit, queuing DM | {"userId":"concurrent_free_9","planType":"free","remaining":{"hourly":0,"monthly":800}}
Γä╣∩╕Å [INFO] Rate limit hit, queuing DM | {"userId":"concurrent_free_9","planType":"free","remaining":{"hourly":0,"monthly":800}}
Γä╣∩╕Å [INFO] Rate limit hit, queuing DM | {"userId":"concurrent_free_9","planType":"free","remaining":{"hourly":0,"monthly":800}}

[90mstdout[2m | tests/lib/capacity-simulation.test.ts[2m > [22m[2m≡ƒÜÇ Capacity Simulation: Full System Load Test[2m > [22m[2m≡ƒæÑ Multi-User Concurrency[2m > [22m[2m10 concurrent Free users ├ù 50 comments = 500 DMs
[22m[39mΓä╣∩╕Å [INFO] Rate limit hit, queuing DM | {"userId":"concurrent_free_9","planType":"free","remaining":{"hourly":0,"monthly":800}}

[90mstdout[2m | tests/lib/capacity-simulation.test.ts[2m > [22m[2m≡ƒÜÇ Capacity Simulation: Full System Load Test[2m > [22m[2m≡ƒæÑ Multi-User Concurrency[2m > [22m[2m10 concurrent Free users ├ù 50 comments = 500 DMs
[22m[39mΓä╣∩╕Å [INFO] Rate limit hit, queuing DM | {"userId":"concurrent_free_9","planType":"free","remaining":{"hourly":0,"monthly":800}}
Γä╣∩╕Å [INFO] Rate limit hit, queuing DM | {"userId":"concurrent_free_9","planType":"free","remaining":{"hourly":0,"monthly":800}}
Γä╣∩╕Å [INFO] Rate limit hit, queuing DM | {"userId":"concurrent_free_9","planType":"free","remaining":{"hourly":0,"monthly":800}}
Γä╣∩╕Å [INFO] Rate limit hit, queuing DM | {"userId":"concurrent_free_9","planType":"free","remaining":{"hourly":0,"monthly":800}}
Γä╣∩╕Å [INFO] Rate limit hit, queuing DM | {"userId":"concurrent_free_9","planType":"free","remaining":{"hourly":0,"monthly":800}}
Γä╣∩╕Å [INFO] Rate limit hit, queuing DM | {"userId":"concurrent_free_9","planType":"free","remaining":{"hourly":0,"monthly":800}}
Γä╣∩╕Å [INFO] Rate limit hit, queuing DM | {"userId":"concurrent_free_9","planType":"free","remaining":{"hourly":0,"monthly":800}}
Γä╣∩╕Å [INFO] Rate limit hit, queuing DM | {"userId":"concurrent_free_9","planType":"free","remaining":{"hourly":0,"monthly":800}}

[90mstdout[2m | tests/lib/capacity-simulation.test.ts[2m > [22m[2m≡ƒÜÇ Capacity Simulation: Full System Load Test[2m > [22m[2m≡ƒæÑ Multi-User Concurrency[2m > [22m[2m10 concurrent Free users ├ù 50 comments = 500 DMs
[22m[39mΓä╣∩╕Å [INFO] Rate limit hit, queuing DM | {"userId":"concurrent_free_9","planType":"free","remaining":{"hourly":0,"monthly":800}}

[90mstdout[2m | tests/lib/capacity-simulation.test.ts[2m > [22m[2m≡ƒÜÇ Capacity Simulation: Full System Load Test[2m > [22m[2m≡ƒæÑ Multi-User Concurrency[2m > [22m[2m10 concurrent Free users ├ù 50 comments = 500 DMs
[22m[39mΓä╣∩╕Å [INFO] Rate limit hit, queuing DM | {"userId":"concurrent_free_9","planType":"free","remaining":{"hourly":0,"monthly":800}}
Γä╣∩╕Å [INFO] Rate limit hit, queuing DM | {"userId":"concurrent_free_9","planType":"free","remaining":{"hourly":0,"monthly":800}}
Γä╣∩╕Å [INFO] Rate limit hit, queuing DM | {"userId":"concurrent_free_9","planType":"free","remaining":{"hourly":0,"monthly":800}}
Γä╣∩╕Å [INFO] Rate limit hit, queuing DM | {"userId":"concurrent_free_9","planType":"free","remaining":{"hourly":0,"monthly":800}}
Γä╣∩╕Å [INFO] Rate limit hit, queuing DM | {"userId":"concurrent_free_9","planType":"free","remaining":{"hourly":0,"monthly":800}}
Γä╣∩╕Å [INFO] Rate limit hit, queuing DM | {"userId":"concurrent_free_9","planType":"free","remaining":{"hourly":0,"monthly":800}}
Γä╣∩╕Å [INFO] Rate limit hit, queuing DM | {"userId":"concurrent_free_9","planType":"free","remaining":{"hourly":0,"monthly":800}}
Γä╣∩╕Å [INFO] Rate limit hit, queuing DM | {"userId":"concurrent_free_9","planType":"free","remaining":{"hourly":0,"monthly":800}}

[90mstdout[2m | tests/lib/capacity-simulation.test.ts[2m > [22m[2m≡ƒÜÇ Capacity Simulation: Full System Load Test[2m > [22m[2m≡ƒæÑ Multi-User Concurrency[2m > [22m[2m10 concurrent Free users ├ù 50 comments = 500 DMs
[22m[39mΓä╣∩╕Å [INFO] Rate limit hit, queuing DM | {"userId":"concurrent_free_9","planType":"free","remaining":{"hourly":0,"monthly":800}}

[90mstdout[2m | tests/lib/capacity-simulation.test.ts[2m > [22m[2m≡ƒÜÇ Capacity Simulation: Full System Load Test[2m > [22m[2m≡ƒæÑ Multi-User Concurrency[2m > [22m[2m10 concurrent Free users ├ù 50 comments = 500 DMs
[22m[39mΓä╣∩╕Å [INFO] Rate limit hit, queuing DM | {"userId":"concurrent_free_9","planType":"free","remaining":{"hourly":0,"monthly":800}}
Γä╣∩╕Å [INFO] Rate limit hit, queuing DM | {"userId":"concurrent_free_9","planType":"free","remaining":{"hourly":0,"monthly":800}}
Γä╣∩╕Å [INFO] Rate limit hit, queuing DM | {"userId":"concurrent_free_9","planType":"free","remaining":{"hourly":0,"monthly":800}}
Γä╣∩╕Å [INFO] Rate limit hit, queuing DM | {"userId":"concurrent_free_9","planType":"free","remaining":{"hourly":0,"monthly":800}}
Γä╣∩╕Å [INFO] Rate limit hit, queuing DM | {"userId":"concurrent_free_9","planType":"free","remaining":{"hourly":0,"monthly":800}}
Γä╣∩╕Å [INFO] Rate limit hit, queuing DM | {"userId":"concurrent_free_9","planType":"free","remaining":{"hourly":0,"monthly":800}}
Γä╣∩╕Å [INFO] Rate limit hit, queuing DM | {"userId":"concurrent_free_9","planType":"free","remaining":{"hourly":0,"monthly":800}}
Γä╣∩╕Å [INFO] Rate limit hit, queuing DM | {"userId":"concurrent_free_9","planType":"free","remaining":{"hourly":0,"monthly":800}}

[90mstdout[2m | tests/lib/capacity-simulation.test.ts[2m > [22m[2m≡ƒÜÇ Capacity Simulation: Full System Load Test[2m > [22m[2m≡ƒæÑ Multi-User Concurrency[2m > [22m[2m10 concurrent Free users ├ù 50 comments = 500 DMs
[22m[39mΓä╣∩╕Å [INFO] Rate limit hit, queuing DM | {"userId":"concurrent_free_9","planType":"free","remaining":{"hourly":0,"monthly":800}}

[90mstdout[2m | tests/lib/capacity-simulation.test.ts[2m > [22m[2m≡ƒÜÇ Capacity Simulation: Full System Load Test[2m > [22m[2m≡ƒæÑ Multi-User Concurrency[2m > [22m[2m10 concurrent Free users ├ù 50 comments = 500 DMs
[22m[39mΓä╣∩╕Å [INFO] Rate limit hit, queuing DM | {"userId":"concurrent_free_9","planType":"free","remaining":{"hourly":0,"monthly":800}}
Γä╣∩╕Å [INFO] Rate limit hit, queuing DM | {"userId":"concurrent_free_9","planType":"free","remaining":{"hourly":0,"monthly":800}}
Γä╣∩╕Å [INFO] Rate limit hit, queuing DM | {"userId":"concurrent_free_9","planType":"free","remaining":{"hourly":0,"monthly":800}}
Γä╣∩╕Å [INFO] Rate limit hit, queuing DM | {"userId":"concurrent_free_9","planType":"free","remaining":{"hourly":0,"monthly":800}}
Γä╣∩╕Å [INFO] Rate limit hit, queuing DM | {"userId":"concurrent_free_9","planType":"free","remaining":{"hourly":0,"monthly":800}}
Γä╣∩╕Å [INFO] Rate limit hit, queuing DM | {"userId":"concurrent_free_9","planType":"free","remaining":{"hourly":0,"monthly":800}}
Γä╣∩╕Å [INFO] Rate limit hit, queuing DM | {"userId":"concurrent_free_9","planType":"free","remaining":{"hourly":0,"monthly":800}}
Γä╣∩╕Å [INFO] Rate limit hit, queuing DM | {"userId":"concurrent_free_9","planType":"free","remaining":{"hourly":0,"monthly":800}}

[90mstdout[2m | tests/lib/capacity-simulation.test.ts[2m > [22m[2m≡ƒÜÇ Capacity Simulation: Full System Load Test[2m > [22m[2m≡ƒæÑ Multi-User Concurrency[2m > [22m[2m10 concurrent Free users ├ù 50 comments = 500 DMs
[22m[39mΓä╣∩╕Å [INFO] Rate limit hit, queuing DM | {"userId":"concurrent_free_9","planType":"free","remaining":{"hourly":0,"monthly":800}}

[90mstdout[2m | tests/lib/capacity-simulation.test.ts[2m > [22m[2m≡ƒÜÇ Capacity Simulation: Full System Load Test[2m > [22m[2m≡ƒæÑ Multi-User Concurrency[2m > [22m[2m10 concurrent Free users ├ù 50 comments = 500 DMs
[22m[39mΓä╣∩╕Å [INFO] Rate limit hit, queuing DM | {"userId":"concurrent_free_9","planType":"free","remaining":{"hourly":0,"monthly":800}}
Γä╣∩╕Å [INFO] Rate limit hit, queuing DM | {"userId":"concurrent_free_9","planType":"free","remaining":{"hourly":0,"monthly":800}}
Γä╣∩╕Å [INFO] Rate limit hit, queuing DM | {"userId":"concurrent_free_9","planType":"free","remaining":{"hourly":0,"monthly":800}}
Γä╣∩╕Å [INFO] Rate limit hit, queuing DM | {"userId":"concurrent_free_9","planType":"free","remaining":{"hourly":0,"monthly":800}}
Γä╣∩╕Å [INFO] Rate limit hit, queuing DM | {"userId":"concurrent_free_9","planType":"free","remaining":{"hourly":0,"monthly":800}}
Γä╣∩╕Å [INFO] Rate limit hit, queuing DM | {"userId":"concurrent_free_9","planType":"free","remaining":{"hourly":0,"monthly":800}}
Γä╣∩╕Å [INFO] Rate limit hit, queuing DM | {"userId":"concurrent_free_9","planType":"free","remaining":{"hourly":0,"monthly":800}}
Γä╣∩╕Å [INFO] Rate limit hit, queuing DM | {"userId":"concurrent_free_9","planType":"free","remaining":{"hourly":0,"monthly":800}}

[90mstdout[2m | tests/lib/capacity-simulation.test.ts[2m > [22m[2m≡ƒÜÇ Capacity Simulation: Full System Load Test[2m > [22m[2m≡ƒæÑ Multi-User Concurrency[2m > [22m[2m10 concurrent Free users ├ù 50 comments = 500 DMs
[22m[39mΓä╣∩╕Å [INFO] Rate limit hit, queuing DM | {"userId":"concurrent_free_9","planType":"free","remaining":{"hourly":0,"monthly":800}}

[90mstdout[2m | tests/lib/capacity-simulation.test.ts[2m > [22m[2m≡ƒÜÇ Capacity Simulation: Full System Load Test[2m > [22m[2m≡ƒæÑ Multi-User Concurrency[2m > [22m[2m10 concurrent Free users ├ù 50 comments = 500 DMs
[22m[39mΓä╣∩╕Å [INFO] Rate limit hit, queuing DM | {"userId":"concurrent_free_9","planType":"free","remaining":{"hourly":0,"monthly":800}}
Γä╣∩╕Å [INFO] Rate limit hit, queuing DM | {"userId":"concurrent_free_9","planType":"free","remaining":{"hourly":0,"monthly":800}}
Γä╣∩╕Å [INFO] Rate limit hit, queuing DM | {"userId":"concurrent_free_9","planType":"free","remaining":{"hourly":0,"monthly":800}}
Γä╣∩╕Å [INFO] Rate limit hit, queuing DM | {"userId":"concurrent_free_9","planType":"free","remaining":{"hourly":0,"monthly":800}}
Γä╣∩╕Å [INFO] Rate limit hit, queuing DM | {"userId":"concurrent_free_9","planType":"free","remaining":{"hourly":0,"monthly":800}}
Γä╣∩╕Å [INFO] Rate limit hit, queuing DM | {"userId":"concurrent_free_9","planType":"free","remaining":{"hourly":0,"monthly":800}}
Γä╣∩╕Å [INFO] Rate limit hit, queuing DM | {"userId":"concurrent_free_9","planType":"free","remaining":{"hourly":0,"monthly":800}}
Γä╣∩╕Å [INFO] Rate limit hit, queuing DM | {"userId":"concurrent_free_9","planType":"free","remaining":{"hourly":0,"monthly":800}}

[90mstdout[2m | tests/lib/capacity-simulation.test.ts[2m > [22m[2m≡ƒÜÇ Capacity Simulation: Full System Load Test[2m > [22m[2m≡ƒæÑ Multi-User Concurrency[2m > [22m[2m10 concurrent Free users ├ù 50 comments = 500 DMs
[22m[39mΓä╣∩╕Å [INFO] Rate limit hit, queuing DM | {"userId":"concurrent_free_9","planType":"free","remaining":{"hourly":0,"monthly":800}}

[90mstdout[2m | tests/lib/capacity-simulation.test.ts[2m > [22m[2m≡ƒÜÇ Capacity Simulation: Full System Load Test[2m > [22m[2m≡ƒæÑ Multi-User Concurrency[2m > [22m[2m10 concurrent Free users ├ù 50 comments = 500 DMs
[22m[39mΓä╣∩╕Å [INFO] Rate limit hit, queuing DM | {"userId":"concurrent_free_9","planType":"free","remaining":{"hourly":0,"monthly":800}}
Γä╣∩╕Å [INFO] Rate limit hit, queuing DM | {"userId":"concurrent_free_9","planType":"free","remaining":{"hourly":0,"monthly":800}}
Γä╣∩╕Å [INFO] Rate limit hit, queuing DM | {"userId":"concurrent_free_9","planType":"free","remaining":{"hourly":0,"monthly":800}}
Γä╣∩╕Å [INFO] Rate limit hit, queuing DM | {"userId":"concurrent_free_9","planType":"free","remaining":{"hourly":0,"monthly":800}}
Γä╣∩╕Å [INFO] Rate limit hit, queuing DM | {"userId":"concurrent_free_9","planType":"free","remaining":{"hourly":0,"monthly":800}}
Γä╣∩╕Å [INFO] Rate limit hit, queuing DM | {"userId":"concurrent_free_9","planType":"free","remaining":{"hourly":0,"monthly":800}}
Γä╣∩╕Å [INFO] Rate limit hit, queuing DM | {"userId":"concurrent_free_9","planType":"free","remaining":{"hourly":0,"monthly":800}}
Γä╣∩╕Å [INFO] Rate limit hit, queuing DM | {"userId":"concurrent_free_9","planType":"free","remaining":{"hourly":0,"monthly":800}}

[90mstdout[2m | tests/lib/capacity-simulation.test.ts[2m > [22m[2m≡ƒÜÇ Capacity Simulation: Full System Load Test[2m > [22m[2m≡ƒæÑ Multi-User Concurrency[2m > [22m[2m10 concurrent Free users ├ù 50 comments = 500 DMs
[22m[39mΓä╣∩╕Å [INFO] Rate limit hit, queuing DM | {"userId":"concurrent_free_9","planType":"free","remaining":{"hourly":0,"monthly":800}}

[90mstdout[2m | tests/lib/capacity-simulation.test.ts[2m > [22m[2m≡ƒÜÇ Capacity Simulation: Full System Load Test[2m > [22m[2m≡ƒæÑ Multi-User Concurrency[2m > [22m[2m10 concurrent Free users ├ù 50 comments = 500 DMs
[22m[39mΓä╣∩╕Å [INFO] Rate limit hit, queuing DM | {"userId":"concurrent_free_9","planType":"free","remaining":{"hourly":0,"monthly":800}}
Γä╣∩╕Å [INFO] Rate limit hit, queuing DM | {"userId":"concurrent_free_9","planType":"free","remaining":{"hourly":0,"monthly":800}}
Γä╣∩╕Å [INFO] Rate limit hit, queuing DM | {"userId":"concurrent_free_9","planType":"free","remaining":{"hourly":0,"monthly":800}}
Γä╣∩╕Å [INFO] Rate limit hit, queuing DM | {"userId":"concurrent_free_9","planType":"free","remaining":{"hourly":0,"monthly":800}}
Γä╣∩╕Å [INFO] Rate limit hit, queuing DM | {"userId":"concurrent_free_9","planType":"free","remaining":{"hourly":0,"monthly":800}}
Γä╣∩╕Å [INFO] Rate limit hit, queuing DM | {"userId":"concurrent_free_9","planType":"free","remaining":{"hourly":0,"monthly":800}}
Γä╣∩╕Å [INFO] Rate limit hit, queuing DM | {"userId":"concurrent_free_9","planType":"free","remaining":{"hourly":0,"monthly":800}}
Γä╣∩╕Å [INFO] Rate limit hit, queuing DM | {"userId":"concurrent_free_9","planType":"free","remaining":{"hourly":0,"monthly":800}}

[90mstdout[2m | tests/lib/capacity-simulation.test.ts[2m > [22m[2m≡ƒÜÇ Capacity Simulation: Full System Load Test[2m > [22m[2m≡ƒæÑ Multi-User Concurrency[2m > [22m[2m10 concurrent Free users ├ù 50 comments = 500 DMs
[22m[39mΓä╣∩╕Å [INFO] Rate limit hit, queuing DM | {"userId":"concurrent_free_9","planType":"free","remaining":{"hourly":0,"monthly":800}}

[90mstdout[2m | tests/lib/capacity-simulation.test.ts[2m > [22m[2m≡ƒÜÇ Capacity Simulation: Full System Load Test[2m > [22m[2m≡ƒæÑ Multi-User Concurrency[2m > [22m[2m10 concurrent Free users ├ù 50 comments = 500 DMs
[22m[39mΓä╣∩╕Å [INFO] Rate limit hit, queuing DM | {"userId":"concurrent_free_9","planType":"free","remaining":{"hourly":0,"monthly":800}}
Γä╣∩╕Å [INFO] Rate limit hit, queuing DM | {"userId":"concurrent_free_9","planType":"free","remaining":{"hourly":0,"monthly":800}}
Γä╣∩╕Å [INFO] Rate limit hit, queuing DM | {"userId":"concurrent_free_9","planType":"free","remaining":{"hourly":0,"monthly":800}}
Γä╣∩╕Å [INFO] Rate limit hit, queuing DM | {"userId":"concurrent_free_9","planType":"free","remaining":{"hourly":0,"monthly":800}}
Γä╣∩╕Å [INFO] Rate limit hit, queuing DM | {"userId":"concurrent_free_9","planType":"free","remaining":{"hourly":0,"monthly":800}}
Γä╣∩╕Å [INFO] Rate limit hit, queuing DM | {"userId":"concurrent_free_9","planType":"free","remaining":{"hourly":0,"monthly":800}}
Γä╣∩╕Å [INFO] Rate limit hit, queuing DM | {"userId":"concurrent_free_9","planType":"free","remaining":{"hourly":0,"monthly":800}}
Γä╣∩╕Å [INFO] Rate limit hit, queuing DM | {"userId":"concurrent_free_9","planType":"free","remaining":{"hourly":0,"monthly":800}}

[90mstdout[2m | tests/lib/capacity-simulation.test.ts[2m > [22m[2m≡ƒÜÇ Capacity Simulation: Full System Load Test[2m > [22m[2m≡ƒæÑ Multi-User Concurrency[2m > [22m[2m10 concurrent Free users ├ù 50 comments = 500 DMs
[22m[39mΓä╣∩╕Å [INFO] Rate limit hit, queuing DM | {"userId":"concurrent_free_9","planType":"free","remaining":{"hourly":0,"monthly":800}}

[90mstdout[2m | tests/lib/capacity-simulation.test.ts[2m > [22m[2m≡ƒÜÇ Capacity Simulation: Full System Load Test[2m > [22m[2m≡ƒæÑ Multi-User Concurrency[2m > [22m[2m10 concurrent Free users ├ù 50 comments = 500 DMs
[22m[39mΓä╣∩╕Å [INFO] Rate limit hit, queuing DM | {"userId":"concurrent_free_9","planType":"free","remaining":{"hourly":0,"monthly":800}}
Γä╣∩╕Å [INFO] Rate limit hit, queuing DM | {"userId":"concurrent_free_9","planType":"free","remaining":{"hourly":0,"monthly":800}}
Γä╣∩╕Å [INFO] Rate limit hit, queuing DM | {"userId":"concurrent_free_9","planType":"free","remaining":{"hourly":0,"monthly":800}}
Γä╣∩╕Å [INFO] Rate limit hit, queuing DM | {"userId":"concurrent_free_9","planType":"free","remaining":{"hourly":0,"monthly":800}}
Γä╣∩╕Å [INFO] Rate limit hit, queuing DM | {"userId":"concurrent_free_9","planType":"free","remaining":{"hourly":0,"monthly":800}}
Γä╣∩╕Å [INFO] Rate limit hit, queuing DM | {"userId":"concurrent_free_9","planType":"free","remaining":{"hourly":0,"monthly":800}}
Γä╣∩╕Å [INFO] Rate limit hit, queuing DM | {"userId":"concurrent_free_9","planType":"free","remaining":{"hourly":0,"monthly":800}}
Γä╣∩╕Å [INFO] Rate limit hit, queuing DM | {"userId":"concurrent_free_9","planType":"free","remaining":{"hourly":0,"monthly":800}}

[90mstdout[2m | tests/lib/capacity-simulation.test.ts[2m > [22m[2m≡ƒÜÇ Capacity Simulation: Full System Load Test[2m > [22m[2m≡ƒæÑ Multi-User Concurrency[2m > [22m[2m10 concurrent Free users ├ù 50 comments = 500 DMs
[22m[39mΓä╣∩╕Å [INFO] Rate limit hit, queuing DM | {"userId":"concurrent_free_9","planType":"free","remaining":{"hourly":0,"monthly":800}}

[90mstdout[2m | tests/lib/capacity-simulation.test.ts[2m > [22m[2m≡ƒÜÇ Capacity Simulation: Full System Load Test[2m > [22m[2m≡ƒæÑ Multi-User Concurrency[2m > [22m[2m10 concurrent Free users ├ù 50 comments = 500 DMs
[22m[39mΓä╣∩╕Å [INFO] Rate limit hit, queuing DM | {"userId":"concurrent_free_9","planType":"free","remaining":{"hourly":0,"monthly":800}}
Γä╣∩╕Å [INFO] Rate limit hit, queuing DM | {"userId":"concurrent_free_9","planType":"free","remaining":{"hourly":0,"monthly":800}}
Γä╣∩╕Å [INFO] Rate limit hit, queuing DM | {"userId":"concurrent_free_9","planType":"free","remaining":{"hourly":0,"monthly":800}}
Γä╣∩╕Å [INFO] Rate limit hit, queuing DM | {"userId":"concurrent_free_9","planType":"free","remaining":{"hourly":0,"monthly":800}}
Γä╣∩╕Å [INFO] Rate limit hit, queuing DM | {"userId":"concurrent_free_9","planType":"free","remaining":{"hourly":0,"monthly":800}}
Γä╣∩╕Å [INFO] Rate limit hit, queuing DM | {"userId":"concurrent_free_9","planType":"free","remaining":{"hourly":0,"monthly":800}}
Γä╣∩╕Å [INFO] Rate limit hit, queuing DM | {"userId":"concurrent_free_9","planType":"free","remaining":{"hourly":0,"monthly":800}}
Γä╣∩╕Å [INFO] Rate limit hit, queuing DM | {"userId":"concurrent_free_9","planType":"free","remaining":{"hourly":0,"monthly":800}}

[90mstdout[2m | tests/lib/capacity-simulation.test.ts[2m > [22m[2m≡ƒÜÇ Capacity Simulation: Full System Load Test[2m > [22m[2m≡ƒæÑ Multi-User Concurrency[2m > [22m[2m10 concurrent Free users ├ù 50 comments = 500 DMs
[22m[39mΓä╣∩╕Å [INFO] Rate limit hit, queuing DM | {"userId":"concurrent_free_9","planType":"free","remaining":{"hourly":0,"monthly":800}}

[90mstdout[2m | tests/lib/capacity-simulation.test.ts[2m > [22m[2m≡ƒÜÇ Capacity Simulation: Full System Load Test[2m > [22m[2m≡ƒæÑ Multi-User Concurrency[2m > [22m[2m10 concurrent Free users ├ù 50 comments = 500 DMs
[22m[39mΓä╣∩╕Å [INFO] Rate limit hit, queuing DM | {"userId":"concurrent_free_9","planType":"free","remaining":{"hourly":0,"monthly":800}}
Γä╣∩╕Å [INFO] Rate limit hit, queuing DM | {"userId":"concurrent_free_9","planType":"free","remaining":{"hourly":0,"monthly":800}}
Γä╣∩╕Å [INFO] Rate limit hit, queuing DM | {"userId":"concurrent_free_9","planType":"free","remaining":{"hourly":0,"monthly":800}}
Γä╣∩╕Å [INFO] Rate limit hit, queuing DM | {"userId":"concurrent_free_9","planType":"free","remaining":{"hourly":0,"monthly":800}}
Γä╣∩╕Å [INFO] Rate limit hit, queuing DM | {"userId":"concurrent_free_9","planType":"free","remaining":{"hourly":0,"monthly":800}}
Γä╣∩╕Å [INFO] Rate limit hit, queuing DM | {"userId":"concurrent_free_9","planType":"free","remaining":{"hourly":0,"monthly":800}}
Γä╣∩╕Å [INFO] Rate limit hit, queuing DM | {"userId":"concurrent_free_9","planType":"free","remaining":{"hourly":0,"monthly":800}}
Γä╣∩╕Å [INFO] Rate limit hit, queuing DM | {"userId":"concurrent_free_9","planType":"free","remaining":{"hourly":0,"monthly":800}}

[90mstdout[2m | tests/lib/capacity-simulation.test.ts[2m > [22m[2m≡ƒÜÇ Capacity Simulation: Full System Load Test[2m > [22m[2m≡ƒæÑ Multi-User Concurrency[2m > [22m[2m10 concurrent Free users ├ù 50 comments = 500 DMs
[22m[39mΓä╣∩╕Å [INFO] Rate limit hit, queuing DM | {"userId":"concurrent_free_9","planType":"free","remaining":{"hourly":0,"monthly":800}}

[90mstdout[2m | tests/lib/capacity-simulation.test.ts[2m > [22m[2m≡ƒÜÇ Capacity Simulation: Full System Load Test[2m > [22m[2m≡ƒæÑ Multi-User Concurrency[2m > [22m[2m10 concurrent Free users ├ù 50 comments = 500 DMs
[22m[39mΓä╣∩╕Å [INFO] Rate limit hit, queuing DM | {"userId":"concurrent_free_9","planType":"free","remaining":{"hourly":0,"monthly":800}}
Γä╣∩╕Å [INFO] Rate limit hit, queuing DM | {"userId":"concurrent_free_9","planType":"free","remaining":{"hourly":0,"monthly":800}}
Γä╣∩╕Å [INFO] Rate limit hit, queuing DM | {"userId":"concurrent_free_9","planType":"free","remaining":{"hourly":0,"monthly":800}}
Γä╣∩╕Å [INFO] Rate limit hit, queuing DM | {"userId":"concurrent_free_9","planType":"free","remaining":{"hourly":0,"monthly":800}}
Γä╣∩╕Å [INFO] Rate limit hit, queuing DM | {"userId":"concurrent_free_9","planType":"free","remaining":{"hourly":0,"monthly":800}}
Γä╣∩╕Å [INFO] Rate limit hit, queuing DM | {"userId":"concurrent_free_9","planType":"free","remaining":{"hourly":0,"monthly":800}}
Γä╣∩╕Å [INFO] Rate limit hit, queuing DM | {"userId":"concurrent_free_9","planType":"free","remaining":{"hourly":0,"monthly":800}}
Γä╣∩╕Å [INFO] Rate limit hit, queuing DM | {"userId":"concurrent_free_9","planType":"free","remaining":{"hourly":0,"monthly":800}}

[90mstdout[2m | tests/lib/capacity-simulation.test.ts[2m > [22m[2m≡ƒÜÇ Capacity Simulation: Full System Load Test[2m > [22m[2m≡ƒæÑ Multi-User Concurrency[2m > [22m[2m10 concurrent Free users ├ù 50 comments = 500 DMs
[22m[39mΓä╣∩╕Å [INFO] Rate limit hit, queuing DM | {"userId":"concurrent_free_9","planType":"free","remaining":{"hourly":0,"monthly":800}}

[90mstdout[2m | tests/lib/capacity-simulation.test.ts[2m > [22m[2m≡ƒÜÇ Capacity Simulation: Full System Load Test[2m > [22m[2m≡ƒæÑ Multi-User Concurrency[2m > [22m[2m10 concurrent Free users ├ù 50 comments = 500 DMs
[22m[39mΓä╣∩╕Å [INFO] Rate limit hit, queuing DM | {"userId":"concurrent_free_9","planType":"free","remaining":{"hourly":0,"monthly":800}}
Γä╣∩╕Å [INFO] Rate limit hit, queuing DM | {"userId":"concurrent_free_9","planType":"free","remaining":{"hourly":0,"monthly":800}}
Γä╣∩╕Å [INFO] Rate limit hit, queuing DM | {"userId":"concurrent_free_9","planType":"free","remaining":{"hourly":0,"monthly":800}}
Γä╣∩╕Å [INFO] Rate limit hit, queuing DM | {"userId":"concurrent_free_9","planType":"free","remaining":{"hourly":0,"monthly":800}}
Γä╣∩╕Å [INFO] Rate limit hit, queuing DM | {"userId":"concurrent_free_9","planType":"free","remaining":{"hourly":0,"monthly":800}}
Γä╣∩╕Å [INFO] Rate limit hit, queuing DM | {"userId":"concurrent_free_9","planType":"free","remaining":{"hourly":0,"monthly":800}}
Γä╣∩╕Å [INFO] Rate limit hit, queuing DM | {"userId":"concurrent_free_9","planType":"free","remaining":{"hourly":0,"monthly":800}}
Γä╣∩╕Å [INFO] Rate limit hit, queuing DM | {"userId":"concurrent_free_9","planType":"free","remaining":{"hourly":0,"monthly":800}}

[90mstdout[2m | tests/lib/capacity-simulation.test.ts[2m > [22m[2m≡ƒÜÇ Capacity Simulation: Full System Load Test[2m > [22m[2m≡ƒæÑ Multi-User Concurrency[2m > [22m[2m10 concurrent Free users ├ù 50 comments = 500 DMs
[22m[39mΓä╣∩╕Å [INFO] Rate limit hit, queuing DM | {"userId":"concurrent_free_9","planType":"free","remaining":{"hourly":0,"monthly":800}}

[90mstdout[2m | tests/lib/capacity-simulation.test.ts[2m > [22m[2m≡ƒÜÇ Capacity Simulation: Full System Load Test[2m > [22m[2m≡ƒæÑ Multi-User Concurrency[2m > [22m[2m10 concurrent Free users ├ù 50 comments = 500 DMs
[22m[39mΓä╣∩╕Å [INFO] Rate limit hit, queuing DM | {"userId":"concurrent_free_9","planType":"free","remaining":{"hourly":0,"monthly":800}}
Γä╣∩╕Å [INFO] Rate limit hit, queuing DM | {"userId":"concurrent_free_9","planType":"free","remaining":{"hourly":0,"monthly":800}}
Γä╣∩╕Å [INFO] Rate limit hit, queuing DM | {"userId":"concurrent_free_9","planType":"free","remaining":{"hourly":0,"monthly":800}}
Γä╣∩╕Å [INFO] Rate limit hit, queuing DM | {"userId":"concurrent_free_9","planType":"free","remaining":{"hourly":0,"monthly":800}}
Γä╣∩╕Å [INFO] Rate limit hit, queuing DM | {"userId":"concurrent_free_9","planType":"free","remaining":{"hourly":0,"monthly":800}}
Γä╣∩╕Å [INFO] Rate limit hit, queuing DM | {"userId":"concurrent_free_9","planType":"free","remaining":{"hourly":0,"monthly":800}}
Γä╣∩╕Å [INFO] Rate limit hit, queuing DM | {"userId":"concurrent_free_9","planType":"free","remaining":{"hourly":0,"monthly":800}}
Γä╣∩╕Å [INFO] Rate limit hit, queuing DM | {"userId":"concurrent_free_9","planType":"free","remaining":{"hourly":0,"monthly":800}}

[90mstdout[2m | tests/lib/capacity-simulation.test.ts[2m > [22m[2m≡ƒÜÇ Capacity Simulation: Full System Load Test[2m > [22m[2m≡ƒæÑ Multi-User Concurrency[2m > [22m[2m10 concurrent Free users ├ù 50 comments = 500 DMs
[22m[39mΓä╣∩╕Å [INFO] Rate limit hit, queuing DM | {"userId":"concurrent_free_9","planType":"free","remaining":{"hourly":0,"monthly":800}}

[90mstdout[2m | tests/lib/capacity-simulation.test.ts[2m > [22m[2m≡ƒÜÇ Capacity Simulation: Full System Load Test[2m > [22m[2m≡ƒæÑ Multi-User Concurrency[2m > [22m[2m10 concurrent Free users ├ù 50 comments = 500 DMs
[22m[39mΓä╣∩╕Å [INFO] Rate limit hit, queuing DM | {"userId":"concurrent_free_9","planType":"free","remaining":{"hourly":0,"monthly":800}}
Γä╣∩╕Å [INFO] Rate limit hit, queuing DM | {"userId":"concurrent_free_9","planType":"free","remaining":{"hourly":0,"monthly":800}}
Γä╣∩╕Å [INFO] Rate limit hit, queuing DM | {"userId":"concurrent_free_9","planType":"free","remaining":{"hourly":0,"monthly":800}}
Γä╣∩╕Å [INFO] Rate limit hit, queuing DM | {"userId":"concurrent_free_9","planType":"free","remaining":{"hourly":0,"monthly":800}}
Γä╣∩╕Å [INFO] Rate limit hit, queuing DM | {"userId":"concurrent_free_9","planType":"free","remaining":{"hourly":0,"monthly":800}}
Γä╣∩╕Å [INFO] Rate limit hit, queuing DM | {"userId":"concurrent_free_9","planType":"free","remaining":{"hourly":0,"monthly":800}}
Γä╣∩╕Å [INFO] Rate limit hit, queuing DM | {"userId":"concurrent_free_9","planType":"free","remaining":{"hourly":0,"monthly":800}}
Γä╣∩╕Å [INFO] Rate limit hit, queuing DM | {"userId":"concurrent_free_9","planType":"free","remaining":{"hourly":0,"monthly":800}}

[90mstdout[2m | tests/lib/capacity-simulation.test.ts[2m > [22m[2m≡ƒÜÇ Capacity Simulation: Full System Load Test[2m > [22m[2m≡ƒæÑ Multi-User Concurrency[2m > [22m[2m10 concurrent Free users ├ù 50 comments = 500 DMs
[22m[39mΓä╣∩╕Å [INFO] Rate limit hit, queuing DM | {"userId":"concurrent_free_9","planType":"free","remaining":{"hourly":0,"monthly":800}}

[90mstdout[2m | tests/lib/capacity-simulation.test.ts[2m > [22m[2m≡ƒÜÇ Capacity Simulation: Full System Load Test[2m > [22m[2m≡ƒæÑ Multi-User Concurrency[2m > [22m[2m10 concurrent Free users ├ù 50 comments = 500 DMs
[22m[39mΓä╣∩╕Å [INFO] Rate limit hit, queuing DM | {"userId":"concurrent_free_9","planType":"free","remaining":{"hourly":0,"monthly":800}}
Γä╣∩╕Å [INFO] Rate limit hit, queuing DM | {"userId":"concurrent_free_9","planType":"free","remaining":{"hourly":0,"monthly":800}}
Γä╣∩╕Å [INFO] Rate limit hit, queuing DM | {"userId":"concurrent_free_9","planType":"free","remaining":{"hourly":0,"monthly":800}}
Γä╣∩╕Å [INFO] Rate limit hit, queuing DM | {"userId":"concurrent_free_9","planType":"free","remaining":{"hourly":0,"monthly":800}}
Γä╣∩╕Å [INFO] Rate limit hit, queuing DM | {"userId":"concurrent_free_9","planType":"free","remaining":{"hourly":0,"monthly":800}}
Γä╣∩╕Å [INFO] Rate limit hit, queuing DM | {"userId":"concurrent_free_9","planType":"free","remaining":{"hourly":0,"monthly":800}}
Γä╣∩╕Å [INFO] Rate limit hit, queuing DM | {"userId":"concurrent_free_9","planType":"free","remaining":{"hourly":0,"monthly":800}}
Γä╣∩╕Å [INFO] Rate limit hit, queuing DM | {"userId":"concurrent_free_9","planType":"free","remaining":{"hourly":0,"monthly":800}}

[90mstdout[2m | tests/lib/capacity-simulation.test.ts[2m > [22m[2m≡ƒÜÇ Capacity Simulation: Full System Load Test[2m > [22m[2m≡ƒæÑ Multi-User Concurrency[2m > [22m[2m10 concurrent Free users ├ù 50 comments = 500 DMs
[22m[39mΓä╣∩╕Å [INFO] Rate limit hit, queuing DM | {"userId":"concurrent_free_9","planType":"free","remaining":{"hourly":0,"monthly":800}}

[90mstdout[2m | tests/lib/capacity-simulation.test.ts[2m > [22m[2m≡ƒÜÇ Capacity Simulation: Full System Load Test[2m > [22m[2m≡ƒæÑ Multi-User Concurrency[2m > [22m[2m10 concurrent Free users ├ù 50 comments = 500 DMs
[22m[39mΓä╣∩╕Å [INFO] Rate limit hit, queuing DM | {"userId":"concurrent_free_9","planType":"free","remaining":{"hourly":0,"monthly":800}}
Γä╣∩╕Å [INFO] Rate limit hit, queuing DM | {"userId":"concurrent_free_9","planType":"free","remaining":{"hourly":0,"monthly":800}}
Γä╣∩╕Å [INFO] Rate limit hit, queuing DM | {"userId":"concurrent_free_9","planType":"free","remaining":{"hourly":0,"monthly":800}}
Γä╣∩╕Å [INFO] Rate limit hit, queuing DM | {"userId":"concurrent_free_9","planType":"free","remaining":{"hourly":0,"monthly":800}}
Γä╣∩╕Å [INFO] Rate limit hit, queuing DM | {"userId":"concurrent_free_9","planType":"free","remaining":{"hourly":0,"monthly":800}}
Γä╣∩╕Å [INFO] Rate limit hit, queuing DM | {"userId":"concurrent_free_9","planType":"free","remaining":{"hourly":0,"monthly":800}}
Γä╣∩╕Å [INFO] Rate limit hit, queuing DM | {"userId":"concurrent_free_9","planType":"free","remaining":{"hourly":0,"monthly":800}}
Γä╣∩╕Å [INFO] Rate limit hit, queuing DM | {"userId":"concurrent_free_9","planType":"free","remaining":{"hourly":0,"monthly":800}}

[90mstdout[2m | tests/lib/capacity-simulation.test.ts[2m > [22m[2m≡ƒÜÇ Capacity Simulation: Full System Load Test[2m > [22m[2m≡ƒæÑ Multi-User Concurrency[2m > [22m[2m10 concurrent Free users ├ù 50 comments = 500 DMs
[22m[39mΓä╣∩╕Å [INFO] Rate limit hit, queuing DM | {"userId":"concurrent_free_9","planType":"free","remaining":{"hourly":0,"monthly":800}}

[90mstdout[2m | tests/lib/capacity-simulation.test.ts[2m > [22m[2m≡ƒÜÇ Capacity Simulation: Full System Load Test[2m > [22m[2m≡ƒæÑ Multi-User Concurrency[2m > [22m[2m10 concurrent Free users ├ù 50 comments = 500 DMs
[22m[39mΓä╣∩╕Å [INFO] Rate limit hit, queuing DM | {"userId":"concurrent_free_9","planType":"free","remaining":{"hourly":0,"monthly":800}}
Γä╣∩╕Å [INFO] Rate limit hit, queuing DM | {"userId":"concurrent_free_9","planType":"free","remaining":{"hourly":0,"monthly":800}}
Γä╣∩╕Å [INFO] Rate limit hit, queuing DM | {"userId":"concurrent_free_9","planType":"free","remaining":{"hourly":0,"monthly":800}}
Γä╣∩╕Å [INFO] Rate limit hit, queuing DM | {"userId":"concurrent_free_9","planType":"free","remaining":{"hourly":0,"monthly":800}}
Γä╣∩╕Å [INFO] Rate limit hit, queuing DM | {"userId":"concurrent_free_9","planType":"free","remaining":{"hourly":0,"monthly":800}}
Γä╣∩╕Å [INFO] Rate limit hit, queuing DM | {"userId":"concurrent_free_9","planType":"free","remaining":{"hourly":0,"monthly":800}}
Γä╣∩╕Å [INFO] Rate limit hit, queuing DM | {"userId":"concurrent_free_9","planType":"free","remaining":{"hourly":0,"monthly":800}}
Γä╣∩╕Å [INFO] Rate limit hit, queuing DM | {"userId":"concurrent_free_9","planType":"free","remaining":{"hourly":0,"monthly":800}}

[90mstdout[2m | tests/lib/capacity-simulation.test.ts[2m > [22m[2m≡ƒÜÇ Capacity Simulation: Full System Load Test[2m > [22m[2m≡ƒæÑ Multi-User Concurrency[2m > [22m[2m10 concurrent Free users ├ù 50 comments = 500 DMs
[22m[39mΓä╣∩╕Å [INFO] Rate limit hit, queuing DM | {"userId":"concurrent_free_9","planType":"free","remaining":{"hourly":0,"monthly":800}}

[90mstdout[2m | tests/lib/capacity-simulation.test.ts[2m > [22m[2m≡ƒÜÇ Capacity Simulation: Full System Load Test[2m > [22m[2m≡ƒæÑ Multi-User Concurrency[2m > [22m[2m10 concurrent Free users ├ù 50 comments = 500 DMs
[22m[39mΓä╣∩╕Å [INFO] Rate limit hit, queuing DM | {"userId":"concurrent_free_9","planType":"free","remaining":{"hourly":0,"monthly":800}}
Γä╣∩╕Å [INFO] Rate limit hit, queuing DM | {"userId":"concurrent_free_9","planType":"free","remaining":{"hourly":0,"monthly":800}}
Γä╣∩╕Å [INFO] Rate limit hit, queuing DM | {"userId":"concurrent_free_9","planType":"free","remaining":{"hourly":0,"monthly":800}}
Γä╣∩╕Å [INFO] Rate limit hit, queuing DM | {"userId":"concurrent_free_9","planType":"free","remaining":{"hourly":0,"monthly":800}}
Γä╣∩╕Å [INFO] Rate limit hit, queuing DM | {"userId":"concurrent_free_9","planType":"free","remaining":{"hourly":0,"monthly":800}}
Γä╣∩╕Å [INFO] Rate limit hit, queuing DM | {"userId":"concurrent_free_9","planType":"free","remaining":{"hourly":0,"monthly":800}}
Γä╣∩╕Å [INFO] Rate limit hit, queuing DM | {"userId":"concurrent_free_9","planType":"free","remaining":{"hourly":0,"monthly":800}}
Γä╣∩╕Å [INFO] Rate limit hit, queuing DM | {"userId":"concurrent_free_9","planType":"free","remaining":{"hourly":0,"monthly":800}}

[90mstdout[2m | tests/lib/capacity-simulation.test.ts[2m > [22m[2m≡ƒÜÇ Capacity Simulation: Full System Load Test[2m > [22m[2m≡ƒæÑ Multi-User Concurrency[2m > [22m[2m10 concurrent Free users ├ù 50 comments = 500 DMs
[22m[39mΓä╣∩╕Å [INFO] Rate limit hit, queuing DM | {"userId":"concurrent_free_9","planType":"free","remaining":{"hourly":0,"monthly":800}}

[90mstdout[2m | tests/lib/capacity-simulation.test.ts[2m > [22m[2m≡ƒÜÇ Capacity Simulation: Full System Load Test[2m > [22m[2m≡ƒæÑ Multi-User Concurrency[2m > [22m[2m10 concurrent Free users ├ù 50 comments = 500 DMs
[22m[39mΓä╣∩╕Å [INFO] Rate limit hit, queuing DM | {"userId":"concurrent_free_9","planType":"free","remaining":{"hourly":0,"monthly":800}}
Γä╣∩╕Å [INFO] Rate limit hit, queuing DM | {"userId":"concurrent_free_9","planType":"free","remaining":{"hourly":0,"monthly":800}}
Γä╣∩╕Å [INFO] Rate limit hit, queuing DM | {"userId":"concurrent_free_9","planType":"free","remaining":{"hourly":0,"monthly":800}}
Γä╣∩╕Å [INFO] Rate limit hit, queuing DM | {"userId":"concurrent_free_9","planType":"free","remaining":{"hourly":0,"monthly":800}}
Γä╣∩╕Å [INFO] Rate limit hit, queuing DM | {"userId":"concurrent_free_9","planType":"free","remaining":{"hourly":0,"monthly":800}}

[90mstdout[2m | tests/lib/capacity-simulation.test.ts[2m > [22m[2m≡ƒÜÇ Capacity Simulation: Full System Load Test[2m > [22m[2m≡ƒæÑ Multi-User Concurrency[2m > [22m[2m10 concurrent Free users ├ù 50 comments = 500 DMs
[22m[39mΓä╣∩╕Å [INFO] Rate limit hit, queuing DM | {"userId":"concurrent_free_9","planType":"free","remaining":{"hourly":0,"monthly":800}}

[90mstdout[2m | tests/lib/capacity-simulation.test.ts[2m > [22m[2m≡ƒÜÇ Capacity Simulation: Full System Load Test[2m > [22m[2m≡ƒæÑ Multi-User Concurrency[2m > [22m[2m10 concurrent Free users ├ù 50 comments = 500 DMs
[22m[39mΓä╣∩╕Å [INFO] Rate limit hit, queuing DM | {"userId":"concurrent_free_9","planType":"free","remaining":{"hourly":0,"monthly":800}}
Γä╣∩╕Å [INFO] Rate limit hit, queuing DM | {"userId":"concurrent_free_9","planType":"free","remaining":{"hourly":0,"monthly":800}}
Γä╣∩╕Å [INFO] Rate limit hit, queuing DM | {"userId":"concurrent_free_9","planType":"free","remaining":{"hourly":0,"monthly":800}}
Γä╣∩╕Å [INFO] Rate limit hit, queuing DM | {"userId":"concurrent_free_9","planType":"free","remaining":{"hourly":0,"monthly":800}}
Γä╣∩╕Å [INFO] Rate limit hit, queuing DM | {"userId":"concurrent_free_9","planType":"free","remaining":{"hourly":0,"monthly":800}}

[90mstdout[2m | tests/lib/capacity-simulation.test.ts[2m > [22m[2m≡ƒÜÇ Capacity Simulation: Full System Load Test[2m > [22m[2m≡ƒæÑ Multi-User Concurrency[2m > [22m[2m10 concurrent Free users ├ù 50 comments = 500 DMs
[22m[39m
≡ƒæÑ CONCURRENT FREE USERS (10 users ├ù 50 comments):
   Γö£ΓöÇ Total DMs sent:   209
   Γö£ΓöÇ Total DMs queued: 291
   ΓööΓöÇ Total processed:  500

 [32mΓ£ô[39m tests/lib/capacity-simulation.test.ts[2m > [22m≡ƒÜÇ Capacity Simulation: Full System Load Test[2m > [22m≡ƒôè Per-Plan Capacity Report[2m > [22mprints capacity for all plan tiers[32m 5[2mms[22m[39m
 [32mΓ£ô[39m tests/lib/capacity-simulation.test.ts[2m > [22m≡ƒÜÇ Capacity Simulation: Full System Load Test[2m > [22m≡ƒºæ Single User Full Journey[2m > [22mFree tier: 210 comments ΓåÆ 200 DMs + 10 queued[32m 39[2mms[22m[39m
 [32mΓ£ô[39m tests/lib/capacity-simulation.test.ts[2m > [22m≡ƒÜÇ Capacity Simulation: Full System Load Test[2m > [22m≡ƒºæ Single User Full Journey[2m > [22mStarter tier: 210 comments ΓåÆ 200 DMs + 10 queued (same hourly limit)[32m 28[2mms[22m[39m
 [32mΓ£ô[39m tests/lib/capacity-simulation.test.ts[2m > [22m≡ƒÜÇ Capacity Simulation: Full System Load Test[2m > [22m≡ƒºæ Single User Full Journey[2m > [22mPro tier: 210 comments ΓåÆ 200 DMs + 10 queued (same hourly limit)[32m 20[2mms[22m[39m
[90mstdout[2m | tests/lib/capacity-simulation.test.ts[2m > [22m[2m≡ƒÜÇ Capacity Simulation: Full System Load Test[2m > [22m[2m≡ƒæÑ Multi-User Concurrency[2m > [22m[2m50 concurrent Starter users ├ù 30 comments = 1,500 DMs
[22m[39mΓä╣∩╕Å [INFO] Rate limit hit, queuing DM | {"userId":"concurrent_starter_49","planType":"starter","remaining":{"hourly":0,"monthly":49800}}

[90mstdout[2m | tests/lib/capacity-simulation.test.ts[2m > [22m[2m≡ƒÜÇ Capacity Simulation: Full System Load Test[2m > [22m[2m≡ƒæÑ Multi-User Concurrency[2m > [22m[2m50 concurrent Starter users ├ù 30 comments = 1,500 DMs
[22m[39mΓä╣∩╕Å [INFO] Rate limit hit, queuing DM | {"userId":"concurrent_starter_49","planType":"starter","remaining":{"hourly":0,"monthly":49800}}

[90mstdout[2m | tests/lib/capacity-simulation.test.ts[2m > [22m[2m≡ƒÜÇ Capacity Simulation: Full System Load Test[2m > [22m[2m≡ƒæÑ Multi-User Concurrency[2m > [22m[2m50 concurrent Starter users ├ù 30 comments = 1,500 DMs
[22m[39mΓä╣∩╕Å [INFO] Rate limit hit, queuing DM | {"userId":"concurrent_starter_49","planType":"starter","remaining":{"hourly":0,"monthly":49800}}

[90mstdout[2m | tests/lib/capacity-simulation.test.ts[2m > [22m[2m≡ƒÜÇ Capacity Simulation: Full System Load Test[2m > [22m[2m≡ƒæÑ Multi-User Concurrency[2m > [22m[2m50 concurrent Starter users ├ù 30 comments = 1,500 DMs
[22m[39mΓä╣∩╕Å [INFO] Rate limit hit, queuing DM | {"userId":"concurrent_starter_49","planType":"starter","remaining":{"hourly":0,"monthly":49800}}

[90mstdout[2m | tests/lib/capacity-simulation.test.ts[2m > [22m[2m≡ƒÜÇ Capacity Simulation: Full System Load Test[2m > [22m[2m≡ƒæÑ Multi-User Concurrency[2m > [22m[2m50 concurrent Starter users ├ù 30 comments = 1,500 DMs
[22m[39mΓä╣∩╕Å [INFO] Rate limit hit, queuing DM | {"userId":"concurrent_starter_49","planType":"starter","remaining":{"hourly":0,"monthly":49800}}
Γä╣∩╕Å [INFO] Rate limit hit, queuing DM | {"userId":"concurrent_starter_49","planType":"starter","remaining":{"hourly":0,"monthly":49800}}
Γä╣∩╕Å [INFO] Rate limit hit, queuing DM | {"userId":"concurrent_starter_49","planType":"starter","remaining":{"hourly":0,"monthly":49800}}
Γä╣∩╕Å [INFO] Rate limit hit, queuing DM | {"userId":"concurrent_starter_49","planType":"starter","remaining":{"hourly":0,"monthly":49800}}
Γä╣∩╕Å [INFO] Rate limit hit, queuing DM | {"userId":"concurrent_starter_49","planType":"starter","remaining":{"hourly":0,"monthly":49800}}
Γä╣∩╕Å [INFO] Rate limit hit, queuing DM | {"userId":"concurrent_starter_49","planType":"starter","remaining":{"hourly":0,"monthly":49800}}
Γä╣∩╕Å [INFO] Rate limit hit, queuing DM | {"userId":"concurrent_starter_49","planType":"starter","remaining":{"hourly":0,"monthly":49800}}
Γä╣∩╕Å [INFO] Rate limit hit, queuing DM | {"userId":"concurrent_starter_49","planType":"starter","remaining":{"hourly":0,"monthly":49800}}
Γä╣∩╕Å [INFO] Rate limit hit, queuing DM | {"userId":"concurrent_starter_49","planType":"starter","remaining":{"hourly":0,"monthly":49800}}
Γä╣∩╕Å [INFO] Rate limit hit, queuing DM | {"userId":"concurrent_starter_49","planType":"starter","remaining":{"hourly":0,"monthly":49800}}
Γä╣∩╕Å [INFO] Rate limit hit, queuing DM | {"userId":"concurrent_starter_49","planType":"starter","remaining":{"hourly":0,"monthly":49800}}
Γä╣∩╕Å [INFO] Rate limit hit, queuing DM | {"userId":"concurrent_starter_49","planType":"starter","remaining":{"hourly":0,"monthly":49800}}
Γä╣∩╕Å [INFO] Rate limit hit, queuing DM | {"userId":"concurrent_starter_49","planType":"starter","remaining":{"hourly":0,"monthly":49800}}
Γä╣∩╕Å [INFO] Rate limit hit, queuing DM | {"userId":"concurrent_starter_49","planType":"starter","remaining":{"hourly":0,"monthly":49800}}
Γä╣∩╕Å [INFO] Rate limit hit, queuing DM | {"userId":"concurrent_starter_49","planType":"starter","remaining":{"hourly":0,"monthly":49800}}
Γä╣∩╕Å [INFO] Rate limit hit, queuing DM | {"userId":"concurrent_starter_49","planType":"starter","remaining":{"hourly":0,"monthly":49800}}
Γä╣∩╕Å [INFO] Rate limit hit, queuing DM | {"userId":"concurrent_starter_49","planType":"starter","remaining":{"hourly":0,"monthly":49800}}
Γä╣∩╕Å [INFO] Rate limit hit, queuing DM | {"userId":"concurrent_starter_49","planType":"starter","remaining":{"hourly":0,"monthly":49800}}
Γä╣∩╕Å [INFO] Rate limit hit, queuing DM | {"userId":"concurrent_starter_49","planType":"starter","remaining":{"hourly":0,"monthly":49800}}
Γä╣∩╕Å [INFO] Rate limit hit, queuing DM | {"userId":"concurrent_starter_49","planType":"starter","remaining":{"hourly":0,"monthly":49800}}
Γä╣∩╕Å [INFO] Rate limit hit, queuing DM | {"userId":"concurrent_starter_49","planType":"starter","remaining":{"hourly":0,"monthly":49800}}
Γä╣∩╕Å [INFO] Rate limit hit, queuing DM | {"userId":"concurrent_starter_49","planType":"starter","remaining":{"hourly":0,"monthly":49800}}
Γä╣∩╕Å [INFO] Rate limit hit, queuing DM | {"userId":"concurrent_starter_49","planType":"starter","remaining":{"hourly":0,"monthly":49800}}
Γä╣∩╕Å [INFO] Rate limit hit, queuing DM | {"userId":"concurrent_starter_49","planType":"starter","remaining":{"hourly":0,"monthly":49800}}
Γä╣∩╕Å [INFO] Rate limit hit, queuing DM | {"userId":"concurrent_starter_49","planType":"starter","remaining":{"hourly":0,"monthly":49800}}
Γä╣∩╕Å [INFO] Rate limit hit, queuing DM | {"userId":"concurrent_starter_49","planType":"starter","remaining":{"hourly":0,"monthly":49800}}
Γä╣∩╕Å [INFO] Rate limit hit, queuing DM | {"userId":"concurrent_starter_49","planType":"starter","remaining":{"hourly":0,"monthly":49800}}
Γä╣∩╕Å [INFO] Rate limit hit, queuing DM | {"userId":"concurrent_starter_49","planType":"starter","remaining":{"hourly":0,"monthly":49800}}
Γä╣∩╕Å [INFO] Rate limit hit, queuing DM | {"userId":"concurrent_starter_49","planType":"starter","remaining":{"hourly":0,"monthly":49800}}
Γä╣∩╕Å [INFO] Rate limit hit, queuing DM | {"userId":"concurrent_starter_49","planType":"starter","remaining":{"hourly":0,"monthly":49800}}
Γä╣∩╕Å [INFO] Rate limit hit, queuing DM | {"userId":"concurrent_starter_49","planType":"starter","remaining":{"hourly":0,"monthly":49800}}
Γä╣∩╕Å [INFO] Rate limit hit, queuing DM | {"userId":"concurrent_starter_49","planType":"starter","remaining":{"hourly":0,"monthly":49800}}
Γä╣∩╕Å [INFO] Rate limit hit, queuing DM | {"userId":"concurrent_starter_49","planType":"starter","remaining":{"hourly":0,"monthly":49800}}
Γä╣∩╕Å [INFO] Rate limit hit, queuing DM | {"userId":"concurrent_starter_49","planType":"starter","remaining":{"hourly":0,"monthly":49800}}
Γä╣∩╕Å [INFO] Rate limit hit, queuing DM | {"userId":"concurrent_starter_49","planType":"starter","remaining":{"hourly":0,"monthly":49800}}
Γä╣∩╕Å [INFO] Rate limit hit, queuing DM | {"userId":"concurrent_starter_49","planType":"starter","remaining":{"hourly":0,"monthly":49800}}
Γä╣∩╕Å [INFO] Rate limit hit, queuing DM | {"userId":"concurrent_starter_49","planType":"starter","remaining":{"hourly":0,"monthly":49800}}
Γä╣∩╕Å [INFO] Rate limit hit, queuing DM | {"userId":"concurrent_starter_49","planType":"starter","remaining":{"hourly":0,"monthly":49800}}
Γä╣∩╕Å [INFO] Rate limit hit, queuing DM | {"userId":"concurrent_starter_49","planType":"starter","remaining":{"hourly":0,"monthly":49800}}
Γä╣∩╕Å [INFO] Rate limit hit, queuing DM | {"userId":"concurrent_starter_49","planType":"starter","remaining":{"hourly":0,"monthly":49800}}
Γä╣∩╕Å [INFO] Rate limit hit, queuing DM | {"userId":"concurrent_starter_49","planType":"starter","remaining":{"hourly":0,"monthly":49800}}
Γä╣∩╕Å [INFO] Rate limit hit, queuing DM | {"userId":"concurrent_starter_49","planType":"starter","remaining":{"hourly":0,"monthly":49800}}
Γä╣∩╕Å [INFO] Rate limit hit, queuing DM | {"userId":"concurrent_starter_49","planType":"starter","remaining":{"hourly":0,"monthly":49800}}
Γä╣∩╕Å [INFO] Rate limit hit, queuing DM | {"userId":"concurrent_starter_49","planType":"starter","remaining":{"hourly":0,"monthly":49800}}
Γä╣∩╕Å [INFO] Rate limit hit, queuing DM | {"userId":"concurrent_starter_49","planType":"starter","remaining":{"hourly":0,"monthly":49800}}
Γä╣∩╕Å [INFO] Rate limit hit, queuing DM | {"userId":"concurrent_starter_49","planType":"starter","remaining":{"hourly":0,"monthly":49800}}
Γä╣∩╕Å [INFO] Rate limit hit, queuing DM | {"userId":"concurrent_starter_49","planType":"starter","remaining":{"hourly":0,"monthly":49800}}
Γä╣∩╕Å [INFO] Rate limit hit, queuing DM | {"userId":"concurrent_starter_49","planType":"starter","remaining":{"hourly":0,"monthly":49800}}
Γä╣∩╕Å [INFO] Rate limit hit, queuing DM | {"userId":"concurrent_starter_49","planType":"starter","remaining":{"hourly":0,"monthly":49800}}

[90mstdout[2m | tests/lib/capacity-simulation.test.ts[2m > [22m[2m≡ƒÜÇ Capacity Simulation: Full System Load Test[2m > [22m[2m≡ƒæÑ Multi-User Concurrency[2m > [22m[2m50 concurrent Starter users ├ù 30 comments = 1,500 DMs
[22m[39mΓä╣∩╕Å [INFO] Rate limit hit, queuing DM | {"userId":"concurrent_starter_49","planType":"starter","remaining":{"hourly":0,"monthly":49800}}

[90mstdout[2m | tests/lib/capacity-simulation.test.ts[2m > [22m[2m≡ƒÜÇ Capacity Simulation: Full System Load Test[2m > [22m[2m≡ƒæÑ Multi-User Concurrency[2m > [22m[2m50 concurrent Starter users ├ù 30 comments = 1,500 DMs
[22m[39mΓä╣∩╕Å [INFO] Rate limit hit, queuing DM | {"userId":"concurrent_starter_49","planType":"starter","remaining":{"hourly":0,"monthly":49800}}
Γä╣∩╕Å [INFO] Rate limit hit, queuing DM | {"userId":"concurrent_starter_49","planType":"starter","remaining":{"hourly":0,"monthly":49800}}
Γä╣∩╕Å [INFO] Rate limit hit, queuing DM | {"userId":"concurrent_starter_49","planType":"starter","remaining":{"hourly":0,"monthly":49800}}
Γä╣∩╕Å [INFO] Rate limit hit, queuing DM | {"userId":"concurrent_starter_49","planType":"starter","remaining":{"hourly":0,"monthly":49800}}
Γä╣∩╕Å [INFO] Rate limit hit, queuing DM | {"userId":"concurrent_starter_49","planType":"starter","remaining":{"hourly":0,"monthly":49800}}
Γä╣∩╕Å [INFO] Rate limit hit, queuing DM | {"userId":"concurrent_starter_49","planType":"starter","remaining":{"hourly":0,"monthly":49800}}
Γä╣∩╕Å [INFO] Rate limit hit, queuing DM | {"userId":"concurrent_starter_49","planType":"starter","remaining":{"hourly":0,"monthly":49800}}
Γä╣∩╕Å [INFO] Rate limit hit, queuing DM | {"userId":"concurrent_starter_49","planType":"starter","remaining":{"hourly":0,"monthly":49800}}
Γä╣∩╕Å [INFO] Rate limit hit, queuing DM | {"userId":"concurrent_starter_49","planType":"starter","remaining":{"hourly":0,"monthly":49800}}
Γä╣∩╕Å [INFO] Rate limit hit, queuing DM | {"userId":"concurrent_starter_49","planType":"starter","remaining":{"hourly":0,"monthly":49800}}
Γä╣∩╕Å [INFO] Rate limit hit, queuing DM | {"userId":"concurrent_starter_49","planType":"starter","remaining":{"hourly":0,"monthly":49800}}
Γä╣∩╕Å [INFO] Rate limit hit, queuing DM | {"userId":"concurrent_starter_49","planType":"starter","remaining":{"hourly":0,"monthly":49800}}
Γä╣∩╕Å [INFO] Rate limit hit, queuing DM | {"userId":"concurrent_starter_49","planType":"starter","remaining":{"hourly":0,"monthly":49800}}
Γä╣∩╕Å [INFO] Rate limit hit, queuing DM | {"userId":"concurrent_starter_49","planType":"starter","remaining":{"hourly":0,"monthly":49800}}
Γä╣∩╕Å [INFO] Rate limit hit, queuing DM | {"userId":"concurrent_starter_49","planType":"starter","remaining":{"hourly":0,"monthly":49800}}
Γä╣∩╕Å [INFO] Rate limit hit, queuing DM | {"userId":"concurrent_starter_49","planType":"starter","remaining":{"hourly":0,"monthly":49800}}
Γä╣∩╕Å [INFO] Rate limit hit, queuing DM | {"userId":"concurrent_starter_49","planType":"starter","remaining":{"hourly":0,"monthly":49800}}
Γä╣∩╕Å [INFO] Rate limit hit, queuing DM | {"userId":"concurrent_starter_49","planType":"starter","remaining":{"hourly":0,"monthly":49800}}
Γä╣∩╕Å [INFO] Rate limit hit, queuing DM | {"userId":"concurrent_starter_49","planType":"starter","remaining":{"hourly":0,"monthly":49800}}
Γä╣∩╕Å [INFO] Rate limit hit, queuing DM | {"userId":"concurrent_starter_49","planType":"starter","remaining":{"hourly":0,"monthly":49800}}
Γä╣∩╕Å [INFO] Rate limit hit, queuing DM | {"userId":"concurrent_starter_49","planType":"starter","remaining":{"hourly":0,"monthly":49800}}
Γä╣∩╕Å [INFO] Rate limit hit, queuing DM | {"userId":"concurrent_starter_49","planType":"starter","remaining":{"hourly":0,"monthly":49800}}
Γä╣∩╕Å [INFO] Rate limit hit, queuing DM | {"userId":"concurrent_starter_49","planType":"starter","remaining":{"hourly":0,"monthly":49800}}
Γä╣∩╕Å [INFO] Rate limit hit, queuing DM | {"userId":"concurrent_starter_49","planType":"starter","remaining":{"hourly":0,"monthly":49800}}
Γä╣∩╕Å [INFO] Rate limit hit, queuing DM | {"userId":"concurrent_starter_49","planType":"starter","remaining":{"hourly":0,"monthly":49800}}
Γä╣∩╕Å [INFO] Rate limit hit, queuing DM | {"userId":"concurrent_starter_49","planType":"starter","remaining":{"hourly":0,"monthly":49800}}
Γä╣∩╕Å [INFO] Rate limit hit, queuing DM | {"userId":"concurrent_starter_49","planType":"starter","remaining":{"hourly":0,"monthly":49800}}
Γä╣∩╕Å [INFO] Rate limit hit, queuing DM | {"userId":"concurrent_starter_49","planType":"starter","remaining":{"hourly":0,"monthly":49800}}
Γä╣∩╕Å [INFO] Rate limit hit, queuing DM | {"userId":"concurrent_starter_49","planType":"starter","remaining":{"hourly":0,"monthly":49800}}
Γä╣∩╕Å [INFO] Rate limit hit, queuing DM | {"userId":"concurrent_starter_49","planType":"starter","remaining":{"hourly":0,"monthly":49800}}
Γä╣∩╕Å [INFO] Rate limit hit, queuing DM | {"userId":"concurrent_starter_49","planType":"starter","remaining":{"hourly":0,"monthly":49800}}
Γä╣∩╕Å [INFO] Rate limit hit, queuing DM | {"userId":"concurrent_starter_49","planType":"starter","remaining":{"hourly":0,"monthly":49800}}
Γä╣∩╕Å [INFO] Rate limit hit, queuing DM | {"userId":"concurrent_starter_49","planType":"starter","remaining":{"hourly":0,"monthly":49800}}
Γä╣∩╕Å [INFO] Rate limit hit, queuing DM | {"userId":"concurrent_starter_49","planType":"starter","remaining":{"hourly":0,"monthly":49800}}
Γä╣∩╕Å [INFO] Rate limit hit, queuing DM | {"userId":"concurrent_starter_49","planType":"starter","remaining":{"hourly":0,"monthly":49800}}
Γä╣∩╕Å [INFO] Rate limit hit, queuing DM | {"userId":"concurrent_starter_49","planType":"starter","remaining":{"hourly":0,"monthly":49800}}
Γä╣∩╕Å [INFO] Rate limit hit, queuing DM | {"userId":"concurrent_starter_49","planType":"starter","remaining":{"hourly":0,"monthly":49800}}
Γä╣∩╕Å [INFO] Rate limit hit, queuing DM | {"userId":"concurrent_starter_49","planType":"starter","remaining":{"hourly":0,"monthly":49800}}
Γä╣∩╕Å [INFO] Rate limit hit, queuing DM | {"userId":"concurrent_starter_49","planType":"starter","remaining":{"hourly":0,"monthly":49800}}
Γä╣∩╕Å [INFO] Rate limit hit, queuing DM | {"userId":"concurrent_starter_49","planType":"starter","remaining":{"hourly":0,"monthly":49800}}
Γä╣∩╕Å [INFO] Rate limit hit, queuing DM | {"userId":"concurrent_starter_49","planType":"starter","remaining":{"hourly":0,"monthly":49800}}
Γä╣∩╕Å [INFO] Rate limit hit, queuing DM | {"userId":"concurrent_starter_49","planType":"starter","remaining":{"hourly":0,"monthly":49800}}
Γä╣∩╕Å [INFO] Rate limit hit, queuing DM | {"userId":"concurrent_starter_49","planType":"starter","remaining":{"hourly":0,"monthly":49800}}
Γä╣∩╕Å [INFO] Rate limit hit, queuing DM | {"userId":"concurrent_starter_49","planType":"starter","remaining":{"hourly":0,"monthly":49800}}
Γä╣∩╕Å [INFO] Rate limit hit, queuing DM | {"userId":"concurrent_starter_49","planType":"starter","remaining":{"hourly":0,"monthly":49800}}
Γä╣∩╕Å [INFO] Rate limit hit, queuing DM | {"userId":"concurrent_starter_49","planType":"starter","remaining":{"hourly":0,"monthly":49800}}
Γä╣∩╕Å [INFO] Rate limit hit, queuing DM | {"userId":"concurrent_starter_49","planType":"starter","remaining":{"hourly":0,"monthly":49800}}
Γä╣∩╕Å [INFO] Rate limit hit, queuing DM | {"userId":"concurrent_starter_49","planType":"starter","remaining":{"hourly":0,"monthly":49800}}
Γä╣∩╕Å [INFO] Rate limit hit, queuing DM | {"userId":"concurrent_starter_49","planType":"starter","remaining":{"hourly":0,"monthly":49800}}

[90mstdout[2m | tests/lib/capacity-simulation.test.ts[2m > [22m[2m≡ƒÜÇ Capacity Simulation: Full System Load Test[2m > [22m[2m≡ƒæÑ Multi-User Concurrency[2m > [22m[2m50 concurrent Starter users ├ù 30 comments = 1,500 DMs
[22m[39mΓä╣∩╕Å [INFO] Rate limit hit, queuing DM | {"userId":"concurrent_starter_49","planType":"starter","remaining":{"hourly":0,"monthly":49800}}

[90mstdout[2m | tests/lib/capacity-simulation.test.ts[2m > [22m[2m≡ƒÜÇ Capacity Simulation: Full System Load Test[2m > [22m[2m≡ƒæÑ Multi-User Concurrency[2m > [22m[2m50 concurrent Starter users ├ù 30 comments = 1,500 DMs
[22m[39mΓä╣∩╕Å [INFO] Rate limit hit, queuing DM | {"userId":"concurrent_starter_49","planType":"starter","remaining":{"hourly":0,"monthly":49800}}
Γä╣∩╕Å [INFO] Rate limit hit, queuing DM | {"userId":"concurrent_starter_49","planType":"starter","remaining":{"hourly":0,"monthly":49800}}
Γä╣∩╕Å [INFO] Rate limit hit, queuing DM | {"userId":"concurrent_starter_49","planType":"starter","remaining":{"hourly":0,"monthly":49800}}
Γä╣∩╕Å [INFO] Rate limit hit, queuing DM | {"userId":"concurrent_starter_49","planType":"starter","remaining":{"hourly":0,"monthly":49800}}
Γä╣∩╕Å [INFO] Rate limit hit, queuing DM | {"userId":"concurrent_starter_49","planType":"starter","remaining":{"hourly":0,"monthly":49800}}
Γä╣∩╕Å [INFO] Rate limit hit, queuing DM | {"userId":"concurrent_starter_49","planType":"starter","remaining":{"hourly":0,"monthly":49800}}
Γä╣∩╕Å [INFO] Rate limit hit, queuing DM | {"userId":"concurrent_starter_49","planType":"starter","remaining":{"hourly":0,"monthly":49800}}
Γä╣∩╕Å [INFO] Rate limit hit, queuing DM | {"userId":"concurrent_starter_49","planType":"starter","remaining":{"hourly":0,"monthly":49800}}
Γä╣∩╕Å [INFO] Rate limit hit, queuing DM | {"userId":"concurrent_starter_49","planType":"starter","remaining":{"hourly":0,"monthly":49800}}
Γä╣∩╕Å [INFO] Rate limit hit, queuing DM | {"userId":"concurrent_starter_49","planType":"starter","remaining":{"hourly":0,"monthly":49800}}
Γä╣∩╕Å [INFO] Rate limit hit, queuing DM | {"userId":"concurrent_starter_49","planType":"starter","remaining":{"hourly":0,"monthly":49800}}
Γä╣∩╕Å [INFO] Rate limit hit, queuing DM | {"userId":"concurrent_starter_49","planType":"starter","remaining":{"hourly":0,"monthly":49800}}
Γä╣∩╕Å [INFO] Rate limit hit, queuing DM | {"userId":"concurrent_starter_49","planType":"starter","remaining":{"hourly":0,"monthly":49800}}
Γä╣∩╕Å [INFO] Rate limit hit, queuing DM | {"userId":"concurrent_starter_49","planType":"starter","remaining":{"hourly":0,"monthly":49800}}
Γä╣∩╕Å [INFO] Rate limit hit, queuing DM | {"userId":"concurrent_starter_49","planType":"starter","remaining":{"hourly":0,"monthly":49800}}
Γä╣∩╕Å [INFO] Rate limit hit, queuing DM | {"userId":"concurrent_starter_49","planType":"starter","remaining":{"hourly":0,"monthly":49800}}
Γä╣∩╕Å [INFO] Rate limit hit, queuing DM | {"userId":"concurrent_starter_49","planType":"starter","remaining":{"hourly":0,"monthly":49800}}
Γä╣∩╕Å [INFO] Rate limit hit, queuing DM | {"userId":"concurrent_starter_49","planType":"starter","remaining":{"hourly":0,"monthly":49800}}
Γä╣∩╕Å [INFO] Rate limit hit, queuing DM | {"userId":"concurrent_starter_49","planType":"starter","remaining":{"hourly":0,"monthly":49800}}
Γä╣∩╕Å [INFO] Rate limit hit, queuing DM | {"userId":"concurrent_starter_49","planType":"starter","remaining":{"hourly":0,"monthly":49800}}
Γä╣∩╕Å [INFO] Rate limit hit, queuing DM | {"userId":"concurrent_starter_49","planType":"starter","remaining":{"hourly":0,"monthly":49800}}
Γä╣∩╕Å [INFO] Rate limit hit, queuing DM | {"userId":"concurrent_starter_49","planType":"starter","remaining":{"hourly":0,"monthly":49800}}
Γä╣∩╕Å [INFO] Rate limit hit, queuing DM | {"userId":"concurrent_starter_49","planType":"starter","remaining":{"hourly":0,"monthly":49800}}
Γä╣∩╕Å [INFO] Rate limit hit, queuing DM | {"userId":"concurrent_starter_49","planType":"starter","remaining":{"hourly":0,"monthly":49800}}
Γä╣∩╕Å [INFO] Rate limit hit, queuing DM | {"userId":"concurrent_starter_49","planType":"starter","remaining":{"hourly":0,"monthly":49800}}
Γä╣∩╕Å [INFO] Rate limit hit, queuing DM | {"userId":"concurrent_starter_49","planType":"starter","remaining":{"hourly":0,"monthly":49800}}
Γä╣∩╕Å [INFO] Rate limit hit, queuing DM | {"userId":"concurrent_starter_49","planType":"starter","remaining":{"hourly":0,"monthly":49800}}
Γä╣∩╕Å [INFO] Rate limit hit, queuing DM | {"userId":"concurrent_starter_49","planType":"starter","remaining":{"hourly":0,"monthly":49800}}
Γä╣∩╕Å [INFO] Rate limit hit, queuing DM | {"userId":"concurrent_starter_49","planType":"starter","remaining":{"hourly":0,"monthly":49800}}
Γä╣∩╕Å [INFO] Rate limit hit, queuing DM | {"userId":"concurrent_starter_49","planType":"starter","remaining":{"hourly":0,"monthly":49800}}
Γä╣∩╕Å [INFO] Rate limit hit, queuing DM | {"userId":"concurrent_starter_49","planType":"starter","remaining":{"hourly":0,"monthly":49800}}
Γä╣∩╕Å [INFO] Rate limit hit, queuing DM | {"userId":"concurrent_starter_49","planType":"starter","remaining":{"hourly":0,"monthly":49800}}
Γä╣∩╕Å [INFO] Rate limit hit, queuing DM | {"userId":"concurrent_starter_49","planType":"starter","remaining":{"hourly":0,"monthly":49800}}
Γä╣∩╕Å [INFO] Rate limit hit, queuing DM | {"userId":"concurrent_starter_49","planType":"starter","remaining":{"hourly":0,"monthly":49800}}
Γä╣∩╕Å [INFO] Rate limit hit, queuing DM | {"userId":"concurrent_starter_49","planType":"starter","remaining":{"hourly":0,"monthly":49800}}
Γä╣∩╕Å [INFO] Rate limit hit, queuing DM | {"userId":"concurrent_starter_49","planType":"starter","remaining":{"hourly":0,"monthly":49800}}
Γä╣∩╕Å [INFO] Rate limit hit, queuing DM | {"userId":"concurrent_starter_49","planType":"starter","remaining":{"hourly":0,"monthly":49800}}
Γä╣∩╕Å [INFO] Rate limit hit, queuing DM | {"userId":"concurrent_starter_49","planType":"starter","remaining":{"hourly":0,"monthly":49800}}
Γä╣∩╕Å [INFO] Rate limit hit, queuing DM | {"userId":"concurrent_starter_49","planType":"starter","remaining":{"hourly":0,"monthly":49800}}
Γä╣∩╕Å [INFO] Rate limit hit, queuing DM | {"userId":"concurrent_starter_49","planType":"starter","remaining":{"hourly":0,"monthly":49800}}
Γä╣∩╕Å [INFO] Rate limit hit, queuing DM | {"userId":"concurrent_starter_49","planType":"starter","remaining":{"hourly":0,"monthly":49800}}
Γä╣∩╕Å [INFO] Rate limit hit, queuing DM | {"userId":"concurrent_starter_49","planType":"starter","remaining":{"hourly":0,"monthly":49800}}
Γä╣∩╕Å [INFO] Rate limit hit, queuing DM | {"userId":"concurrent_starter_49","planType":"starter","remaining":{"hourly":0,"monthly":49800}}
Γä╣∩╕Å [INFO] Rate limit hit, queuing DM | {"userId":"concurrent_starter_49","planType":"starter","remaining":{"hourly":0,"monthly":49800}}
Γä╣∩╕Å [INFO] Rate limit hit, queuing DM | {"userId":"concurrent_starter_49","planType":"starter","remaining":{"hourly":0,"monthly":49800}}
Γä╣∩╕Å [INFO] Rate limit hit, queuing DM | {"userId":"concurrent_starter_49","planType":"starter","remaining":{"hourly":0,"monthly":49800}}
Γä╣∩╕Å [INFO] Rate limit hit, queuing DM | {"userId":"concurrent_starter_49","planType":"starter","remaining":{"hourly":0,"monthly":49800}}
Γä╣∩╕Å [INFO] Rate limit hit, queuing DM | {"userId":"concurrent_starter_49","planType":"starter","remaining":{"hourly":0,"monthly":49800}}
Γä╣∩╕Å [INFO] Rate limit hit, queuing DM | {"userId":"concurrent_starter_49","planType":"starter","remaining":{"hourly":0,"monthly":49800}}

[90mstdout[2m | tests/lib/capacity-simulation.test.ts[2m > [22m[2m≡ƒÜÇ Capacity Simulation: Full System Load Test[2m > [22m[2m≡ƒæÑ Multi-User Concurrency[2m > [22m[2m50 concurrent Starter users ├ù 30 comments = 1,500 DMs
[22m[39mΓä╣∩╕Å [INFO] Rate limit hit, queuing DM | {"userId":"concurrent_starter_49","planType":"starter","remaining":{"hourly":0,"monthly":49800}}

[90mstdout[2m | tests/lib/capacity-simulation.test.ts[2m > [22m[2m≡ƒÜÇ Capacity Simulation: Full System Load Test[2m > [22m[2m≡ƒæÑ Multi-User Concurrency[2m > [22m[2m50 concurrent Starter users ├ù 30 comments = 1,500 DMs
[22m[39mΓä╣∩╕Å [INFO] Rate limit hit, queuing DM | {"userId":"concurrent_starter_49","planType":"starter","remaining":{"hourly":0,"monthly":49800}}
Γä╣∩╕Å [INFO] Rate limit hit, queuing DM | {"userId":"concurrent_starter_49","planType":"starter","remaining":{"hourly":0,"monthly":49800}}
Γä╣∩╕Å [INFO] Rate limit hit, queuing DM | {"userId":"concurrent_starter_49","planType":"starter","remaining":{"hourly":0,"monthly":49800}}
Γä╣∩╕Å [INFO] Rate limit hit, queuing DM | {"userId":"concurrent_starter_49","planType":"starter","remaining":{"hourly":0,"monthly":49800}}
Γä╣∩╕Å [INFO] Rate limit hit, queuing DM | {"userId":"concurrent_starter_49","planType":"starter","remaining":{"hourly":0,"monthly":49800}}
Γä╣∩╕Å [INFO] Rate limit hit, queuing DM | {"userId":"concurrent_starter_49","planType":"starter","remaining":{"hourly":0,"monthly":49800}}
Γä╣∩╕Å [INFO] Rate limit hit, queuing DM | {"userId":"concurrent_starter_49","planType":"starter","remaining":{"hourly":0,"monthly":49800}}
Γä╣∩╕Å [INFO] Rate limit hit, queuing DM | {"userId":"concurrent_starter_49","planType":"starter","remaining":{"hourly":0,"monthly":49800}}
Γä╣∩╕Å [INFO] Rate limit hit, queuing DM | {"userId":"concurrent_starter_49","planType":"starter","remaining":{"hourly":0,"monthly":49800}}
Γä╣∩╕Å [INFO] Rate limit hit, queuing DM | {"userId":"concurrent_starter_49","planType":"starter","remaining":{"hourly":0,"monthly":49800}}
Γä╣∩╕Å [INFO] Rate limit hit, queuing DM | {"userId":"concurrent_starter_49","planType":"starter","remaining":{"hourly":0,"monthly":49800}}
Γä╣∩╕Å [INFO] Rate limit hit, queuing DM | {"userId":"concurrent_starter_49","planType":"starter","remaining":{"hourly":0,"monthly":49800}}
Γä╣∩╕Å [INFO] Rate limit hit, queuing DM | {"userId":"concurrent_starter_49","planType":"starter","remaining":{"hourly":0,"monthly":49800}}
Γä╣∩╕Å [INFO] Rate limit hit, queuing DM | {"userId":"concurrent_starter_49","planType":"starter","remaining":{"hourly":0,"monthly":49800}}
Γä╣∩╕Å [INFO] Rate limit hit, queuing DM | {"userId":"concurrent_starter_49","planType":"starter","remaining":{"hourly":0,"monthly":49800}}
Γä╣∩╕Å [INFO] Rate limit hit, queuing DM | {"userId":"concurrent_starter_49","planType":"starter","remaining":{"hourly":0,"monthly":49800}}
Γä╣∩╕Å [INFO] Rate limit hit, queuing DM | {"userId":"concurrent_starter_49","planType":"starter","remaining":{"hourly":0,"monthly":49800}}
Γä╣∩╕Å [INFO] Rate limit hit, queuing DM | {"userId":"concurrent_starter_49","planType":"starter","remaining":{"hourly":0,"monthly":49800}}
Γä╣∩╕Å [INFO] Rate limit hit, queuing DM | {"userId":"concurrent_starter_49","planType":"starter","remaining":{"hourly":0,"monthly":49800}}
Γä╣∩╕Å [INFO] Rate limit hit, queuing DM | {"userId":"concurrent_starter_49","planType":"starter","remaining":{"hourly":0,"monthly":49800}}
Γä╣∩╕Å [INFO] Rate limit hit, queuing DM | {"userId":"concurrent_starter_49","planType":"starter","remaining":{"hourly":0,"monthly":49800}}
Γä╣∩╕Å [INFO] Rate limit hit, queuing DM | {"userId":"concurrent_starter_49","planType":"starter","remaining":{"hourly":0,"monthly":49800}}
Γä╣∩╕Å [INFO] Rate limit hit, queuing DM | {"userId":"concurrent_starter_49","planType":"starter","remaining":{"hourly":0,"monthly":49800}}
Γä╣∩╕Å [INFO] Rate limit hit, queuing DM | {"userId":"concurrent_starter_49","planType":"starter","remaining":{"hourly":0,"monthly":49800}}
Γä╣∩╕Å [INFO] Rate limit hit, queuing DM | {"userId":"concurrent_starter_49","planType":"starter","remaining":{"hourly":0,"monthly":49800}}
Γä╣∩╕Å [INFO] Rate limit hit, queuing DM | {"userId":"concurrent_starter_49","planType":"starter","remaining":{"hourly":0,"monthly":49800}}
Γä╣∩╕Å [INFO] Rate limit hit, queuing DM | {"userId":"concurrent_starter_49","planType":"starter","remaining":{"hourly":0,"monthly":49800}}
Γä╣∩╕Å [INFO] Rate limit hit, queuing DM | {"userId":"concurrent_starter_49","planType":"starter","remaining":{"hourly":0,"monthly":49800}}
Γä╣∩╕Å [INFO] Rate limit hit, queuing DM | {"userId":"concurrent_starter_49","planType":"starter","remaining":{"hourly":0,"monthly":49800}}
Γä╣∩╕Å [INFO] Rate limit hit, queuing DM | {"userId":"concurrent_starter_49","planType":"starter","remaining":{"hourly":0,"monthly":49800}}
Γä╣∩╕Å [INFO] Rate limit hit, queuing DM | {"userId":"concurrent_starter_49","planType":"starter","remaining":{"hourly":0,"monthly":49800}}
Γä╣∩╕Å [INFO] Rate limit hit, queuing DM | {"userId":"concurrent_starter_49","planType":"starter","remaining":{"hourly":0,"monthly":49800}}
Γä╣∩╕Å [INFO] Rate limit hit, queuing DM | {"userId":"concurrent_starter_49","planType":"starter","remaining":{"hourly":0,"monthly":49800}}
Γä╣∩╕Å [INFO] Rate limit hit, queuing DM | {"userId":"concurrent_starter_49","planType":"starter","remaining":{"hourly":0,"monthly":49800}}
Γä╣∩╕Å [INFO] Rate limit hit, queuing DM | {"userId":"concurrent_starter_49","planType":"starter","remaining":{"hourly":0,"monthly":49800}}
Γä╣∩╕Å [INFO] Rate limit hit, queuing DM | {"userId":"concurrent_starter_49","planType":"starter","remaining":{"hourly":0,"monthly":49800}}
Γä╣∩╕Å [INFO] Rate limit hit, queuing DM | {"userId":"concurrent_starter_49","planType":"starter","remaining":{"hourly":0,"monthly":49800}}
Γä╣∩╕Å [INFO] Rate limit hit, queuing DM | {"userId":"concurrent_starter_49","planType":"starter","remaining":{"hourly":0,"monthly":49800}}
Γä╣∩╕Å [INFO] Rate limit hit, queuing DM | {"userId":"concurrent_starter_49","planType":"starter","remaining":{"hourly":0,"monthly":49800}}
Γä╣∩╕Å [INFO] Rate limit hit, queuing DM | {"userId":"concurrent_starter_49","planType":"starter","remaining":{"hourly":0,"monthly":49800}}
Γä╣∩╕Å [INFO] Rate limit hit, queuing DM | {"userId":"concurrent_starter_49","planType":"starter","remaining":{"hourly":0,"monthly":49800}}
Γä╣∩╕Å [INFO] Rate limit hit, queuing DM | {"userId":"concurrent_starter_49","planType":"starter","remaining":{"hourly":0,"monthly":49800}}
Γä╣∩╕Å [INFO] Rate limit hit, queuing DM | {"userId":"concurrent_starter_49","planType":"starter","remaining":{"hourly":0,"monthly":49800}}
Γä╣∩╕Å [INFO] Rate limit hit, queuing DM | {"userId":"concurrent_starter_49","planType":"starter","remaining":{"hourly":0,"monthly":49800}}
Γä╣∩╕Å [INFO] Rate limit hit, queuing DM | {"userId":"concurrent_starter_49","planType":"starter","remaining":{"hourly":0,"monthly":49800}}
Γä╣∩╕Å [INFO] Rate limit hit, queuing DM | {"userId":"concurrent_starter_49","planType":"starter","remaining":{"hourly":0,"monthly":49800}}
Γä╣∩╕Å [INFO] Rate limit hit, queuing DM | {"userId":"concurrent_starter_49","planType":"starter","remaining":{"hourly":0,"monthly":49800}}
Γä╣∩╕Å [INFO] Rate limit hit, queuing DM | {"userId":"concurrent_starter_49","planType":"starter","remaining":{"hourly":0,"monthly":49800}}
Γä╣∩╕Å [INFO] Rate limit hit, queuing DM | {"userId":"concurrent_starter_49","planType":"starter","remaining":{"hourly":0,"monthly":49800}}

[90mstdout[2m | tests/lib/capacity-simulation.test.ts[2m > [22m[2m≡ƒÜÇ Capacity Simulation: Full System Load Test[2m > [22m[2m≡ƒæÑ Multi-User Concurrency[2m > [22m[2m50 concurrent Starter users ├ù 30 comments = 1,500 DMs
[22m[39mΓä╣∩╕Å [INFO] Rate limit hit, queuing DM | {"userId":"concurrent_starter_49","planType":"starter","remaining":{"hourly":0,"monthly":49800}}

[90mstdout[2m | tests/lib/capacity-simulation.test.ts[2m > [22m[2m≡ƒÜÇ Capacity Simulation: Full System Load Test[2m > [22m[2m≡ƒæÑ Multi-User Concurrency[2m > [22m[2m50 concurrent Starter users ├ù 30 comments = 1,500 DMs
[22m[39mΓä╣∩╕Å [INFO] Rate limit hit, queuing DM | {"userId":"concurrent_starter_49","planType":"starter","remaining":{"hourly":0,"monthly":49800}}
Γä╣∩╕Å [INFO] Rate limit hit, queuing DM | {"userId":"concurrent_starter_49","planType":"starter","remaining":{"hourly":0,"monthly":49800}}
Γä╣∩╕Å [INFO] Rate limit hit, queuing DM | {"userId":"concurrent_starter_49","planType":"starter","remaining":{"hourly":0,"monthly":49800}}
Γä╣∩╕Å [INFO] Rate limit hit, queuing DM | {"userId":"concurrent_starter_49","planType":"starter","remaining":{"hourly":0,"monthly":49800}}
Γä╣∩╕Å [INFO] Rate limit hit, queuing DM | {"userId":"concurrent_starter_49","planType":"starter","remaining":{"hourly":0,"monthly":49800}}
Γä╣∩╕Å [INFO] Rate limit hit, queuing DM | {"userId":"concurrent_starter_49","planType":"starter","remaining":{"hourly":0,"monthly":49800}}
Γä╣∩╕Å [INFO] Rate limit hit, queuing DM | {"userId":"concurrent_starter_49","planType":"starter","remaining":{"hourly":0,"monthly":49800}}
Γä╣∩╕Å [INFO] Rate limit hit, queuing DM | {"userId":"concurrent_starter_49","planType":"starter","remaining":{"hourly":0,"monthly":49800}}
Γä╣∩╕Å [INFO] Rate limit hit, queuing DM | {"userId":"concurrent_starter_49","planType":"starter","remaining":{"hourly":0,"monthly":49800}}
Γä╣∩╕Å [INFO] Rate limit hit, queuing DM | {"userId":"concurrent_starter_49","planType":"starter","remaining":{"hourly":0,"monthly":49800}}
Γä╣∩╕Å [INFO] Rate limit hit, queuing DM | {"userId":"concurrent_starter_49","planType":"starter","remaining":{"hourly":0,"monthly":49800}}
Γä╣∩╕Å [INFO] Rate limit hit, queuing DM | {"userId":"concurrent_starter_49","planType":"starter","remaining":{"hourly":0,"monthly":49800}}
Γä╣∩╕Å [INFO] Rate limit hit, queuing DM | {"userId":"concurrent_starter_49","planType":"starter","remaining":{"hourly":0,"monthly":49800}}
Γä╣∩╕Å [INFO] Rate limit hit, queuing DM | {"userId":"concurrent_starter_49","planType":"starter","remaining":{"hourly":0,"monthly":49800}}
Γä╣∩╕Å [INFO] Rate limit hit, queuing DM | {"userId":"concurrent_starter_49","planType":"starter","remaining":{"hourly":0,"monthly":49800}}
Γä╣∩╕Å [INFO] Rate limit hit, queuing DM | {"userId":"concurrent_starter_49","planType":"starter","remaining":{"hourly":0,"monthly":49800}}
Γä╣∩╕Å [INFO] Rate limit hit, queuing DM | {"userId":"concurrent_starter_49","planType":"starter","remaining":{"hourly":0,"monthly":49800}}
Γä╣∩╕Å [INFO] Rate limit hit, queuing DM | {"userId":"concurrent_starter_49","planType":"starter","remaining":{"hourly":0,"monthly":49800}}
Γä╣∩╕Å [INFO] Rate limit hit, queuing DM | {"userId":"concurrent_starter_49","planType":"starter","remaining":{"hourly":0,"monthly":49800}}
Γä╣∩╕Å [INFO] Rate limit hit, queuing DM | {"userId":"concurrent_starter_49","planType":"starter","remaining":{"hourly":0,"monthly":49800}}
Γä╣∩╕Å [INFO] Rate limit hit, queuing DM | {"userId":"concurrent_starter_49","planType":"starter","remaining":{"hourly":0,"monthly":49800}}
Γä╣∩╕Å [INFO] Rate limit hit, queuing DM | {"userId":"concurrent_starter_49","planType":"starter","remaining":{"hourly":0,"monthly":49800}}
Γä╣∩╕Å [INFO] Rate limit hit, queuing DM | {"userId":"concurrent_starter_49","planType":"starter","remaining":{"hourly":0,"monthly":49800}}
Γä╣∩╕Å [INFO] Rate limit hit, queuing DM | {"userId":"concurrent_starter_49","planType":"starter","remaining":{"hourly":0,"monthly":49800}}
Γä╣∩╕Å [INFO] Rate limit hit, queuing DM | {"userId":"concurrent_starter_49","planType":"starter","remaining":{"hourly":0,"monthly":49800}}
Γä╣∩╕Å [INFO] Rate limit hit, queuing DM | {"userId":"concurrent_starter_49","planType":"starter","remaining":{"hourly":0,"monthly":49800}}
Γä╣∩╕Å [INFO] Rate limit hit, queuing DM | {"userId":"concurrent_starter_49","planType":"starter","remaining":{"hourly":0,"monthly":49800}}
Γä╣∩╕Å [INFO] Rate limit hit, queuing DM | {"userId":"concurrent_starter_49","planType":"starter","remaining":{"hourly":0,"monthly":49800}}
Γä╣∩╕Å [INFO] Rate limit hit, queuing DM | {"userId":"concurrent_starter_49","planType":"starter","remaining":{"hourly":0,"monthly":49800}}
Γä╣∩╕Å [INFO] Rate limit hit, queuing DM | {"userId":"concurrent_starter_49","planType":"starter","remaining":{"hourly":0,"monthly":49800}}
Γä╣∩╕Å [INFO] Rate limit hit, queuing DM | {"userId":"concurrent_starter_49","planType":"starter","remaining":{"hourly":0,"monthly":49800}}
Γä╣∩╕Å [INFO] Rate limit hit, queuing DM | {"userId":"concurrent_starter_49","planType":"starter","remaining":{"hourly":0,"monthly":49800}}
Γä╣∩╕Å [INFO] Rate limit hit, queuing DM | {"userId":"concurrent_starter_49","planType":"starter","remaining":{"hourly":0,"monthly":49800}}
Γä╣∩╕Å [INFO] Rate limit hit, queuing DM | {"userId":"concurrent_starter_49","planType":"starter","remaining":{"hourly":0,"monthly":49800}}
Γä╣∩╕Å [INFO] Rate limit hit, queuing DM | {"userId":"concurrent_starter_49","planType":"starter","remaining":{"hourly":0,"monthly":49800}}
Γä╣∩╕Å [INFO] Rate limit hit, queuing DM | {"userId":"concurrent_starter_49","planType":"starter","remaining":{"hourly":0,"monthly":49800}}
Γä╣∩╕Å [INFO] Rate limit hit, queuing DM | {"userId":"concurrent_starter_49","planType":"starter","remaining":{"hourly":0,"monthly":49800}}
Γä╣∩╕Å [INFO] Rate limit hit, queuing DM | {"userId":"concurrent_starter_49","planType":"starter","remaining":{"hourly":0,"monthly":49800}}
Γä╣∩╕Å [INFO] Rate limit hit, queuing DM | {"userId":"concurrent_starter_49","planType":"starter","remaining":{"hourly":0,"monthly":49800}}
Γä╣∩╕Å [INFO] Rate limit hit, queuing DM | {"userId":"concurrent_starter_49","planType":"starter","remaining":{"hourly":0,"monthly":49800}}
Γä╣∩╕Å [INFO] Rate limit hit, queuing DM | {"userId":"concurrent_starter_49","planType":"starter","remaining":{"hourly":0,"monthly":49800}}
Γä╣∩╕Å [INFO] Rate limit hit, queuing DM | {"userId":"concurrent_starter_49","planType":"starter","remaining":{"hourly":0,"monthly":49800}}
Γä╣∩╕Å [INFO] Rate limit hit, queuing DM | {"userId":"concurrent_starter_49","planType":"starter","remaining":{"hourly":0,"monthly":49800}}
Γä╣∩╕Å [INFO] Rate limit hit, queuing DM | {"userId":"concurrent_starter_49","planType":"starter","remaining":{"hourly":0,"monthly":49800}}
Γä╣∩╕Å [INFO] Rate limit hit, queuing DM | {"userId":"concurrent_starter_49","planType":"starter","remaining":{"hourly":0,"monthly":49800}}
Γä╣∩╕Å [INFO] Rate limit hit, queuing DM | {"userId":"concurrent_starter_49","planType":"starter","remaining":{"hourly":0,"monthly":49800}}
Γä╣∩╕Å [INFO] Rate limit hit, queuing DM | {"userId":"concurrent_starter_49","planType":"starter","remaining":{"hourly":0,"monthly":49800}}
Γä╣∩╕Å [INFO] Rate limit hit, queuing DM | {"userId":"concurrent_starter_49","planType":"starter","remaining":{"hourly":0,"monthly":49800}}
Γä╣∩╕Å [INFO] Rate limit hit, queuing DM | {"userId":"concurrent_starter_49","planType":"starter","remaining":{"hourly":0,"monthly":49800}}

[90mstdout[2m | tests/lib/capacity-simulation.test.ts[2m > [22m[2m≡ƒÜÇ Capacity Simulation: Full System Load Test[2m > [22m[2m≡ƒæÑ Multi-User Concurrency[2m > [22m[2m50 concurrent Starter users ├ù 30 comments = 1,500 DMs
[22m[39mΓä╣∩╕Å [INFO] Rate limit hit, queuing DM | {"userId":"concurrent_starter_49","planType":"starter","remaining":{"hourly":0,"monthly":49800}}

[90mstdout[2m | tests/lib/capacity-simulation.test.ts[2m > [22m[2m≡ƒÜÇ Capacity Simulation: Full System Load Test[2m > [22m[2m≡ƒæÑ Multi-User Concurrency[2m > [22m[2m50 concurrent Starter users ├ù 30 comments = 1,500 DMs
[22m[39mΓä╣∩╕Å [INFO] Rate limit hit, queuing DM | {"userId":"concurrent_starter_49","planType":"starter","remaining":{"hourly":0,"monthly":49800}}
Γä╣∩╕Å [INFO] Rate limit hit, queuing DM | {"userId":"concurrent_starter_49","planType":"starter","remaining":{"hourly":0,"monthly":49800}}
Γä╣∩╕Å [INFO] Rate limit hit, queuing DM | {"userId":"concurrent_starter_49","planType":"starter","remaining":{"hourly":0,"monthly":49800}}
Γä╣∩╕Å [INFO] Rate limit hit, queuing DM | {"userId":"concurrent_starter_49","planType":"starter","remaining":{"hourly":0,"monthly":49800}}
Γä╣∩╕Å [INFO] Rate limit hit, queuing DM | {"userId":"concurrent_starter_49","planType":"starter","remaining":{"hourly":0,"monthly":49800}}
Γä╣∩╕Å [INFO] Rate limit hit, queuing DM | {"userId":"concurrent_starter_49","planType":"starter","remaining":{"hourly":0,"monthly":49800}}
Γä╣∩╕Å [INFO] Rate limit hit, queuing DM | {"userId":"concurrent_starter_49","planType":"starter","remaining":{"hourly":0,"monthly":49800}}
Γä╣∩╕Å [INFO] Rate limit hit, queuing DM | {"userId":"concurrent_starter_49","planType":"starter","remaining":{"hourly":0,"monthly":49800}}
Γä╣∩╕Å [INFO] Rate limit hit, queuing DM | {"userId":"concurrent_starter_49","planType":"starter","remaining":{"hourly":0,"monthly":49800}}
Γä╣∩╕Å [INFO] Rate limit hit, queuing DM | {"userId":"concurrent_starter_49","planType":"starter","remaining":{"hourly":0,"monthly":49800}}
Γä╣∩╕Å [INFO] Rate limit hit, queuing DM | {"userId":"concurrent_starter_49","planType":"starter","remaining":{"hourly":0,"monthly":49800}}
Γä╣∩╕Å [INFO] Rate limit hit, queuing DM | {"userId":"concurrent_starter_49","planType":"starter","remaining":{"hourly":0,"monthly":49800}}
Γä╣∩╕Å [INFO] Rate limit hit, queuing DM | {"userId":"concurrent_starter_49","planType":"starter","remaining":{"hourly":0,"monthly":49800}}
Γä╣∩╕Å [INFO] Rate limit hit, queuing DM | {"userId":"concurrent_starter_49","planType":"starter","remaining":{"hourly":0,"monthly":49800}}
Γä╣∩╕Å [INFO] Rate limit hit, queuing DM | {"userId":"concurrent_starter_49","planType":"starter","remaining":{"hourly":0,"monthly":49800}}
Γä╣∩╕Å [INFO] Rate limit hit, queuing DM | {"userId":"concurrent_starter_49","planType":"starter","remaining":{"hourly":0,"monthly":49800}}
Γä╣∩╕Å [INFO] Rate limit hit, queuing DM | {"userId":"concurrent_starter_49","planType":"starter","remaining":{"hourly":0,"monthly":49800}}
Γä╣∩╕Å [INFO] Rate limit hit, queuing DM | {"userId":"concurrent_starter_49","planType":"starter","remaining":{"hourly":0,"monthly":49800}}
Γä╣∩╕Å [INFO] Rate limit hit, queuing DM | {"userId":"concurrent_starter_49","planType":"starter","remaining":{"hourly":0,"monthly":49800}}
Γä╣∩╕Å [INFO] Rate limit hit, queuing DM | {"userId":"concurrent_starter_49","planType":"starter","remaining":{"hourly":0,"monthly":49800}}
Γä╣∩╕Å [INFO] Rate limit hit, queuing DM | {"userId":"concurrent_starter_49","planType":"starter","remaining":{"hourly":0,"monthly":49800}}
Γä╣∩╕Å [INFO] Rate limit hit, queuing DM | {"userId":"concurrent_starter_49","planType":"starter","remaining":{"hourly":0,"monthly":49800}}
Γä╣∩╕Å [INFO] Rate limit hit, queuing DM | {"userId":"concurrent_starter_49","planType":"starter","remaining":{"hourly":0,"monthly":49800}}
Γä╣∩╕Å [INFO] Rate limit hit, queuing DM | {"userId":"concurrent_starter_49","planType":"starter","remaining":{"hourly":0,"monthly":49800}}
Γä╣∩╕Å [INFO] Rate limit hit, queuing DM | {"userId":"concurrent_starter_49","planType":"starter","remaining":{"hourly":0,"monthly":49800}}
Γä╣∩╕Å [INFO] Rate limit hit, queuing DM | {"userId":"concurrent_starter_49","planType":"starter","remaining":{"hourly":0,"monthly":49800}}
Γä╣∩╕Å [INFO] Rate limit hit, queuing DM | {"userId":"concurrent_starter_49","planType":"starter","remaining":{"hourly":0,"monthly":49800}}
Γä╣∩╕Å [INFO] Rate limit hit, queuing DM | {"userId":"concurrent_starter_49","planType":"starter","remaining":{"hourly":0,"monthly":49800}}
Γä╣∩╕Å [INFO] Rate limit hit, queuing DM | {"userId":"concurrent_starter_49","planType":"starter","remaining":{"hourly":0,"monthly":49800}}
Γä╣∩╕Å [INFO] Rate limit hit, queuing DM | {"userId":"concurrent_starter_49","planType":"starter","remaining":{"hourly":0,"monthly":49800}}
Γä╣∩╕Å [INFO] Rate limit hit, queuing DM | {"userId":"concurrent_starter_49","planType":"starter","remaining":{"hourly":0,"monthly":49800}}
Γä╣∩╕Å [INFO] Rate limit hit, queuing DM | {"userId":"concurrent_starter_49","planType":"starter","remaining":{"hourly":0,"monthly":49800}}
Γä╣∩╕Å [INFO] Rate limit hit, queuing DM | {"userId":"concurrent_starter_49","planType":"starter","remaining":{"hourly":0,"monthly":49800}}
Γä╣∩╕Å [INFO] Rate limit hit, queuing DM | {"userId":"concurrent_starter_49","planType":"starter","remaining":{"hourly":0,"monthly":49800}}
Γä╣∩╕Å [INFO] Rate limit hit, queuing DM | {"userId":"concurrent_starter_49","planType":"starter","remaining":{"hourly":0,"monthly":49800}}
Γä╣∩╕Å [INFO] Rate limit hit, queuing DM | {"userId":"concurrent_starter_49","planType":"starter","remaining":{"hourly":0,"monthly":49800}}
Γä╣∩╕Å [INFO] Rate limit hit, queuing DM | {"userId":"concurrent_starter_49","planType":"starter","remaining":{"hourly":0,"monthly":49800}}
Γä╣∩╕Å [INFO] Rate limit hit, queuing DM | {"userId":"concurrent_starter_49","planType":"starter","remaining":{"hourly":0,"monthly":49800}}
Γä╣∩╕Å [INFO] Rate limit hit, queuing DM | {"userId":"concurrent_starter_49","planType":"starter","remaining":{"hourly":0,"monthly":49800}}
Γä╣∩╕Å [INFO] Rate limit hit, queuing DM | {"userId":"concurrent_starter_49","planType":"starter","remaining":{"hourly":0,"monthly":49800}}
Γä╣∩╕Å [INFO] Rate limit hit, queuing DM | {"userId":"concurrent_starter_49","planType":"starter","remaining":{"hourly":0,"monthly":49800}}
Γä╣∩╕Å [INFO] Rate limit hit, queuing DM | {"userId":"concurrent_starter_49","planType":"starter","remaining":{"hourly":0,"monthly":49800}}
Γä╣∩╕Å [INFO] Rate limit hit, queuing DM | {"userId":"concurrent_starter_49","planType":"starter","remaining":{"hourly":0,"monthly":49800}}
Γä╣∩╕Å [INFO] Rate limit hit, queuing DM | {"userId":"concurrent_starter_49","planType":"starter","remaining":{"hourly":0,"monthly":49800}}
Γä╣∩╕Å [INFO] Rate limit hit, queuing DM | {"userId":"concurrent_starter_49","planType":"starter","remaining":{"hourly":0,"monthly":49800}}
Γä╣∩╕Å [INFO] Rate limit hit, queuing DM | {"userId":"concurrent_starter_49","planType":"starter","remaining":{"hourly":0,"monthly":49800}}
Γä╣∩╕Å [INFO] Rate limit hit, queuing DM | {"userId":"concurrent_starter_49","planType":"starter","remaining":{"hourly":0,"monthly":49800}}
Γä╣∩╕Å [INFO] Rate limit hit, queuing DM | {"userId":"concurrent_starter_49","planType":"starter","remaining":{"hourly":0,"monthly":49800}}
Γä╣∩╕Å [INFO] Rate limit hit, queuing DM | {"userId":"concurrent_starter_49","planType":"starter","remaining":{"hourly":0,"monthly":49800}}

[90mstdout[2m | tests/lib/capacity-simulation.test.ts[2m > [22m[2m≡ƒÜÇ Capacity Simulation: Full System Load Test[2m > [22m[2m≡ƒæÑ Multi-User Concurrency[2m > [22m[2m50 concurrent Starter users ├ù 30 comments = 1,500 DMs
[22m[39mΓä╣∩╕Å [INFO] Rate limit hit, queuing DM | {"userId":"concurrent_starter_49","planType":"starter","remaining":{"hourly":0,"monthly":49800}}

[90mstdout[2m | tests/lib/capacity-simulation.test.ts[2m > [22m[2m≡ƒÜÇ Capacity Simulation: Full System Load Test[2m > [22m[2m≡ƒæÑ Multi-User Concurrency[2m > [22m[2m50 concurrent Starter users ├ù 30 comments = 1,500 DMs
[22m[39mΓä╣∩╕Å [INFO] Rate limit hit, queuing DM | {"userId":"concurrent_starter_49","planType":"starter","remaining":{"hourly":0,"monthly":49800}}
Γä╣∩╕Å [INFO] Rate limit hit, queuing DM | {"userId":"concurrent_starter_49","planType":"starter","remaining":{"hourly":0,"monthly":49800}}
Γä╣∩╕Å [INFO] Rate limit hit, queuing DM | {"userId":"concurrent_starter_49","planType":"starter","remaining":{"hourly":0,"monthly":49800}}
Γä╣∩╕Å [INFO] Rate limit hit, queuing DM | {"userId":"concurrent_starter_49","planType":"starter","remaining":{"hourly":0,"monthly":49800}}
Γä╣∩╕Å [INFO] Rate limit hit, queuing DM | {"userId":"concurrent_starter_49","planType":"starter","remaining":{"hourly":0,"monthly":49800}}
Γä╣∩╕Å [INFO] Rate limit hit, queuing DM | {"userId":"concurrent_starter_49","planType":"starter","remaining":{"hourly":0,"monthly":49800}}
Γä╣∩╕Å [INFO] Rate limit hit, queuing DM | {"userId":"concurrent_starter_49","planType":"starter","remaining":{"hourly":0,"monthly":49800}}
Γä╣∩╕Å [INFO] Rate limit hit, queuing DM | {"userId":"concurrent_starter_49","planType":"starter","remaining":{"hourly":0,"monthly":49800}}
Γä╣∩╕Å [INFO] Rate limit hit, queuing DM | {"userId":"concurrent_starter_49","planType":"starter","remaining":{"hourly":0,"monthly":49800}}
Γä╣∩╕Å [INFO] Rate limit hit, queuing DM | {"userId":"concurrent_starter_49","planType":"starter","remaining":{"hourly":0,"monthly":49800}}
Γä╣∩╕Å [INFO] Rate limit hit, queuing DM | {"userId":"concurrent_starter_49","planType":"starter","remaining":{"hourly":0,"monthly":49800}}
Γä╣∩╕Å [INFO] Rate limit hit, queuing DM | {"userId":"concurrent_starter_49","planType":"starter","remaining":{"hourly":0,"monthly":49800}}
Γä╣∩╕Å [INFO] Rate limit hit, queuing DM | {"userId":"concurrent_starter_49","planType":"starter","remaining":{"hourly":0,"monthly":49800}}
Γä╣∩╕Å [INFO] Rate limit hit, queuing DM | {"userId":"concurrent_starter_49","planType":"starter","remaining":{"hourly":0,"monthly":49800}}
Γä╣∩╕Å [INFO] Rate limit hit, queuing DM | {"userId":"concurrent_starter_49","planType":"starter","remaining":{"hourly":0,"monthly":49800}}
Γä╣∩╕Å [INFO] Rate limit hit, queuing DM | {"userId":"concurrent_starter_49","planType":"starter","remaining":{"hourly":0,"monthly":49800}}
Γä╣∩╕Å [INFO] Rate limit hit, queuing DM | {"userId":"concurrent_starter_49","planType":"starter","remaining":{"hourly":0,"monthly":49800}}
Γä╣∩╕Å [INFO] Rate limit hit, queuing DM | {"userId":"concurrent_starter_49","planType":"starter","remaining":{"hourly":0,"monthly":49800}}
Γä╣∩╕Å [INFO] Rate limit hit, queuing DM | {"userId":"concurrent_starter_49","planType":"starter","remaining":{"hourly":0,"monthly":49800}}
Γä╣∩╕Å [INFO] Rate limit hit, queuing DM | {"userId":"concurrent_starter_49","planType":"starter","remaining":{"hourly":0,"monthly":49800}}
Γä╣∩╕Å [INFO] Rate limit hit, queuing DM | {"userId":"concurrent_starter_49","planType":"starter","remaining":{"hourly":0,"monthly":49800}}
Γä╣∩╕Å [INFO] Rate limit hit, queuing DM | {"userId":"concurrent_starter_49","planType":"starter","remaining":{"hourly":0,"monthly":49800}}
Γä╣∩╕Å [INFO] Rate limit hit, queuing DM | {"userId":"concurrent_starter_49","planType":"starter","remaining":{"hourly":0,"monthly":49800}}
Γä╣∩╕Å [INFO] Rate limit hit, queuing DM | {"userId":"concurrent_starter_49","planType":"starter","remaining":{"hourly":0,"monthly":49800}}
Γä╣∩╕Å [INFO] Rate limit hit, queuing DM | {"userId":"concurrent_starter_49","planType":"starter","remaining":{"hourly":0,"monthly":49800}}
Γä╣∩╕Å [INFO] Rate limit hit, queuing DM | {"userId":"concurrent_starter_49","planType":"starter","remaining":{"hourly":0,"monthly":49800}}
Γä╣∩╕Å [INFO] Rate limit hit, queuing DM | {"userId":"concurrent_starter_49","planType":"starter","remaining":{"hourly":0,"monthly":49800}}
Γä╣∩╕Å [INFO] Rate limit hit, queuing DM | {"userId":"concurrent_starter_49","planType":"starter","remaining":{"hourly":0,"monthly":49800}}
Γä╣∩╕Å [INFO] Rate limit hit, queuing DM | {"userId":"concurrent_starter_49","planType":"starter","remaining":{"hourly":0,"monthly":49800}}
Γä╣∩╕Å [INFO] Rate limit hit, queuing DM | {"userId":"concurrent_starter_49","planType":"starter","remaining":{"hourly":0,"monthly":49800}}
Γä╣∩╕Å [INFO] Rate limit hit, queuing DM | {"userId":"concurrent_starter_49","planType":"starter","remaining":{"hourly":0,"monthly":49800}}
Γä╣∩╕Å [INFO] Rate limit hit, queuing DM | {"userId":"concurrent_starter_49","planType":"starter","remaining":{"hourly":0,"monthly":49800}}
Γä╣∩╕Å [INFO] Rate limit hit, queuing DM | {"userId":"concurrent_starter_49","planType":"starter","remaining":{"hourly":0,"monthly":49800}}
Γä╣∩╕Å [INFO] Rate limit hit, queuing DM | {"userId":"concurrent_starter_49","planType":"starter","remaining":{"hourly":0,"monthly":49800}}
Γä╣∩╕Å [INFO] Rate limit hit, queuing DM | {"userId":"concurrent_starter_49","planType":"starter","remaining":{"hourly":0,"monthly":49800}}
Γä╣∩╕Å [INFO] Rate limit hit, queuing DM | {"userId":"concurrent_starter_49","planType":"starter","remaining":{"hourly":0,"monthly":49800}}
Γä╣∩╕Å [INFO] Rate limit hit, queuing DM | {"userId":"concurrent_starter_49","planType":"starter","remaining":{"hourly":0,"monthly":49800}}
Γä╣∩╕Å [INFO] Rate limit hit, queuing DM | {"userId":"concurrent_starter_49","planType":"starter","remaining":{"hourly":0,"monthly":49800}}
Γä╣∩╕Å [INFO] Rate limit hit, queuing DM | {"userId":"concurrent_starter_49","planType":"starter","remaining":{"hourly":0,"monthly":49800}}
Γä╣∩╕Å [INFO] Rate limit hit, queuing DM | {"userId":"concurrent_starter_49","planType":"starter","remaining":{"hourly":0,"monthly":49800}}
Γä╣∩╕Å [INFO] Rate limit hit, queuing DM | {"userId":"concurrent_starter_49","planType":"starter","remaining":{"hourly":0,"monthly":49800}}
Γä╣∩╕Å [INFO] Rate limit hit, queuing DM | {"userId":"concurrent_starter_49","planType":"starter","remaining":{"hourly":0,"monthly":49800}}
Γä╣∩╕Å [INFO] Rate limit hit, queuing DM | {"userId":"concurrent_starter_49","planType":"starter","remaining":{"hourly":0,"monthly":49800}}
Γä╣∩╕Å [INFO] Rate limit hit, queuing DM | {"userId":"concurrent_starter_49","planType":"starter","remaining":{"hourly":0,"monthly":49800}}
Γä╣∩╕Å [INFO] Rate limit hit, queuing DM | {"userId":"concurrent_starter_49","planType":"starter","remaining":{"hourly":0,"monthly":49800}}
Γä╣∩╕Å [INFO] Rate limit hit, queuing DM | {"userId":"concurrent_starter_49","planType":"starter","remaining":{"hourly":0,"monthly":49800}}
Γä╣∩╕Å [INFO] Rate limit hit, queuing DM | {"userId":"concurrent_starter_49","planType":"starter","remaining":{"hourly":0,"monthly":49800}}
Γä╣∩╕Å [INFO] Rate limit hit, queuing DM | {"userId":"concurrent_starter_49","planType":"starter","remaining":{"hourly":0,"monthly":49800}}
Γä╣∩╕Å [INFO] Rate limit hit, queuing DM | {"userId":"concurrent_starter_49","planType":"starter","remaining":{"hourly":0,"monthly":49800}}

[90mstdout[2m | tests/lib/capacity-simulation.test.ts[2m > [22m[2m≡ƒÜÇ Capacity Simulation: Full System Load Test[2m > [22m[2m≡ƒæÑ Multi-User Concurrency[2m > [22m[2m50 concurrent Starter users ├ù 30 comments = 1,500 DMs
[22m[39mΓä╣∩╕Å [INFO] Rate limit hit, queuing DM | {"userId":"concurrent_starter_49","planType":"starter","remaining":{"hourly":0,"monthly":49800}}

[90mstdout[2m | tests/lib/capacity-simulation.test.ts[2m > [22m[2m≡ƒÜÇ Capacity Simulation: Full System Load Test[2m > [22m[2m≡ƒæÑ Multi-User Concurrency[2m > [22m[2m50 concurrent Starter users ├ù 30 comments = 1,500 DMs
[22m[39mΓä╣∩╕Å [INFO] Rate limit hit, queuing DM | {"userId":"concurrent_starter_49","planType":"starter","remaining":{"hourly":0,"monthly":49800}}
Γä╣∩╕Å [INFO] Rate limit hit, queuing DM | {"userId":"concurrent_starter_49","planType":"starter","remaining":{"hourly":0,"monthly":49800}}
Γä╣∩╕Å [INFO] Rate limit hit, queuing DM | {"userId":"concurrent_starter_49","planType":"starter","remaining":{"hourly":0,"monthly":49800}}
Γä╣∩╕Å [INFO] Rate limit hit, queuing DM | {"userId":"concurrent_starter_49","planType":"starter","remaining":{"hourly":0,"monthly":49800}}
Γä╣∩╕Å [INFO] Rate limit hit, queuing DM | {"userId":"concurrent_starter_49","planType":"starter","remaining":{"hourly":0,"monthly":49800}}
Γä╣∩╕Å [INFO] Rate limit hit, queuing DM | {"userId":"concurrent_starter_49","planType":"starter","remaining":{"hourly":0,"monthly":49800}}
Γä╣∩╕Å [INFO] Rate limit hit, queuing DM | {"userId":"concurrent_starter_49","planType":"starter","remaining":{"hourly":0,"monthly":49800}}
Γä╣∩╕Å [INFO] Rate limit hit, queuing DM | {"userId":"concurrent_starter_49","planType":"starter","remaining":{"hourly":0,"monthly":49800}}
Γä╣∩╕Å [INFO] Rate limit hit, queuing DM | {"userId":"concurrent_starter_49","planType":"starter","remaining":{"hourly":0,"monthly":49800}}
Γä╣∩╕Å [INFO] Rate limit hit, queuing DM | {"userId":"concurrent_starter_49","planType":"starter","remaining":{"hourly":0,"monthly":49800}}
Γä╣∩╕Å [INFO] Rate limit hit, queuing DM | {"userId":"concurrent_starter_49","planType":"starter","remaining":{"hourly":0,"monthly":49800}}
Γä╣∩╕Å [INFO] Rate limit hit, queuing DM | {"userId":"concurrent_starter_49","planType":"starter","remaining":{"hourly":0,"monthly":49800}}
Γä╣∩╕Å [INFO] Rate limit hit, queuing DM | {"userId":"concurrent_starter_49","planType":"starter","remaining":{"hourly":0,"monthly":49800}}
Γä╣∩╕Å [INFO] Rate limit hit, queuing DM | {"userId":"concurrent_starter_49","planType":"starter","remaining":{"hourly":0,"monthly":49800}}
Γä╣∩╕Å [INFO] Rate limit hit, queuing DM | {"userId":"concurrent_starter_49","planType":"starter","remaining":{"hourly":0,"monthly":49800}}
Γä╣∩╕Å [INFO] Rate limit hit, queuing DM | {"userId":"concurrent_starter_49","planType":"starter","remaining":{"hourly":0,"monthly":49800}}
Γä╣∩╕Å [INFO] Rate limit hit, queuing DM | {"userId":"concurrent_starter_49","planType":"starter","remaining":{"hourly":0,"monthly":49800}}
Γä╣∩╕Å [INFO] Rate limit hit, queuing DM | {"userId":"concurrent_starter_49","planType":"starter","remaining":{"hourly":0,"monthly":49800}}
Γä╣∩╕Å [INFO] Rate limit hit, queuing DM | {"userId":"concurrent_starter_49","planType":"starter","remaining":{"hourly":0,"monthly":49800}}
Γä╣∩╕Å [INFO] Rate limit hit, queuing DM | {"userId":"concurrent_starter_49","planType":"starter","remaining":{"hourly":0,"monthly":49800}}
Γä╣∩╕Å [INFO] Rate limit hit, queuing DM | {"userId":"concurrent_starter_49","planType":"starter","remaining":{"hourly":0,"monthly":49800}}
Γä╣∩╕Å [INFO] Rate limit hit, queuing DM | {"userId":"concurrent_starter_49","planType":"starter","remaining":{"hourly":0,"monthly":49800}}
Γä╣∩╕Å [INFO] Rate limit hit, queuing DM | {"userId":"concurrent_starter_49","planType":"starter","remaining":{"hourly":0,"monthly":49800}}
Γä╣∩╕Å [INFO] Rate limit hit, queuing DM | {"userId":"concurrent_starter_49","planType":"starter","remaining":{"hourly":0,"monthly":49800}}
Γä╣∩╕Å [INFO] Rate limit hit, queuing DM | {"userId":"concurrent_starter_49","planType":"starter","remaining":{"hourly":0,"monthly":49800}}
Γä╣∩╕Å [INFO] Rate limit hit, queuing DM | {"userId":"concurrent_starter_49","planType":"starter","remaining":{"hourly":0,"monthly":49800}}
Γä╣∩╕Å [INFO] Rate limit hit, queuing DM | {"userId":"concurrent_starter_49","planType":"starter","remaining":{"hourly":0,"monthly":49800}}
Γä╣∩╕Å [INFO] Rate limit hit, queuing DM | {"userId":"concurrent_starter_49","planType":"starter","remaining":{"hourly":0,"monthly":49800}}
Γä╣∩╕Å [INFO] Rate limit hit, queuing DM | {"userId":"concurrent_starter_49","planType":"starter","remaining":{"hourly":0,"monthly":49800}}
Γä╣∩╕Å [INFO] Rate limit hit, queuing DM | {"userId":"concurrent_starter_49","planType":"starter","remaining":{"hourly":0,"monthly":49800}}
Γä╣∩╕Å [INFO] Rate limit hit, queuing DM | {"userId":"concurrent_starter_49","planType":"starter","remaining":{"hourly":0,"monthly":49800}}
Γä╣∩╕Å [INFO] Rate limit hit, queuing DM | {"userId":"concurrent_starter_49","planType":"starter","remaining":{"hourly":0,"monthly":49800}}
Γä╣∩╕Å [INFO] Rate limit hit, queuing DM | {"userId":"concurrent_starter_49","planType":"starter","remaining":{"hourly":0,"monthly":49800}}
Γä╣∩╕Å [INFO] Rate limit hit, queuing DM | {"userId":"concurrent_starter_49","planType":"starter","remaining":{"hourly":0,"monthly":49800}}
Γä╣∩╕Å [INFO] Rate limit hit, queuing DM | {"userId":"concurrent_starter_49","planType":"starter","remaining":{"hourly":0,"monthly":49800}}
Γä╣∩╕Å [INFO] Rate limit hit, queuing DM | {"userId":"concurrent_starter_49","planType":"starter","remaining":{"hourly":0,"monthly":49800}}
Γä╣∩╕Å [INFO] Rate limit hit, queuing DM | {"userId":"concurrent_starter_49","planType":"starter","remaining":{"hourly":0,"monthly":49800}}
Γä╣∩╕Å [INFO] Rate limit hit, queuing DM | {"userId":"concurrent_starter_49","planType":"starter","remaining":{"hourly":0,"monthly":49800}}
Γä╣∩╕Å [INFO] Rate limit hit, queuing DM | {"userId":"concurrent_starter_49","planType":"starter","remaining":{"hourly":0,"monthly":49800}}
Γä╣∩╕Å [INFO] Rate limit hit, queuing DM | {"userId":"concurrent_starter_49","planType":"starter","remaining":{"hourly":0,"monthly":49800}}
Γä╣∩╕Å [INFO] Rate limit hit, queuing DM | {"userId":"concurrent_starter_49","planType":"starter","remaining":{"hourly":0,"monthly":49800}}
Γä╣∩╕Å [INFO] Rate limit hit, queuing DM | {"userId":"concurrent_starter_49","planType":"starter","remaining":{"hourly":0,"monthly":49800}}
Γä╣∩╕Å [INFO] Rate limit hit, queuing DM | {"userId":"concurrent_starter_49","planType":"starter","remaining":{"hourly":0,"monthly":49800}}
Γä╣∩╕Å [INFO] Rate limit hit, queuing DM | {"userId":"concurrent_starter_49","planType":"starter","remaining":{"hourly":0,"monthly":49800}}
Γä╣∩╕Å [INFO] Rate limit hit, queuing DM | {"userId":"concurrent_starter_49","planType":"starter","remaining":{"hourly":0,"monthly":49800}}
Γä╣∩╕Å [INFO] Rate limit hit, queuing DM | {"userId":"concurrent_starter_49","planType":"starter","remaining":{"hourly":0,"monthly":49800}}
Γä╣∩╕Å [INFO] Rate limit hit, queuing DM | {"userId":"concurrent_starter_49","planType":"starter","remaining":{"hourly":0,"monthly":49800}}
Γä╣∩╕Å [INFO] Rate limit hit, queuing DM | {"userId":"concurrent_starter_49","planType":"starter","remaining":{"hourly":0,"monthly":49800}}
Γä╣∩╕Å [INFO] Rate limit hit, queuing DM | {"userId":"concurrent_starter_49","planType":"starter","remaining":{"hourly":0,"monthly":49800}}

[90mstdout[2m | tests/lib/capacity-simulation.test.ts[2m > [22m[2m≡ƒÜÇ Capacity Simulation: Full System Load Test[2m > [22m[2m≡ƒæÑ Multi-User Concurrency[2m > [22m[2m50 concurrent Starter users ├ù 30 comments = 1,500 DMs
[22m[39mΓä╣∩╕Å [INFO] Rate limit hit, queuing DM | {"userId":"concurrent_starter_49","planType":"starter","remaining":{"hourly":0,"monthly":49800}}

[90mstdout[2m | tests/lib/capacity-simulation.test.ts[2m > [22m[2m≡ƒÜÇ Capacity Simulation: Full System Load Test[2m > [22m[2m≡ƒæÑ Multi-User Concurrency[2m > [22m[2m50 concurrent Starter users ├ù 30 comments = 1,500 DMs
[22m[39mΓä╣∩╕Å [INFO] Rate limit hit, queuing DM | {"userId":"concurrent_starter_49","planType":"starter","remaining":{"hourly":0,"monthly":49800}}
Γä╣∩╕Å [INFO] Rate limit hit, queuing DM | {"userId":"concurrent_starter_49","planType":"starter","remaining":{"hourly":0,"monthly":49800}}
Γä╣∩╕Å [INFO] Rate limit hit, queuing DM | {"userId":"concurrent_starter_49","planType":"starter","remaining":{"hourly":0,"monthly":49800}}
Γä╣∩╕Å [INFO] Rate limit hit, queuing DM | {"userId":"concurrent_starter_49","planType":"starter","remaining":{"hourly":0,"monthly":49800}}
Γä╣∩╕Å [INFO] Rate limit hit, queuing DM | {"userId":"concurrent_starter_49","planType":"starter","remaining":{"hourly":0,"monthly":49800}}
Γä╣∩╕Å [INFO] Rate limit hit, queuing DM | {"userId":"concurrent_starter_49","planType":"starter","remaining":{"hourly":0,"monthly":49800}}
Γä╣∩╕Å [INFO] Rate limit hit, queuing DM | {"userId":"concurrent_starter_49","planType":"starter","remaining":{"hourly":0,"monthly":49800}}
Γä╣∩╕Å [INFO] Rate limit hit, queuing DM | {"userId":"concurrent_starter_49","planType":"starter","remaining":{"hourly":0,"monthly":49800}}
Γä╣∩╕Å [INFO] Rate limit hit, queuing DM | {"userId":"concurrent_starter_49","planType":"starter","remaining":{"hourly":0,"monthly":49800}}
Γä╣∩╕Å [INFO] Rate limit hit, queuing DM | {"userId":"concurrent_starter_49","planType":"starter","remaining":{"hourly":0,"monthly":49800}}
Γä╣∩╕Å [INFO] Rate limit hit, queuing DM | {"userId":"concurrent_starter_49","planType":"starter","remaining":{"hourly":0,"monthly":49800}}
Γä╣∩╕Å [INFO] Rate limit hit, queuing DM | {"userId":"concurrent_starter_49","planType":"starter","remaining":{"hourly":0,"monthly":49800}}
Γä╣∩╕Å [INFO] Rate limit hit, queuing DM | {"userId":"concurrent_starter_49","planType":"starter","remaining":{"hourly":0,"monthly":49800}}
Γä╣∩╕Å [INFO] Rate limit hit, queuing DM | {"userId":"concurrent_starter_49","planType":"starter","remaining":{"hourly":0,"monthly":49800}}
Γä╣∩╕Å [INFO] Rate limit hit, queuing DM | {"userId":"concurrent_starter_49","planType":"starter","remaining":{"hourly":0,"monthly":49800}}
Γä╣∩╕Å [INFO] Rate limit hit, queuing DM | {"userId":"concurrent_starter_49","planType":"starter","remaining":{"hourly":0,"monthly":49800}}
Γä╣∩╕Å [INFO] Rate limit hit, queuing DM | {"userId":"concurrent_starter_49","planType":"starter","remaining":{"hourly":0,"monthly":49800}}
Γä╣∩╕Å [INFO] Rate limit hit, queuing DM | {"userId":"concurrent_starter_49","planType":"starter","remaining":{"hourly":0,"monthly":49800}}
Γä╣∩╕Å [INFO] Rate limit hit, queuing DM | {"userId":"concurrent_starter_49","planType":"starter","remaining":{"hourly":0,"monthly":49800}}
Γä╣∩╕Å [INFO] Rate limit hit, queuing DM | {"userId":"concurrent_starter_49","planType":"starter","remaining":{"hourly":0,"monthly":49800}}
Γä╣∩╕Å [INFO] Rate limit hit, queuing DM | {"userId":"concurrent_starter_49","planType":"starter","remaining":{"hourly":0,"monthly":49800}}
Γä╣∩╕Å [INFO] Rate limit hit, queuing DM | {"userId":"concurrent_starter_49","planType":"starter","remaining":{"hourly":0,"monthly":49800}}
Γä╣∩╕Å [INFO] Rate limit hit, queuing DM | {"userId":"concurrent_starter_49","planType":"starter","remaining":{"hourly":0,"monthly":49800}}
Γä╣∩╕Å [INFO] Rate limit hit, queuing DM | {"userId":"concurrent_starter_49","planType":"starter","remaining":{"hourly":0,"monthly":49800}}
Γä╣∩╕Å [INFO] Rate limit hit, queuing DM | {"userId":"concurrent_starter_49","planType":"starter","remaining":{"hourly":0,"monthly":49800}}
Γä╣∩╕Å [INFO] Rate limit hit, queuing DM | {"userId":"concurrent_starter_49","planType":"starter","remaining":{"hourly":0,"monthly":49800}}
Γä╣∩╕Å [INFO] Rate limit hit, queuing DM | {"userId":"concurrent_starter_49","planType":"starter","remaining":{"hourly":0,"monthly":49800}}
Γä╣∩╕Å [INFO] Rate limit hit, queuing DM | {"userId":"concurrent_starter_49","planType":"starter","remaining":{"hourly":0,"monthly":49800}}
Γä╣∩╕Å [INFO] Rate limit hit, queuing DM | {"userId":"concurrent_starter_49","planType":"starter","remaining":{"hourly":0,"monthly":49800}}
Γä╣∩╕Å [INFO] Rate limit hit, queuing DM | {"userId":"concurrent_starter_49","planType":"starter","remaining":{"hourly":0,"monthly":49800}}
Γä╣∩╕Å [INFO] Rate limit hit, queuing DM | {"userId":"concurrent_starter_49","planType":"starter","remaining":{"hourly":0,"monthly":49800}}
Γä╣∩╕Å [INFO] Rate limit hit, queuing DM | {"userId":"concurrent_starter_49","planType":"starter","remaining":{"hourly":0,"monthly":49800}}
Γä╣∩╕Å [INFO] Rate limit hit, queuing DM | {"userId":"concurrent_starter_49","planType":"starter","remaining":{"hourly":0,"monthly":49800}}
Γä╣∩╕Å [INFO] Rate limit hit, queuing DM | {"userId":"concurrent_starter_49","planType":"starter","remaining":{"hourly":0,"monthly":49800}}
Γä╣∩╕Å [INFO] Rate limit hit, queuing DM | {"userId":"concurrent_starter_49","planType":"starter","remaining":{"hourly":0,"monthly":49800}}
Γä╣∩╕Å [INFO] Rate limit hit, queuing DM | {"userId":"concurrent_starter_49","planType":"starter","remaining":{"hourly":0,"monthly":49800}}
Γä╣∩╕Å [INFO] Rate limit hit, queuing DM | {"userId":"concurrent_starter_49","planType":"starter","remaining":{"hourly":0,"monthly":49800}}
Γä╣∩╕Å [INFO] Rate limit hit, queuing DM | {"userId":"concurrent_starter_49","planType":"starter","remaining":{"hourly":0,"monthly":49800}}
Γä╣∩╕Å [INFO] Rate limit hit, queuing DM | {"userId":"concurrent_starter_49","planType":"starter","remaining":{"hourly":0,"monthly":49800}}
Γä╣∩╕Å [INFO] Rate limit hit, queuing DM | {"userId":"concurrent_starter_49","planType":"starter","remaining":{"hourly":0,"monthly":49800}}
Γä╣∩╕Å [INFO] Rate limit hit, queuing DM | {"userId":"concurrent_starter_49","planType":"starter","remaining":{"hourly":0,"monthly":49800}}
Γä╣∩╕Å [INFO] Rate limit hit, queuing DM | {"userId":"concurrent_starter_49","planType":"starter","remaining":{"hourly":0,"monthly":49800}}
Γä╣∩╕Å [INFO] Rate limit hit, queuing DM | {"userId":"concurrent_starter_49","planType":"starter","remaining":{"hourly":0,"monthly":49800}}
Γä╣∩╕Å [INFO] Rate limit hit, queuing DM | {"userId":"concurrent_starter_49","planType":"starter","remaining":{"hourly":0,"monthly":49800}}
Γä╣∩╕Å [INFO] Rate limit hit, queuing DM | {"userId":"concurrent_starter_49","planType":"starter","remaining":{"hourly":0,"monthly":49800}}
Γä╣∩╕Å [INFO] Rate limit hit, queuing DM | {"userId":"concurrent_starter_49","planType":"starter","remaining":{"hourly":0,"monthly":49800}}
Γä╣∩╕Å [INFO] Rate limit hit, queuing DM | {"userId":"concurrent_starter_49","planType":"starter","remaining":{"hourly":0,"monthly":49800}}
Γä╣∩╕Å [INFO] Rate limit hit, queuing DM | {"userId":"concurrent_starter_49","planType":"starter","remaining":{"hourly":0,"monthly":49800}}
Γä╣∩╕Å [INFO] Rate limit hit, queuing DM | {"userId":"concurrent_starter_49","planType":"starter","remaining":{"hourly":0,"monthly":49800}}

[90mstdout[2m | tests/lib/capacity-simulation.test.ts[2m > [22m[2m≡ƒÜÇ Capacity Simulation: Full System Load Test[2m > [22m[2m≡ƒæÑ Multi-User Concurrency[2m > [22m[2m50 concurrent Starter users ├ù 30 comments = 1,500 DMs
[22m[39mΓä╣∩╕Å [INFO] Rate limit hit, queuing DM | {"userId":"concurrent_starter_49","planType":"starter","remaining":{"hourly":0,"monthly":49800}}

[90mstdout[2m | tests/lib/capacity-simulation.test.ts[2m > [22m[2m≡ƒÜÇ Capacity Simulation: Full System Load Test[2m > [22m[2m≡ƒæÑ Multi-User Concurrency[2m > [22m[2m50 concurrent Starter users ├ù 30 comments = 1,500 DMs
[22m[39mΓä╣∩╕Å [INFO] Rate limit hit, queuing DM | {"userId":"concurrent_starter_49","planType":"starter","remaining":{"hourly":0,"monthly":49800}}
Γä╣∩╕Å [INFO] Rate limit hit, queuing DM | {"userId":"concurrent_starter_49","planType":"starter","remaining":{"hourly":0,"monthly":49800}}
Γä╣∩╕Å [INFO] Rate limit hit, queuing DM | {"userId":"concurrent_starter_49","planType":"starter","remaining":{"hourly":0,"monthly":49800}}
Γä╣∩╕Å [INFO] Rate limit hit, queuing DM | {"userId":"concurrent_starter_49","planType":"starter","remaining":{"hourly":0,"monthly":49800}}
Γä╣∩╕Å [INFO] Rate limit hit, queuing DM | {"userId":"concurrent_starter_49","planType":"starter","remaining":{"hourly":0,"monthly":49800}}
Γä╣∩╕Å [INFO] Rate limit hit, queuing DM | {"userId":"concurrent_starter_49","planType":"starter","remaining":{"hourly":0,"monthly":49800}}
Γä╣∩╕Å [INFO] Rate limit hit, queuing DM | {"userId":"concurrent_starter_49","planType":"starter","remaining":{"hourly":0,"monthly":49800}}
Γä╣∩╕Å [INFO] Rate limit hit, queuing DM | {"userId":"concurrent_starter_49","planType":"starter","remaining":{"hourly":0,"monthly":49800}}
Γä╣∩╕Å [INFO] Rate limit hit, queuing DM | {"userId":"concurrent_starter_49","planType":"starter","remaining":{"hourly":0,"monthly":49800}}
Γä╣∩╕Å [INFO] Rate limit hit, queuing DM | {"userId":"concurrent_starter_49","planType":"starter","remaining":{"hourly":0,"monthly":49800}}
Γä╣∩╕Å [INFO] Rate limit hit, queuing DM | {"userId":"concurrent_starter_49","planType":"starter","remaining":{"hourly":0,"monthly":49800}}
Γä╣∩╕Å [INFO] Rate limit hit, queuing DM | {"userId":"concurrent_starter_49","planType":"starter","remaining":{"hourly":0,"monthly":49800}}
Γä╣∩╕Å [INFO] Rate limit hit, queuing DM | {"userId":"concurrent_starter_49","planType":"starter","remaining":{"hourly":0,"monthly":49800}}
Γä╣∩╕Å [INFO] Rate limit hit, queuing DM | {"userId":"concurrent_starter_49","planType":"starter","remaining":{"hourly":0,"monthly":49800}}
Γä╣∩╕Å [INFO] Rate limit hit, queuing DM | {"userId":"concurrent_starter_49","planType":"starter","remaining":{"hourly":0,"monthly":49800}}
Γä╣∩╕Å [INFO] Rate limit hit, queuing DM | {"userId":"concurrent_starter_49","planType":"starter","remaining":{"hourly":0,"monthly":49800}}
Γä╣∩╕Å [INFO] Rate limit hit, queuing DM | {"userId":"concurrent_starter_49","planType":"starter","remaining":{"hourly":0,"monthly":49800}}
Γä╣∩╕Å [INFO] Rate limit hit, queuing DM | {"userId":"concurrent_starter_49","planType":"starter","remaining":{"hourly":0,"monthly":49800}}
Γä╣∩╕Å [INFO] Rate limit hit, queuing DM | {"userId":"concurrent_starter_49","planType":"starter","remaining":{"hourly":0,"monthly":49800}}
Γä╣∩╕Å [INFO] Rate limit hit, queuing DM | {"userId":"concurrent_starter_49","planType":"starter","remaining":{"hourly":0,"monthly":49800}}
Γä╣∩╕Å [INFO] Rate limit hit, queuing DM | {"userId":"concurrent_starter_49","planType":"starter","remaining":{"hourly":0,"monthly":49800}}
Γä╣∩╕Å [INFO] Rate limit hit, queuing DM | {"userId":"concurrent_starter_49","planType":"starter","remaining":{"hourly":0,"monthly":49800}}
Γä╣∩╕Å [INFO] Rate limit hit, queuing DM | {"userId":"concurrent_starter_49","planType":"starter","remaining":{"hourly":0,"monthly":49800}}
Γä╣∩╕Å [INFO] Rate limit hit, queuing DM | {"userId":"concurrent_starter_49","planType":"starter","remaining":{"hourly":0,"monthly":49800}}
Γä╣∩╕Å [INFO] Rate limit hit, queuing DM | {"userId":"concurrent_starter_49","planType":"starter","remaining":{"hourly":0,"monthly":49800}}
Γä╣∩╕Å [INFO] Rate limit hit, queuing DM | {"userId":"concurrent_starter_49","planType":"starter","remaining":{"hourly":0,"monthly":49800}}
Γä╣∩╕Å [INFO] Rate limit hit, queuing DM | {"userId":"concurrent_starter_49","planType":"starter","remaining":{"hourly":0,"monthly":49800}}
Γä╣∩╕Å [INFO] Rate limit hit, queuing DM | {"userId":"concurrent_starter_49","planType":"starter","remaining":{"hourly":0,"monthly":49800}}
Γä╣∩╕Å [INFO] Rate limit hit, queuing DM | {"userId":"concurrent_starter_49","planType":"starter","remaining":{"hourly":0,"monthly":49800}}
Γä╣∩╕Å [INFO] Rate limit hit, queuing DM | {"userId":"concurrent_starter_49","planType":"starter","remaining":{"hourly":0,"monthly":49800}}
Γä╣∩╕Å [INFO] Rate limit hit, queuing DM | {"userId":"concurrent_starter_49","planType":"starter","remaining":{"hourly":0,"monthly":49800}}
Γä╣∩╕Å [INFO] Rate limit hit, queuing DM | {"userId":"concurrent_starter_49","planType":"starter","remaining":{"hourly":0,"monthly":49800}}
Γä╣∩╕Å [INFO] Rate limit hit, queuing DM | {"userId":"concurrent_starter_49","planType":"starter","remaining":{"hourly":0,"monthly":49800}}
Γä╣∩╕Å [INFO] Rate limit hit, queuing DM | {"userId":"concurrent_starter_49","planType":"starter","remaining":{"hourly":0,"monthly":49800}}
Γä╣∩╕Å [INFO] Rate limit hit, queuing DM | {"userId":"concurrent_starter_49","planType":"starter","remaining":{"hourly":0,"monthly":49800}}
Γä╣∩╕Å [INFO] Rate limit hit, queuing DM | {"userId":"concurrent_starter_49","planType":"starter","remaining":{"hourly":0,"monthly":49800}}
Γä╣∩╕Å [INFO] Rate limit hit, queuing DM | {"userId":"concurrent_starter_49","planType":"starter","remaining":{"hourly":0,"monthly":49800}}
Γä╣∩╕Å [INFO] Rate limit hit, queuing DM | {"userId":"concurrent_starter_49","planType":"starter","remaining":{"hourly":0,"monthly":49800}}
Γä╣∩╕Å [INFO] Rate limit hit, queuing DM | {"userId":"concurrent_starter_49","planType":"starter","remaining":{"hourly":0,"monthly":49800}}
Γä╣∩╕Å [INFO] Rate limit hit, queuing DM | {"userId":"concurrent_starter_49","planType":"starter","remaining":{"hourly":0,"monthly":49800}}
Γä╣∩╕Å [INFO] Rate limit hit, queuing DM | {"userId":"concurrent_starter_49","planType":"starter","remaining":{"hourly":0,"monthly":49800}}
Γä╣∩╕Å [INFO] Rate limit hit, queuing DM | {"userId":"concurrent_starter_49","planType":"starter","remaining":{"hourly":0,"monthly":49800}}
Γä╣∩╕Å [INFO] Rate limit hit, queuing DM | {"userId":"concurrent_starter_49","planType":"starter","remaining":{"hourly":0,"monthly":49800}}
Γä╣∩╕Å [INFO] Rate limit hit, queuing DM | {"userId":"concurrent_starter_49","planType":"starter","remaining":{"hourly":0,"monthly":49800}}
Γä╣∩╕Å [INFO] Rate limit hit, queuing DM | {"userId":"concurrent_starter_49","planType":"starter","remaining":{"hourly":0,"monthly":49800}}
Γä╣∩╕Å [INFO] Rate limit hit, queuing DM | {"userId":"concurrent_starter_49","planType":"starter","remaining":{"hourly":0,"monthly":49800}}
Γä╣∩╕Å [INFO] Rate limit hit, queuing DM | {"userId":"concurrent_starter_49","planType":"starter","remaining":{"hourly":0,"monthly":49800}}
Γä╣∩╕Å [INFO] Rate limit hit, queuing DM | {"userId":"concurrent_starter_49","planType":"starter","remaining":{"hourly":0,"monthly":49800}}
Γä╣∩╕Å [INFO] Rate limit hit, queuing DM | {"userId":"concurrent_starter_49","planType":"starter","remaining":{"hourly":0,"monthly":49800}}

[90mstdout[2m | tests/lib/capacity-simulation.test.ts[2m > [22m[2m≡ƒÜÇ Capacity Simulation: Full System Load Test[2m > [22m[2m≡ƒæÑ Multi-User Concurrency[2m > [22m[2m50 concurrent Starter users ├ù 30 comments = 1,500 DMs
[22m[39mΓä╣∩╕Å [INFO] Rate limit hit, queuing DM | {"userId":"concurrent_starter_49","planType":"starter","remaining":{"hourly":0,"monthly":49800}}

[90mstdout[2m | tests/lib/capacity-simulation.test.ts[2m > [22m[2m≡ƒÜÇ Capacity Simulation: Full System Load Test[2m > [22m[2m≡ƒæÑ Multi-User Concurrency[2m > [22m[2m50 concurrent Starter users ├ù 30 comments = 1,500 DMs
[22m[39mΓä╣∩╕Å [INFO] Rate limit hit, queuing DM | {"userId":"concurrent_starter_49","planType":"starter","remaining":{"hourly":0,"monthly":49800}}
Γä╣∩╕Å [INFO] Rate limit hit, queuing DM | {"userId":"concurrent_starter_49","planType":"starter","remaining":{"hourly":0,"monthly":49800}}
Γä╣∩╕Å [INFO] Rate limit hit, queuing DM | {"userId":"concurrent_starter_49","planType":"starter","remaining":{"hourly":0,"monthly":49800}}
Γä╣∩╕Å [INFO] Rate limit hit, queuing DM | {"userId":"concurrent_starter_49","planType":"starter","remaining":{"hourly":0,"monthly":49800}}
Γä╣∩╕Å [INFO] Rate limit hit, queuing DM | {"userId":"concurrent_starter_49","planType":"starter","remaining":{"hourly":0,"monthly":49800}}
Γä╣∩╕Å [INFO] Rate limit hit, queuing DM | {"userId":"concurrent_starter_49","planType":"starter","remaining":{"hourly":0,"monthly":49800}}
Γä╣∩╕Å [INFO] Rate limit hit, queuing DM | {"userId":"concurrent_starter_49","planType":"starter","remaining":{"hourly":0,"monthly":49800}}
Γä╣∩╕Å [INFO] Rate limit hit, queuing DM | {"userId":"concurrent_starter_49","planType":"starter","remaining":{"hourly":0,"monthly":49800}}
Γä╣∩╕Å [INFO] Rate limit hit, queuing DM | {"userId":"concurrent_starter_49","planType":"starter","remaining":{"hourly":0,"monthly":49800}}
Γä╣∩╕Å [INFO] Rate limit hit, queuing DM | {"userId":"concurrent_starter_49","planType":"starter","remaining":{"hourly":0,"monthly":49800}}
Γä╣∩╕Å [INFO] Rate limit hit, queuing DM | {"userId":"concurrent_starter_49","planType":"starter","remaining":{"hourly":0,"monthly":49800}}
Γä╣∩╕Å [INFO] Rate limit hit, queuing DM | {"userId":"concurrent_starter_49","planType":"starter","remaining":{"hourly":0,"monthly":49800}}
Γä╣∩╕Å [INFO] Rate limit hit, queuing DM | {"userId":"concurrent_starter_49","planType":"starter","remaining":{"hourly":0,"monthly":49800}}
Γä╣∩╕Å [INFO] Rate limit hit, queuing DM | {"userId":"concurrent_starter_49","planType":"starter","remaining":{"hourly":0,"monthly":49800}}
Γä╣∩╕Å [INFO] Rate limit hit, queuing DM | {"userId":"concurrent_starter_49","planType":"starter","remaining":{"hourly":0,"monthly":49800}}
Γä╣∩╕Å [INFO] Rate limit hit, queuing DM | {"userId":"concurrent_starter_49","planType":"starter","remaining":{"hourly":0,"monthly":49800}}
Γä╣∩╕Å [INFO] Rate limit hit, queuing DM | {"userId":"concurrent_starter_49","planType":"starter","remaining":{"hourly":0,"monthly":49800}}
Γä╣∩╕Å [INFO] Rate limit hit, queuing DM | {"userId":"concurrent_starter_49","planType":"starter","remaining":{"hourly":0,"monthly":49800}}
Γä╣∩╕Å [INFO] Rate limit hit, queuing DM | {"userId":"concurrent_starter_49","planType":"starter","remaining":{"hourly":0,"monthly":49800}}
Γä╣∩╕Å [INFO] Rate limit hit, queuing DM | {"userId":"concurrent_starter_49","planType":"starter","remaining":{"hourly":0,"monthly":49800}}
Γä╣∩╕Å [INFO] Rate limit hit, queuing DM | {"userId":"concurrent_starter_49","planType":"starter","remaining":{"hourly":0,"monthly":49800}}
Γä╣∩╕Å [INFO] Rate limit hit, queuing DM | {"userId":"concurrent_starter_49","planType":"starter","remaining":{"hourly":0,"monthly":49800}}
Γä╣∩╕Å [INFO] Rate limit hit, queuing DM | {"userId":"concurrent_starter_49","planType":"starter","remaining":{"hourly":0,"monthly":49800}}
Γä╣∩╕Å [INFO] Rate limit hit, queuing DM | {"userId":"concurrent_starter_49","planType":"starter","remaining":{"hourly":0,"monthly":49800}}
Γä╣∩╕Å [INFO] Rate limit hit, queuing DM | {"userId":"concurrent_starter_49","planType":"starter","remaining":{"hourly":0,"monthly":49800}}
Γä╣∩╕Å [INFO] Rate limit hit, queuing DM | {"userId":"concurrent_starter_49","planType":"starter","remaining":{"hourly":0,"monthly":49800}}
Γä╣∩╕Å [INFO] Rate limit hit, queuing DM | {"userId":"concurrent_starter_49","planType":"starter","remaining":{"hourly":0,"monthly":49800}}
Γä╣∩╕Å [INFO] Rate limit hit, queuing DM | {"userId":"concurrent_starter_49","planType":"starter","remaining":{"hourly":0,"monthly":49800}}
Γä╣∩╕Å [INFO] Rate limit hit, queuing DM | {"userId":"concurrent_starter_49","planType":"starter","remaining":{"hourly":0,"monthly":49800}}
Γä╣∩╕Å [INFO] Rate limit hit, queuing DM | {"userId":"concurrent_starter_49","planType":"starter","remaining":{"hourly":0,"monthly":49800}}
Γä╣∩╕Å [INFO] Rate limit hit, queuing DM | {"userId":"concurrent_starter_49","planType":"starter","remaining":{"hourly":0,"monthly":49800}}
Γä╣∩╕Å [INFO] Rate limit hit, queuing DM | {"userId":"concurrent_starter_49","planType":"starter","remaining":{"hourly":0,"monthly":49800}}
Γä╣∩╕Å [INFO] Rate limit hit, queuing DM | {"userId":"concurrent_starter_49","planType":"starter","remaining":{"hourly":0,"monthly":49800}}
Γä╣∩╕Å [INFO] Rate limit hit, queuing DM | {"userId":"concurrent_starter_49","planType":"starter","remaining":{"hourly":0,"monthly":49800}}
Γä╣∩╕Å [INFO] Rate limit hit, queuing DM | {"userId":"concurrent_starter_49","planType":"starter","remaining":{"hourly":0,"monthly":49800}}
Γä╣∩╕Å [INFO] Rate limit hit, queuing DM | {"userId":"concurrent_starter_49","planType":"starter","remaining":{"hourly":0,"monthly":49800}}
Γä╣∩╕Å [INFO] Rate limit hit, queuing DM | {"userId":"concurrent_starter_49","planType":"starter","remaining":{"hourly":0,"monthly":49800}}
Γä╣∩╕Å [INFO] Rate limit hit, queuing DM | {"userId":"concurrent_starter_49","planType":"starter","remaining":{"hourly":0,"monthly":49800}}
Γä╣∩╕Å [INFO] Rate limit hit, queuing DM | {"userId":"concurrent_starter_49","planType":"starter","remaining":{"hourly":0,"monthly":49800}}
Γä╣∩╕Å [INFO] Rate limit hit, queuing DM | {"userId":"concurrent_starter_49","planType":"starter","remaining":{"hourly":0,"monthly":49800}}
Γä╣∩╕Å [INFO] Rate limit hit, queuing DM | {"userId":"concurrent_starter_49","planType":"starter","remaining":{"hourly":0,"monthly":49800}}
Γä╣∩╕Å [INFO] Rate limit hit, queuing DM | {"userId":"concurrent_starter_49","planType":"starter","remaining":{"hourly":0,"monthly":49800}}
Γä╣∩╕Å [INFO] Rate limit hit, queuing DM | {"userId":"concurrent_starter_49","planType":"starter","remaining":{"hourly":0,"monthly":49800}}
Γä╣∩╕Å [INFO] Rate limit hit, queuing DM | {"userId":"concurrent_starter_49","planType":"starter","remaining":{"hourly":0,"monthly":49800}}
Γä╣∩╕Å [INFO] Rate limit hit, queuing DM | {"userId":"concurrent_starter_49","planType":"starter","remaining":{"hourly":0,"monthly":49800}}
Γä╣∩╕Å [INFO] Rate limit hit, queuing DM | {"userId":"concurrent_starter_49","planType":"starter","remaining":{"hourly":0,"monthly":49800}}
Γä╣∩╕Å [INFO] Rate limit hit, queuing DM | {"userId":"concurrent_starter_49","planType":"starter","remaining":{"hourly":0,"monthly":49800}}
Γä╣∩╕Å [INFO] Rate limit hit, queuing DM | {"userId":"concurrent_starter_49","planType":"starter","remaining":{"hourly":0,"monthly":49800}}
Γä╣∩╕Å [INFO] Rate limit hit, queuing DM | {"userId":"concurrent_starter_49","planType":"starter","remaining":{"hourly":0,"monthly":49800}}

[90mstdout[2m | tests/lib/capacity-simulation.test.ts[2m > [22m[2m≡ƒÜÇ Capacity Simulation: Full System Load Test[2m > [22m[2m≡ƒæÑ Multi-User Concurrency[2m > [22m[2m50 concurrent Starter users ├ù 30 comments = 1,500 DMs
[22m[39mΓä╣∩╕Å [INFO] Rate limit hit, queuing DM | {"userId":"concurrent_starter_49","planType":"starter","remaining":{"hourly":0,"monthly":49800}}

[90mstdout[2m | tests/lib/capacity-simulation.test.ts[2m > [22m[2m≡ƒÜÇ Capacity Simulation: Full System Load Test[2m > [22m[2m≡ƒæÑ Multi-User Concurrency[2m > [22m[2m50 concurrent Starter users ├ù 30 comments = 1,500 DMs
[22m[39mΓä╣∩╕Å [INFO] Rate limit hit, queuing DM | {"userId":"concurrent_starter_49","planType":"starter","remaining":{"hourly":0,"monthly":49800}}
Γä╣∩╕Å [INFO] Rate limit hit, queuing DM | {"userId":"concurrent_starter_49","planType":"starter","remaining":{"hourly":0,"monthly":49800}}
Γä╣∩╕Å [INFO] Rate limit hit, queuing DM | {"userId":"concurrent_starter_49","planType":"starter","remaining":{"hourly":0,"monthly":49800}}
Γä╣∩╕Å [INFO] Rate limit hit, queuing DM | {"userId":"concurrent_starter_49","planType":"starter","remaining":{"hourly":0,"monthly":49800}}
Γä╣∩╕Å [INFO] Rate limit hit, queuing DM | {"userId":"concurrent_starter_49","planType":"starter","remaining":{"hourly":0,"monthly":49800}}
Γä╣∩╕Å [INFO] Rate limit hit, queuing DM | {"userId":"concurrent_starter_49","planType":"starter","remaining":{"hourly":0,"monthly":49800}}
Γä╣∩╕Å [INFO] Rate limit hit, queuing DM | {"userId":"concurrent_starter_49","planType":"starter","remaining":{"hourly":0,"monthly":49800}}
Γä╣∩╕Å [INFO] Rate limit hit, queuing DM | {"userId":"concurrent_starter_49","planType":"starter","remaining":{"hourly":0,"monthly":49800}}
Γä╣∩╕Å [INFO] Rate limit hit, queuing DM | {"userId":"concurrent_starter_49","planType":"starter","remaining":{"hourly":0,"monthly":49800}}
Γä╣∩╕Å [INFO] Rate limit hit, queuing DM | {"userId":"concurrent_starter_49","planType":"starter","remaining":{"hourly":0,"monthly":49800}}
Γä╣∩╕Å [INFO] Rate limit hit, queuing DM | {"userId":"concurrent_starter_49","planType":"starter","remaining":{"hourly":0,"monthly":49800}}
Γä╣∩╕Å [INFO] Rate limit hit, queuing DM | {"userId":"concurrent_starter_49","planType":"starter","remaining":{"hourly":0,"monthly":49800}}
Γä╣∩╕Å [INFO] Rate limit hit, queuing DM | {"userId":"concurrent_starter_49","planType":"starter","remaining":{"hourly":0,"monthly":49800}}
Γä╣∩╕Å [INFO] Rate limit hit, queuing DM | {"userId":"concurrent_starter_49","planType":"starter","remaining":{"hourly":0,"monthly":49800}}
Γä╣∩╕Å [INFO] Rate limit hit, queuing DM | {"userId":"concurrent_starter_49","planType":"starter","remaining":{"hourly":0,"monthly":49800}}
Γä╣∩╕Å [INFO] Rate limit hit, queuing DM | {"userId":"concurrent_starter_49","planType":"starter","remaining":{"hourly":0,"monthly":49800}}
Γä╣∩╕Å [INFO] Rate limit hit, queuing DM | {"userId":"concurrent_starter_49","planType":"starter","remaining":{"hourly":0,"monthly":49800}}
Γä╣∩╕Å [INFO] Rate limit hit, queuing DM | {"userId":"concurrent_starter_49","planType":"starter","remaining":{"hourly":0,"monthly":49800}}
Γä╣∩╕Å [INFO] Rate limit hit, queuing DM | {"userId":"concurrent_starter_49","planType":"starter","remaining":{"hourly":0,"monthly":49800}}
Γä╣∩╕Å [INFO] Rate limit hit, queuing DM | {"userId":"concurrent_starter_49","planType":"starter","remaining":{"hourly":0,"monthly":49800}}
Γä╣∩╕Å [INFO] Rate limit hit, queuing DM | {"userId":"concurrent_starter_49","planType":"starter","remaining":{"hourly":0,"monthly":49800}}
Γä╣∩╕Å [INFO] Rate limit hit, queuing DM | {"userId":"concurrent_starter_49","planType":"starter","remaining":{"hourly":0,"monthly":49800}}
Γä╣∩╕Å [INFO] Rate limit hit, queuing DM | {"userId":"concurrent_starter_49","planType":"starter","remaining":{"hourly":0,"monthly":49800}}
Γä╣∩╕Å [INFO] Rate limit hit, queuing DM | {"userId":"concurrent_starter_49","planType":"starter","remaining":{"hourly":0,"monthly":49800}}
Γä╣∩╕Å [INFO] Rate limit hit, queuing DM | {"userId":"concurrent_starter_49","planType":"starter","remaining":{"hourly":0,"monthly":49800}}
Γä╣∩╕Å [INFO] Rate limit hit, queuing DM | {"userId":"concurrent_starter_49","planType":"starter","remaining":{"hourly":0,"monthly":49800}}
Γä╣∩╕Å [INFO] Rate limit hit, queuing DM | {"userId":"concurrent_starter_49","planType":"starter","remaining":{"hourly":0,"monthly":49800}}
Γä╣∩╕Å [INFO] Rate limit hit, queuing DM | {"userId":"concurrent_starter_49","planType":"starter","remaining":{"hourly":0,"monthly":49800}}
Γä╣∩╕Å [INFO] Rate limit hit, queuing DM | {"userId":"concurrent_starter_49","planType":"starter","remaining":{"hourly":0,"monthly":49800}}
Γä╣∩╕Å [INFO] Rate limit hit, queuing DM | {"userId":"concurrent_starter_49","planType":"starter","remaining":{"hourly":0,"monthly":49800}}
Γä╣∩╕Å [INFO] Rate limit hit, queuing DM | {"userId":"concurrent_starter_49","planType":"starter","remaining":{"hourly":0,"monthly":49800}}
Γä╣∩╕Å [INFO] Rate limit hit, queuing DM | {"userId":"concurrent_starter_49","planType":"starter","remaining":{"hourly":0,"monthly":49800}}
Γä╣∩╕Å [INFO] Rate limit hit, queuing DM | {"userId":"concurrent_starter_49","planType":"starter","remaining":{"hourly":0,"monthly":49800}}
Γä╣∩╕Å [INFO] Rate limit hit, queuing DM | {"userId":"concurrent_starter_49","planType":"starter","remaining":{"hourly":0,"monthly":49800}}
Γä╣∩╕Å [INFO] Rate limit hit, queuing DM | {"userId":"concurrent_starter_49","planType":"starter","remaining":{"hourly":0,"monthly":49800}}
Γä╣∩╕Å [INFO] Rate limit hit, queuing DM | {"userId":"concurrent_starter_49","planType":"starter","remaining":{"hourly":0,"monthly":49800}}
Γä╣∩╕Å [INFO] Rate limit hit, queuing DM | {"userId":"concurrent_starter_49","planType":"starter","remaining":{"hourly":0,"monthly":49800}}
Γä╣∩╕Å [INFO] Rate limit hit, queuing DM | {"userId":"concurrent_starter_49","planType":"starter","remaining":{"hourly":0,"monthly":49800}}
Γä╣∩╕Å [INFO] Rate limit hit, queuing DM | {"userId":"concurrent_starter_49","planType":"starter","remaining":{"hourly":0,"monthly":49800}}
Γä╣∩╕Å [INFO] Rate limit hit, queuing DM | {"userId":"concurrent_starter_49","planType":"starter","remaining":{"hourly":0,"monthly":49800}}
Γä╣∩╕Å [INFO] Rate limit hit, queuing DM | {"userId":"concurrent_starter_49","planType":"starter","remaining":{"hourly":0,"monthly":49800}}
Γä╣∩╕Å [INFO] Rate limit hit, queuing DM | {"userId":"concurrent_starter_49","planType":"starter","remaining":{"hourly":0,"monthly":49800}}
Γä╣∩╕Å [INFO] Rate limit hit, queuing DM | {"userId":"concurrent_starter_49","planType":"starter","remaining":{"hourly":0,"monthly":49800}}
Γä╣∩╕Å [INFO] Rate limit hit, queuing DM | {"userId":"concurrent_starter_49","planType":"starter","remaining":{"hourly":0,"monthly":49800}}
Γä╣∩╕Å [INFO] Rate limit hit, queuing DM | {"userId":"concurrent_starter_49","planType":"starter","remaining":{"hourly":0,"monthly":49800}}
Γä╣∩╕Å [INFO] Rate limit hit, queuing DM | {"userId":"concurrent_starter_49","planType":"starter","remaining":{"hourly":0,"monthly":49800}}
Γä╣∩╕Å [INFO] Rate limit hit, queuing DM | {"userId":"concurrent_starter_49","planType":"starter","remaining":{"hourly":0,"monthly":49800}}
Γä╣∩╕Å [INFO] Rate limit hit, queuing DM | {"userId":"concurrent_starter_49","planType":"starter","remaining":{"hourly":0,"monthly":49800}}
Γä╣∩╕Å [INFO] Rate limit hit, queuing DM | {"userId":"concurrent_starter_49","planType":"starter","remaining":{"hourly":0,"monthly":49800}}

[90mstdout[2m | tests/lib/capacity-simulation.test.ts[2m > [22m[2m≡ƒÜÇ Capacity Simulation: Full System Load Test[2m > [22m[2m≡ƒæÑ Multi-User Concurrency[2m > [22m[2m50 concurrent Starter users ├ù 30 comments = 1,500 DMs
[22m[39mΓä╣∩╕Å [INFO] Rate limit hit, queuing DM | {"userId":"concurrent_starter_49","planType":"starter","remaining":{"hourly":0,"monthly":49800}}

[90mstdout[2m | tests/lib/capacity-simulation.test.ts[2m > [22m[2m≡ƒÜÇ Capacity Simulation: Full System Load Test[2m > [22m[2m≡ƒæÑ Multi-User Concurrency[2m > [22m[2m50 concurrent Starter users ├ù 30 comments = 1,500 DMs
[22m[39mΓä╣∩╕Å [INFO] Rate limit hit, queuing DM | {"userId":"concurrent_starter_49","planType":"starter","remaining":{"hourly":0,"monthly":49800}}
Γä╣∩╕Å [INFO] Rate limit hit, queuing DM | {"userId":"concurrent_starter_49","planType":"starter","remaining":{"hourly":0,"monthly":49800}}
Γä╣∩╕Å [INFO] Rate limit hit, queuing DM | {"userId":"concurrent_starter_49","planType":"starter","remaining":{"hourly":0,"monthly":49800}}
Γä╣∩╕Å [INFO] Rate limit hit, queuing DM | {"userId":"concurrent_starter_49","planType":"starter","remaining":{"hourly":0,"monthly":49800}}
Γä╣∩╕Å [INFO] Rate limit hit, queuing DM | {"userId":"concurrent_starter_49","planType":"starter","remaining":{"hourly":0,"monthly":49800}}
Γä╣∩╕Å [INFO] Rate limit hit, queuing DM | {"userId":"concurrent_starter_49","planType":"starter","remaining":{"hourly":0,"monthly":49800}}
Γä╣∩╕Å [INFO] Rate limit hit, queuing DM | {"userId":"concurrent_starter_49","planType":"starter","remaining":{"hourly":0,"monthly":49800}}
Γä╣∩╕Å [INFO] Rate limit hit, queuing DM | {"userId":"concurrent_starter_49","planType":"starter","remaining":{"hourly":0,"monthly":49800}}
Γä╣∩╕Å [INFO] Rate limit hit, queuing DM | {"userId":"concurrent_starter_49","planType":"starter","remaining":{"hourly":0,"monthly":49800}}
Γä╣∩╕Å [INFO] Rate limit hit, queuing DM | {"userId":"concurrent_starter_49","planType":"starter","remaining":{"hourly":0,"monthly":49800}}
Γä╣∩╕Å [INFO] Rate limit hit, queuing DM | {"userId":"concurrent_starter_49","planType":"starter","remaining":{"hourly":0,"monthly":49800}}
Γä╣∩╕Å [INFO] Rate limit hit, queuing DM | {"userId":"concurrent_starter_49","planType":"starter","remaining":{"hourly":0,"monthly":49800}}
Γä╣∩╕Å [INFO] Rate limit hit, queuing DM | {"userId":"concurrent_starter_49","planType":"starter","remaining":{"hourly":0,"monthly":49800}}
Γä╣∩╕Å [INFO] Rate limit hit, queuing DM | {"userId":"concurrent_starter_49","planType":"starter","remaining":{"hourly":0,"monthly":49800}}
Γä╣∩╕Å [INFO] Rate limit hit, queuing DM | {"userId":"concurrent_starter_49","planType":"starter","remaining":{"hourly":0,"monthly":49800}}
Γä╣∩╕Å [INFO] Rate limit hit, queuing DM | {"userId":"concurrent_starter_49","planType":"starter","remaining":{"hourly":0,"monthly":49800}}
Γä╣∩╕Å [INFO] Rate limit hit, queuing DM | {"userId":"concurrent_starter_49","planType":"starter","remaining":{"hourly":0,"monthly":49800}}
Γä╣∩╕Å [INFO] Rate limit hit, queuing DM | {"userId":"concurrent_starter_49","planType":"starter","remaining":{"hourly":0,"monthly":49800}}
Γä╣∩╕Å [INFO] Rate limit hit, queuing DM | {"userId":"concurrent_starter_49","planType":"starter","remaining":{"hourly":0,"monthly":49800}}
Γä╣∩╕Å [INFO] Rate limit hit, queuing DM | {"userId":"concurrent_starter_49","planType":"starter","remaining":{"hourly":0,"monthly":49800}}
Γä╣∩╕Å [INFO] Rate limit hit, queuing DM | {"userId":"concurrent_starter_49","planType":"starter","remaining":{"hourly":0,"monthly":49800}}
Γä╣∩╕Å [INFO] Rate limit hit, queuing DM | {"userId":"concurrent_starter_49","planType":"starter","remaining":{"hourly":0,"monthly":49800}}
Γä╣∩╕Å [INFO] Rate limit hit, queuing DM | {"userId":"concurrent_starter_49","planType":"starter","remaining":{"hourly":0,"monthly":49800}}
Γä╣∩╕Å [INFO] Rate limit hit, queuing DM | {"userId":"concurrent_starter_49","planType":"starter","remaining":{"hourly":0,"monthly":49800}}
Γä╣∩╕Å [INFO] Rate limit hit, queuing DM | {"userId":"concurrent_starter_49","planType":"starter","remaining":{"hourly":0,"monthly":49800}}
Γä╣∩╕Å [INFO] Rate limit hit, queuing DM | {"userId":"concurrent_starter_49","planType":"starter","remaining":{"hourly":0,"monthly":49800}}
Γä╣∩╕Å [INFO] Rate limit hit, queuing DM | {"userId":"concurrent_starter_49","planType":"starter","remaining":{"hourly":0,"monthly":49800}}
Γä╣∩╕Å [INFO] Rate limit hit, queuing DM | {"userId":"concurrent_starter_49","planType":"starter","remaining":{"hourly":0,"monthly":49800}}
Γä╣∩╕Å [INFO] Rate limit hit, queuing DM | {"userId":"concurrent_starter_49","planType":"starter","remaining":{"hourly":0,"monthly":49800}}
Γä╣∩╕Å [INFO] Rate limit hit, queuing DM | {"userId":"concurrent_starter_49","planType":"starter","remaining":{"hourly":0,"monthly":49800}}
Γä╣∩╕Å [INFO] Rate limit hit, queuing DM | {"userId":"concurrent_starter_49","planType":"starter","remaining":{"hourly":0,"monthly":49800}}
Γä╣∩╕Å [INFO] Rate limit hit, queuing DM | {"userId":"concurrent_starter_49","planType":"starter","remaining":{"hourly":0,"monthly":49800}}
Γä╣∩╕Å [INFO] Rate limit hit, queuing DM | {"userId":"concurrent_starter_49","planType":"starter","remaining":{"hourly":0,"monthly":49800}}
Γä╣∩╕Å [INFO] Rate limit hit, queuing DM | {"userId":"concurrent_starter_49","planType":"starter","remaining":{"hourly":0,"monthly":49800}}
Γä╣∩╕Å [INFO] Rate limit hit, queuing DM | {"userId":"concurrent_starter_49","planType":"starter","remaining":{"hourly":0,"monthly":49800}}
Γä╣∩╕Å [INFO] Rate limit hit, queuing DM | {"userId":"concurrent_starter_49","planType":"starter","remaining":{"hourly":0,"monthly":49800}}
Γä╣∩╕Å [INFO] Rate limit hit, queuing DM | {"userId":"concurrent_starter_49","planType":"starter","remaining":{"hourly":0,"monthly":49800}}
Γä╣∩╕Å [INFO] Rate limit hit, queuing DM | {"userId":"concurrent_starter_49","planType":"starter","remaining":{"hourly":0,"monthly":49800}}
Γä╣∩╕Å [INFO] Rate limit hit, queuing DM | {"userId":"concurrent_starter_49","planType":"starter","remaining":{"hourly":0,"monthly":49800}}
Γä╣∩╕Å [INFO] Rate limit hit, queuing DM | {"userId":"concurrent_starter_49","planType":"starter","remaining":{"hourly":0,"monthly":49800}}
Γä╣∩╕Å [INFO] Rate limit hit, queuing DM | {"userId":"concurrent_starter_49","planType":"starter","remaining":{"hourly":0,"monthly":49800}}
Γä╣∩╕Å [INFO] Rate limit hit, queuing DM | {"userId":"concurrent_starter_49","planType":"starter","remaining":{"hourly":0,"monthly":49800}}
Γä╣∩╕Å [INFO] Rate limit hit, queuing DM | {"userId":"concurrent_starter_49","planType":"starter","remaining":{"hourly":0,"monthly":49800}}
Γä╣∩╕Å [INFO] Rate limit hit, queuing DM | {"userId":"concurrent_starter_49","planType":"starter","remaining":{"hourly":0,"monthly":49800}}
Γä╣∩╕Å [INFO] Rate limit hit, queuing DM | {"userId":"concurrent_starter_49","planType":"starter","remaining":{"hourly":0,"monthly":49800}}
Γä╣∩╕Å [INFO] Rate limit hit, queuing DM | {"userId":"concurrent_starter_49","planType":"starter","remaining":{"hourly":0,"monthly":49800}}
Γä╣∩╕Å [INFO] Rate limit hit, queuing DM | {"userId":"concurrent_starter_49","planType":"starter","remaining":{"hourly":0,"monthly":49800}}
Γä╣∩╕Å [INFO] Rate limit hit, queuing DM | {"userId":"concurrent_starter_49","planType":"starter","remaining":{"hourly":0,"monthly":49800}}
Γä╣∩╕Å [INFO] Rate limit hit, queuing DM | {"userId":"concurrent_starter_49","planType":"starter","remaining":{"hourly":0,"monthly":49800}}

[90mstdout[2m | tests/lib/capacity-simulation.test.ts[2m > [22m[2m≡ƒÜÇ Capacity Simulation: Full System Load Test[2m > [22m[2m≡ƒæÑ Multi-User Concurrency[2m > [22m[2m50 concurrent Starter users ├ù 30 comments = 1,500 DMs
[22m[39mΓä╣∩╕Å [INFO] Rate limit hit, queuing DM | {"userId":"concurrent_starter_49","planType":"starter","remaining":{"hourly":0,"monthly":49800}}

[90mstdout[2m | tests/lib/capacity-simulation.test.ts[2m > [22m[2m≡ƒÜÇ Capacity Simulation: Full System Load Test[2m > [22m[2m≡ƒæÑ Multi-User Concurrency[2m > [22m[2m50 concurrent Starter users ├ù 30 comments = 1,500 DMs
[22m[39mΓä╣∩╕Å [INFO] Rate limit hit, queuing DM | {"userId":"concurrent_starter_49","planType":"starter","remaining":{"hourly":0,"monthly":49800}}
Γä╣∩╕Å [INFO] Rate limit hit, queuing DM | {"userId":"concurrent_starter_49","planType":"starter","remaining":{"hourly":0,"monthly":49800}}
Γä╣∩╕Å [INFO] Rate limit hit, queuing DM | {"userId":"concurrent_starter_49","planType":"starter","remaining":{"hourly":0,"monthly":49800}}
Γä╣∩╕Å [INFO] Rate limit hit, queuing DM | {"userId":"concurrent_starter_49","planType":"starter","remaining":{"hourly":0,"monthly":49800}}
Γä╣∩╕Å [INFO] Rate limit hit, queuing DM | {"userId":"concurrent_starter_49","planType":"starter","remaining":{"hourly":0,"monthly":49800}}
Γä╣∩╕Å [INFO] Rate limit hit, queuing DM | {"userId":"concurrent_starter_49","planType":"starter","remaining":{"hourly":0,"monthly":49800}}
Γä╣∩╕Å [INFO] Rate limit hit, queuing DM | {"userId":"concurrent_starter_49","planType":"starter","remaining":{"hourly":0,"monthly":49800}}
Γä╣∩╕Å [INFO] Rate limit hit, queuing DM | {"userId":"concurrent_starter_49","planType":"starter","remaining":{"hourly":0,"monthly":49800}}
Γä╣∩╕Å [INFO] Rate limit hit, queuing DM | {"userId":"concurrent_starter_49","planType":"starter","remaining":{"hourly":0,"monthly":49800}}
Γä╣∩╕Å [INFO] Rate limit hit, queuing DM | {"userId":"concurrent_starter_49","planType":"starter","remaining":{"hourly":0,"monthly":49800}}
Γä╣∩╕Å [INFO] Rate limit hit, queuing DM | {"userId":"concurrent_starter_49","planType":"starter","remaining":{"hourly":0,"monthly":49800}}
Γä╣∩╕Å [INFO] Rate limit hit, queuing DM | {"userId":"concurrent_starter_49","planType":"starter","remaining":{"hourly":0,"monthly":49800}}
Γä╣∩╕Å [INFO] Rate limit hit, queuing DM | {"userId":"concurrent_starter_49","planType":"starter","remaining":{"hourly":0,"monthly":49800}}
Γä╣∩╕Å [INFO] Rate limit hit, queuing DM | {"userId":"concurrent_starter_49","planType":"starter","remaining":{"hourly":0,"monthly":49800}}
Γä╣∩╕Å [INFO] Rate limit hit, queuing DM | {"userId":"concurrent_starter_49","planType":"starter","remaining":{"hourly":0,"monthly":49800}}
Γä╣∩╕Å [INFO] Rate limit hit, queuing DM | {"userId":"concurrent_starter_49","planType":"starter","remaining":{"hourly":0,"monthly":49800}}
Γä╣∩╕Å [INFO] Rate limit hit, queuing DM | {"userId":"concurrent_starter_49","planType":"starter","remaining":{"hourly":0,"monthly":49800}}
Γä╣∩╕Å [INFO] Rate limit hit, queuing DM | {"userId":"concurrent_starter_49","planType":"starter","remaining":{"hourly":0,"monthly":49800}}
Γä╣∩╕Å [INFO] Rate limit hit, queuing DM | {"userId":"concurrent_starter_49","planType":"starter","remaining":{"hourly":0,"monthly":49800}}
Γä╣∩╕Å [INFO] Rate limit hit, queuing DM | {"userId":"concurrent_starter_49","planType":"starter","remaining":{"hourly":0,"monthly":49800}}
Γä╣∩╕Å [INFO] Rate limit hit, queuing DM | {"userId":"concurrent_starter_49","planType":"starter","remaining":{"hourly":0,"monthly":49800}}
Γä╣∩╕Å [INFO] Rate limit hit, queuing DM | {"userId":"concurrent_starter_49","planType":"starter","remaining":{"hourly":0,"monthly":49800}}
Γä╣∩╕Å [INFO] Rate limit hit, queuing DM | {"userId":"concurrent_starter_49","planType":"starter","remaining":{"hourly":0,"monthly":49800}}
Γä╣∩╕Å [INFO] Rate limit hit, queuing DM | {"userId":"concurrent_starter_49","planType":"starter","remaining":{"hourly":0,"monthly":49800}}
Γä╣∩╕Å [INFO] Rate limit hit, queuing DM | {"userId":"concurrent_starter_49","planType":"starter","remaining":{"hourly":0,"monthly":49800}}
Γä╣∩╕Å [INFO] Rate limit hit, queuing DM | {"userId":"concurrent_starter_49","planType":"starter","remaining":{"hourly":0,"monthly":49800}}
Γä╣∩╕Å [INFO] Rate limit hit, queuing DM | {"userId":"concurrent_starter_49","planType":"starter","remaining":{"hourly":0,"monthly":49800}}
Γä╣∩╕Å [INFO] Rate limit hit, queuing DM | {"userId":"concurrent_starter_49","planType":"starter","remaining":{"hourly":0,"monthly":49800}}
Γä╣∩╕Å [INFO] Rate limit hit, queuing DM | {"userId":"concurrent_starter_49","planType":"starter","remaining":{"hourly":0,"monthly":49800}}
Γä╣∩╕Å [INFO] Rate limit hit, queuing DM | {"userId":"concurrent_starter_49","planType":"starter","remaining":{"hourly":0,"monthly":49800}}
Γä╣∩╕Å [INFO] Rate limit hit, queuing DM | {"userId":"concurrent_starter_49","planType":"starter","remaining":{"hourly":0,"monthly":49800}}
Γä╣∩╕Å [INFO] Rate limit hit, queuing DM | {"userId":"concurrent_starter_49","planType":"starter","remaining":{"hourly":0,"monthly":49800}}
Γä╣∩╕Å [INFO] Rate limit hit, queuing DM | {"userId":"concurrent_starter_49","planType":"starter","remaining":{"hourly":0,"monthly":49800}}
Γä╣∩╕Å [INFO] Rate limit hit, queuing DM | {"userId":"concurrent_starter_49","planType":"starter","remaining":{"hourly":0,"monthly":49800}}
Γä╣∩╕Å [INFO] Rate limit hit, queuing DM | {"userId":"concurrent_starter_49","planType":"starter","remaining":{"hourly":0,"monthly":49800}}
Γä╣∩╕Å [INFO] Rate limit hit, queuing DM | {"userId":"concurrent_starter_49","planType":"starter","remaining":{"hourly":0,"monthly":49800}}
Γä╣∩╕Å [INFO] Rate limit hit, queuing DM | {"userId":"concurrent_starter_49","planType":"starter","remaining":{"hourly":0,"monthly":49800}}
Γä╣∩╕Å [INFO] Rate limit hit, queuing DM | {"userId":"concurrent_starter_49","planType":"starter","remaining":{"hourly":0,"monthly":49800}}
Γä╣∩╕Å [INFO] Rate limit hit, queuing DM | {"userId":"concurrent_starter_49","planType":"starter","remaining":{"hourly":0,"monthly":49800}}
Γä╣∩╕Å [INFO] Rate limit hit, queuing DM | {"userId":"concurrent_starter_49","planType":"starter","remaining":{"hourly":0,"monthly":49800}}
Γä╣∩╕Å [INFO] Rate limit hit, queuing DM | {"userId":"concurrent_starter_49","planType":"starter","remaining":{"hourly":0,"monthly":49800}}
Γä╣∩╕Å [INFO] Rate limit hit, queuing DM | {"userId":"concurrent_starter_49","planType":"starter","remaining":{"hourly":0,"monthly":49800}}
Γä╣∩╕Å [INFO] Rate limit hit, queuing DM | {"userId":"concurrent_starter_49","planType":"starter","remaining":{"hourly":0,"monthly":49800}}
Γä╣∩╕Å [INFO] Rate limit hit, queuing DM | {"userId":"concurrent_starter_49","planType":"starter","remaining":{"hourly":0,"monthly":49800}}
Γä╣∩╕Å [INFO] Rate limit hit, queuing DM | {"userId":"concurrent_starter_49","planType":"starter","remaining":{"hourly":0,"monthly":49800}}
Γä╣∩╕Å [INFO] Rate limit hit, queuing DM | {"userId":"concurrent_starter_49","planType":"starter","remaining":{"hourly":0,"monthly":49800}}
Γä╣∩╕Å [INFO] Rate limit hit, queuing DM | {"userId":"concurrent_starter_49","planType":"starter","remaining":{"hourly":0,"monthly":49800}}
Γä╣∩╕Å [INFO] Rate limit hit, queuing DM | {"userId":"concurrent_starter_49","planType":"starter","remaining":{"hourly":0,"monthly":49800}}
Γä╣∩╕Å [INFO] Rate limit hit, queuing DM | {"userId":"concurrent_starter_49","planType":"starter","remaining":{"hourly":0,"monthly":49800}}

[90mstdout[2m | tests/lib/capacity-simulation.test.ts[2m > [22m[2m≡ƒÜÇ Capacity Simulation: Full System Load Test[2m > [22m[2m≡ƒæÑ Multi-User Concurrency[2m > [22m[2m50 concurrent Starter users ├ù 30 comments = 1,500 DMs
[22m[39mΓä╣∩╕Å [INFO] Rate limit hit, queuing DM | {"userId":"concurrent_starter_49","planType":"starter","remaining":{"hourly":0,"monthly":49800}}

[90mstdout[2m | tests/lib/capacity-simulation.test.ts[2m > [22m[2m≡ƒÜÇ Capacity Simulation: Full System Load Test[2m > [22m[2m≡ƒæÑ Multi-User Concurrency[2m > [22m[2m50 concurrent Starter users ├ù 30 comments = 1,500 DMs
[22m[39mΓä╣∩╕Å [INFO] Rate limit hit, queuing DM | {"userId":"concurrent_starter_49","planType":"starter","remaining":{"hourly":0,"monthly":49800}}
Γä╣∩╕Å [INFO] Rate limit hit, queuing DM | {"userId":"concurrent_starter_49","planType":"starter","remaining":{"hourly":0,"monthly":49800}}
Γä╣∩╕Å [INFO] Rate limit hit, queuing DM | {"userId":"concurrent_starter_49","planType":"starter","remaining":{"hourly":0,"monthly":49800}}
Γä╣∩╕Å [INFO] Rate limit hit, queuing DM | {"userId":"concurrent_starter_49","planType":"starter","remaining":{"hourly":0,"monthly":49800}}
Γä╣∩╕Å [INFO] Rate limit hit, queuing DM | {"userId":"concurrent_starter_49","planType":"starter","remaining":{"hourly":0,"monthly":49800}}
Γä╣∩╕Å [INFO] Rate limit hit, queuing DM | {"userId":"concurrent_starter_49","planType":"starter","remaining":{"hourly":0,"monthly":49800}}
Γä╣∩╕Å [INFO] Rate limit hit, queuing DM | {"userId":"concurrent_starter_49","planType":"starter","remaining":{"hourly":0,"monthly":49800}}
Γä╣∩╕Å [INFO] Rate limit hit, queuing DM | {"userId":"concurrent_starter_49","planType":"starter","remaining":{"hourly":0,"monthly":49800}}
Γä╣∩╕Å [INFO] Rate limit hit, queuing DM | {"userId":"concurrent_starter_49","planType":"starter","remaining":{"hourly":0,"monthly":49800}}
Γä╣∩╕Å [INFO] Rate limit hit, queuing DM | {"userId":"concurrent_starter_49","planType":"starter","remaining":{"hourly":0,"monthly":49800}}
Γä╣∩╕Å [INFO] Rate limit hit, queuing DM | {"userId":"concurrent_starter_49","planType":"starter","remaining":{"hourly":0,"monthly":49800}}
Γä╣∩╕Å [INFO] Rate limit hit, queuing DM | {"userId":"concurrent_starter_49","planType":"starter","remaining":{"hourly":0,"monthly":49800}}
Γä╣∩╕Å [INFO] Rate limit hit, queuing DM | {"userId":"concurrent_starter_49","planType":"starter","remaining":{"hourly":0,"monthly":49800}}
Γä╣∩╕Å [INFO] Rate limit hit, queuing DM | {"userId":"concurrent_starter_49","planType":"starter","remaining":{"hourly":0,"monthly":49800}}
Γä╣∩╕Å [INFO] Rate limit hit, queuing DM | {"userId":"concurrent_starter_49","planType":"starter","remaining":{"hourly":0,"monthly":49800}}
Γä╣∩╕Å [INFO] Rate limit hit, queuing DM | {"userId":"concurrent_starter_49","planType":"starter","remaining":{"hourly":0,"monthly":49800}}
Γä╣∩╕Å [INFO] Rate limit hit, queuing DM | {"userId":"concurrent_starter_49","planType":"starter","remaining":{"hourly":0,"monthly":49800}}
Γä╣∩╕Å [INFO] Rate limit hit, queuing DM | {"userId":"concurrent_starter_49","planType":"starter","remaining":{"hourly":0,"monthly":49800}}
Γä╣∩╕Å [INFO] Rate limit hit, queuing DM | {"userId":"concurrent_starter_49","planType":"starter","remaining":{"hourly":0,"monthly":49800}}
Γä╣∩╕Å [INFO] Rate limit hit, queuing DM | {"userId":"concurrent_starter_49","planType":"starter","remaining":{"hourly":0,"monthly":49800}}
Γä╣∩╕Å [INFO] Rate limit hit, queuing DM | {"userId":"concurrent_starter_49","planType":"starter","remaining":{"hourly":0,"monthly":49800}}
Γä╣∩╕Å [INFO] Rate limit hit, queuing DM | {"userId":"concurrent_starter_49","planType":"starter","remaining":{"hourly":0,"monthly":49800}}
Γä╣∩╕Å [INFO] Rate limit hit, queuing DM | {"userId":"concurrent_starter_49","planType":"starter","remaining":{"hourly":0,"monthly":49800}}
Γä╣∩╕Å [INFO] Rate limit hit, queuing DM | {"userId":"concurrent_starter_49","planType":"starter","remaining":{"hourly":0,"monthly":49800}}
Γä╣∩╕Å [INFO] Rate limit hit, queuing DM | {"userId":"concurrent_starter_49","planType":"starter","remaining":{"hourly":0,"monthly":49800}}
Γä╣∩╕Å [INFO] Rate limit hit, queuing DM | {"userId":"concurrent_starter_49","planType":"starter","remaining":{"hourly":0,"monthly":49800}}
Γä╣∩╕Å [INFO] Rate limit hit, queuing DM | {"userId":"concurrent_starter_49","planType":"starter","remaining":{"hourly":0,"monthly":49800}}
Γä╣∩╕Å [INFO] Rate limit hit, queuing DM | {"userId":"concurrent_starter_49","planType":"starter","remaining":{"hourly":0,"monthly":49800}}
Γä╣∩╕Å [INFO] Rate limit hit, queuing DM | {"userId":"concurrent_starter_49","planType":"starter","remaining":{"hourly":0,"monthly":49800}}
Γä╣∩╕Å [INFO] Rate limit hit, queuing DM | {"userId":"concurrent_starter_49","planType":"starter","remaining":{"hourly":0,"monthly":49800}}
Γä╣∩╕Å [INFO] Rate limit hit, queuing DM | {"userId":"concurrent_starter_49","planType":"starter","remaining":{"hourly":0,"monthly":49800}}
Γä╣∩╕Å [INFO] Rate limit hit, queuing DM | {"userId":"concurrent_starter_49","planType":"starter","remaining":{"hourly":0,"monthly":49800}}
Γä╣∩╕Å [INFO] Rate limit hit, queuing DM | {"userId":"concurrent_starter_49","planType":"starter","remaining":{"hourly":0,"monthly":49800}}
Γä╣∩╕Å [INFO] Rate limit hit, queuing DM | {"userId":"concurrent_starter_49","planType":"starter","remaining":{"hourly":0,"monthly":49800}}
Γä╣∩╕Å [INFO] Rate limit hit, queuing DM | {"userId":"concurrent_starter_49","planType":"starter","remaining":{"hourly":0,"monthly":49800}}
Γä╣∩╕Å [INFO] Rate limit hit, queuing DM | {"userId":"concurrent_starter_49","planType":"starter","remaining":{"hourly":0,"monthly":49800}}
Γä╣∩╕Å [INFO] Rate limit hit, queuing DM | {"userId":"concurrent_starter_49","planType":"starter","remaining":{"hourly":0,"monthly":49800}}
Γä╣∩╕Å [INFO] Rate limit hit, queuing DM | {"userId":"concurrent_starter_49","planType":"starter","remaining":{"hourly":0,"monthly":49800}}
Γä╣∩╕Å [INFO] Rate limit hit, queuing DM | {"userId":"concurrent_starter_49","planType":"starter","remaining":{"hourly":0,"monthly":49800}}
Γä╣∩╕Å [INFO] Rate limit hit, queuing DM | {"userId":"concurrent_starter_49","planType":"starter","remaining":{"hourly":0,"monthly":49800}}
Γä╣∩╕Å [INFO] Rate limit hit, queuing DM | {"userId":"concurrent_starter_49","planType":"starter","remaining":{"hourly":0,"monthly":49800}}
Γä╣∩╕Å [INFO] Rate limit hit, queuing DM | {"userId":"concurrent_starter_49","planType":"starter","remaining":{"hourly":0,"monthly":49800}}
Γä╣∩╕Å [INFO] Rate limit hit, queuing DM | {"userId":"concurrent_starter_49","planType":"starter","remaining":{"hourly":0,"monthly":49800}}
Γä╣∩╕Å [INFO] Rate limit hit, queuing DM | {"userId":"concurrent_starter_49","planType":"starter","remaining":{"hourly":0,"monthly":49800}}
Γä╣∩╕Å [INFO] Rate limit hit, queuing DM | {"userId":"concurrent_starter_49","planType":"starter","remaining":{"hourly":0,"monthly":49800}}
Γä╣∩╕Å [INFO] Rate limit hit, queuing DM | {"userId":"concurrent_starter_49","planType":"starter","remaining":{"hourly":0,"monthly":49800}}
Γä╣∩╕Å [INFO] Rate limit hit, queuing DM | {"userId":"concurrent_starter_49","planType":"starter","remaining":{"hourly":0,"monthly":49800}}
Γä╣∩╕Å [INFO] Rate limit hit, queuing DM | {"userId":"concurrent_starter_49","planType":"starter","remaining":{"hourly":0,"monthly":49800}}
Γä╣∩╕Å [INFO] Rate limit hit, queuing DM | {"userId":"concurrent_starter_49","planType":"starter","remaining":{"hourly":0,"monthly":49800}}

[90mstdout[2m | tests/lib/capacity-simulation.test.ts[2m > [22m[2m≡ƒÜÇ Capacity Simulation: Full System Load Test[2m > [22m[2m≡ƒæÑ Multi-User Concurrency[2m > [22m[2m50 concurrent Starter users ├ù 30 comments = 1,500 DMs
[22m[39mΓä╣∩╕Å [INFO] Rate limit hit, queuing DM | {"userId":"concurrent_starter_49","planType":"starter","remaining":{"hourly":0,"monthly":49800}}

[90mstdout[2m | tests/lib/capacity-simulation.test.ts[2m > [22m[2m≡ƒÜÇ Capacity Simulation: Full System Load Test[2m > [22m[2m≡ƒæÑ Multi-User Concurrency[2m > [22m[2m50 concurrent Starter users ├ù 30 comments = 1,500 DMs
[22m[39mΓä╣∩╕Å [INFO] Rate limit hit, queuing DM | {"userId":"concurrent_starter_49","planType":"starter","remaining":{"hourly":0,"monthly":49800}}
Γä╣∩╕Å [INFO] Rate limit hit, queuing DM | {"userId":"concurrent_starter_49","planType":"starter","remaining":{"hourly":0,"monthly":49800}}
Γä╣∩╕Å [INFO] Rate limit hit, queuing DM | {"userId":"concurrent_starter_49","planType":"starter","remaining":{"hourly":0,"monthly":49800}}
Γä╣∩╕Å [INFO] Rate limit hit, queuing DM | {"userId":"concurrent_starter_49","planType":"starter","remaining":{"hourly":0,"monthly":49800}}
Γä╣∩╕Å [INFO] Rate limit hit, queuing DM | {"userId":"concurrent_starter_49","planType":"starter","remaining":{"hourly":0,"monthly":49800}}
Γä╣∩╕Å [INFO] Rate limit hit, queuing DM | {"userId":"concurrent_starter_49","planType":"starter","remaining":{"hourly":0,"monthly":49800}}
Γä╣∩╕Å [INFO] Rate limit hit, queuing DM | {"userId":"concurrent_starter_49","planType":"starter","remaining":{"hourly":0,"monthly":49800}}
Γä╣∩╕Å [INFO] Rate limit hit, queuing DM | {"userId":"concurrent_starter_49","planType":"starter","remaining":{"hourly":0,"monthly":49800}}
Γä╣∩╕Å [INFO] Rate limit hit, queuing DM | {"userId":"concurrent_starter_49","planType":"starter","remaining":{"hourly":0,"monthly":49800}}
Γä╣∩╕Å [INFO] Rate limit hit, queuing DM | {"userId":"concurrent_starter_49","planType":"starter","remaining":{"hourly":0,"monthly":49800}}
Γä╣∩╕Å [INFO] Rate limit hit, queuing DM | {"userId":"concurrent_starter_49","planType":"starter","remaining":{"hourly":0,"monthly":49800}}
Γä╣∩╕Å [INFO] Rate limit hit, queuing DM | {"userId":"concurrent_starter_49","planType":"starter","remaining":{"hourly":0,"monthly":49800}}
Γä╣∩╕Å [INFO] Rate limit hit, queuing DM | {"userId":"concurrent_starter_49","planType":"starter","remaining":{"hourly":0,"monthly":49800}}
Γä╣∩╕Å [INFO] Rate limit hit, queuing DM | {"userId":"concurrent_starter_49","planType":"starter","remaining":{"hourly":0,"monthly":49800}}
Γä╣∩╕Å [INFO] Rate limit hit, queuing DM | {"userId":"concurrent_starter_49","planType":"starter","remaining":{"hourly":0,"monthly":49800}}
Γä╣∩╕Å [INFO] Rate limit hit, queuing DM | {"userId":"concurrent_starter_49","planType":"starter","remaining":{"hourly":0,"monthly":49800}}
Γä╣∩╕Å [INFO] Rate limit hit, queuing DM | {"userId":"concurrent_starter_49","planType":"starter","remaining":{"hourly":0,"monthly":49800}}
Γä╣∩╕Å [INFO] Rate limit hit, queuing DM | {"userId":"concurrent_starter_49","planType":"starter","remaining":{"hourly":0,"monthly":49800}}
Γä╣∩╕Å [INFO] Rate limit hit, queuing DM | {"userId":"concurrent_starter_49","planType":"starter","remaining":{"hourly":0,"monthly":49800}}
Γä╣∩╕Å [INFO] Rate limit hit, queuing DM | {"userId":"concurrent_starter_49","planType":"starter","remaining":{"hourly":0,"monthly":49800}}
Γä╣∩╕Å [INFO] Rate limit hit, queuing DM | {"userId":"concurrent_starter_49","planType":"starter","remaining":{"hourly":0,"monthly":49800}}
Γä╣∩╕Å [INFO] Rate limit hit, queuing DM | {"userId":"concurrent_starter_49","planType":"starter","remaining":{"hourly":0,"monthly":49800}}
Γä╣∩╕Å [INFO] Rate limit hit, queuing DM | {"userId":"concurrent_starter_49","planType":"starter","remaining":{"hourly":0,"monthly":49800}}
Γä╣∩╕Å [INFO] Rate limit hit, queuing DM | {"userId":"concurrent_starter_49","planType":"starter","remaining":{"hourly":0,"monthly":49800}}
Γä╣∩╕Å [INFO] Rate limit hit, queuing DM | {"userId":"concurrent_starter_49","planType":"starter","remaining":{"hourly":0,"monthly":49800}}
Γä╣∩╕Å [INFO] Rate limit hit, queuing DM | {"userId":"concurrent_starter_49","planType":"starter","remaining":{"hourly":0,"monthly":49800}}
Γä╣∩╕Å [INFO] Rate limit hit, queuing DM | {"userId":"concurrent_starter_49","planType":"starter","remaining":{"hourly":0,"monthly":49800}}
Γä╣∩╕Å [INFO] Rate limit hit, queuing DM | {"userId":"concurrent_starter_49","planType":"starter","remaining":{"hourly":0,"monthly":49800}}
Γä╣∩╕Å [INFO] Rate limit hit, queuing DM | {"userId":"concurrent_starter_49","planType":"starter","remaining":{"hourly":0,"monthly":49800}}
Γä╣∩╕Å [INFO] Rate limit hit, queuing DM | {"userId":"concurrent_starter_49","planType":"starter","remaining":{"hourly":0,"monthly":49800}}
Γä╣∩╕Å [INFO] Rate limit hit, queuing DM | {"userId":"concurrent_starter_49","planType":"starter","remaining":{"hourly":0,"monthly":49800}}
Γä╣∩╕Å [INFO] Rate limit hit, queuing DM | {"userId":"concurrent_starter_49","planType":"starter","remaining":{"hourly":0,"monthly":49800}}
Γä╣∩╕Å [INFO] Rate limit hit, queuing DM | {"userId":"concurrent_starter_49","planType":"starter","remaining":{"hourly":0,"monthly":49800}}
Γä╣∩╕Å [INFO] Rate limit hit, queuing DM | {"userId":"concurrent_starter_49","planType":"starter","remaining":{"hourly":0,"monthly":49800}}
Γä╣∩╕Å [INFO] Rate limit hit, queuing DM | {"userId":"concurrent_starter_49","planType":"starter","remaining":{"hourly":0,"monthly":49800}}
Γä╣∩╕Å [INFO] Rate limit hit, queuing DM | {"userId":"concurrent_starter_49","planType":"starter","remaining":{"hourly":0,"monthly":49800}}
Γä╣∩╕Å [INFO] Rate limit hit, queuing DM | {"userId":"concurrent_starter_49","planType":"starter","remaining":{"hourly":0,"monthly":49800}}
Γä╣∩╕Å [INFO] Rate limit hit, queuing DM | {"userId":"concurrent_starter_49","planType":"starter","remaining":{"hourly":0,"monthly":49800}}
Γä╣∩╕Å [INFO] Rate limit hit, queuing DM | {"userId":"concurrent_starter_49","planType":"starter","remaining":{"hourly":0,"monthly":49800}}
Γä╣∩╕Å [INFO] Rate limit hit, queuing DM | {"userId":"concurrent_starter_49","planType":"starter","remaining":{"hourly":0,"monthly":49800}}
Γä╣∩╕Å [INFO] Rate limit hit, queuing DM | {"userId":"concurrent_starter_49","planType":"starter","remaining":{"hourly":0,"monthly":49800}}
Γä╣∩╕Å [INFO] Rate limit hit, queuing DM | {"userId":"concurrent_starter_49","planType":"starter","remaining":{"hourly":0,"monthly":49800}}
Γä╣∩╕Å [INFO] Rate limit hit, queuing DM | {"userId":"concurrent_starter_49","planType":"starter","remaining":{"hourly":0,"monthly":49800}}
Γä╣∩╕Å [INFO] Rate limit hit, queuing DM | {"userId":"concurrent_starter_49","planType":"starter","remaining":{"hourly":0,"monthly":49800}}
Γä╣∩╕Å [INFO] Rate limit hit, queuing DM | {"userId":"concurrent_starter_49","planType":"starter","remaining":{"hourly":0,"monthly":49800}}
Γä╣∩╕Å [INFO] Rate limit hit, queuing DM | {"userId":"concurrent_starter_49","planType":"starter","remaining":{"hourly":0,"monthly":49800}}
Γä╣∩╕Å [INFO] Rate limit hit, queuing DM | {"userId":"concurrent_starter_49","planType":"starter","remaining":{"hourly":0,"monthly":49800}}
Γä╣∩╕Å [INFO] Rate limit hit, queuing DM | {"userId":"concurrent_starter_49","planType":"starter","remaining":{"hourly":0,"monthly":49800}}
Γä╣∩╕Å [INFO] Rate limit hit, queuing DM | {"userId":"concurrent_starter_49","planType":"starter","remaining":{"hourly":0,"monthly":49800}}

[90mstdout[2m | tests/lib/capacity-simulation.test.ts[2m > [22m[2m≡ƒÜÇ Capacity Simulation: Full System Load Test[2m > [22m[2m≡ƒæÑ Multi-User Concurrency[2m > [22m[2m50 concurrent Starter users ├ù 30 comments = 1,500 DMs
[22m[39mΓä╣∩╕Å [INFO] Rate limit hit, queuing DM | {"userId":"concurrent_starter_49","planType":"starter","remaining":{"hourly":0,"monthly":49800}}

[90mstdout[2m | tests/lib/capacity-simulation.test.ts[2m > [22m[2m≡ƒÜÇ Capacity Simulation: Full System Load Test[2m > [22m[2m≡ƒæÑ Multi-User Concurrency[2m > [22m[2m50 concurrent Starter users ├ù 30 comments = 1,500 DMs
[22m[39mΓä╣∩╕Å [INFO] Rate limit hit, queuing DM | {"userId":"concurrent_starter_49","planType":"starter","remaining":{"hourly":0,"monthly":49800}}
Γä╣∩╕Å [INFO] Rate limit hit, queuing DM | {"userId":"concurrent_starter_49","planType":"starter","remaining":{"hourly":0,"monthly":49800}}
Γä╣∩╕Å [INFO] Rate limit hit, queuing DM | {"userId":"concurrent_starter_49","planType":"starter","remaining":{"hourly":0,"monthly":49800}}
Γä╣∩╕Å [INFO] Rate limit hit, queuing DM | {"userId":"concurrent_starter_49","planType":"starter","remaining":{"hourly":0,"monthly":49800}}
Γä╣∩╕Å [INFO] Rate limit hit, queuing DM | {"userId":"concurrent_starter_49","planType":"starter","remaining":{"hourly":0,"monthly":49800}}
Γä╣∩╕Å [INFO] Rate limit hit, queuing DM | {"userId":"concurrent_starter_49","planType":"starter","remaining":{"hourly":0,"monthly":49800}}
Γä╣∩╕Å [INFO] Rate limit hit, queuing DM | {"userId":"concurrent_starter_49","planType":"starter","remaining":{"hourly":0,"monthly":49800}}
Γä╣∩╕Å [INFO] Rate limit hit, queuing DM | {"userId":"concurrent_starter_49","planType":"starter","remaining":{"hourly":0,"monthly":49800}}
Γä╣∩╕Å [INFO] Rate limit hit, queuing DM | {"userId":"concurrent_starter_49","planType":"starter","remaining":{"hourly":0,"monthly":49800}}
Γä╣∩╕Å [INFO] Rate limit hit, queuing DM | {"userId":"concurrent_starter_49","planType":"starter","remaining":{"hourly":0,"monthly":49800}}
Γä╣∩╕Å [INFO] Rate limit hit, queuing DM | {"userId":"concurrent_starter_49","planType":"starter","remaining":{"hourly":0,"monthly":49800}}
Γä╣∩╕Å [INFO] Rate limit hit, queuing DM | {"userId":"concurrent_starter_49","planType":"starter","remaining":{"hourly":0,"monthly":49800}}
Γä╣∩╕Å [INFO] Rate limit hit, queuing DM | {"userId":"concurrent_starter_49","planType":"starter","remaining":{"hourly":0,"monthly":49800}}
Γä╣∩╕Å [INFO] Rate limit hit, queuing DM | {"userId":"concurrent_starter_49","planType":"starter","remaining":{"hourly":0,"monthly":49800}}
Γä╣∩╕Å [INFO] Rate limit hit, queuing DM | {"userId":"concurrent_starter_49","planType":"starter","remaining":{"hourly":0,"monthly":49800}}
Γä╣∩╕Å [INFO] Rate limit hit, queuing DM | {"userId":"concurrent_starter_49","planType":"starter","remaining":{"hourly":0,"monthly":49800}}
Γä╣∩╕Å [INFO] Rate limit hit, queuing DM | {"userId":"concurrent_starter_49","planType":"starter","remaining":{"hourly":0,"monthly":49800}}
Γä╣∩╕Å [INFO] Rate limit hit, queuing DM | {"userId":"concurrent_starter_49","planType":"starter","remaining":{"hourly":0,"monthly":49800}}
Γä╣∩╕Å [INFO] Rate limit hit, queuing DM | {"userId":"concurrent_starter_49","planType":"starter","remaining":{"hourly":0,"monthly":49800}}
Γä╣∩╕Å [INFO] Rate limit hit, queuing DM | {"userId":"concurrent_starter_49","planType":"starter","remaining":{"hourly":0,"monthly":49800}}
Γä╣∩╕Å [INFO] Rate limit hit, queuing DM | {"userId":"concurrent_starter_49","planType":"starter","remaining":{"hourly":0,"monthly":49800}}
Γä╣∩╕Å [INFO] Rate limit hit, queuing DM | {"userId":"concurrent_starter_49","planType":"starter","remaining":{"hourly":0,"monthly":49800}}
Γä╣∩╕Å [INFO] Rate limit hit, queuing DM | {"userId":"concurrent_starter_49","planType":"starter","remaining":{"hourly":0,"monthly":49800}}
Γä╣∩╕Å [INFO] Rate limit hit, queuing DM | {"userId":"concurrent_starter_49","planType":"starter","remaining":{"hourly":0,"monthly":49800}}
Γä╣∩╕Å [INFO] Rate limit hit, queuing DM | {"userId":"concurrent_starter_49","planType":"starter","remaining":{"hourly":0,"monthly":49800}}
Γä╣∩╕Å [INFO] Rate limit hit, queuing DM | {"userId":"concurrent_starter_49","planType":"starter","remaining":{"hourly":0,"monthly":49800}}
Γä╣∩╕Å [INFO] Rate limit hit, queuing DM | {"userId":"concurrent_starter_49","planType":"starter","remaining":{"hourly":0,"monthly":49800}}
Γä╣∩╕Å [INFO] Rate limit hit, queuing DM | {"userId":"concurrent_starter_49","planType":"starter","remaining":{"hourly":0,"monthly":49800}}
Γä╣∩╕Å [INFO] Rate limit hit, queuing DM | {"userId":"concurrent_starter_49","planType":"starter","remaining":{"hourly":0,"monthly":49800}}
Γä╣∩╕Å [INFO] Rate limit hit, queuing DM | {"userId":"concurrent_starter_49","planType":"starter","remaining":{"hourly":0,"monthly":49800}}
Γä╣∩╕Å [INFO] Rate limit hit, queuing DM | {"userId":"concurrent_starter_49","planType":"starter","remaining":{"hourly":0,"monthly":49800}}
Γä╣∩╕Å [INFO] Rate limit hit, queuing DM | {"userId":"concurrent_starter_49","planType":"starter","remaining":{"hourly":0,"monthly":49800}}
Γä╣∩╕Å [INFO] Rate limit hit, queuing DM | {"userId":"concurrent_starter_49","planType":"starter","remaining":{"hourly":0,"monthly":49800}}
Γä╣∩╕Å [INFO] Rate limit hit, queuing DM | {"userId":"concurrent_starter_49","planType":"starter","remaining":{"hourly":0,"monthly":49800}}
Γä╣∩╕Å [INFO] Rate limit hit, queuing DM | {"userId":"concurrent_starter_49","planType":"starter","remaining":{"hourly":0,"monthly":49800}}
Γä╣∩╕Å [INFO] Rate limit hit, queuing DM | {"userId":"concurrent_starter_49","planType":"starter","remaining":{"hourly":0,"monthly":49800}}
Γä╣∩╕Å [INFO] Rate limit hit, queuing DM | {"userId":"concurrent_starter_49","planType":"starter","remaining":{"hourly":0,"monthly":49800}}
Γä╣∩╕Å [INFO] Rate limit hit, queuing DM | {"userId":"concurrent_starter_49","planType":"starter","remaining":{"hourly":0,"monthly":49800}}
Γä╣∩╕Å [INFO] Rate limit hit, queuing DM | {"userId":"concurrent_starter_49","planType":"starter","remaining":{"hourly":0,"monthly":49800}}
Γä╣∩╕Å [INFO] Rate limit hit, queuing DM | {"userId":"concurrent_starter_49","planType":"starter","remaining":{"hourly":0,"monthly":49800}}
Γä╣∩╕Å [INFO] Rate limit hit, queuing DM | {"userId":"concurrent_starter_49","planType":"starter","remaining":{"hourly":0,"monthly":49800}}
Γä╣∩╕Å [INFO] Rate limit hit, queuing DM | {"userId":"concurrent_starter_49","planType":"starter","remaining":{"hourly":0,"monthly":49800}}
Γä╣∩╕Å [INFO] Rate limit hit, queuing DM | {"userId":"concurrent_starter_49","planType":"starter","remaining":{"hourly":0,"monthly":49800}}
Γä╣∩╕Å [INFO] Rate limit hit, queuing DM | {"userId":"concurrent_starter_49","planType":"starter","remaining":{"hourly":0,"monthly":49800}}
Γä╣∩╕Å [INFO] Rate limit hit, queuing DM | {"userId":"concurrent_starter_49","planType":"starter","remaining":{"hourly":0,"monthly":49800}}
Γä╣∩╕Å [INFO] Rate limit hit, queuing DM | {"userId":"concurrent_starter_49","planType":"starter","remaining":{"hourly":0,"monthly":49800}}
Γä╣∩╕Å [INFO] Rate limit hit, queuing DM | {"userId":"concurrent_starter_49","planType":"starter","remaining":{"hourly":0,"monthly":49800}}
Γä╣∩╕Å [INFO] Rate limit hit, queuing DM | {"userId":"concurrent_starter_49","planType":"starter","remaining":{"hourly":0,"monthly":49800}}
Γä╣∩╕Å [INFO] Rate limit hit, queuing DM | {"userId":"concurrent_starter_49","planType":"starter","remaining":{"hourly":0,"monthly":49800}}

[90mstdout[2m | tests/lib/capacity-simulation.test.ts[2m > [22m[2m≡ƒÜÇ Capacity Simulation: Full System Load Test[2m > [22m[2m≡ƒæÑ Multi-User Concurrency[2m > [22m[2m50 concurrent Starter users ├ù 30 comments = 1,500 DMs
[22m[39mΓä╣∩╕Å [INFO] Rate limit hit, queuing DM | {"userId":"concurrent_starter_49","planType":"starter","remaining":{"hourly":0,"monthly":49800}}

[90mstdout[2m | tests/lib/capacity-simulation.test.ts[2m > [22m[2m≡ƒÜÇ Capacity Simulation: Full System Load Test[2m > [22m[2m≡ƒæÑ Multi-User Concurrency[2m > [22m[2m50 concurrent Starter users ├ù 30 comments = 1,500 DMs
[22m[39mΓä╣∩╕Å [INFO] Rate limit hit, queuing DM | {"userId":"concurrent_starter_49","planType":"starter","remaining":{"hourly":0,"monthly":49800}}
Γä╣∩╕Å [INFO] Rate limit hit, queuing DM | {"userId":"concurrent_starter_49","planType":"starter","remaining":{"hourly":0,"monthly":49800}}
Γä╣∩╕Å [INFO] Rate limit hit, queuing DM | {"userId":"concurrent_starter_49","planType":"starter","remaining":{"hourly":0,"monthly":49800}}
Γä╣∩╕Å [INFO] Rate limit hit, queuing DM | {"userId":"concurrent_starter_49","planType":"starter","remaining":{"hourly":0,"monthly":49800}}
Γä╣∩╕Å [INFO] Rate limit hit, queuing DM | {"userId":"concurrent_starter_49","planType":"starter","remaining":{"hourly":0,"monthly":49800}}
Γä╣∩╕Å [INFO] Rate limit hit, queuing DM | {"userId":"concurrent_starter_49","planType":"starter","remaining":{"hourly":0,"monthly":49800}}
Γä╣∩╕Å [INFO] Rate limit hit, queuing DM | {"userId":"concurrent_starter_49","planType":"starter","remaining":{"hourly":0,"monthly":49800}}
Γä╣∩╕Å [INFO] Rate limit hit, queuing DM | {"userId":"concurrent_starter_49","planType":"starter","remaining":{"hourly":0,"monthly":49800}}
Γä╣∩╕Å [INFO] Rate limit hit, queuing DM | {"userId":"concurrent_starter_49","planType":"starter","remaining":{"hourly":0,"monthly":49800}}
Γä╣∩╕Å [INFO] Rate limit hit, queuing DM | {"userId":"concurrent_starter_49","planType":"starter","remaining":{"hourly":0,"monthly":49800}}
Γä╣∩╕Å [INFO] Rate limit hit, queuing DM | {"userId":"concurrent_starter_49","planType":"starter","remaining":{"hourly":0,"monthly":49800}}
Γä╣∩╕Å [INFO] Rate limit hit, queuing DM | {"userId":"concurrent_starter_49","planType":"starter","remaining":{"hourly":0,"monthly":49800}}
Γä╣∩╕Å [INFO] Rate limit hit, queuing DM | {"userId":"concurrent_starter_49","planType":"starter","remaining":{"hourly":0,"monthly":49800}}
Γä╣∩╕Å [INFO] Rate limit hit, queuing DM | {"userId":"concurrent_starter_49","planType":"starter","remaining":{"hourly":0,"monthly":49800}}
Γä╣∩╕Å [INFO] Rate limit hit, queuing DM | {"userId":"concurrent_starter_49","planType":"starter","remaining":{"hourly":0,"monthly":49800}}
Γä╣∩╕Å [INFO] Rate limit hit, queuing DM | {"userId":"concurrent_starter_49","planType":"starter","remaining":{"hourly":0,"monthly":49800}}
Γä╣∩╕Å [INFO] Rate limit hit, queuing DM | {"userId":"concurrent_starter_49","planType":"starter","remaining":{"hourly":0,"monthly":49800}}
Γä╣∩╕Å [INFO] Rate limit hit, queuing DM | {"userId":"concurrent_starter_49","planType":"starter","remaining":{"hourly":0,"monthly":49800}}
Γä╣∩╕Å [INFO] Rate limit hit, queuing DM | {"userId":"concurrent_starter_49","planType":"starter","remaining":{"hourly":0,"monthly":49800}}
Γä╣∩╕Å [INFO] Rate limit hit, queuing DM | {"userId":"concurrent_starter_49","planType":"starter","remaining":{"hourly":0,"monthly":49800}}
Γä╣∩╕Å [INFO] Rate limit hit, queuing DM | {"userId":"concurrent_starter_49","planType":"starter","remaining":{"hourly":0,"monthly":49800}}
Γä╣∩╕Å [INFO] Rate limit hit, queuing DM | {"userId":"concurrent_starter_49","planType":"starter","remaining":{"hourly":0,"monthly":49800}}
Γä╣∩╕Å [INFO] Rate limit hit, queuing DM | {"userId":"concurrent_starter_49","planType":"starter","remaining":{"hourly":0,"monthly":49800}}
Γä╣∩╕Å [INFO] Rate limit hit, queuing DM | {"userId":"concurrent_starter_49","planType":"starter","remaining":{"hourly":0,"monthly":49800}}
Γä╣∩╕Å [INFO] Rate limit hit, queuing DM | {"userId":"concurrent_starter_49","planType":"starter","remaining":{"hourly":0,"monthly":49800}}
Γä╣∩╕Å [INFO] Rate limit hit, queuing DM | {"userId":"concurrent_starter_49","planType":"starter","remaining":{"hourly":0,"monthly":49800}}
Γä╣∩╕Å [INFO] Rate limit hit, queuing DM | {"userId":"concurrent_starter_49","planType":"starter","remaining":{"hourly":0,"monthly":49800}}
Γä╣∩╕Å [INFO] Rate limit hit, queuing DM | {"userId":"concurrent_starter_49","planType":"starter","remaining":{"hourly":0,"monthly":49800}}
Γä╣∩╕Å [INFO] Rate limit hit, queuing DM | {"userId":"concurrent_starter_49","planType":"starter","remaining":{"hourly":0,"monthly":49800}}
Γä╣∩╕Å [INFO] Rate limit hit, queuing DM | {"userId":"concurrent_starter_49","planType":"starter","remaining":{"hourly":0,"monthly":49800}}
Γä╣∩╕Å [INFO] Rate limit hit, queuing DM | {"userId":"concurrent_starter_49","planType":"starter","remaining":{"hourly":0,"monthly":49800}}
Γä╣∩╕Å [INFO] Rate limit hit, queuing DM | {"userId":"concurrent_starter_49","planType":"starter","remaining":{"hourly":0,"monthly":49800}}
Γä╣∩╕Å [INFO] Rate limit hit, queuing DM | {"userId":"concurrent_starter_49","planType":"starter","remaining":{"hourly":0,"monthly":49800}}
Γä╣∩╕Å [INFO] Rate limit hit, queuing DM | {"userId":"concurrent_starter_49","planType":"starter","remaining":{"hourly":0,"monthly":49800}}
Γä╣∩╕Å [INFO] Rate limit hit, queuing DM | {"userId":"concurrent_starter_49","planType":"starter","remaining":{"hourly":0,"monthly":49800}}
Γä╣∩╕Å [INFO] Rate limit hit, queuing DM | {"userId":"concurrent_starter_49","planType":"starter","remaining":{"hourly":0,"monthly":49800}}
Γä╣∩╕Å [INFO] Rate limit hit, queuing DM | {"userId":"concurrent_starter_49","planType":"starter","remaining":{"hourly":0,"monthly":49800}}
Γä╣∩╕Å [INFO] Rate limit hit, queuing DM | {"userId":"concurrent_starter_49","planType":"starter","remaining":{"hourly":0,"monthly":49800}}
Γä╣∩╕Å [INFO] Rate limit hit, queuing DM | {"userId":"concurrent_starter_49","planType":"starter","remaining":{"hourly":0,"monthly":49800}}
Γä╣∩╕Å [INFO] Rate limit hit, queuing DM | {"userId":"concurrent_starter_49","planType":"starter","remaining":{"hourly":0,"monthly":49800}}
Γä╣∩╕Å [INFO] Rate limit hit, queuing DM | {"userId":"concurrent_starter_49","planType":"starter","remaining":{"hourly":0,"monthly":49800}}
Γä╣∩╕Å [INFO] Rate limit hit, queuing DM | {"userId":"concurrent_starter_49","planType":"starter","remaining":{"hourly":0,"monthly":49800}}
Γä╣∩╕Å [INFO] Rate limit hit, queuing DM | {"userId":"concurrent_starter_49","planType":"starter","remaining":{"hourly":0,"monthly":49800}}
Γä╣∩╕Å [INFO] Rate limit hit, queuing DM | {"userId":"concurrent_starter_49","planType":"starter","remaining":{"hourly":0,"monthly":49800}}
Γä╣∩╕Å [INFO] Rate limit hit, queuing DM | {"userId":"concurrent_starter_49","planType":"starter","remaining":{"hourly":0,"monthly":49800}}
Γä╣∩╕Å [INFO] Rate limit hit, queuing DM | {"userId":"concurrent_starter_49","planType":"starter","remaining":{"hourly":0,"monthly":49800}}
Γä╣∩╕Å [INFO] Rate limit hit, queuing DM | {"userId":"concurrent_starter_49","planType":"starter","remaining":{"hourly":0,"monthly":49800}}
Γä╣∩╕Å [INFO] Rate limit hit, queuing DM | {"userId":"concurrent_starter_49","planType":"starter","remaining":{"hourly":0,"monthly":49800}}
Γä╣∩╕Å [INFO] Rate limit hit, queuing DM | {"userId":"concurrent_starter_49","planType":"starter","remaining":{"hourly":0,"monthly":49800}}

[90mstdout[2m | tests/lib/capacity-simulation.test.ts[2m > [22m[2m≡ƒÜÇ Capacity Simulation: Full System Load Test[2m > [22m[2m≡ƒæÑ Multi-User Concurrency[2m > [22m[2m50 concurrent Starter users ├ù 30 comments = 1,500 DMs
[22m[39mΓä╣∩╕Å [INFO] Rate limit hit, queuing DM | {"userId":"concurrent_starter_49","planType":"starter","remaining":{"hourly":0,"monthly":49800}}

[90mstdout[2m | tests/lib/capacity-simulation.test.ts[2m > [22m[2m≡ƒÜÇ Capacity Simulation: Full System Load Test[2m > [22m[2m≡ƒæÑ Multi-User Concurrency[2m > [22m[2m50 concurrent Starter users ├ù 30 comments = 1,500 DMs
[22m[39mΓä╣∩╕Å [INFO] Rate limit hit, queuing DM | {"userId":"concurrent_starter_49","planType":"starter","remaining":{"hourly":0,"monthly":49800}}
Γä╣∩╕Å [INFO] Rate limit hit, queuing DM | {"userId":"concurrent_starter_49","planType":"starter","remaining":{"hourly":0,"monthly":49800}}
Γä╣∩╕Å [INFO] Rate limit hit, queuing DM | {"userId":"concurrent_starter_49","planType":"starter","remaining":{"hourly":0,"monthly":49800}}
Γä╣∩╕Å [INFO] Rate limit hit, queuing DM | {"userId":"concurrent_starter_49","planType":"starter","remaining":{"hourly":0,"monthly":49800}}
Γä╣∩╕Å [INFO] Rate limit hit, queuing DM | {"userId":"concurrent_starter_49","planType":"starter","remaining":{"hourly":0,"monthly":49800}}
Γä╣∩╕Å [INFO] Rate limit hit, queuing DM | {"userId":"concurrent_starter_49","planType":"starter","remaining":{"hourly":0,"monthly":49800}}
Γä╣∩╕Å [INFO] Rate limit hit, queuing DM | {"userId":"concurrent_starter_49","planType":"starter","remaining":{"hourly":0,"monthly":49800}}
Γä╣∩╕Å [INFO] Rate limit hit, queuing DM | {"userId":"concurrent_starter_49","planType":"starter","remaining":{"hourly":0,"monthly":49800}}
Γä╣∩╕Å [INFO] Rate limit hit, queuing DM | {"userId":"concurrent_starter_49","planType":"starter","remaining":{"hourly":0,"monthly":49800}}
Γä╣∩╕Å [INFO] Rate limit hit, queuing DM | {"userId":"concurrent_starter_49","planType":"starter","remaining":{"hourly":0,"monthly":49800}}
Γä╣∩╕Å [INFO] Rate limit hit, queuing DM | {"userId":"concurrent_starter_49","planType":"starter","remaining":{"hourly":0,"monthly":49800}}
Γä╣∩╕Å [INFO] Rate limit hit, queuing DM | {"userId":"concurrent_starter_49","planType":"starter","remaining":{"hourly":0,"monthly":49800}}
Γä╣∩╕Å [INFO] Rate limit hit, queuing DM | {"userId":"concurrent_starter_49","planType":"starter","remaining":{"hourly":0,"monthly":49800}}
Γä╣∩╕Å [INFO] Rate limit hit, queuing DM | {"userId":"concurrent_starter_49","planType":"starter","remaining":{"hourly":0,"monthly":49800}}
Γä╣∩╕Å [INFO] Rate limit hit, queuing DM | {"userId":"concurrent_starter_49","planType":"starter","remaining":{"hourly":0,"monthly":49800}}
Γä╣∩╕Å [INFO] Rate limit hit, queuing DM | {"userId":"concurrent_starter_49","planType":"starter","remaining":{"hourly":0,"monthly":49800}}
Γä╣∩╕Å [INFO] Rate limit hit, queuing DM | {"userId":"concurrent_starter_49","planType":"starter","remaining":{"hourly":0,"monthly":49800}}
Γä╣∩╕Å [INFO] Rate limit hit, queuing DM | {"userId":"concurrent_starter_49","planType":"starter","remaining":{"hourly":0,"monthly":49800}}
Γä╣∩╕Å [INFO] Rate limit hit, queuing DM | {"userId":"concurrent_starter_49","planType":"starter","remaining":{"hourly":0,"monthly":49800}}
Γä╣∩╕Å [INFO] Rate limit hit, queuing DM | {"userId":"concurrent_starter_49","planType":"starter","remaining":{"hourly":0,"monthly":49800}}
Γä╣∩╕Å [INFO] Rate limit hit, queuing DM | {"userId":"concurrent_starter_49","planType":"starter","remaining":{"hourly":0,"monthly":49800}}
Γä╣∩╕Å [INFO] Rate limit hit, queuing DM | {"userId":"concurrent_starter_49","planType":"starter","remaining":{"hourly":0,"monthly":49800}}
Γä╣∩╕Å [INFO] Rate limit hit, queuing DM | {"userId":"concurrent_starter_49","planType":"starter","remaining":{"hourly":0,"monthly":49800}}
Γä╣∩╕Å [INFO] Rate limit hit, queuing DM | {"userId":"concurrent_starter_49","planType":"starter","remaining":{"hourly":0,"monthly":49800}}
Γä╣∩╕Å [INFO] Rate limit hit, queuing DM | {"userId":"concurrent_starter_49","planType":"starter","remaining":{"hourly":0,"monthly":49800}}
Γä╣∩╕Å [INFO] Rate limit hit, queuing DM | {"userId":"concurrent_starter_49","planType":"starter","remaining":{"hourly":0,"monthly":49800}}
Γä╣∩╕Å [INFO] Rate limit hit, queuing DM | {"userId":"concurrent_starter_49","planType":"starter","remaining":{"hourly":0,"monthly":49800}}
Γä╣∩╕Å [INFO] Rate limit hit, queuing DM | {"userId":"concurrent_starter_49","planType":"starter","remaining":{"hourly":0,"monthly":49800}}
Γä╣∩╕Å [INFO] Rate limit hit, queuing DM | {"userId":"concurrent_starter_49","planType":"starter","remaining":{"hourly":0,"monthly":49800}}
Γä╣∩╕Å [INFO] Rate limit hit, queuing DM | {"userId":"concurrent_starter_49","planType":"starter","remaining":{"hourly":0,"monthly":49800}}
Γä╣∩╕Å [INFO] Rate limit hit, queuing DM | {"userId":"concurrent_starter_49","planType":"starter","remaining":{"hourly":0,"monthly":49800}}
Γä╣∩╕Å [INFO] Rate limit hit, queuing DM | {"userId":"concurrent_starter_49","planType":"starter","remaining":{"hourly":0,"monthly":49800}}
Γä╣∩╕Å [INFO] Rate limit hit, queuing DM | {"userId":"concurrent_starter_49","planType":"starter","remaining":{"hourly":0,"monthly":49800}}
Γä╣∩╕Å [INFO] Rate limit hit, queuing DM | {"userId":"concurrent_starter_49","planType":"starter","remaining":{"hourly":0,"monthly":49800}}
Γä╣∩╕Å [INFO] Rate limit hit, queuing DM | {"userId":"concurrent_starter_49","planType":"starter","remaining":{"hourly":0,"monthly":49800}}
Γä╣∩╕Å [INFO] Rate limit hit, queuing DM | {"userId":"concurrent_starter_49","planType":"starter","remaining":{"hourly":0,"monthly":49800}}
Γä╣∩╕Å [INFO] Rate limit hit, queuing DM | {"userId":"concurrent_starter_49","planType":"starter","remaining":{"hourly":0,"monthly":49800}}
Γä╣∩╕Å [INFO] Rate limit hit, queuing DM | {"userId":"concurrent_starter_49","planType":"starter","remaining":{"hourly":0,"monthly":49800}}
Γä╣∩╕Å [INFO] Rate limit hit, queuing DM | {"userId":"concurrent_starter_49","planType":"starter","remaining":{"hourly":0,"monthly":49800}}
Γä╣∩╕Å [INFO] Rate limit hit, queuing DM | {"userId":"concurrent_starter_49","planType":"starter","remaining":{"hourly":0,"monthly":49800}}
Γä╣∩╕Å [INFO] Rate limit hit, queuing DM | {"userId":"concurrent_starter_49","planType":"starter","remaining":{"hourly":0,"monthly":49800}}
Γä╣∩╕Å [INFO] Rate limit hit, queuing DM | {"userId":"concurrent_starter_49","planType":"starter","remaining":{"hourly":0,"monthly":49800}}
Γä╣∩╕Å [INFO] Rate limit hit, queuing DM | {"userId":"concurrent_starter_49","planType":"starter","remaining":{"hourly":0,"monthly":49800}}
Γä╣∩╕Å [INFO] Rate limit hit, queuing DM | {"userId":"concurrent_starter_49","planType":"starter","remaining":{"hourly":0,"monthly":49800}}
Γä╣∩╕Å [INFO] Rate limit hit, queuing DM | {"userId":"concurrent_starter_49","planType":"starter","remaining":{"hourly":0,"monthly":49800}}
Γä╣∩╕Å [INFO] Rate limit hit, queuing DM | {"userId":"concurrent_starter_49","planType":"starter","remaining":{"hourly":0,"monthly":49800}}
Γä╣∩╕Å [INFO] Rate limit hit, queuing DM | {"userId":"concurrent_starter_49","planType":"starter","remaining":{"hourly":0,"monthly":49800}}
Γä╣∩╕Å [INFO] Rate limit hit, queuing DM | {"userId":"concurrent_starter_49","planType":"starter","remaining":{"hourly":0,"monthly":49800}}
Γä╣∩╕Å [INFO] Rate limit hit, queuing DM | {"userId":"concurrent_starter_49","planType":"starter","remaining":{"hourly":0,"monthly":49800}}

[90mstdout[2m | tests/lib/capacity-simulation.test.ts[2m > [22m[2m≡ƒÜÇ Capacity Simulation: Full System Load Test[2m > [22m[2m≡ƒæÑ Multi-User Concurrency[2m > [22m[2m50 concurrent Starter users ├ù 30 comments = 1,500 DMs
[22m[39mΓä╣∩╕Å [INFO] Rate limit hit, queuing DM | {"userId":"concurrent_starter_49","planType":"starter","remaining":{"hourly":0,"monthly":49800}}

[90mstdout[2m | tests/lib/capacity-simulation.test.ts[2m > [22m[2m≡ƒÜÇ Capacity Simulation: Full System Load Test[2m > [22m[2m≡ƒæÑ Multi-User Concurrency[2m > [22m[2m50 concurrent Starter users ├ù 30 comments = 1,500 DMs
[22m[39mΓä╣∩╕Å [INFO] Rate limit hit, queuing DM | {"userId":"concurrent_starter_49","planType":"starter","remaining":{"hourly":0,"monthly":49800}}
Γä╣∩╕Å [INFO] Rate limit hit, queuing DM | {"userId":"concurrent_starter_49","planType":"starter","remaining":{"hourly":0,"monthly":49800}}
Γä╣∩╕Å [INFO] Rate limit hit, queuing DM | {"userId":"concurrent_starter_49","planType":"starter","remaining":{"hourly":0,"monthly":49800}}
Γä╣∩╕Å [INFO] Rate limit hit, queuing DM | {"userId":"concurrent_starter_49","planType":"starter","remaining":{"hourly":0,"monthly":49800}}
Γä╣∩╕Å [INFO] Rate limit hit, queuing DM | {"userId":"concurrent_starter_49","planType":"starter","remaining":{"hourly":0,"monthly":49800}}
Γä╣∩╕Å [INFO] Rate limit hit, queuing DM | {"userId":"concurrent_starter_49","planType":"starter","remaining":{"hourly":0,"monthly":49800}}
Γä╣∩╕Å [INFO] Rate limit hit, queuing DM | {"userId":"concurrent_starter_49","planType":"starter","remaining":{"hourly":0,"monthly":49800}}
Γä╣∩╕Å [INFO] Rate limit hit, queuing DM | {"userId":"concurrent_starter_49","planType":"starter","remaining":{"hourly":0,"monthly":49800}}
Γä╣∩╕Å [INFO] Rate limit hit, queuing DM | {"userId":"concurrent_starter_49","planType":"starter","remaining":{"hourly":0,"monthly":49800}}
Γä╣∩╕Å [INFO] Rate limit hit, queuing DM | {"userId":"concurrent_starter_49","planType":"starter","remaining":{"hourly":0,"monthly":49800}}
Γä╣∩╕Å [INFO] Rate limit hit, queuing DM | {"userId":"concurrent_starter_49","planType":"starter","remaining":{"hourly":0,"monthly":49800}}
Γä╣∩╕Å [INFO] Rate limit hit, queuing DM | {"userId":"concurrent_starter_49","planType":"starter","remaining":{"hourly":0,"monthly":49800}}
Γä╣∩╕Å [INFO] Rate limit hit, queuing DM | {"userId":"concurrent_starter_49","planType":"starter","remaining":{"hourly":0,"monthly":49800}}
Γä╣∩╕Å [INFO] Rate limit hit, queuing DM | {"userId":"concurrent_starter_49","planType":"starter","remaining":{"hourly":0,"monthly":49800}}
Γä╣∩╕Å [INFO] Rate limit hit, queuing DM | {"userId":"concurrent_starter_49","planType":"starter","remaining":{"hourly":0,"monthly":49800}}
Γä╣∩╕Å [INFO] Rate limit hit, queuing DM | {"userId":"concurrent_starter_49","planType":"starter","remaining":{"hourly":0,"monthly":49800}}
Γä╣∩╕Å [INFO] Rate limit hit, queuing DM | {"userId":"concurrent_starter_49","planType":"starter","remaining":{"hourly":0,"monthly":49800}}
Γä╣∩╕Å [INFO] Rate limit hit, queuing DM | {"userId":"concurrent_starter_49","planType":"starter","remaining":{"hourly":0,"monthly":49800}}
Γä╣∩╕Å [INFO] Rate limit hit, queuing DM | {"userId":"concurrent_starter_49","planType":"starter","remaining":{"hourly":0,"monthly":49800}}
Γä╣∩╕Å [INFO] Rate limit hit, queuing DM | {"userId":"concurrent_starter_49","planType":"starter","remaining":{"hourly":0,"monthly":49800}}
Γä╣∩╕Å [INFO] Rate limit hit, queuing DM | {"userId":"concurrent_starter_49","planType":"starter","remaining":{"hourly":0,"monthly":49800}}
Γä╣∩╕Å [INFO] Rate limit hit, queuing DM | {"userId":"concurrent_starter_49","planType":"starter","remaining":{"hourly":0,"monthly":49800}}
Γä╣∩╕Å [INFO] Rate limit hit, queuing DM | {"userId":"concurrent_starter_49","planType":"starter","remaining":{"hourly":0,"monthly":49800}}
Γä╣∩╕Å [INFO] Rate limit hit, queuing DM | {"userId":"concurrent_starter_49","planType":"starter","remaining":{"hourly":0,"monthly":49800}}
Γä╣∩╕Å [INFO] Rate limit hit, queuing DM | {"userId":"concurrent_starter_49","planType":"starter","remaining":{"hourly":0,"monthly":49800}}
Γä╣∩╕Å [INFO] Rate limit hit, queuing DM | {"userId":"concurrent_starter_49","planType":"starter","remaining":{"hourly":0,"monthly":49800}}
Γä╣∩╕Å [INFO] Rate limit hit, queuing DM | {"userId":"concurrent_starter_49","planType":"starter","remaining":{"hourly":0,"monthly":49800}}
Γä╣∩╕Å [INFO] Rate limit hit, queuing DM | {"userId":"concurrent_starter_49","planType":"starter","remaining":{"hourly":0,"monthly":49800}}
Γä╣∩╕Å [INFO] Rate limit hit, queuing DM | {"userId":"concurrent_starter_49","planType":"starter","remaining":{"hourly":0,"monthly":49800}}
Γä╣∩╕Å [INFO] Rate limit hit, queuing DM | {"userId":"concurrent_starter_49","planType":"starter","remaining":{"hourly":0,"monthly":49800}}
Γä╣∩╕Å [INFO] Rate limit hit, queuing DM | {"userId":"concurrent_starter_49","planType":"starter","remaining":{"hourly":0,"monthly":49800}}
Γä╣∩╕Å [INFO] Rate limit hit, queuing DM | {"userId":"concurrent_starter_49","planType":"starter","remaining":{"hourly":0,"monthly":49800}}
Γä╣∩╕Å [INFO] Rate limit hit, queuing DM | {"userId":"concurrent_starter_49","planType":"starter","remaining":{"hourly":0,"monthly":49800}}
Γä╣∩╕Å [INFO] Rate limit hit, queuing DM | {"userId":"concurrent_starter_49","planType":"starter","remaining":{"hourly":0,"monthly":49800}}
Γä╣∩╕Å [INFO] Rate limit hit, queuing DM | {"userId":"concurrent_starter_49","planType":"starter","remaining":{"hourly":0,"monthly":49800}}
Γä╣∩╕Å [INFO] Rate limit hit, queuing DM | {"userId":"concurrent_starter_49","planType":"starter","remaining":{"hourly":0,"monthly":49800}}
Γä╣∩╕Å [INFO] Rate limit hit, queuing DM | {"userId":"concurrent_starter_49","planType":"starter","remaining":{"hourly":0,"monthly":49800}}
Γä╣∩╕Å [INFO] Rate limit hit, queuing DM | {"userId":"concurrent_starter_49","planType":"starter","remaining":{"hourly":0,"monthly":49800}}
Γä╣∩╕Å [INFO] Rate limit hit, queuing DM | {"userId":"concurrent_starter_49","planType":"starter","remaining":{"hourly":0,"monthly":49800}}
Γä╣∩╕Å [INFO] Rate limit hit, queuing DM | {"userId":"concurrent_starter_49","planType":"starter","remaining":{"hourly":0,"monthly":49800}}
Γä╣∩╕Å [INFO] Rate limit hit, queuing DM | {"userId":"concurrent_starter_49","planType":"starter","remaining":{"hourly":0,"monthly":49800}}
Γä╣∩╕Å [INFO] Rate limit hit, queuing DM | {"userId":"concurrent_starter_49","planType":"starter","remaining":{"hourly":0,"monthly":49800}}
Γä╣∩╕Å [INFO] Rate limit hit, queuing DM | {"userId":"concurrent_starter_49","planType":"starter","remaining":{"hourly":0,"monthly":49800}}
Γä╣∩╕Å [INFO] Rate limit hit, queuing DM | {"userId":"concurrent_starter_49","planType":"starter","remaining":{"hourly":0,"monthly":49800}}
Γä╣∩╕Å [INFO] Rate limit hit, queuing DM | {"userId":"concurrent_starter_49","planType":"starter","remaining":{"hourly":0,"monthly":49800}}
Γä╣∩╕Å [INFO] Rate limit hit, queuing DM | {"userId":"concurrent_starter_49","planType":"starter","remaining":{"hourly":0,"monthly":49800}}
Γä╣∩╕Å [INFO] Rate limit hit, queuing DM | {"userId":"concurrent_starter_49","planType":"starter","remaining":{"hourly":0,"monthly":49800}}
Γä╣∩╕Å [INFO] Rate limit hit, queuing DM | {"userId":"concurrent_starter_49","planType":"starter","remaining":{"hourly":0,"monthly":49800}}
Γä╣∩╕Å [INFO] Rate limit hit, queuing DM | {"userId":"concurrent_starter_49","planType":"starter","remaining":{"hourly":0,"monthly":49800}}

[90mstdout[2m | tests/lib/capacity-simulation.test.ts[2m > [22m[2m≡ƒÜÇ Capacity Simulation: Full System Load Test[2m > [22m[2m≡ƒæÑ Multi-User Concurrency[2m > [22m[2m50 concurrent Starter users ├ù 30 comments = 1,500 DMs
[22m[39mΓä╣∩╕Å [INFO] Rate limit hit, queuing DM | {"userId":"concurrent_starter_49","planType":"starter","remaining":{"hourly":0,"monthly":49800}}

[90mstdout[2m | tests/lib/capacity-simulation.test.ts[2m > [22m[2m≡ƒÜÇ Capacity Simulation: Full System Load Test[2m > [22m[2m≡ƒæÑ Multi-User Concurrency[2m > [22m[2m50 concurrent Starter users ├ù 30 comments = 1,500 DMs
[22m[39mΓä╣∩╕Å [INFO] Rate limit hit, queuing DM | {"userId":"concurrent_starter_49","planType":"starter","remaining":{"hourly":0,"monthly":49800}}
Γä╣∩╕Å [INFO] Rate limit hit, queuing DM | {"userId":"concurrent_starter_49","planType":"starter","remaining":{"hourly":0,"monthly":49800}}
Γä╣∩╕Å [INFO] Rate limit hit, queuing DM | {"userId":"concurrent_starter_49","planType":"starter","remaining":{"hourly":0,"monthly":49800}}
Γä╣∩╕Å [INFO] Rate limit hit, queuing DM | {"userId":"concurrent_starter_49","planType":"starter","remaining":{"hourly":0,"monthly":49800}}
Γä╣∩╕Å [INFO] Rate limit hit, queuing DM | {"userId":"concurrent_starter_49","planType":"starter","remaining":{"hourly":0,"monthly":49800}}
Γä╣∩╕Å [INFO] Rate limit hit, queuing DM | {"userId":"concurrent_starter_49","planType":"starter","remaining":{"hourly":0,"monthly":49800}}
Γä╣∩╕Å [INFO] Rate limit hit, queuing DM | {"userId":"concurrent_starter_49","planType":"starter","remaining":{"hourly":0,"monthly":49800}}
Γä╣∩╕Å [INFO] Rate limit hit, queuing DM | {"userId":"concurrent_starter_49","planType":"starter","remaining":{"hourly":0,"monthly":49800}}
Γä╣∩╕Å [INFO] Rate limit hit, queuing DM | {"userId":"concurrent_starter_49","planType":"starter","remaining":{"hourly":0,"monthly":49800}}
Γä╣∩╕Å [INFO] Rate limit hit, queuing DM | {"userId":"concurrent_starter_49","planType":"starter","remaining":{"hourly":0,"monthly":49800}}
Γä╣∩╕Å [INFO] Rate limit hit, queuing DM | {"userId":"concurrent_starter_49","planType":"starter","remaining":{"hourly":0,"monthly":49800}}
Γä╣∩╕Å [INFO] Rate limit hit, queuing DM | {"userId":"concurrent_starter_49","planType":"starter","remaining":{"hourly":0,"monthly":49800}}
Γä╣∩╕Å [INFO] Rate limit hit, queuing DM | {"userId":"concurrent_starter_49","planType":"starter","remaining":{"hourly":0,"monthly":49800}}
Γä╣∩╕Å [INFO] Rate limit hit, queuing DM | {"userId":"concurrent_starter_49","planType":"starter","remaining":{"hourly":0,"monthly":49800}}
Γä╣∩╕Å [INFO] Rate limit hit, queuing DM | {"userId":"concurrent_starter_49","planType":"starter","remaining":{"hourly":0,"monthly":49800}}
Γä╣∩╕Å [INFO] Rate limit hit, queuing DM | {"userId":"concurrent_starter_49","planType":"starter","remaining":{"hourly":0,"monthly":49800}}
Γä╣∩╕Å [INFO] Rate limit hit, queuing DM | {"userId":"concurrent_starter_49","planType":"starter","remaining":{"hourly":0,"monthly":49800}}
Γä╣∩╕Å [INFO] Rate limit hit, queuing DM | {"userId":"concurrent_starter_49","planType":"starter","remaining":{"hourly":0,"monthly":49800}}
Γä╣∩╕Å [INFO] Rate limit hit, queuing DM | {"userId":"concurrent_starter_49","planType":"starter","remaining":{"hourly":0,"monthly":49800}}
Γä╣∩╕Å [INFO] Rate limit hit, queuing DM | {"userId":"concurrent_starter_49","planType":"starter","remaining":{"hourly":0,"monthly":49800}}
Γä╣∩╕Å [INFO] Rate limit hit, queuing DM | {"userId":"concurrent_starter_49","planType":"starter","remaining":{"hourly":0,"monthly":49800}}
Γä╣∩╕Å [INFO] Rate limit hit, queuing DM | {"userId":"concurrent_starter_49","planType":"starter","remaining":{"hourly":0,"monthly":49800}}
Γä╣∩╕Å [INFO] Rate limit hit, queuing DM | {"userId":"concurrent_starter_49","planType":"starter","remaining":{"hourly":0,"monthly":49800}}
Γä╣∩╕Å [INFO] Rate limit hit, queuing DM | {"userId":"concurrent_starter_49","planType":"starter","remaining":{"hourly":0,"monthly":49800}}
Γä╣∩╕Å [INFO] Rate limit hit, queuing DM | {"userId":"concurrent_starter_49","planType":"starter","remaining":{"hourly":0,"monthly":49800}}
Γä╣∩╕Å [INFO] Rate limit hit, queuing DM | {"userId":"concurrent_starter_49","planType":"starter","remaining":{"hourly":0,"monthly":49800}}
Γä╣∩╕Å [INFO] Rate limit hit, queuing DM | {"userId":"concurrent_starter_49","planType":"starter","remaining":{"hourly":0,"monthly":49800}}
Γä╣∩╕Å [INFO] Rate limit hit, queuing DM | {"userId":"concurrent_starter_49","planType":"starter","remaining":{"hourly":0,"monthly":49800}}
Γä╣∩╕Å [INFO] Rate limit hit, queuing DM | {"userId":"concurrent_starter_49","planType":"starter","remaining":{"hourly":0,"monthly":49800}}
Γä╣∩╕Å [INFO] Rate limit hit, queuing DM | {"userId":"concurrent_starter_49","planType":"starter","remaining":{"hourly":0,"monthly":49800}}
Γä╣∩╕Å [INFO] Rate limit hit, queuing DM | {"userId":"concurrent_starter_49","planType":"starter","remaining":{"hourly":0,"monthly":49800}}
Γä╣∩╕Å [INFO] Rate limit hit, queuing DM | {"userId":"concurrent_starter_49","planType":"starter","remaining":{"hourly":0,"monthly":49800}}
Γä╣∩╕Å [INFO] Rate limit hit, queuing DM | {"userId":"concurrent_starter_49","planType":"starter","remaining":{"hourly":0,"monthly":49800}}
Γä╣∩╕Å [INFO] Rate limit hit, queuing DM | {"userId":"concurrent_starter_49","planType":"starter","remaining":{"hourly":0,"monthly":49800}}
Γä╣∩╕Å [INFO] Rate limit hit, queuing DM | {"userId":"concurrent_starter_49","planType":"starter","remaining":{"hourly":0,"monthly":49800}}
Γä╣∩╕Å [INFO] Rate limit hit, queuing DM | {"userId":"concurrent_starter_49","planType":"starter","remaining":{"hourly":0,"monthly":49800}}
Γä╣∩╕Å [INFO] Rate limit hit, queuing DM | {"userId":"concurrent_starter_49","planType":"starter","remaining":{"hourly":0,"monthly":49800}}
Γä╣∩╕Å [INFO] Rate limit hit, queuing DM | {"userId":"concurrent_starter_49","planType":"starter","remaining":{"hourly":0,"monthly":49800}}
Γä╣∩╕Å [INFO] Rate limit hit, queuing DM | {"userId":"concurrent_starter_49","planType":"starter","remaining":{"hourly":0,"monthly":49800}}
Γä╣∩╕Å [INFO] Rate limit hit, queuing DM | {"userId":"concurrent_starter_49","planType":"starter","remaining":{"hourly":0,"monthly":49800}}
Γä╣∩╕Å [INFO] Rate limit hit, queuing DM | {"userId":"concurrent_starter_49","planType":"starter","remaining":{"hourly":0,"monthly":49800}}
Γä╣∩╕Å [INFO] Rate limit hit, queuing DM | {"userId":"concurrent_starter_49","planType":"starter","remaining":{"hourly":0,"monthly":49800}}
Γä╣∩╕Å [INFO] Rate limit hit, queuing DM | {"userId":"concurrent_starter_49","planType":"starter","remaining":{"hourly":0,"monthly":49800}}
Γä╣∩╕Å [INFO] Rate limit hit, queuing DM | {"userId":"concurrent_starter_49","planType":"starter","remaining":{"hourly":0,"monthly":49800}}
Γä╣∩╕Å [INFO] Rate limit hit, queuing DM | {"userId":"concurrent_starter_49","planType":"starter","remaining":{"hourly":0,"monthly":49800}}
Γä╣∩╕Å [INFO] Rate limit hit, queuing DM | {"userId":"concurrent_starter_49","planType":"starter","remaining":{"hourly":0,"monthly":49800}}
Γä╣∩╕Å [INFO] Rate limit hit, queuing DM | {"userId":"concurrent_starter_49","planType":"starter","remaining":{"hourly":0,"monthly":49800}}
Γä╣∩╕Å [INFO] Rate limit hit, queuing DM | {"userId":"concurrent_starter_49","planType":"starter","remaining":{"hourly":0,"monthly":49800}}
Γä╣∩╕Å [INFO] Rate limit hit, queuing DM | {"userId":"concurrent_starter_49","planType":"starter","remaining":{"hourly":0,"monthly":49800}}

[90mstdout[2m | tests/lib/capacity-simulation.test.ts[2m > [22m[2m≡ƒÜÇ Capacity Simulation: Full System Load Test[2m > [22m[2m≡ƒæÑ Multi-User Concurrency[2m > [22m[2m50 concurrent Starter users ├ù 30 comments = 1,500 DMs
[22m[39mΓä╣∩╕Å [INFO] Rate limit hit, queuing DM | {"userId":"concurrent_starter_49","planType":"starter","remaining":{"hourly":0,"monthly":49800}}

[90mstdout[2m | tests/lib/capacity-simulation.test.ts[2m > [22m[2m≡ƒÜÇ Capacity Simulation: Full System Load Test[2m > [22m[2m≡ƒæÑ Multi-User Concurrency[2m > [22m[2m50 concurrent Starter users ├ù 30 comments = 1,500 DMs
[22m[39mΓä╣∩╕Å [INFO] Rate limit hit, queuing DM | {"userId":"concurrent_starter_49","planType":"starter","remaining":{"hourly":0,"monthly":49800}}
Γä╣∩╕Å [INFO] Rate limit hit, queuing DM | {"userId":"concurrent_starter_49","planType":"starter","remaining":{"hourly":0,"monthly":49800}}
Γä╣∩╕Å [INFO] Rate limit hit, queuing DM | {"userId":"concurrent_starter_49","planType":"starter","remaining":{"hourly":0,"monthly":49800}}
Γä╣∩╕Å [INFO] Rate limit hit, queuing DM | {"userId":"concurrent_starter_49","planType":"starter","remaining":{"hourly":0,"monthly":49800}}
Γä╣∩╕Å [INFO] Rate limit hit, queuing DM | {"userId":"concurrent_starter_49","planType":"starter","remaining":{"hourly":0,"monthly":49800}}
Γä╣∩╕Å [INFO] Rate limit hit, queuing DM | {"userId":"concurrent_starter_49","planType":"starter","remaining":{"hourly":0,"monthly":49800}}
Γä╣∩╕Å [INFO] Rate limit hit, queuing DM | {"userId":"concurrent_starter_49","planType":"starter","remaining":{"hourly":0,"monthly":49800}}
Γä╣∩╕Å [INFO] Rate limit hit, queuing DM | {"userId":"concurrent_starter_49","planType":"starter","remaining":{"hourly":0,"monthly":49800}}
Γä╣∩╕Å [INFO] Rate limit hit, queuing DM | {"userId":"concurrent_starter_49","planType":"starter","remaining":{"hourly":0,"monthly":49800}}
Γä╣∩╕Å [INFO] Rate limit hit, queuing DM | {"userId":"concurrent_starter_49","planType":"starter","remaining":{"hourly":0,"monthly":49800}}
Γä╣∩╕Å [INFO] Rate limit hit, queuing DM | {"userId":"concurrent_starter_49","planType":"starter","remaining":{"hourly":0,"monthly":49800}}
Γä╣∩╕Å [INFO] Rate limit hit, queuing DM | {"userId":"concurrent_starter_49","planType":"starter","remaining":{"hourly":0,"monthly":49800}}
Γä╣∩╕Å [INFO] Rate limit hit, queuing DM | {"userId":"concurrent_starter_49","planType":"starter","remaining":{"hourly":0,"monthly":49800}}
Γä╣∩╕Å [INFO] Rate limit hit, queuing DM | {"userId":"concurrent_starter_49","planType":"starter","remaining":{"hourly":0,"monthly":49800}}
Γä╣∩╕Å [INFO] Rate limit hit, queuing DM | {"userId":"concurrent_starter_49","planType":"starter","remaining":{"hourly":0,"monthly":49800}}
Γä╣∩╕Å [INFO] Rate limit hit, queuing DM | {"userId":"concurrent_starter_49","planType":"starter","remaining":{"hourly":0,"monthly":49800}}
Γä╣∩╕Å [INFO] Rate limit hit, queuing DM | {"userId":"concurrent_starter_49","planType":"starter","remaining":{"hourly":0,"monthly":49800}}
Γä╣∩╕Å [INFO] Rate limit hit, queuing DM | {"userId":"concurrent_starter_49","planType":"starter","remaining":{"hourly":0,"monthly":49800}}
Γä╣∩╕Å [INFO] Rate limit hit, queuing DM | {"userId":"concurrent_starter_49","planType":"starter","remaining":{"hourly":0,"monthly":49800}}
Γä╣∩╕Å [INFO] Rate limit hit, queuing DM | {"userId":"concurrent_starter_49","planType":"starter","remaining":{"hourly":0,"monthly":49800}}
Γä╣∩╕Å [INFO] Rate limit hit, queuing DM | {"userId":"concurrent_starter_49","planType":"starter","remaining":{"hourly":0,"monthly":49800}}
Γä╣∩╕Å [INFO] Rate limit hit, queuing DM | {"userId":"concurrent_starter_49","planType":"starter","remaining":{"hourly":0,"monthly":49800}}
Γä╣∩╕Å [INFO] Rate limit hit, queuing DM | {"userId":"concurrent_starter_49","planType":"starter","remaining":{"hourly":0,"monthly":49800}}
Γä╣∩╕Å [INFO] Rate limit hit, queuing DM | {"userId":"concurrent_starter_49","planType":"starter","remaining":{"hourly":0,"monthly":49800}}
Γä╣∩╕Å [INFO] Rate limit hit, queuing DM | {"userId":"concurrent_starter_49","planType":"starter","remaining":{"hourly":0,"monthly":49800}}
Γä╣∩╕Å [INFO] Rate limit hit, queuing DM | {"userId":"concurrent_starter_49","planType":"starter","remaining":{"hourly":0,"monthly":49800}}
Γä╣∩╕Å [INFO] Rate limit hit, queuing DM | {"userId":"concurrent_starter_49","planType":"starter","remaining":{"hourly":0,"monthly":49800}}
Γä╣∩╕Å [INFO] Rate limit hit, queuing DM | {"userId":"concurrent_starter_49","planType":"starter","remaining":{"hourly":0,"monthly":49800}}
Γä╣∩╕Å [INFO] Rate limit hit, queuing DM | {"userId":"concurrent_starter_49","planType":"starter","remaining":{"hourly":0,"monthly":49800}}
Γä╣∩╕Å [INFO] Rate limit hit, queuing DM | {"userId":"concurrent_starter_49","planType":"starter","remaining":{"hourly":0,"monthly":49800}}
Γä╣∩╕Å [INFO] Rate limit hit, queuing DM | {"userId":"concurrent_starter_49","planType":"starter","remaining":{"hourly":0,"monthly":49800}}
Γä╣∩╕Å [INFO] Rate limit hit, queuing DM | {"userId":"concurrent_starter_49","planType":"starter","remaining":{"hourly":0,"monthly":49800}}
Γä╣∩╕Å [INFO] Rate limit hit, queuing DM | {"userId":"concurrent_starter_49","planType":"starter","remaining":{"hourly":0,"monthly":49800}}
Γä╣∩╕Å [INFO] Rate limit hit, queuing DM | {"userId":"concurrent_starter_49","planType":"starter","remaining":{"hourly":0,"monthly":49800}}
Γä╣∩╕Å [INFO] Rate limit hit, queuing DM | {"userId":"concurrent_starter_49","planType":"starter","remaining":{"hourly":0,"monthly":49800}}
Γä╣∩╕Å [INFO] Rate limit hit, queuing DM | {"userId":"concurrent_starter_49","planType":"starter","remaining":{"hourly":0,"monthly":49800}}
Γä╣∩╕Å [INFO] Rate limit hit, queuing DM | {"userId":"concurrent_starter_49","planType":"starter","remaining":{"hourly":0,"monthly":49800}}
Γä╣∩╕Å [INFO] Rate limit hit, queuing DM | {"userId":"concurrent_starter_49","planType":"starter","remaining":{"hourly":0,"monthly":49800}}
Γä╣∩╕Å [INFO] Rate limit hit, queuing DM | {"userId":"concurrent_starter_49","planType":"starter","remaining":{"hourly":0,"monthly":49800}}
Γä╣∩╕Å [INFO] Rate limit hit, queuing DM | {"userId":"concurrent_starter_49","planType":"starter","remaining":{"hourly":0,"monthly":49800}}
Γä╣∩╕Å [INFO] Rate limit hit, queuing DM | {"userId":"concurrent_starter_49","planType":"starter","remaining":{"hourly":0,"monthly":49800}}
Γä╣∩╕Å [INFO] Rate limit hit, queuing DM | {"userId":"concurrent_starter_49","planType":"starter","remaining":{"hourly":0,"monthly":49800}}
Γä╣∩╕Å [INFO] Rate limit hit, queuing DM | {"userId":"concurrent_starter_49","planType":"starter","remaining":{"hourly":0,"monthly":49800}}
Γä╣∩╕Å [INFO] Rate limit hit, queuing DM | {"userId":"concurrent_starter_49","planType":"starter","remaining":{"hourly":0,"monthly":49800}}
Γä╣∩╕Å [INFO] Rate limit hit, queuing DM | {"userId":"concurrent_starter_49","planType":"starter","remaining":{"hourly":0,"monthly":49800}}
Γä╣∩╕Å [INFO] Rate limit hit, queuing DM | {"userId":"concurrent_starter_49","planType":"starter","remaining":{"hourly":0,"monthly":49800}}
Γä╣∩╕Å [INFO] Rate limit hit, queuing DM | {"userId":"concurrent_starter_49","planType":"starter","remaining":{"hourly":0,"monthly":49800}}
Γä╣∩╕Å [INFO] Rate limit hit, queuing DM | {"userId":"concurrent_starter_49","planType":"starter","remaining":{"hourly":0,"monthly":49800}}
Γä╣∩╕Å [INFO] Rate limit hit, queuing DM | {"userId":"concurrent_starter_49","planType":"starter","remaining":{"hourly":0,"monthly":49800}}

[90mstdout[2m | tests/lib/capacity-simulation.test.ts[2m > [22m[2m≡ƒÜÇ Capacity Simulation: Full System Load Test[2m > [22m[2m≡ƒæÑ Multi-User Concurrency[2m > [22m[2m50 concurrent Starter users ├ù 30 comments = 1,500 DMs
[22m[39mΓä╣∩╕Å [INFO] Rate limit hit, queuing DM | {"userId":"concurrent_starter_49","planType":"starter","remaining":{"hourly":0,"monthly":49800}}

[90mstdout[2m | tests/lib/capacity-simulation.test.ts[2m > [22m[2m≡ƒÜÇ Capacity Simulation: Full System Load Test[2m > [22m[2m≡ƒæÑ Multi-User Concurrency[2m > [22m[2m50 concurrent Starter users ├ù 30 comments = 1,500 DMs
[22m[39mΓä╣∩╕Å [INFO] Rate limit hit, queuing DM | {"userId":"concurrent_starter_49","planType":"starter","remaining":{"hourly":0,"monthly":49800}}
Γä╣∩╕Å [INFO] Rate limit hit, queuing DM | {"userId":"concurrent_starter_49","planType":"starter","remaining":{"hourly":0,"monthly":49800}}
Γä╣∩╕Å [INFO] Rate limit hit, queuing DM | {"userId":"concurrent_starter_49","planType":"starter","remaining":{"hourly":0,"monthly":49800}}
Γä╣∩╕Å [INFO] Rate limit hit, queuing DM | {"userId":"concurrent_starter_49","planType":"starter","remaining":{"hourly":0,"monthly":49800}}
Γä╣∩╕Å [INFO] Rate limit hit, queuing DM | {"userId":"concurrent_starter_49","planType":"starter","remaining":{"hourly":0,"monthly":49800}}
Γä╣∩╕Å [INFO] Rate limit hit, queuing DM | {"userId":"concurrent_starter_49","planType":"starter","remaining":{"hourly":0,"monthly":49800}}
Γä╣∩╕Å [INFO] Rate limit hit, queuing DM | {"userId":"concurrent_starter_49","planType":"starter","remaining":{"hourly":0,"monthly":49800}}
Γä╣∩╕Å [INFO] Rate limit hit, queuing DM | {"userId":"concurrent_starter_49","planType":"starter","remaining":{"hourly":0,"monthly":49800}}
Γä╣∩╕Å [INFO] Rate limit hit, queuing DM | {"userId":"concurrent_starter_49","planType":"starter","remaining":{"hourly":0,"monthly":49800}}
Γä╣∩╕Å [INFO] Rate limit hit, queuing DM | {"userId":"concurrent_starter_49","planType":"starter","remaining":{"hourly":0,"monthly":49800}}
Γä╣∩╕Å [INFO] Rate limit hit, queuing DM | {"userId":"concurrent_starter_49","planType":"starter","remaining":{"hourly":0,"monthly":49800}}
Γä╣∩╕Å [INFO] Rate limit hit, queuing DM | {"userId":"concurrent_starter_49","planType":"starter","remaining":{"hourly":0,"monthly":49800}}
Γä╣∩╕Å [INFO] Rate limit hit, queuing DM | {"userId":"concurrent_starter_49","planType":"starter","remaining":{"hourly":0,"monthly":49800}}
Γä╣∩╕Å [INFO] Rate limit hit, queuing DM | {"userId":"concurrent_starter_49","planType":"starter","remaining":{"hourly":0,"monthly":49800}}
Γä╣∩╕Å [INFO] Rate limit hit, queuing DM | {"userId":"concurrent_starter_49","planType":"starter","remaining":{"hourly":0,"monthly":49800}}
Γä╣∩╕Å [INFO] Rate limit hit, queuing DM | {"userId":"concurrent_starter_49","planType":"starter","remaining":{"hourly":0,"monthly":49800}}
Γä╣∩╕Å [INFO] Rate limit hit, queuing DM | {"userId":"concurrent_starter_49","planType":"starter","remaining":{"hourly":0,"monthly":49800}}
Γä╣∩╕Å [INFO] Rate limit hit, queuing DM | {"userId":"concurrent_starter_49","planType":"starter","remaining":{"hourly":0,"monthly":49800}}
Γä╣∩╕Å [INFO] Rate limit hit, queuing DM | {"userId":"concurrent_starter_49","planType":"starter","remaining":{"hourly":0,"monthly":49800}}
Γä╣∩╕Å [INFO] Rate limit hit, queuing DM | {"userId":"concurrent_starter_49","planType":"starter","remaining":{"hourly":0,"monthly":49800}}
Γä╣∩╕Å [INFO] Rate limit hit, queuing DM | {"userId":"concurrent_starter_49","planType":"starter","remaining":{"hourly":0,"monthly":49800}}
Γä╣∩╕Å [INFO] Rate limit hit, queuing DM | {"userId":"concurrent_starter_49","planType":"starter","remaining":{"hourly":0,"monthly":49800}}
Γä╣∩╕Å [INFO] Rate limit hit, queuing DM | {"userId":"concurrent_starter_49","planType":"starter","remaining":{"hourly":0,"monthly":49800}}
Γä╣∩╕Å [INFO] Rate limit hit, queuing DM | {"userId":"concurrent_starter_49","planType":"starter","remaining":{"hourly":0,"monthly":49800}}
Γä╣∩╕Å [INFO] Rate limit hit, queuing DM | {"userId":"concurrent_starter_49","planType":"starter","remaining":{"hourly":0,"monthly":49800}}
Γä╣∩╕Å [INFO] Rate limit hit, queuing DM | {"userId":"concurrent_starter_49","planType":"starter","remaining":{"hourly":0,"monthly":49800}}
Γä╣∩╕Å [INFO] Rate limit hit, queuing DM | {"userId":"concurrent_starter_49","planType":"starter","remaining":{"hourly":0,"monthly":49800}}
Γä╣∩╕Å [INFO] Rate limit hit, queuing DM | {"userId":"concurrent_starter_49","planType":"starter","remaining":{"hourly":0,"monthly":49800}}
Γä╣∩╕Å [INFO] Rate limit hit, queuing DM | {"userId":"concurrent_starter_49","planType":"starter","remaining":{"hourly":0,"monthly":49800}}
Γä╣∩╕Å [INFO] Rate limit hit, queuing DM | {"userId":"concurrent_starter_49","planType":"starter","remaining":{"hourly":0,"monthly":49800}}
Γä╣∩╕Å [INFO] Rate limit hit, queuing DM | {"userId":"concurrent_starter_49","planType":"starter","remaining":{"hourly":0,"monthly":49800}}
Γä╣∩╕Å [INFO] Rate limit hit, queuing DM | {"userId":"concurrent_starter_49","planType":"starter","remaining":{"hourly":0,"monthly":49800}}
Γä╣∩╕Å [INFO] Rate limit hit, queuing DM | {"userId":"concurrent_starter_49","planType":"starter","remaining":{"hourly":0,"monthly":49800}}
Γä╣∩╕Å [INFO] Rate limit hit, queuing DM | {"userId":"concurrent_starter_49","planType":"starter","remaining":{"hourly":0,"monthly":49800}}
Γä╣∩╕Å [INFO] Rate limit hit, queuing DM | {"userId":"concurrent_starter_49","planType":"starter","remaining":{"hourly":0,"monthly":49800}}
Γä╣∩╕Å [INFO] Rate limit hit, queuing DM | {"userId":"concurrent_starter_49","planType":"starter","remaining":{"hourly":0,"monthly":49800}}
Γä╣∩╕Å [INFO] Rate limit hit, queuing DM | {"userId":"concurrent_starter_49","planType":"starter","remaining":{"hourly":0,"monthly":49800}}
Γä╣∩╕Å [INFO] Rate limit hit, queuing DM | {"userId":"concurrent_starter_49","planType":"starter","remaining":{"hourly":0,"monthly":49800}}
Γä╣∩╕Å [INFO] Rate limit hit, queuing DM | {"userId":"concurrent_starter_49","planType":"starter","remaining":{"hourly":0,"monthly":49800}}
Γä╣∩╕Å [INFO] Rate limit hit, queuing DM | {"userId":"concurrent_starter_49","planType":"starter","remaining":{"hourly":0,"monthly":49800}}
Γä╣∩╕Å [INFO] Rate limit hit, queuing DM | {"userId":"concurrent_starter_49","planType":"starter","remaining":{"hourly":0,"monthly":49800}}
Γä╣∩╕Å [INFO] Rate limit hit, queuing DM | {"userId":"concurrent_starter_49","planType":"starter","remaining":{"hourly":0,"monthly":49800}}
Γä╣∩╕Å [INFO] Rate limit hit, queuing DM | {"userId":"concurrent_starter_49","planType":"starter","remaining":{"hourly":0,"monthly":49800}}
Γä╣∩╕Å [INFO] Rate limit hit, queuing DM | {"userId":"concurrent_starter_49","planType":"starter","remaining":{"hourly":0,"monthly":49800}}
Γä╣∩╕Å [INFO] Rate limit hit, queuing DM | {"userId":"concurrent_starter_49","planType":"starter","remaining":{"hourly":0,"monthly":49800}}
Γä╣∩╕Å [INFO] Rate limit hit, queuing DM | {"userId":"concurrent_starter_49","planType":"starter","remaining":{"hourly":0,"monthly":49800}}
Γä╣∩╕Å [INFO] Rate limit hit, queuing DM | {"userId":"concurrent_starter_49","planType":"starter","remaining":{"hourly":0,"monthly":49800}}
Γä╣∩╕Å [INFO] Rate limit hit, queuing DM | {"userId":"concurrent_starter_49","planType":"starter","remaining":{"hourly":0,"monthly":49800}}
Γä╣∩╕Å [INFO] Rate limit hit, queuing DM | {"userId":"concurrent_starter_49","planType":"starter","remaining":{"hourly":0,"monthly":49800}}

[90mstdout[2m | tests/lib/capacity-simulation.test.ts[2m > [22m[2m≡ƒÜÇ Capacity Simulation: Full System Load Test[2m > [22m[2m≡ƒæÑ Multi-User Concurrency[2m > [22m[2m50 concurrent Starter users ├ù 30 comments = 1,500 DMs
[22m[39mΓä╣∩╕Å [INFO] Rate limit hit, queuing DM | {"userId":"concurrent_starter_49","planType":"starter","remaining":{"hourly":0,"monthly":49800}}

[90mstdout[2m | tests/lib/capacity-simulation.test.ts[2m > [22m[2m≡ƒÜÇ Capacity Simulation: Full System Load Test[2m > [22m[2m≡ƒæÑ Multi-User Concurrency[2m > [22m[2m50 concurrent Starter users ├ù 30 comments = 1,500 DMs
[22m[39mΓä╣∩╕Å [INFO] Rate limit hit, queuing DM | {"userId":"concurrent_starter_49","planType":"starter","remaining":{"hourly":0,"monthly":49800}}
Γä╣∩╕Å [INFO] Rate limit hit, queuing DM | {"userId":"concurrent_starter_49","planType":"starter","remaining":{"hourly":0,"monthly":49800}}
Γä╣∩╕Å [INFO] Rate limit hit, queuing DM | {"userId":"concurrent_starter_49","planType":"starter","remaining":{"hourly":0,"monthly":49800}}
Γä╣∩╕Å [INFO] Rate limit hit, queuing DM | {"userId":"concurrent_starter_49","planType":"starter","remaining":{"hourly":0,"monthly":49800}}
Γä╣∩╕Å [INFO] Rate limit hit, queuing DM | {"userId":"concurrent_starter_49","planType":"starter","remaining":{"hourly":0,"monthly":49800}}
Γä╣∩╕Å [INFO] Rate limit hit, queuing DM | {"userId":"concurrent_starter_49","planType":"starter","remaining":{"hourly":0,"monthly":49800}}
Γä╣∩╕Å [INFO] Rate limit hit, queuing DM | {"userId":"concurrent_starter_49","planType":"starter","remaining":{"hourly":0,"monthly":49800}}
Γä╣∩╕Å [INFO] Rate limit hit, queuing DM | {"userId":"concurrent_starter_49","planType":"starter","remaining":{"hourly":0,"monthly":49800}}
Γä╣∩╕Å [INFO] Rate limit hit, queuing DM | {"userId":"concurrent_starter_49","planType":"starter","remaining":{"hourly":0,"monthly":49800}}
Γä╣∩╕Å [INFO] Rate limit hit, queuing DM | {"userId":"concurrent_starter_49","planType":"starter","remaining":{"hourly":0,"monthly":49800}}
Γä╣∩╕Å [INFO] Rate limit hit, queuing DM | {"userId":"concurrent_starter_49","planType":"starter","remaining":{"hourly":0,"monthly":49800}}
Γä╣∩╕Å [INFO] Rate limit hit, queuing DM | {"userId":"concurrent_starter_49","planType":"starter","remaining":{"hourly":0,"monthly":49800}}
Γä╣∩╕Å [INFO] Rate limit hit, queuing DM | {"userId":"concurrent_starter_49","planType":"starter","remaining":{"hourly":0,"monthly":49800}}
Γä╣∩╕Å [INFO] Rate limit hit, queuing DM | {"userId":"concurrent_starter_49","planType":"starter","remaining":{"hourly":0,"monthly":49800}}
Γä╣∩╕Å [INFO] Rate limit hit, queuing DM | {"userId":"concurrent_starter_49","planType":"starter","remaining":{"hourly":0,"monthly":49800}}
Γä╣∩╕Å [INFO] Rate limit hit, queuing DM | {"userId":"concurrent_starter_49","planType":"starter","remaining":{"hourly":0,"monthly":49800}}
Γä╣∩╕Å [INFO] Rate limit hit, queuing DM | {"userId":"concurrent_starter_49","planType":"starter","remaining":{"hourly":0,"monthly":49800}}
Γä╣∩╕Å [INFO] Rate limit hit, queuing DM | {"userId":"concurrent_starter_49","planType":"starter","remaining":{"hourly":0,"monthly":49800}}
Γä╣∩╕Å [INFO] Rate limit hit, queuing DM | {"userId":"concurrent_starter_49","planType":"starter","remaining":{"hourly":0,"monthly":49800}}
Γä╣∩╕Å [INFO] Rate limit hit, queuing DM | {"userId":"concurrent_starter_49","planType":"starter","remaining":{"hourly":0,"monthly":49800}}
Γä╣∩╕Å [INFO] Rate limit hit, queuing DM | {"userId":"concurrent_starter_49","planType":"starter","remaining":{"hourly":0,"monthly":49800}}
Γä╣∩╕Å [INFO] Rate limit hit, queuing DM | {"userId":"concurrent_starter_49","planType":"starter","remaining":{"hourly":0,"monthly":49800}}
Γä╣∩╕Å [INFO] Rate limit hit, queuing DM | {"userId":"concurrent_starter_49","planType":"starter","remaining":{"hourly":0,"monthly":49800}}
Γä╣∩╕Å [INFO] Rate limit hit, queuing DM | {"userId":"concurrent_starter_49","planType":"starter","remaining":{"hourly":0,"monthly":49800}}
Γä╣∩╕Å [INFO] Rate limit hit, queuing DM | {"userId":"concurrent_starter_49","planType":"starter","remaining":{"hourly":0,"monthly":49800}}
Γä╣∩╕Å [INFO] Rate limit hit, queuing DM | {"userId":"concurrent_starter_49","planType":"starter","remaining":{"hourly":0,"monthly":49800}}
Γä╣∩╕Å [INFO] Rate limit hit, queuing DM | {"userId":"concurrent_starter_49","planType":"starter","remaining":{"hourly":0,"monthly":49800}}
Γä╣∩╕Å [INFO] Rate limit hit, queuing DM | {"userId":"concurrent_starter_49","planType":"starter","remaining":{"hourly":0,"monthly":49800}}
Γä╣∩╕Å [INFO] Rate limit hit, queuing DM | {"userId":"concurrent_starter_49","planType":"starter","remaining":{"hourly":0,"monthly":49800}}
Γä╣∩╕Å [INFO] Rate limit hit, queuing DM | {"userId":"concurrent_starter_49","planType":"starter","remaining":{"hourly":0,"monthly":49800}}
Γä╣∩╕Å [INFO] Rate limit hit, queuing DM | {"userId":"concurrent_starter_49","planType":"starter","remaining":{"hourly":0,"monthly":49800}}
Γä╣∩╕Å [INFO] Rate limit hit, queuing DM | {"userId":"concurrent_starter_49","planType":"starter","remaining":{"hourly":0,"monthly":49800}}
Γä╣∩╕Å [INFO] Rate limit hit, queuing DM | {"userId":"concurrent_starter_49","planType":"starter","remaining":{"hourly":0,"monthly":49800}}
Γä╣∩╕Å [INFO] Rate limit hit, queuing DM | {"userId":"concurrent_starter_49","planType":"starter","remaining":{"hourly":0,"monthly":49800}}
Γä╣∩╕Å [INFO] Rate limit hit, queuing DM | {"userId":"concurrent_starter_49","planType":"starter","remaining":{"hourly":0,"monthly":49800}}
Γä╣∩╕Å [INFO] Rate limit hit, queuing DM | {"userId":"concurrent_starter_49","planType":"starter","remaining":{"hourly":0,"monthly":49800}}
Γä╣∩╕Å [INFO] Rate limit hit, queuing DM | {"userId":"concurrent_starter_49","planType":"starter","remaining":{"hourly":0,"monthly":49800}}
Γä╣∩╕Å [INFO] Rate limit hit, queuing DM | {"userId":"concurrent_starter_49","planType":"starter","remaining":{"hourly":0,"monthly":49800}}
Γä╣∩╕Å [INFO] Rate limit hit, queuing DM | {"userId":"concurrent_starter_49","planType":"starter","remaining":{"hourly":0,"monthly":49800}}
Γä╣∩╕Å [INFO] Rate limit hit, queuing DM | {"userId":"concurrent_starter_49","planType":"starter","remaining":{"hourly":0,"monthly":49800}}
Γä╣∩╕Å [INFO] Rate limit hit, queuing DM | {"userId":"concurrent_starter_49","planType":"starter","remaining":{"hourly":0,"monthly":49800}}
Γä╣∩╕Å [INFO] Rate limit hit, queuing DM | {"userId":"concurrent_starter_49","planType":"starter","remaining":{"hourly":0,"monthly":49800}}
Γä╣∩╕Å [INFO] Rate limit hit, queuing DM | {"userId":"concurrent_starter_49","planType":"starter","remaining":{"hourly":0,"monthly":49800}}
Γä╣∩╕Å [INFO] Rate limit hit, queuing DM | {"userId":"concurrent_starter_49","planType":"starter","remaining":{"hourly":0,"monthly":49800}}
Γä╣∩╕Å [INFO] Rate limit hit, queuing DM | {"userId":"concurrent_starter_49","planType":"starter","remaining":{"hourly":0,"monthly":49800}}
Γä╣∩╕Å [INFO] Rate limit hit, queuing DM | {"userId":"concurrent_starter_49","planType":"starter","remaining":{"hourly":0,"monthly":49800}}
Γä╣∩╕Å [INFO] Rate limit hit, queuing DM | {"userId":"concurrent_starter_49","planType":"starter","remaining":{"hourly":0,"monthly":49800}}
Γä╣∩╕Å [INFO] Rate limit hit, queuing DM | {"userId":"concurrent_starter_49","planType":"starter","remaining":{"hourly":0,"monthly":49800}}

[90mstdout[2m | tests/lib/capacity-simulation.test.ts[2m > [22m[2m≡ƒÜÇ Capacity Simulation: Full System Load Test[2m > [22m[2m≡ƒæÑ Multi-User Concurrency[2m > [22m[2m50 concurrent Starter users ├ù 30 comments = 1,500 DMs
[22m[39mΓä╣∩╕Å [INFO] Rate limit hit, queuing DM | {"userId":"concurrent_starter_49","planType":"starter","remaining":{"hourly":0,"monthly":49800}}

[90mstdout[2m | tests/lib/capacity-simulation.test.ts[2m > [22m[2m≡ƒÜÇ Capacity Simulation: Full System Load Test[2m > [22m[2m≡ƒæÑ Multi-User Concurrency[2m > [22m[2m50 concurrent Starter users ├ù 30 comments = 1,500 DMs
[22m[39mΓä╣∩╕Å [INFO] Rate limit hit, queuing DM | {"userId":"concurrent_starter_49","planType":"starter","remaining":{"hourly":0,"monthly":49800}}
Γä╣∩╕Å [INFO] Rate limit hit, queuing DM | {"userId":"concurrent_starter_49","planType":"starter","remaining":{"hourly":0,"monthly":49800}}
Γä╣∩╕Å [INFO] Rate limit hit, queuing DM | {"userId":"concurrent_starter_49","planType":"starter","remaining":{"hourly":0,"monthly":49800}}
Γä╣∩╕Å [INFO] Rate limit hit, queuing DM | {"userId":"concurrent_starter_49","planType":"starter","remaining":{"hourly":0,"monthly":49800}}
Γä╣∩╕Å [INFO] Rate limit hit, queuing DM | {"userId":"concurrent_starter_49","planType":"starter","remaining":{"hourly":0,"monthly":49800}}
Γä╣∩╕Å [INFO] Rate limit hit, queuing DM | {"userId":"concurrent_starter_49","planType":"starter","remaining":{"hourly":0,"monthly":49800}}
Γä╣∩╕Å [INFO] Rate limit hit, queuing DM | {"userId":"concurrent_starter_49","planType":"starter","remaining":{"hourly":0,"monthly":49800}}
Γä╣∩╕Å [INFO] Rate limit hit, queuing DM | {"userId":"concurrent_starter_49","planType":"starter","remaining":{"hourly":0,"monthly":49800}}
Γä╣∩╕Å [INFO] Rate limit hit, queuing DM | {"userId":"concurrent_starter_49","planType":"starter","remaining":{"hourly":0,"monthly":49800}}
Γä╣∩╕Å [INFO] Rate limit hit, queuing DM | {"userId":"concurrent_starter_49","planType":"starter","remaining":{"hourly":0,"monthly":49800}}
Γä╣∩╕Å [INFO] Rate limit hit, queuing DM | {"userId":"concurrent_starter_49","planType":"starter","remaining":{"hourly":0,"monthly":49800}}
Γä╣∩╕Å [INFO] Rate limit hit, queuing DM | {"userId":"concurrent_starter_49","planType":"starter","remaining":{"hourly":0,"monthly":49800}}
Γä╣∩╕Å [INFO] Rate limit hit, queuing DM | {"userId":"concurrent_starter_49","planType":"starter","remaining":{"hourly":0,"monthly":49800}}
Γä╣∩╕Å [INFO] Rate limit hit, queuing DM | {"userId":"concurrent_starter_49","planType":"starter","remaining":{"hourly":0,"monthly":49800}}
Γä╣∩╕Å [INFO] Rate limit hit, queuing DM | {"userId":"concurrent_starter_49","planType":"starter","remaining":{"hourly":0,"monthly":49800}}
Γä╣∩╕Å [INFO] Rate limit hit, queuing DM | {"userId":"concurrent_starter_49","planType":"starter","remaining":{"hourly":0,"monthly":49800}}
Γä╣∩╕Å [INFO] Rate limit hit, queuing DM | {"userId":"concurrent_starter_49","planType":"starter","remaining":{"hourly":0,"monthly":49800}}
Γä╣∩╕Å [INFO] Rate limit hit, queuing DM | {"userId":"concurrent_starter_49","planType":"starter","remaining":{"hourly":0,"monthly":49800}}
Γä╣∩╕Å [INFO] Rate limit hit, queuing DM | {"userId":"concurrent_starter_49","planType":"starter","remaining":{"hourly":0,"monthly":49800}}
Γä╣∩╕Å [INFO] Rate limit hit, queuing DM | {"userId":"concurrent_starter_49","planType":"starter","remaining":{"hourly":0,"monthly":49800}}
Γä╣∩╕Å [INFO] Rate limit hit, queuing DM | {"userId":"concurrent_starter_49","planType":"starter","remaining":{"hourly":0,"monthly":49800}}
Γä╣∩╕Å [INFO] Rate limit hit, queuing DM | {"userId":"concurrent_starter_49","planType":"starter","remaining":{"hourly":0,"monthly":49800}}
Γä╣∩╕Å [INFO] Rate limit hit, queuing DM | {"userId":"concurrent_starter_49","planType":"starter","remaining":{"hourly":0,"monthly":49800}}
Γä╣∩╕Å [INFO] Rate limit hit, queuing DM | {"userId":"concurrent_starter_49","planType":"starter","remaining":{"hourly":0,"monthly":49800}}
Γä╣∩╕Å [INFO] Rate limit hit, queuing DM | {"userId":"concurrent_starter_49","planType":"starter","remaining":{"hourly":0,"monthly":49800}}
Γä╣∩╕Å [INFO] Rate limit hit, queuing DM | {"userId":"concurrent_starter_49","planType":"starter","remaining":{"hourly":0,"monthly":49800}}
Γä╣∩╕Å [INFO] Rate limit hit, queuing DM | {"userId":"concurrent_starter_49","planType":"starter","remaining":{"hourly":0,"monthly":49800}}
Γä╣∩╕Å [INFO] Rate limit hit, queuing DM | {"userId":"concurrent_starter_49","planType":"starter","remaining":{"hourly":0,"monthly":49800}}
Γä╣∩╕Å [INFO] Rate limit hit, queuing DM | {"userId":"concurrent_starter_49","planType":"starter","remaining":{"hourly":0,"monthly":49800}}
Γä╣∩╕Å [INFO] Rate limit hit, queuing DM | {"userId":"concurrent_starter_49","planType":"starter","remaining":{"hourly":0,"monthly":49800}}
Γä╣∩╕Å [INFO] Rate limit hit, queuing DM | {"userId":"concurrent_starter_49","planType":"starter","remaining":{"hourly":0,"monthly":49800}}
Γä╣∩╕Å [INFO] Rate limit hit, queuing DM | {"userId":"concurrent_starter_49","planType":"starter","remaining":{"hourly":0,"monthly":49800}}
Γä╣∩╕Å [INFO] Rate limit hit, queuing DM | {"userId":"concurrent_starter_49","planType":"starter","remaining":{"hourly":0,"monthly":49800}}
Γä╣∩╕Å [INFO] Rate limit hit, queuing DM | {"userId":"concurrent_starter_49","planType":"starter","remaining":{"hourly":0,"monthly":49800}}
Γä╣∩╕Å [INFO] Rate limit hit, queuing DM | {"userId":"concurrent_starter_49","planType":"starter","remaining":{"hourly":0,"monthly":49800}}
Γä╣∩╕Å [INFO] Rate limit hit, queuing DM | {"userId":"concurrent_starter_49","planType":"starter","remaining":{"hourly":0,"monthly":49800}}
Γä╣∩╕Å [INFO] Rate limit hit, queuing DM | {"userId":"concurrent_starter_49","planType":"starter","remaining":{"hourly":0,"monthly":49800}}
Γä╣∩╕Å [INFO] Rate limit hit, queuing DM | {"userId":"concurrent_starter_49","planType":"starter","remaining":{"hourly":0,"monthly":49800}}
Γä╣∩╕Å [INFO] Rate limit hit, queuing DM | {"userId":"concurrent_starter_49","planType":"starter","remaining":{"hourly":0,"monthly":49800}}
Γä╣∩╕Å [INFO] Rate limit hit, queuing DM | {"userId":"concurrent_starter_49","planType":"starter","remaining":{"hourly":0,"monthly":49800}}
Γä╣∩╕Å [INFO] Rate limit hit, queuing DM | {"userId":"concurrent_starter_49","planType":"starter","remaining":{"hourly":0,"monthly":49800}}
Γä╣∩╕Å [INFO] Rate limit hit, queuing DM | {"userId":"concurrent_starter_49","planType":"starter","remaining":{"hourly":0,"monthly":49800}}
Γä╣∩╕Å [INFO] Rate limit hit, queuing DM | {"userId":"concurrent_starter_49","planType":"starter","remaining":{"hourly":0,"monthly":49800}}
Γä╣∩╕Å [INFO] Rate limit hit, queuing DM | {"userId":"concurrent_starter_49","planType":"starter","remaining":{"hourly":0,"monthly":49800}}
Γä╣∩╕Å [INFO] Rate limit hit, queuing DM | {"userId":"concurrent_starter_49","planType":"starter","remaining":{"hourly":0,"monthly":49800}}
Γä╣∩╕Å [INFO] Rate limit hit, queuing DM | {"userId":"concurrent_starter_49","planType":"starter","remaining":{"hourly":0,"monthly":49800}}
Γä╣∩╕Å [INFO] Rate limit hit, queuing DM | {"userId":"concurrent_starter_49","planType":"starter","remaining":{"hourly":0,"monthly":49800}}
Γä╣∩╕Å [INFO] Rate limit hit, queuing DM | {"userId":"concurrent_starter_49","planType":"starter","remaining":{"hourly":0,"monthly":49800}}

[90mstdout[2m | tests/lib/capacity-simulation.test.ts[2m > [22m[2m≡ƒÜÇ Capacity Simulation: Full System Load Test[2m > [22m[2m≡ƒæÑ Multi-User Concurrency[2m > [22m[2m50 concurrent Starter users ├ù 30 comments = 1,500 DMs
[22m[39m
≡ƒæÑ CONCURRENT STARTER USERS (50 users ├ù 30 comments):
   Γö£ΓöÇ Total DMs sent: 249
   ΓööΓöÇ Per user avg:   4.98

 [31m├ù[39m tests/lib/capacity-simulation.test.ts[2m > [22m≡ƒÜÇ Capacity Simulation: Full System Load Test[2m > [22m≡ƒæÑ Multi-User Concurrency[2m > [22m10 concurrent Free users ├ù 50 comments = 500 DMs[32m 74[2mms[22m[39m
[31m   ΓåÆ expected 209 to be 500 // Object.is equality[39m
[90mstdout[2m | tests/lib/capacity-simulation.test.ts[2m > [22m[2m≡ƒÜÇ Capacity Simulation: Full System Load Test[2m > [22m[2m≡ƒæÑ Multi-User Concurrency[2m > [22m[2m100 mixed-plan concurrent users
[22m[39mΓä╣∩╕Å [INFO] Rate limit hit, queuing DM | {"userId":"mix_pro_9","planType":"pro","remaining":{"hourly":0,"monthly":999800}}

[90mstdout[2m | tests/lib/capacity-simulation.test.ts[2m > [22m[2m≡ƒÜÇ Capacity Simulation: Full System Load Test[2m > [22m[2m≡ƒæÑ Multi-User Concurrency[2m > [22m[2m100 mixed-plan concurrent users
[22m[39mΓä╣∩╕Å [INFO] Rate limit hit, queuing DM | {"userId":"mix_pro_9","planType":"pro","remaining":{"hourly":0,"monthly":999800}}

[90mstdout[2m | tests/lib/capacity-simulation.test.ts[2m > [22m[2m≡ƒÜÇ Capacity Simulation: Full System Load Test[2m > [22m[2m≡ƒæÑ Multi-User Concurrency[2m > [22m[2m100 mixed-plan concurrent users
[22m[39mΓä╣∩╕Å [INFO] Rate limit hit, queuing DM | {"userId":"mix_pro_9","planType":"pro","remaining":{"hourly":0,"monthly":999800}}

[90mstdout[2m | tests/lib/capacity-simulation.test.ts[2m > [22m[2m≡ƒÜÇ Capacity Simulation: Full System Load Test[2m > [22m[2m≡ƒæÑ Multi-User Concurrency[2m > [22m[2m100 mixed-plan concurrent users
[22m[39mΓä╣∩╕Å [INFO] Rate limit hit, queuing DM | {"userId":"mix_pro_9","planType":"pro","remaining":{"hourly":0,"monthly":999800}}

[90mstdout[2m | tests/lib/capacity-simulation.test.ts[2m > [22m[2m≡ƒÜÇ Capacity Simulation: Full System Load Test[2m > [22m[2m≡ƒæÑ Multi-User Concurrency[2m > [22m[2m100 mixed-plan concurrent users
[22m[39mΓä╣∩╕Å [INFO] Rate limit hit, queuing DM | {"userId":"mix_pro_9","planType":"pro","remaining":{"hourly":0,"monthly":999800}}
Γä╣∩╕Å [INFO] Rate limit hit, queuing DM | {"userId":"mix_pro_9","planType":"pro","remaining":{"hourly":0,"monthly":999800}}
Γä╣∩╕Å [INFO] Rate limit hit, queuing DM | {"userId":"mix_pro_9","planType":"pro","remaining":{"hourly":0,"monthly":999800}}
Γä╣∩╕Å [INFO] Rate limit hit, queuing DM | {"userId":"mix_pro_9","planType":"pro","remaining":{"hourly":0,"monthly":999800}}
Γä╣∩╕Å [INFO] Rate limit hit, queuing DM | {"userId":"mix_pro_9","planType":"pro","remaining":{"hourly":0,"monthly":999800}}
Γä╣∩╕Å [INFO] Rate limit hit, queuing DM | {"userId":"mix_pro_9","planType":"pro","remaining":{"hourly":0,"monthly":999800}}
Γä╣∩╕Å [INFO] Rate limit hit, queuing DM | {"userId":"mix_pro_9","planType":"pro","remaining":{"hourly":0,"monthly":999800}}
Γä╣∩╕Å [INFO] Rate limit hit, queuing DM | {"userId":"mix_pro_9","planType":"pro","remaining":{"hourly":0,"monthly":999800}}
Γä╣∩╕Å [INFO] Rate limit hit, queuing DM | {"userId":"mix_pro_9","planType":"pro","remaining":{"hourly":0,"monthly":999800}}
Γä╣∩╕Å [INFO] Rate limit hit, queuing DM | {"userId":"mix_pro_9","planType":"pro","remaining":{"hourly":0,"monthly":999800}}
Γä╣∩╕Å [INFO] Rate limit hit, queuing DM | {"userId":"mix_pro_9","planType":"pro","remaining":{"hourly":0,"monthly":999800}}
Γä╣∩╕Å [INFO] Rate limit hit, queuing DM | {"userId":"mix_pro_9","planType":"pro","remaining":{"hourly":0,"monthly":999800}}
Γä╣∩╕Å [INFO] Rate limit hit, queuing DM | {"userId":"mix_pro_9","planType":"pro","remaining":{"hourly":0,"monthly":999800}}
Γä╣∩╕Å [INFO] Rate limit hit, queuing DM | {"userId":"mix_pro_9","planType":"pro","remaining":{"hourly":0,"monthly":999800}}
Γä╣∩╕Å [INFO] Rate limit hit, queuing DM | {"userId":"mix_pro_9","planType":"pro","remaining":{"hourly":0,"monthly":999800}}
Γä╣∩╕Å [INFO] Rate limit hit, queuing DM | {"userId":"mix_pro_9","planType":"pro","remaining":{"hourly":0,"monthly":999800}}
Γä╣∩╕Å [INFO] Rate limit hit, queuing DM | {"userId":"mix_pro_9","planType":"pro","remaining":{"hourly":0,"monthly":999800}}
Γä╣∩╕Å [INFO] Rate limit hit, queuing DM | {"userId":"mix_pro_9","planType":"pro","remaining":{"hourly":0,"monthly":999800}}
Γä╣∩╕Å [INFO] Rate limit hit, queuing DM | {"userId":"mix_pro_9","planType":"pro","remaining":{"hourly":0,"monthly":999800}}
Γä╣∩╕Å [INFO] Rate limit hit, queuing DM | {"userId":"mix_pro_9","planType":"pro","remaining":{"hourly":0,"monthly":999800}}
Γä╣∩╕Å [INFO] Rate limit hit, queuing DM | {"userId":"mix_pro_9","planType":"pro","remaining":{"hourly":0,"monthly":999800}}
Γä╣∩╕Å [INFO] Rate limit hit, queuing DM | {"userId":"mix_pro_9","planType":"pro","remaining":{"hourly":0,"monthly":999800}}
Γä╣∩╕Å [INFO] Rate limit hit, queuing DM | {"userId":"mix_pro_9","planType":"pro","remaining":{"hourly":0,"monthly":999800}}
Γä╣∩╕Å [INFO] Rate limit hit, queuing DM | {"userId":"mix_pro_9","planType":"pro","remaining":{"hourly":0,"monthly":999800}}
Γä╣∩╕Å [INFO] Rate limit hit, queuing DM | {"userId":"mix_pro_9","planType":"pro","remaining":{"hourly":0,"monthly":999800}}
Γä╣∩╕Å [INFO] Rate limit hit, queuing DM | {"userId":"mix_pro_9","planType":"pro","remaining":{"hourly":0,"monthly":999800}}
Γä╣∩╕Å [INFO] Rate limit hit, queuing DM | {"userId":"mix_pro_9","planType":"pro","remaining":{"hourly":0,"monthly":999800}}
Γä╣∩╕Å [INFO] Rate limit hit, queuing DM | {"userId":"mix_pro_9","planType":"pro","remaining":{"hourly":0,"monthly":999800}}
Γä╣∩╕Å [INFO] Rate limit hit, queuing DM | {"userId":"mix_pro_9","planType":"pro","remaining":{"hourly":0,"monthly":999800}}
Γä╣∩╕Å [INFO] Rate limit hit, queuing DM | {"userId":"mix_pro_9","planType":"pro","remaining":{"hourly":0,"monthly":999800}}
Γä╣∩╕Å [INFO] Rate limit hit, queuing DM | {"userId":"mix_pro_9","planType":"pro","remaining":{"hourly":0,"monthly":999800}}
Γä╣∩╕Å [INFO] Rate limit hit, queuing DM | {"userId":"mix_pro_9","planType":"pro","remaining":{"hourly":0,"monthly":999800}}
Γä╣∩╕Å [INFO] Rate limit hit, queuing DM | {"userId":"mix_pro_9","planType":"pro","remaining":{"hourly":0,"monthly":999800}}
Γä╣∩╕Å [INFO] Rate limit hit, queuing DM | {"userId":"mix_pro_9","planType":"pro","remaining":{"hourly":0,"monthly":999800}}
Γä╣∩╕Å [INFO] Rate limit hit, queuing DM | {"userId":"mix_pro_9","planType":"pro","remaining":{"hourly":0,"monthly":999800}}
Γä╣∩╕Å [INFO] Rate limit hit, queuing DM | {"userId":"mix_pro_9","planType":"pro","remaining":{"hourly":0,"monthly":999800}}
Γä╣∩╕Å [INFO] Rate limit hit, queuing DM | {"userId":"mix_pro_9","planType":"pro","remaining":{"hourly":0,"monthly":999800}}
Γä╣∩╕Å [INFO] Rate limit hit, queuing DM | {"userId":"mix_pro_9","planType":"pro","remaining":{"hourly":0,"monthly":999800}}
Γä╣∩╕Å [INFO] Rate limit hit, queuing DM | {"userId":"mix_pro_9","planType":"pro","remaining":{"hourly":0,"monthly":999800}}
Γä╣∩╕Å [INFO] Rate limit hit, queuing DM | {"userId":"mix_pro_9","planType":"pro","remaining":{"hourly":0,"monthly":999800}}
Γä╣∩╕Å [INFO] Rate limit hit, queuing DM | {"userId":"mix_pro_9","planType":"pro","remaining":{"hourly":0,"monthly":999800}}
Γä╣∩╕Å [INFO] Rate limit hit, queuing DM | {"userId":"mix_pro_9","planType":"pro","remaining":{"hourly":0,"monthly":999800}}
Γä╣∩╕Å [INFO] Rate limit hit, queuing DM | {"userId":"mix_pro_9","planType":"pro","remaining":{"hourly":0,"monthly":999800}}
Γä╣∩╕Å [INFO] Rate limit hit, queuing DM | {"userId":"mix_pro_9","planType":"pro","remaining":{"hourly":0,"monthly":999800}}
Γä╣∩╕Å [INFO] Rate limit hit, queuing DM | {"userId":"mix_pro_9","planType":"pro","remaining":{"hourly":0,"monthly":999800}}
Γä╣∩╕Å [INFO] Rate limit hit, queuing DM | {"userId":"mix_pro_9","planType":"pro","remaining":{"hourly":0,"monthly":999800}}
Γä╣∩╕Å [INFO] Rate limit hit, queuing DM | {"userId":"mix_pro_9","planType":"pro","remaining":{"hourly":0,"monthly":999800}}
Γä╣∩╕Å [INFO] Rate limit hit, queuing DM | {"userId":"mix_pro_9","planType":"pro","remaining":{"hourly":0,"monthly":999800}}
Γä╣∩╕Å [INFO] Rate limit hit, queuing DM | {"userId":"mix_pro_9","planType":"pro","remaining":{"hourly":0,"monthly":999800}}
Γä╣∩╕Å [INFO] Rate limit hit, queuing DM | {"userId":"mix_pro_9","planType":"pro","remaining":{"hourly":0,"monthly":999800}}
Γä╣∩╕Å [INFO] Rate limit hit, queuing DM | {"userId":"mix_pro_9","planType":"pro","remaining":{"hourly":0,"monthly":999800}}
Γä╣∩╕Å [INFO] Rate limit hit, queuing DM | {"userId":"mix_pro_9","planType":"pro","remaining":{"hourly":0,"monthly":999800}}
Γä╣∩╕Å [INFO] Rate limit hit, queuing DM | {"userId":"mix_pro_9","planType":"pro","remaining":{"hourly":0,"monthly":999800}}
Γä╣∩╕Å [INFO] Rate limit hit, queuing DM | {"userId":"mix_pro_9","planType":"pro","remaining":{"hourly":0,"monthly":999800}}
Γä╣∩╕Å [INFO] Rate limit hit, queuing DM | {"userId":"mix_pro_9","planType":"pro","remaining":{"hourly":0,"monthly":999800}}
Γä╣∩╕Å [INFO] Rate limit hit, queuing DM | {"userId":"mix_pro_9","planType":"pro","remaining":{"hourly":0,"monthly":999800}}
Γä╣∩╕Å [INFO] Rate limit hit, queuing DM | {"userId":"mix_pro_9","planType":"pro","remaining":{"hourly":0,"monthly":999800}}
Γä╣∩╕Å [INFO] Rate limit hit, queuing DM | {"userId":"mix_pro_9","planType":"pro","remaining":{"hourly":0,"monthly":999800}}
Γä╣∩╕Å [INFO] Rate limit hit, queuing DM | {"userId":"mix_pro_9","planType":"pro","remaining":{"hourly":0,"monthly":999800}}
Γä╣∩╕Å [INFO] Rate limit hit, queuing DM | {"userId":"mix_pro_9","planType":"pro","remaining":{"hourly":0,"monthly":999800}}
Γä╣∩╕Å [INFO] Rate limit hit, queuing DM | {"userId":"mix_pro_9","planType":"pro","remaining":{"hourly":0,"monthly":999800}}
Γä╣∩╕Å [INFO] Rate limit hit, queuing DM | {"userId":"mix_pro_9","planType":"pro","remaining":{"hourly":0,"monthly":999800}}
Γä╣∩╕Å [INFO] Rate limit hit, queuing DM | {"userId":"mix_pro_9","planType":"pro","remaining":{"hourly":0,"monthly":999800}}
Γä╣∩╕Å [INFO] Rate limit hit, queuing DM | {"userId":"mix_pro_9","planType":"pro","remaining":{"hourly":0,"monthly":999800}}
Γä╣∩╕Å [INFO] Rate limit hit, queuing DM | {"userId":"mix_pro_9","planType":"pro","remaining":{"hourly":0,"monthly":999800}}
Γä╣∩╕Å [INFO] Rate limit hit, queuing DM | {"userId":"mix_pro_9","planType":"pro","remaining":{"hourly":0,"monthly":999800}}
Γä╣∩╕Å [INFO] Rate limit hit, queuing DM | {"userId":"mix_pro_9","planType":"pro","remaining":{"hourly":0,"monthly":999800}}
Γä╣∩╕Å [INFO] Rate limit hit, queuing DM | {"userId":"mix_pro_9","planType":"pro","remaining":{"hourly":0,"monthly":999800}}
Γä╣∩╕Å [INFO] Rate limit hit, queuing DM | {"userId":"mix_pro_9","planType":"pro","remaining":{"hourly":0,"monthly":999800}}
Γä╣∩╕Å [INFO] Rate limit hit, queuing DM | {"userId":"mix_pro_9","planType":"pro","remaining":{"hourly":0,"monthly":999800}}
Γä╣∩╕Å [INFO] Rate limit hit, queuing DM | {"userId":"mix_pro_9","planType":"pro","remaining":{"hourly":0,"monthly":999800}}
Γä╣∩╕Å [INFO] Rate limit hit, queuing DM | {"userId":"mix_pro_9","planType":"pro","remaining":{"hourly":0,"monthly":999800}}
Γä╣∩╕Å [INFO] Rate limit hit, queuing DM | {"userId":"mix_pro_9","planType":"pro","remaining":{"hourly":0,"monthly":999800}}
Γä╣∩╕Å [INFO] Rate limit hit, queuing DM | {"userId":"mix_pro_9","planType":"pro","remaining":{"hourly":0,"monthly":999800}}
Γä╣∩╕Å [INFO] Rate limit hit, queuing DM | {"userId":"mix_pro_9","planType":"pro","remaining":{"hourly":0,"monthly":999800}}
Γä╣∩╕Å [INFO] Rate limit hit, queuing DM | {"userId":"mix_pro_9","planType":"pro","remaining":{"hourly":0,"monthly":999800}}
Γä╣∩╕Å [INFO] Rate limit hit, queuing DM | {"userId":"mix_pro_9","planType":"pro","remaining":{"hourly":0,"monthly":999800}}
Γä╣∩╕Å [INFO] Rate limit hit, queuing DM | {"userId":"mix_pro_9","planType":"pro","remaining":{"hourly":0,"monthly":999800}}
Γä╣∩╕Å [INFO] Rate limit hit, queuing DM | {"userId":"mix_pro_9","planType":"pro","remaining":{"hourly":0,"monthly":999800}}
Γä╣∩╕Å [INFO] Rate limit hit, queuing DM | {"userId":"mix_pro_9","planType":"pro","remaining":{"hourly":0,"monthly":999800}}
Γä╣∩╕Å [INFO] Rate limit hit, queuing DM | {"userId":"mix_pro_9","planType":"pro","remaining":{"hourly":0,"monthly":999800}}
Γä╣∩╕Å [INFO] Rate limit hit, queuing DM | {"userId":"mix_pro_9","planType":"pro","remaining":{"hourly":0,"monthly":999800}}
Γä╣∩╕Å [INFO] Rate limit hit, queuing DM | {"userId":"mix_pro_9","planType":"pro","remaining":{"hourly":0,"monthly":999800}}
Γä╣∩╕Å [INFO] Rate limit hit, queuing DM | {"userId":"mix_pro_9","planType":"pro","remaining":{"hourly":0,"monthly":999800}}
Γä╣∩╕Å [INFO] Rate limit hit, queuing DM | {"userId":"mix_pro_9","planType":"pro","remaining":{"hourly":0,"monthly":999800}}
Γä╣∩╕Å [INFO] Rate limit hit, queuing DM | {"userId":"mix_pro_9","planType":"pro","remaining":{"hourly":0,"monthly":999800}}
Γä╣∩╕Å [INFO] Rate limit hit, queuing DM | {"userId":"mix_pro_9","planType":"pro","remaining":{"hourly":0,"monthly":999800}}
Γä╣∩╕Å [INFO] Rate limit hit, queuing DM | {"userId":"mix_pro_9","planType":"pro","remaining":{"hourly":0,"monthly":999800}}
Γä╣∩╕Å [INFO] Rate limit hit, queuing DM | {"userId":"mix_pro_9","planType":"pro","remaining":{"hourly":0,"monthly":999800}}
Γä╣∩╕Å [INFO] Rate limit hit, queuing DM | {"userId":"mix_pro_9","planType":"pro","remaining":{"hourly":0,"monthly":999800}}
Γä╣∩╕Å [INFO] Rate limit hit, queuing DM | {"userId":"mix_pro_9","planType":"pro","remaining":{"hourly":0,"monthly":999800}}
Γä╣∩╕Å [INFO] Rate limit hit, queuing DM | {"userId":"mix_pro_9","planType":"pro","remaining":{"hourly":0,"monthly":999800}}
Γä╣∩╕Å [INFO] Rate limit hit, queuing DM | {"userId":"mix_pro_9","planType":"pro","remaining":{"hourly":0,"monthly":999800}}
Γä╣∩╕Å [INFO] Rate limit hit, queuing DM | {"userId":"mix_pro_9","planType":"pro","remaining":{"hourly":0,"monthly":999800}}
Γä╣∩╕Å [INFO] Rate limit hit, queuing DM | {"userId":"mix_pro_9","planType":"pro","remaining":{"hourly":0,"monthly":999800}}
Γä╣∩╕Å [INFO] Rate limit hit, queuing DM | {"userId":"mix_pro_9","planType":"pro","remaining":{"hourly":0,"monthly":999800}}
Γä╣∩╕Å [INFO] Rate limit hit, queuing DM | {"userId":"mix_pro_9","planType":"pro","remaining":{"hourly":0,"monthly":999800}}
Γä╣∩╕Å [INFO] Rate limit hit, queuing DM | {"userId":"mix_pro_9","planType":"pro","remaining":{"hourly":0,"monthly":999800}}
Γä╣∩╕Å [INFO] Rate limit hit, queuing DM | {"userId":"mix_pro_9","planType":"pro","remaining":{"hourly":0,"monthly":999800}}

[90mstdout[2m | tests/lib/capacity-simulation.test.ts[2m > [22m[2m≡ƒÜÇ Capacity Simulation: Full System Load Test[2m > [22m[2m≡ƒæÑ Multi-User Concurrency[2m > [22m[2m100 mixed-plan concurrent users
[22m[39mΓä╣∩╕Å [INFO] Rate limit hit, queuing DM | {"userId":"mix_pro_9","planType":"pro","remaining":{"hourly":0,"monthly":999800}}

[90mstdout[2m | tests/lib/capacity-simulation.test.ts[2m > [22m[2m≡ƒÜÇ Capacity Simulation: Full System Load Test[2m > [22m[2m≡ƒæÑ Multi-User Concurrency[2m > [22m[2m100 mixed-plan concurrent users
[22m[39mΓä╣∩╕Å [INFO] Rate limit hit, queuing DM | {"userId":"mix_pro_9","planType":"pro","remaining":{"hourly":0,"monthly":999800}}
Γä╣∩╕Å [INFO] Rate limit hit, queuing DM | {"userId":"mix_pro_9","planType":"pro","remaining":{"hourly":0,"monthly":999800}}
Γä╣∩╕Å [INFO] Rate limit hit, queuing DM | {"userId":"mix_pro_9","planType":"pro","remaining":{"hourly":0,"monthly":999800}}
Γä╣∩╕Å [INFO] Rate limit hit, queuing DM | {"userId":"mix_pro_9","planType":"pro","remaining":{"hourly":0,"monthly":999800}}
Γä╣∩╕Å [INFO] Rate limit hit, queuing DM | {"userId":"mix_pro_9","planType":"pro","remaining":{"hourly":0,"monthly":999800}}
Γä╣∩╕Å [INFO] Rate limit hit, queuing DM | {"userId":"mix_pro_9","planType":"pro","remaining":{"hourly":0,"monthly":999800}}
Γä╣∩╕Å [INFO] Rate limit hit, queuing DM | {"userId":"mix_pro_9","planType":"pro","remaining":{"hourly":0,"monthly":999800}}
Γä╣∩╕Å [INFO] Rate limit hit, queuing DM | {"userId":"mix_pro_9","planType":"pro","remaining":{"hourly":0,"monthly":999800}}
Γä╣∩╕Å [INFO] Rate limit hit, queuing DM | {"userId":"mix_pro_9","planType":"pro","remaining":{"hourly":0,"monthly":999800}}
Γä╣∩╕Å [INFO] Rate limit hit, queuing DM | {"userId":"mix_pro_9","planType":"pro","remaining":{"hourly":0,"monthly":999800}}
Γä╣∩╕Å [INFO] Rate limit hit, queuing DM | {"userId":"mix_pro_9","planType":"pro","remaining":{"hourly":0,"monthly":999800}}
Γä╣∩╕Å [INFO] Rate limit hit, queuing DM | {"userId":"mix_pro_9","planType":"pro","remaining":{"hourly":0,"monthly":999800}}
Γä╣∩╕Å [INFO] Rate limit hit, queuing DM | {"userId":"mix_pro_9","planType":"pro","remaining":{"hourly":0,"monthly":999800}}
Γä╣∩╕Å [INFO] Rate limit hit, queuing DM | {"userId":"mix_pro_9","planType":"pro","remaining":{"hourly":0,"monthly":999800}}
Γä╣∩╕Å [INFO] Rate limit hit, queuing DM | {"userId":"mix_pro_9","planType":"pro","remaining":{"hourly":0,"monthly":999800}}
Γä╣∩╕Å [INFO] Rate limit hit, queuing DM | {"userId":"mix_pro_9","planType":"pro","remaining":{"hourly":0,"monthly":999800}}
Γä╣∩╕Å [INFO] Rate limit hit, queuing DM | {"userId":"mix_pro_9","planType":"pro","remaining":{"hourly":0,"monthly":999800}}
Γä╣∩╕Å [INFO] Rate limit hit, queuing DM | {"userId":"mix_pro_9","planType":"pro","remaining":{"hourly":0,"monthly":999800}}
Γä╣∩╕Å [INFO] Rate limit hit, queuing DM | {"userId":"mix_pro_9","planType":"pro","remaining":{"hourly":0,"monthly":999800}}
Γä╣∩╕Å [INFO] Rate limit hit, queuing DM | {"userId":"mix_pro_9","planType":"pro","remaining":{"hourly":0,"monthly":999800}}
Γä╣∩╕Å [INFO] Rate limit hit, queuing DM | {"userId":"mix_pro_9","planType":"pro","remaining":{"hourly":0,"monthly":999800}}
Γä╣∩╕Å [INFO] Rate limit hit, queuing DM | {"userId":"mix_pro_9","planType":"pro","remaining":{"hourly":0,"monthly":999800}}
Γä╣∩╕Å [INFO] Rate limit hit, queuing DM | {"userId":"mix_pro_9","planType":"pro","remaining":{"hourly":0,"monthly":999800}}
Γä╣∩╕Å [INFO] Rate limit hit, queuing DM | {"userId":"mix_pro_9","planType":"pro","remaining":{"hourly":0,"monthly":999800}}
Γä╣∩╕Å [INFO] Rate limit hit, queuing DM | {"userId":"mix_pro_9","planType":"pro","remaining":{"hourly":0,"monthly":999800}}
Γä╣∩╕Å [INFO] Rate limit hit, queuing DM | {"userId":"mix_pro_9","planType":"pro","remaining":{"hourly":0,"monthly":999800}}
Γä╣∩╕Å [INFO] Rate limit hit, queuing DM | {"userId":"mix_pro_9","planType":"pro","remaining":{"hourly":0,"monthly":999800}}
Γä╣∩╕Å [INFO] Rate limit hit, queuing DM | {"userId":"mix_pro_9","planType":"pro","remaining":{"hourly":0,"monthly":999800}}
Γä╣∩╕Å [INFO] Rate limit hit, queuing DM | {"userId":"mix_pro_9","planType":"pro","remaining":{"hourly":0,"monthly":999800}}
Γä╣∩╕Å [INFO] Rate limit hit, queuing DM | {"userId":"mix_pro_9","planType":"pro","remaining":{"hourly":0,"monthly":999800}}
Γä╣∩╕Å [INFO] Rate limit hit, queuing DM | {"userId":"mix_pro_9","planType":"pro","remaining":{"hourly":0,"monthly":999800}}
Γä╣∩╕Å [INFO] Rate limit hit, queuing DM | {"userId":"mix_pro_9","planType":"pro","remaining":{"hourly":0,"monthly":999800}}
Γä╣∩╕Å [INFO] Rate limit hit, queuing DM | {"userId":"mix_pro_9","planType":"pro","remaining":{"hourly":0,"monthly":999800}}
Γä╣∩╕Å [INFO] Rate limit hit, queuing DM | {"userId":"mix_pro_9","planType":"pro","remaining":{"hourly":0,"monthly":999800}}
Γä╣∩╕Å [INFO] Rate limit hit, queuing DM | {"userId":"mix_pro_9","planType":"pro","remaining":{"hourly":0,"monthly":999800}}
Γä╣∩╕Å [INFO] Rate limit hit, queuing DM | {"userId":"mix_pro_9","planType":"pro","remaining":{"hourly":0,"monthly":999800}}
Γä╣∩╕Å [INFO] Rate limit hit, queuing DM | {"userId":"mix_pro_9","planType":"pro","remaining":{"hourly":0,"monthly":999800}}
Γä╣∩╕Å [INFO] Rate limit hit, queuing DM | {"userId":"mix_pro_9","planType":"pro","remaining":{"hourly":0,"monthly":999800}}
Γä╣∩╕Å [INFO] Rate limit hit, queuing DM | {"userId":"mix_pro_9","planType":"pro","remaining":{"hourly":0,"monthly":999800}}
Γä╣∩╕Å [INFO] Rate limit hit, queuing DM | {"userId":"mix_pro_9","planType":"pro","remaining":{"hourly":0,"monthly":999800}}
Γä╣∩╕Å [INFO] Rate limit hit, queuing DM | {"userId":"mix_pro_9","planType":"pro","remaining":{"hourly":0,"monthly":999800}}
Γä╣∩╕Å [INFO] Rate limit hit, queuing DM | {"userId":"mix_pro_9","planType":"pro","remaining":{"hourly":0,"monthly":999800}}
Γä╣∩╕Å [INFO] Rate limit hit, queuing DM | {"userId":"mix_pro_9","planType":"pro","remaining":{"hourly":0,"monthly":999800}}
Γä╣∩╕Å [INFO] Rate limit hit, queuing DM | {"userId":"mix_pro_9","planType":"pro","remaining":{"hourly":0,"monthly":999800}}
Γä╣∩╕Å [INFO] Rate limit hit, queuing DM | {"userId":"mix_pro_9","planType":"pro","remaining":{"hourly":0,"monthly":999800}}
Γä╣∩╕Å [INFO] Rate limit hit, queuing DM | {"userId":"mix_pro_9","planType":"pro","remaining":{"hourly":0,"monthly":999800}}
Γä╣∩╕Å [INFO] Rate limit hit, queuing DM | {"userId":"mix_pro_9","planType":"pro","remaining":{"hourly":0,"monthly":999800}}
Γä╣∩╕Å [INFO] Rate limit hit, queuing DM | {"userId":"mix_pro_9","planType":"pro","remaining":{"hourly":0,"monthly":999800}}
Γä╣∩╕Å [INFO] Rate limit hit, queuing DM | {"userId":"mix_pro_9","planType":"pro","remaining":{"hourly":0,"monthly":999800}}
Γä╣∩╕Å [INFO] Rate limit hit, queuing DM | {"userId":"mix_pro_9","planType":"pro","remaining":{"hourly":0,"monthly":999800}}
Γä╣∩╕Å [INFO] Rate limit hit, queuing DM | {"userId":"mix_pro_9","planType":"pro","remaining":{"hourly":0,"monthly":999800}}
Γä╣∩╕Å [INFO] Rate limit hit, queuing DM | {"userId":"mix_pro_9","planType":"pro","remaining":{"hourly":0,"monthly":999800}}
Γä╣∩╕Å [INFO] Rate limit hit, queuing DM | {"userId":"mix_pro_9","planType":"pro","remaining":{"hourly":0,"monthly":999800}}
Γä╣∩╕Å [INFO] Rate limit hit, queuing DM | {"userId":"mix_pro_9","planType":"pro","remaining":{"hourly":0,"monthly":999800}}
Γä╣∩╕Å [INFO] Rate limit hit, queuing DM | {"userId":"mix_pro_9","planType":"pro","remaining":{"hourly":0,"monthly":999800}}
Γä╣∩╕Å [INFO] Rate limit hit, queuing DM | {"userId":"mix_pro_9","planType":"pro","remaining":{"hourly":0,"monthly":999800}}
Γä╣∩╕Å [INFO] Rate limit hit, queuing DM | {"userId":"mix_pro_9","planType":"pro","remaining":{"hourly":0,"monthly":999800}}
Γä╣∩╕Å [INFO] Rate limit hit, queuing DM | {"userId":"mix_pro_9","planType":"pro","remaining":{"hourly":0,"monthly":999800}}
Γä╣∩╕Å [INFO] Rate limit hit, queuing DM | {"userId":"mix_pro_9","planType":"pro","remaining":{"hourly":0,"monthly":999800}}
Γä╣∩╕Å [INFO] Rate limit hit, queuing DM | {"userId":"mix_pro_9","planType":"pro","remaining":{"hourly":0,"monthly":999800}}
Γä╣∩╕Å [INFO] Rate limit hit, queuing DM | {"userId":"mix_pro_9","planType":"pro","remaining":{"hourly":0,"monthly":999800}}
Γä╣∩╕Å [INFO] Rate limit hit, queuing DM | {"userId":"mix_pro_9","planType":"pro","remaining":{"hourly":0,"monthly":999800}}
Γä╣∩╕Å [INFO] Rate limit hit, queuing DM | {"userId":"mix_pro_9","planType":"pro","remaining":{"hourly":0,"monthly":999800}}
Γä╣∩╕Å [INFO] Rate limit hit, queuing DM | {"userId":"mix_pro_9","planType":"pro","remaining":{"hourly":0,"monthly":999800}}
Γä╣∩╕Å [INFO] Rate limit hit, queuing DM | {"userId":"mix_pro_9","planType":"pro","remaining":{"hourly":0,"monthly":999800}}
Γä╣∩╕Å [INFO] Rate limit hit, queuing DM | {"userId":"mix_pro_9","planType":"pro","remaining":{"hourly":0,"monthly":999800}}
Γä╣∩╕Å [INFO] Rate limit hit, queuing DM | {"userId":"mix_pro_9","planType":"pro","remaining":{"hourly":0,"monthly":999800}}
Γä╣∩╕Å [INFO] Rate limit hit, queuing DM | {"userId":"mix_pro_9","planType":"pro","remaining":{"hourly":0,"monthly":999800}}
Γä╣∩╕Å [INFO] Rate limit hit, queuing DM | {"userId":"mix_pro_9","planType":"pro","remaining":{"hourly":0,"monthly":999800}}
Γä╣∩╕Å [INFO] Rate limit hit, queuing DM | {"userId":"mix_pro_9","planType":"pro","remaining":{"hourly":0,"monthly":999800}}
Γä╣∩╕Å [INFO] Rate limit hit, queuing DM | {"userId":"mix_pro_9","planType":"pro","remaining":{"hourly":0,"monthly":999800}}
Γä╣∩╕Å [INFO] Rate limit hit, queuing DM | {"userId":"mix_pro_9","planType":"pro","remaining":{"hourly":0,"monthly":999800}}
Γä╣∩╕Å [INFO] Rate limit hit, queuing DM | {"userId":"mix_pro_9","planType":"pro","remaining":{"hourly":0,"monthly":999800}}
Γä╣∩╕Å [INFO] Rate limit hit, queuing DM | {"userId":"mix_pro_9","planType":"pro","remaining":{"hourly":0,"monthly":999800}}
Γä╣∩╕Å [INFO] Rate limit hit, queuing DM | {"userId":"mix_pro_9","planType":"pro","remaining":{"hourly":0,"monthly":999800}}
Γä╣∩╕Å [INFO] Rate limit hit, queuing DM | {"userId":"mix_pro_9","planType":"pro","remaining":{"hourly":0,"monthly":999800}}
Γä╣∩╕Å [INFO] Rate limit hit, queuing DM | {"userId":"mix_pro_9","planType":"pro","remaining":{"hourly":0,"monthly":999800}}
Γä╣∩╕Å [INFO] Rate limit hit, queuing DM | {"userId":"mix_pro_9","planType":"pro","remaining":{"hourly":0,"monthly":999800}}
Γä╣∩╕Å [INFO] Rate limit hit, queuing DM | {"userId":"mix_pro_9","planType":"pro","remaining":{"hourly":0,"monthly":999800}}
Γä╣∩╕Å [INFO] Rate limit hit, queuing DM | {"userId":"mix_pro_9","planType":"pro","remaining":{"hourly":0,"monthly":999800}}
Γä╣∩╕Å [INFO] Rate limit hit, queuing DM | {"userId":"mix_pro_9","planType":"pro","remaining":{"hourly":0,"monthly":999800}}
Γä╣∩╕Å [INFO] Rate limit hit, queuing DM | {"userId":"mix_pro_9","planType":"pro","remaining":{"hourly":0,"monthly":999800}}
Γä╣∩╕Å [INFO] Rate limit hit, queuing DM | {"userId":"mix_pro_9","planType":"pro","remaining":{"hourly":0,"monthly":999800}}
Γä╣∩╕Å [INFO] Rate limit hit, queuing DM | {"userId":"mix_pro_9","planType":"pro","remaining":{"hourly":0,"monthly":999800}}
Γä╣∩╕Å [INFO] Rate limit hit, queuing DM | {"userId":"mix_pro_9","planType":"pro","remaining":{"hourly":0,"monthly":999800}}
Γä╣∩╕Å [INFO] Rate limit hit, queuing DM | {"userId":"mix_pro_9","planType":"pro","remaining":{"hourly":0,"monthly":999800}}
Γä╣∩╕Å [INFO] Rate limit hit, queuing DM | {"userId":"mix_pro_9","planType":"pro","remaining":{"hourly":0,"monthly":999800}}
Γä╣∩╕Å [INFO] Rate limit hit, queuing DM | {"userId":"mix_pro_9","planType":"pro","remaining":{"hourly":0,"monthly":999800}}
Γä╣∩╕Å [INFO] Rate limit hit, queuing DM | {"userId":"mix_pro_9","planType":"pro","remaining":{"hourly":0,"monthly":999800}}
Γä╣∩╕Å [INFO] Rate limit hit, queuing DM | {"userId":"mix_pro_9","planType":"pro","remaining":{"hourly":0,"monthly":999800}}
Γä╣∩╕Å [INFO] Rate limit hit, queuing DM | {"userId":"mix_pro_9","planType":"pro","remaining":{"hourly":0,"monthly":999800}}
Γä╣∩╕Å [INFO] Rate limit hit, queuing DM | {"userId":"mix_pro_9","planType":"pro","remaining":{"hourly":0,"monthly":999800}}
Γä╣∩╕Å [INFO] Rate limit hit, queuing DM | {"userId":"mix_pro_9","planType":"pro","remaining":{"hourly":0,"monthly":999800}}
Γä╣∩╕Å [INFO] Rate limit hit, queuing DM | {"userId":"mix_pro_9","planType":"pro","remaining":{"hourly":0,"monthly":999800}}
Γä╣∩╕Å [INFO] Rate limit hit, queuing DM | {"userId":"mix_pro_9","planType":"pro","remaining":{"hourly":0,"monthly":999800}}
Γä╣∩╕Å [INFO] Rate limit hit, queuing DM | {"userId":"mix_pro_9","planType":"pro","remaining":{"hourly":0,"monthly":999800}}
Γä╣∩╕Å [INFO] Rate limit hit, queuing DM | {"userId":"mix_pro_9","planType":"pro","remaining":{"hourly":0,"monthly":999800}}
Γä╣∩╕Å [INFO] Rate limit hit, queuing DM | {"userId":"mix_pro_9","planType":"pro","remaining":{"hourly":0,"monthly":999800}}
Γä╣∩╕Å [INFO] Rate limit hit, queuing DM | {"userId":"mix_pro_9","planType":"pro","remaining":{"hourly":0,"monthly":999800}}

[90mstdout[2m | tests/lib/capacity-simulation.test.ts[2m > [22m[2m≡ƒÜÇ Capacity Simulation: Full System Load Test[2m > [22m[2m≡ƒæÑ Multi-User Concurrency[2m > [22m[2m100 mixed-plan concurrent users
[22m[39mΓä╣∩╕Å [INFO] Rate limit hit, queuing DM | {"userId":"mix_pro_9","planType":"pro","remaining":{"hourly":0,"monthly":999800}}

[90mstdout[2m | tests/lib/capacity-simulation.test.ts[2m > [22m[2m≡ƒÜÇ Capacity Simulation: Full System Load Test[2m > [22m[2m≡ƒæÑ Multi-User Concurrency[2m > [22m[2m100 mixed-plan concurrent users
[22m[39mΓä╣∩╕Å [INFO] Rate limit hit, queuing DM | {"userId":"mix_pro_9","planType":"pro","remaining":{"hourly":0,"monthly":999800}}
Γä╣∩╕Å [INFO] Rate limit hit, queuing DM | {"userId":"mix_pro_9","planType":"pro","remaining":{"hourly":0,"monthly":999800}}
Γä╣∩╕Å [INFO] Rate limit hit, queuing DM | {"userId":"mix_pro_9","planType":"pro","remaining":{"hourly":0,"monthly":999800}}
Γä╣∩╕Å [INFO] Rate limit hit, queuing DM | {"userId":"mix_pro_9","planType":"pro","remaining":{"hourly":0,"monthly":999800}}
Γä╣∩╕Å [INFO] Rate limit hit, queuing DM | {"userId":"mix_pro_9","planType":"pro","remaining":{"hourly":0,"monthly":999800}}
Γä╣∩╕Å [INFO] Rate limit hit, queuing DM | {"userId":"mix_pro_9","planType":"pro","remaining":{"hourly":0,"monthly":999800}}
Γä╣∩╕Å [INFO] Rate limit hit, queuing DM | {"userId":"mix_pro_9","planType":"pro","remaining":{"hourly":0,"monthly":999800}}
Γä╣∩╕Å [INFO] Rate limit hit, queuing DM | {"userId":"mix_pro_9","planType":"pro","remaining":{"hourly":0,"monthly":999800}}
Γä╣∩╕Å [INFO] Rate limit hit, queuing DM | {"userId":"mix_pro_9","planType":"pro","remaining":{"hourly":0,"monthly":999800}}
Γä╣∩╕Å [INFO] Rate limit hit, queuing DM | {"userId":"mix_pro_9","planType":"pro","remaining":{"hourly":0,"monthly":999800}}
Γä╣∩╕Å [INFO] Rate limit hit, queuing DM | {"userId":"mix_pro_9","planType":"pro","remaining":{"hourly":0,"monthly":999800}}
Γä╣∩╕Å [INFO] Rate limit hit, queuing DM | {"userId":"mix_pro_9","planType":"pro","remaining":{"hourly":0,"monthly":999800}}
Γä╣∩╕Å [INFO] Rate limit hit, queuing DM | {"userId":"mix_pro_9","planType":"pro","remaining":{"hourly":0,"monthly":999800}}
Γä╣∩╕Å [INFO] Rate limit hit, queuing DM | {"userId":"mix_pro_9","planType":"pro","remaining":{"hourly":0,"monthly":999800}}
Γä╣∩╕Å [INFO] Rate limit hit, queuing DM | {"userId":"mix_pro_9","planType":"pro","remaining":{"hourly":0,"monthly":999800}}
Γä╣∩╕Å [INFO] Rate limit hit, queuing DM | {"userId":"mix_pro_9","planType":"pro","remaining":{"hourly":0,"monthly":999800}}
Γä╣∩╕Å [INFO] Rate limit hit, queuing DM | {"userId":"mix_pro_9","planType":"pro","remaining":{"hourly":0,"monthly":999800}}
Γä╣∩╕Å [INFO] Rate limit hit, queuing DM | {"userId":"mix_pro_9","planType":"pro","remaining":{"hourly":0,"monthly":999800}}
Γä╣∩╕Å [INFO] Rate limit hit, queuing DM | {"userId":"mix_pro_9","planType":"pro","remaining":{"hourly":0,"monthly":999800}}
Γä╣∩╕Å [INFO] Rate limit hit, queuing DM | {"userId":"mix_pro_9","planType":"pro","remaining":{"hourly":0,"monthly":999800}}
Γä╣∩╕Å [INFO] Rate limit hit, queuing DM | {"userId":"mix_pro_9","planType":"pro","remaining":{"hourly":0,"monthly":999800}}
Γä╣∩╕Å [INFO] Rate limit hit, queuing DM | {"userId":"mix_pro_9","planType":"pro","remaining":{"hourly":0,"monthly":999800}}
Γä╣∩╕Å [INFO] Rate limit hit, queuing DM | {"userId":"mix_pro_9","planType":"pro","remaining":{"hourly":0,"monthly":999800}}
Γä╣∩╕Å [INFO] Rate limit hit, queuing DM | {"userId":"mix_pro_9","planType":"pro","remaining":{"hourly":0,"monthly":999800}}
Γä╣∩╕Å [INFO] Rate limit hit, queuing DM | {"userId":"mix_pro_9","planType":"pro","remaining":{"hourly":0,"monthly":999800}}
Γä╣∩╕Å [INFO] Rate limit hit, queuing DM | {"userId":"mix_pro_9","planType":"pro","remaining":{"hourly":0,"monthly":999800}}
Γä╣∩╕Å [INFO] Rate limit hit, queuing DM | {"userId":"mix_pro_9","planType":"pro","remaining":{"hourly":0,"monthly":999800}}
Γä╣∩╕Å [INFO] Rate limit hit, queuing DM | {"userId":"mix_pro_9","planType":"pro","remaining":{"hourly":0,"monthly":999800}}
Γä╣∩╕Å [INFO] Rate limit hit, queuing DM | {"userId":"mix_pro_9","planType":"pro","remaining":{"hourly":0,"monthly":999800}}
Γä╣∩╕Å [INFO] Rate limit hit, queuing DM | {"userId":"mix_pro_9","planType":"pro","remaining":{"hourly":0,"monthly":999800}}
Γä╣∩╕Å [INFO] Rate limit hit, queuing DM | {"userId":"mix_pro_9","planType":"pro","remaining":{"hourly":0,"monthly":999800}}
Γä╣∩╕Å [INFO] Rate limit hit, queuing DM | {"userId":"mix_pro_9","planType":"pro","remaining":{"hourly":0,"monthly":999800}}
Γä╣∩╕Å [INFO] Rate limit hit, queuing DM | {"userId":"mix_pro_9","planType":"pro","remaining":{"hourly":0,"monthly":999800}}
Γä╣∩╕Å [INFO] Rate limit hit, queuing DM | {"userId":"mix_pro_9","planType":"pro","remaining":{"hourly":0,"monthly":999800}}
Γä╣∩╕Å [INFO] Rate limit hit, queuing DM | {"userId":"mix_pro_9","planType":"pro","remaining":{"hourly":0,"monthly":999800}}
Γä╣∩╕Å [INFO] Rate limit hit, queuing DM | {"userId":"mix_pro_9","planType":"pro","remaining":{"hourly":0,"monthly":999800}}
Γä╣∩╕Å [INFO] Rate limit hit, queuing DM | {"userId":"mix_pro_9","planType":"pro","remaining":{"hourly":0,"monthly":999800}}
Γä╣∩╕Å [INFO] Rate limit hit, queuing DM | {"userId":"mix_pro_9","planType":"pro","remaining":{"hourly":0,"monthly":999800}}
Γä╣∩╕Å [INFO] Rate limit hit, queuing DM | {"userId":"mix_pro_9","planType":"pro","remaining":{"hourly":0,"monthly":999800}}
Γä╣∩╕Å [INFO] Rate limit hit, queuing DM | {"userId":"mix_pro_9","planType":"pro","remaining":{"hourly":0,"monthly":999800}}
Γä╣∩╕Å [INFO] Rate limit hit, queuing DM | {"userId":"mix_pro_9","planType":"pro","remaining":{"hourly":0,"monthly":999800}}
Γä╣∩╕Å [INFO] Rate limit hit, queuing DM | {"userId":"mix_pro_9","planType":"pro","remaining":{"hourly":0,"monthly":999800}}
Γä╣∩╕Å [INFO] Rate limit hit, queuing DM | {"userId":"mix_pro_9","planType":"pro","remaining":{"hourly":0,"monthly":999800}}
Γä╣∩╕Å [INFO] Rate limit hit, queuing DM | {"userId":"mix_pro_9","planType":"pro","remaining":{"hourly":0,"monthly":999800}}
Γä╣∩╕Å [INFO] Rate limit hit, queuing DM | {"userId":"mix_pro_9","planType":"pro","remaining":{"hourly":0,"monthly":999800}}
Γä╣∩╕Å [INFO] Rate limit hit, queuing DM | {"userId":"mix_pro_9","planType":"pro","remaining":{"hourly":0,"monthly":999800}}
Γä╣∩╕Å [INFO] Rate limit hit, queuing DM | {"userId":"mix_pro_9","planType":"pro","remaining":{"hourly":0,"monthly":999800}}
Γä╣∩╕Å [INFO] Rate limit hit, queuing DM | {"userId":"mix_pro_9","planType":"pro","remaining":{"hourly":0,"monthly":999800}}
Γä╣∩╕Å [INFO] Rate limit hit, queuing DM | {"userId":"mix_pro_9","planType":"pro","remaining":{"hourly":0,"monthly":999800}}
Γä╣∩╕Å [INFO] Rate limit hit, queuing DM | {"userId":"mix_pro_9","planType":"pro","remaining":{"hourly":0,"monthly":999800}}
Γä╣∩╕Å [INFO] Rate limit hit, queuing DM | {"userId":"mix_pro_9","planType":"pro","remaining":{"hourly":0,"monthly":999800}}
Γä╣∩╕Å [INFO] Rate limit hit, queuing DM | {"userId":"mix_pro_9","planType":"pro","remaining":{"hourly":0,"monthly":999800}}
Γä╣∩╕Å [INFO] Rate limit hit, queuing DM | {"userId":"mix_pro_9","planType":"pro","remaining":{"hourly":0,"monthly":999800}}
Γä╣∩╕Å [INFO] Rate limit hit, queuing DM | {"userId":"mix_pro_9","planType":"pro","remaining":{"hourly":0,"monthly":999800}}
Γä╣∩╕Å [INFO] Rate limit hit, queuing DM | {"userId":"mix_pro_9","planType":"pro","remaining":{"hourly":0,"monthly":999800}}
Γä╣∩╕Å [INFO] Rate limit hit, queuing DM | {"userId":"mix_pro_9","planType":"pro","remaining":{"hourly":0,"monthly":999800}}
Γä╣∩╕Å [INFO] Rate limit hit, queuing DM | {"userId":"mix_pro_9","planType":"pro","remaining":{"hourly":0,"monthly":999800}}
Γä╣∩╕Å [INFO] Rate limit hit, queuing DM | {"userId":"mix_pro_9","planType":"pro","remaining":{"hourly":0,"monthly":999800}}
Γä╣∩╕Å [INFO] Rate limit hit, queuing DM | {"userId":"mix_pro_9","planType":"pro","remaining":{"hourly":0,"monthly":999800}}
Γä╣∩╕Å [INFO] Rate limit hit, queuing DM | {"userId":"mix_pro_9","planType":"pro","remaining":{"hourly":0,"monthly":999800}}
Γä╣∩╕Å [INFO] Rate limit hit, queuing DM | {"userId":"mix_pro_9","planType":"pro","remaining":{"hourly":0,"monthly":999800}}
Γä╣∩╕Å [INFO] Rate limit hit, queuing DM | {"userId":"mix_pro_9","planType":"pro","remaining":{"hourly":0,"monthly":999800}}
Γä╣∩╕Å [INFO] Rate limit hit, queuing DM | {"userId":"mix_pro_9","planType":"pro","remaining":{"hourly":0,"monthly":999800}}
Γä╣∩╕Å [INFO] Rate limit hit, queuing DM | {"userId":"mix_pro_9","planType":"pro","remaining":{"hourly":0,"monthly":999800}}
Γä╣∩╕Å [INFO] Rate limit hit, queuing DM | {"userId":"mix_pro_9","planType":"pro","remaining":{"hourly":0,"monthly":999800}}
Γä╣∩╕Å [INFO] Rate limit hit, queuing DM | {"userId":"mix_pro_9","planType":"pro","remaining":{"hourly":0,"monthly":999800}}
Γä╣∩╕Å [INFO] Rate limit hit, queuing DM | {"userId":"mix_pro_9","planType":"pro","remaining":{"hourly":0,"monthly":999800}}
Γä╣∩╕Å [INFO] Rate limit hit, queuing DM | {"userId":"mix_pro_9","planType":"pro","remaining":{"hourly":0,"monthly":999800}}
Γä╣∩╕Å [INFO] Rate limit hit, queuing DM | {"userId":"mix_pro_9","planType":"pro","remaining":{"hourly":0,"monthly":999800}}
Γä╣∩╕Å [INFO] Rate limit hit, queuing DM | {"userId":"mix_pro_9","planType":"pro","remaining":{"hourly":0,"monthly":999800}}
Γä╣∩╕Å [INFO] Rate limit hit, queuing DM | {"userId":"mix_pro_9","planType":"pro","remaining":{"hourly":0,"monthly":999800}}
Γä╣∩╕Å [INFO] Rate limit hit, queuing DM | {"userId":"mix_pro_9","planType":"pro","remaining":{"hourly":0,"monthly":999800}}
Γä╣∩╕Å [INFO] Rate limit hit, queuing DM | {"userId":"mix_pro_9","planType":"pro","remaining":{"hourly":0,"monthly":999800}}
Γä╣∩╕Å [INFO] Rate limit hit, queuing DM | {"userId":"mix_pro_9","planType":"pro","remaining":{"hourly":0,"monthly":999800}}
Γä╣∩╕Å [INFO] Rate limit hit, queuing DM | {"userId":"mix_pro_9","planType":"pro","remaining":{"hourly":0,"monthly":999800}}
Γä╣∩╕Å [INFO] Rate limit hit, queuing DM | {"userId":"mix_pro_9","planType":"pro","remaining":{"hourly":0,"monthly":999800}}
Γä╣∩╕Å [INFO] Rate limit hit, queuing DM | {"userId":"mix_pro_9","planType":"pro","remaining":{"hourly":0,"monthly":999800}}
Γä╣∩╕Å [INFO] Rate limit hit, queuing DM | {"userId":"mix_pro_9","planType":"pro","remaining":{"hourly":0,"monthly":999800}}
Γä╣∩╕Å [INFO] Rate limit hit, queuing DM | {"userId":"mix_pro_9","planType":"pro","remaining":{"hourly":0,"monthly":999800}}
Γä╣∩╕Å [INFO] Rate limit hit, queuing DM | {"userId":"mix_pro_9","planType":"pro","remaining":{"hourly":0,"monthly":999800}}
Γä╣∩╕Å [INFO] Rate limit hit, queuing DM | {"userId":"mix_pro_9","planType":"pro","remaining":{"hourly":0,"monthly":999800}}
Γä╣∩╕Å [INFO] Rate limit hit, queuing DM | {"userId":"mix_pro_9","planType":"pro","remaining":{"hourly":0,"monthly":999800}}
Γä╣∩╕Å [INFO] Rate limit hit, queuing DM | {"userId":"mix_pro_9","planType":"pro","remaining":{"hourly":0,"monthly":999800}}
Γä╣∩╕Å [INFO] Rate limit hit, queuing DM | {"userId":"mix_pro_9","planType":"pro","remaining":{"hourly":0,"monthly":999800}}
Γä╣∩╕Å [INFO] Rate limit hit, queuing DM | {"userId":"mix_pro_9","planType":"pro","remaining":{"hourly":0,"monthly":999800}}
Γä╣∩╕Å [INFO] Rate limit hit, queuing DM | {"userId":"mix_pro_9","planType":"pro","remaining":{"hourly":0,"monthly":999800}}
Γä╣∩╕Å [INFO] Rate limit hit, queuing DM | {"userId":"mix_pro_9","planType":"pro","remaining":{"hourly":0,"monthly":999800}}
Γä╣∩╕Å [INFO] Rate limit hit, queuing DM | {"userId":"mix_pro_9","planType":"pro","remaining":{"hourly":0,"monthly":999800}}
Γä╣∩╕Å [INFO] Rate limit hit, queuing DM | {"userId":"mix_pro_9","planType":"pro","remaining":{"hourly":0,"monthly":999800}}
Γä╣∩╕Å [INFO] Rate limit hit, queuing DM | {"userId":"mix_pro_9","planType":"pro","remaining":{"hourly":0,"monthly":999800}}
Γä╣∩╕Å [INFO] Rate limit hit, queuing DM | {"userId":"mix_pro_9","planType":"pro","remaining":{"hourly":0,"monthly":999800}}
Γä╣∩╕Å [INFO] Rate limit hit, queuing DM | {"userId":"mix_pro_9","planType":"pro","remaining":{"hourly":0,"monthly":999800}}
Γä╣∩╕Å [INFO] Rate limit hit, queuing DM | {"userId":"mix_pro_9","planType":"pro","remaining":{"hourly":0,"monthly":999800}}
Γä╣∩╕Å [INFO] Rate limit hit, queuing DM | {"userId":"mix_pro_9","planType":"pro","remaining":{"hourly":0,"monthly":999800}}
Γä╣∩╕Å [INFO] Rate limit hit, queuing DM | {"userId":"mix_pro_9","planType":"pro","remaining":{"hourly":0,"monthly":999800}}
Γä╣∩╕Å [INFO] Rate limit hit, queuing DM | {"userId":"mix_pro_9","planType":"pro","remaining":{"hourly":0,"monthly":999800}}
Γä╣∩╕Å [INFO] Rate limit hit, queuing DM | {"userId":"mix_pro_9","planType":"pro","remaining":{"hourly":0,"monthly":999800}}
Γä╣∩╕Å [INFO] Rate limit hit, queuing DM | {"userId":"mix_pro_9","planType":"pro","remaining":{"hourly":0,"monthly":999800}}
Γä╣∩╕Å [INFO] Rate limit hit, queuing DM | {"userId":"mix_pro_9","planType":"pro","remaining":{"hourly":0,"monthly":999800}}

[90mstdout[2m | tests/lib/capacity-simulation.test.ts[2m > [22m[2m≡ƒÜÇ Capacity Simulation: Full System Load Test[2m > [22m[2m≡ƒæÑ Multi-User Concurrency[2m > [22m[2m100 mixed-plan concurrent users
[22m[39mΓä╣∩╕Å [INFO] Rate limit hit, queuing DM | {"userId":"mix_pro_9","planType":"pro","remaining":{"hourly":0,"monthly":999800}}

[90mstdout[2m | tests/lib/capacity-simulation.test.ts[2m > [22m[2m≡ƒÜÇ Capacity Simulation: Full System Load Test[2m > [22m[2m≡ƒæÑ Multi-User Concurrency[2m > [22m[2m100 mixed-plan concurrent users
[22m[39mΓä╣∩╕Å [INFO] Rate limit hit, queuing DM | {"userId":"mix_pro_9","planType":"pro","remaining":{"hourly":0,"monthly":999800}}
Γä╣∩╕Å [INFO] Rate limit hit, queuing DM | {"userId":"mix_pro_9","planType":"pro","remaining":{"hourly":0,"monthly":999800}}
Γä╣∩╕Å [INFO] Rate limit hit, queuing DM | {"userId":"mix_pro_9","planType":"pro","remaining":{"hourly":0,"monthly":999800}}
Γä╣∩╕Å [INFO] Rate limit hit, queuing DM | {"userId":"mix_pro_9","planType":"pro","remaining":{"hourly":0,"monthly":999800}}
Γä╣∩╕Å [INFO] Rate limit hit, queuing DM | {"userId":"mix_pro_9","planType":"pro","remaining":{"hourly":0,"monthly":999800}}
Γä╣∩╕Å [INFO] Rate limit hit, queuing DM | {"userId":"mix_pro_9","planType":"pro","remaining":{"hourly":0,"monthly":999800}}
Γä╣∩╕Å [INFO] Rate limit hit, queuing DM | {"userId":"mix_pro_9","planType":"pro","remaining":{"hourly":0,"monthly":999800}}
Γä╣∩╕Å [INFO] Rate limit hit, queuing DM | {"userId":"mix_pro_9","planType":"pro","remaining":{"hourly":0,"monthly":999800}}
Γä╣∩╕Å [INFO] Rate limit hit, queuing DM | {"userId":"mix_pro_9","planType":"pro","remaining":{"hourly":0,"monthly":999800}}
Γä╣∩╕Å [INFO] Rate limit hit, queuing DM | {"userId":"mix_pro_9","planType":"pro","remaining":{"hourly":0,"monthly":999800}}
Γä╣∩╕Å [INFO] Rate limit hit, queuing DM | {"userId":"mix_pro_9","planType":"pro","remaining":{"hourly":0,"monthly":999800}}
Γä╣∩╕Å [INFO] Rate limit hit, queuing DM | {"userId":"mix_pro_9","planType":"pro","remaining":{"hourly":0,"monthly":999800}}
Γä╣∩╕Å [INFO] Rate limit hit, queuing DM | {"userId":"mix_pro_9","planType":"pro","remaining":{"hourly":0,"monthly":999800}}
Γä╣∩╕Å [INFO] Rate limit hit, queuing DM | {"userId":"mix_pro_9","planType":"pro","remaining":{"hourly":0,"monthly":999800}}
Γä╣∩╕Å [INFO] Rate limit hit, queuing DM | {"userId":"mix_pro_9","planType":"pro","remaining":{"hourly":0,"monthly":999800}}
Γä╣∩╕Å [INFO] Rate limit hit, queuing DM | {"userId":"mix_pro_9","planType":"pro","remaining":{"hourly":0,"monthly":999800}}
Γä╣∩╕Å [INFO] Rate limit hit, queuing DM | {"userId":"mix_pro_9","planType":"pro","remaining":{"hourly":0,"monthly":999800}}
Γä╣∩╕Å [INFO] Rate limit hit, queuing DM | {"userId":"mix_pro_9","planType":"pro","remaining":{"hourly":0,"monthly":999800}}
Γä╣∩╕Å [INFO] Rate limit hit, queuing DM | {"userId":"mix_pro_9","planType":"pro","remaining":{"hourly":0,"monthly":999800}}
Γä╣∩╕Å [INFO] Rate limit hit, queuing DM | {"userId":"mix_pro_9","planType":"pro","remaining":{"hourly":0,"monthly":999800}}
Γä╣∩╕Å [INFO] Rate limit hit, queuing DM | {"userId":"mix_pro_9","planType":"pro","remaining":{"hourly":0,"monthly":999800}}
Γä╣∩╕Å [INFO] Rate limit hit, queuing DM | {"userId":"mix_pro_9","planType":"pro","remaining":{"hourly":0,"monthly":999800}}
Γä╣∩╕Å [INFO] Rate limit hit, queuing DM | {"userId":"mix_pro_9","planType":"pro","remaining":{"hourly":0,"monthly":999800}}
Γä╣∩╕Å [INFO] Rate limit hit, queuing DM | {"userId":"mix_pro_9","planType":"pro","remaining":{"hourly":0,"monthly":999800}}
Γä╣∩╕Å [INFO] Rate limit hit, queuing DM | {"userId":"mix_pro_9","planType":"pro","remaining":{"hourly":0,"monthly":999800}}
Γä╣∩╕Å [INFO] Rate limit hit, queuing DM | {"userId":"mix_pro_9","planType":"pro","remaining":{"hourly":0,"monthly":999800}}
Γä╣∩╕Å [INFO] Rate limit hit, queuing DM | {"userId":"mix_pro_9","planType":"pro","remaining":{"hourly":0,"monthly":999800}}
Γä╣∩╕Å [INFO] Rate limit hit, queuing DM | {"userId":"mix_pro_9","planType":"pro","remaining":{"hourly":0,"monthly":999800}}
Γä╣∩╕Å [INFO] Rate limit hit, queuing DM | {"userId":"mix_pro_9","planType":"pro","remaining":{"hourly":0,"monthly":999800}}
Γä╣∩╕Å [INFO] Rate limit hit, queuing DM | {"userId":"mix_pro_9","planType":"pro","remaining":{"hourly":0,"monthly":999800}}
Γä╣∩╕Å [INFO] Rate limit hit, queuing DM | {"userId":"mix_pro_9","planType":"pro","remaining":{"hourly":0,"monthly":999800}}
Γä╣∩╕Å [INFO] Rate limit hit, queuing DM | {"userId":"mix_pro_9","planType":"pro","remaining":{"hourly":0,"monthly":999800}}
Γä╣∩╕Å [INFO] Rate limit hit, queuing DM | {"userId":"mix_pro_9","planType":"pro","remaining":{"hourly":0,"monthly":999800}}
Γä╣∩╕Å [INFO] Rate limit hit, queuing DM | {"userId":"mix_pro_9","planType":"pro","remaining":{"hourly":0,"monthly":999800}}
Γä╣∩╕Å [INFO] Rate limit hit, queuing DM | {"userId":"mix_pro_9","planType":"pro","remaining":{"hourly":0,"monthly":999800}}
Γä╣∩╕Å [INFO] Rate limit hit, queuing DM | {"userId":"mix_pro_9","planType":"pro","remaining":{"hourly":0,"monthly":999800}}
Γä╣∩╕Å [INFO] Rate limit hit, queuing DM | {"userId":"mix_pro_9","planType":"pro","remaining":{"hourly":0,"monthly":999800}}
Γä╣∩╕Å [INFO] Rate limit hit, queuing DM | {"userId":"mix_pro_9","planType":"pro","remaining":{"hourly":0,"monthly":999800}}
Γä╣∩╕Å [INFO] Rate limit hit, queuing DM | {"userId":"mix_pro_9","planType":"pro","remaining":{"hourly":0,"monthly":999800}}
Γä╣∩╕Å [INFO] Rate limit hit, queuing DM | {"userId":"mix_pro_9","planType":"pro","remaining":{"hourly":0,"monthly":999800}}
Γä╣∩╕Å [INFO] Rate limit hit, queuing DM | {"userId":"mix_pro_9","planType":"pro","remaining":{"hourly":0,"monthly":999800}}
Γä╣∩╕Å [INFO] Rate limit hit, queuing DM | {"userId":"mix_pro_9","planType":"pro","remaining":{"hourly":0,"monthly":999800}}
Γä╣∩╕Å [INFO] Rate limit hit, queuing DM | {"userId":"mix_pro_9","planType":"pro","remaining":{"hourly":0,"monthly":999800}}
Γä╣∩╕Å [INFO] Rate limit hit, queuing DM | {"userId":"mix_pro_9","planType":"pro","remaining":{"hourly":0,"monthly":999800}}
Γä╣∩╕Å [INFO] Rate limit hit, queuing DM | {"userId":"mix_pro_9","planType":"pro","remaining":{"hourly":0,"monthly":999800}}
Γä╣∩╕Å [INFO] Rate limit hit, queuing DM | {"userId":"mix_pro_9","planType":"pro","remaining":{"hourly":0,"monthly":999800}}
Γä╣∩╕Å [INFO] Rate limit hit, queuing DM | {"userId":"mix_pro_9","planType":"pro","remaining":{"hourly":0,"monthly":999800}}
Γä╣∩╕Å [INFO] Rate limit hit, queuing DM | {"userId":"mix_pro_9","planType":"pro","remaining":{"hourly":0,"monthly":999800}}
Γä╣∩╕Å [INFO] Rate limit hit, queuing DM | {"userId":"mix_pro_9","planType":"pro","remaining":{"hourly":0,"monthly":999800}}
Γä╣∩╕Å [INFO] Rate limit hit, queuing DM | {"userId":"mix_pro_9","planType":"pro","remaining":{"hourly":0,"monthly":999800}}
Γä╣∩╕Å [INFO] Rate limit hit, queuing DM | {"userId":"mix_pro_9","planType":"pro","remaining":{"hourly":0,"monthly":999800}}
Γä╣∩╕Å [INFO] Rate limit hit, queuing DM | {"userId":"mix_pro_9","planType":"pro","remaining":{"hourly":0,"monthly":999800}}
Γä╣∩╕Å [INFO] Rate limit hit, queuing DM | {"userId":"mix_pro_9","planType":"pro","remaining":{"hourly":0,"monthly":999800}}
Γä╣∩╕Å [INFO] Rate limit hit, queuing DM | {"userId":"mix_pro_9","planType":"pro","remaining":{"hourly":0,"monthly":999800}}
Γä╣∩╕Å [INFO] Rate limit hit, queuing DM | {"userId":"mix_pro_9","planType":"pro","remaining":{"hourly":0,"monthly":999800}}
Γä╣∩╕Å [INFO] Rate limit hit, queuing DM | {"userId":"mix_pro_9","planType":"pro","remaining":{"hourly":0,"monthly":999800}}
Γä╣∩╕Å [INFO] Rate limit hit, queuing DM | {"userId":"mix_pro_9","planType":"pro","remaining":{"hourly":0,"monthly":999800}}
Γä╣∩╕Å [INFO] Rate limit hit, queuing DM | {"userId":"mix_pro_9","planType":"pro","remaining":{"hourly":0,"monthly":999800}}
Γä╣∩╕Å [INFO] Rate limit hit, queuing DM | {"userId":"mix_pro_9","planType":"pro","remaining":{"hourly":0,"monthly":999800}}
Γä╣∩╕Å [INFO] Rate limit hit, queuing DM | {"userId":"mix_pro_9","planType":"pro","remaining":{"hourly":0,"monthly":999800}}
Γä╣∩╕Å [INFO] Rate limit hit, queuing DM | {"userId":"mix_pro_9","planType":"pro","remaining":{"hourly":0,"monthly":999800}}
Γä╣∩╕Å [INFO] Rate limit hit, queuing DM | {"userId":"mix_pro_9","planType":"pro","remaining":{"hourly":0,"monthly":999800}}
Γä╣∩╕Å [INFO] Rate limit hit, queuing DM | {"userId":"mix_pro_9","planType":"pro","remaining":{"hourly":0,"monthly":999800}}
Γä╣∩╕Å [INFO] Rate limit hit, queuing DM | {"userId":"mix_pro_9","planType":"pro","remaining":{"hourly":0,"monthly":999800}}
Γä╣∩╕Å [INFO] Rate limit hit, queuing DM | {"userId":"mix_pro_9","planType":"pro","remaining":{"hourly":0,"monthly":999800}}
Γä╣∩╕Å [INFO] Rate limit hit, queuing DM | {"userId":"mix_pro_9","planType":"pro","remaining":{"hourly":0,"monthly":999800}}
Γä╣∩╕Å [INFO] Rate limit hit, queuing DM | {"userId":"mix_pro_9","planType":"pro","remaining":{"hourly":0,"monthly":999800}}
Γä╣∩╕Å [INFO] Rate limit hit, queuing DM | {"userId":"mix_pro_9","planType":"pro","remaining":{"hourly":0,"monthly":999800}}
Γä╣∩╕Å [INFO] Rate limit hit, queuing DM | {"userId":"mix_pro_9","planType":"pro","remaining":{"hourly":0,"monthly":999800}}
Γä╣∩╕Å [INFO] Rate limit hit, queuing DM | {"userId":"mix_pro_9","planType":"pro","remaining":{"hourly":0,"monthly":999800}}
Γä╣∩╕Å [INFO] Rate limit hit, queuing DM | {"userId":"mix_pro_9","planType":"pro","remaining":{"hourly":0,"monthly":999800}}
Γä╣∩╕Å [INFO] Rate limit hit, queuing DM | {"userId":"mix_pro_9","planType":"pro","remaining":{"hourly":0,"monthly":999800}}
Γä╣∩╕Å [INFO] Rate limit hit, queuing DM | {"userId":"mix_pro_9","planType":"pro","remaining":{"hourly":0,"monthly":999800}}
Γä╣∩╕Å [INFO] Rate limit hit, queuing DM | {"userId":"mix_pro_9","planType":"pro","remaining":{"hourly":0,"monthly":999800}}
Γä╣∩╕Å [INFO] Rate limit hit, queuing DM | {"userId":"mix_pro_9","planType":"pro","remaining":{"hourly":0,"monthly":999800}}
Γä╣∩╕Å [INFO] Rate limit hit, queuing DM | {"userId":"mix_pro_9","planType":"pro","remaining":{"hourly":0,"monthly":999800}}
Γä╣∩╕Å [INFO] Rate limit hit, queuing DM | {"userId":"mix_pro_9","planType":"pro","remaining":{"hourly":0,"monthly":999800}}
Γä╣∩╕Å [INFO] Rate limit hit, queuing DM | {"userId":"mix_pro_9","planType":"pro","remaining":{"hourly":0,"monthly":999800}}
Γä╣∩╕Å [INFO] Rate limit hit, queuing DM | {"userId":"mix_pro_9","planType":"pro","remaining":{"hourly":0,"monthly":999800}}
Γä╣∩╕Å [INFO] Rate limit hit, queuing DM | {"userId":"mix_pro_9","planType":"pro","remaining":{"hourly":0,"monthly":999800}}
Γä╣∩╕Å [INFO] Rate limit hit, queuing DM | {"userId":"mix_pro_9","planType":"pro","remaining":{"hourly":0,"monthly":999800}}
Γä╣∩╕Å [INFO] Rate limit hit, queuing DM | {"userId":"mix_pro_9","planType":"pro","remaining":{"hourly":0,"monthly":999800}}
Γä╣∩╕Å [INFO] Rate limit hit, queuing DM | {"userId":"mix_pro_9","planType":"pro","remaining":{"hourly":0,"monthly":999800}}
Γä╣∩╕Å [INFO] Rate limit hit, queuing DM | {"userId":"mix_pro_9","planType":"pro","remaining":{"hourly":0,"monthly":999800}}
Γä╣∩╕Å [INFO] Rate limit hit, queuing DM | {"userId":"mix_pro_9","planType":"pro","remaining":{"hourly":0,"monthly":999800}}
Γä╣∩╕Å [INFO] Rate limit hit, queuing DM | {"userId":"mix_pro_9","planType":"pro","remaining":{"hourly":0,"monthly":999800}}
Γä╣∩╕Å [INFO] Rate limit hit, queuing DM | {"userId":"mix_pro_9","planType":"pro","remaining":{"hourly":0,"monthly":999800}}
Γä╣∩╕Å [INFO] Rate limit hit, queuing DM | {"userId":"mix_pro_9","planType":"pro","remaining":{"hourly":0,"monthly":999800}}
Γä╣∩╕Å [INFO] Rate limit hit, queuing DM | {"userId":"mix_pro_9","planType":"pro","remaining":{"hourly":0,"monthly":999800}}
Γä╣∩╕Å [INFO] Rate limit hit, queuing DM | {"userId":"mix_pro_9","planType":"pro","remaining":{"hourly":0,"monthly":999800}}
Γä╣∩╕Å [INFO] Rate limit hit, queuing DM | {"userId":"mix_pro_9","planType":"pro","remaining":{"hourly":0,"monthly":999800}}
Γä╣∩╕Å [INFO] Rate limit hit, queuing DM | {"userId":"mix_pro_9","planType":"pro","remaining":{"hourly":0,"monthly":999800}}
Γä╣∩╕Å [INFO] Rate limit hit, queuing DM | {"userId":"mix_pro_9","planType":"pro","remaining":{"hourly":0,"monthly":999800}}
Γä╣∩╕Å [INFO] Rate limit hit, queuing DM | {"userId":"mix_pro_9","planType":"pro","remaining":{"hourly":0,"monthly":999800}}
Γä╣∩╕Å [INFO] Rate limit hit, queuing DM | {"userId":"mix_pro_9","planType":"pro","remaining":{"hourly":0,"monthly":999800}}
Γä╣∩╕Å [INFO] Rate limit hit, queuing DM | {"userId":"mix_pro_9","planType":"pro","remaining":{"hourly":0,"monthly":999800}}
Γä╣∩╕Å [INFO] Rate limit hit, queuing DM | {"userId":"mix_pro_9","planType":"pro","remaining":{"hourly":0,"monthly":999800}}
Γä╣∩╕Å [INFO] Rate limit hit, queuing DM | {"userId":"mix_pro_9","planType":"pro","remaining":{"hourly":0,"monthly":999800}}
Γä╣∩╕Å [INFO] Rate limit hit, queuing DM | {"userId":"mix_pro_9","planType":"pro","remaining":{"hourly":0,"monthly":999800}}

[90mstdout[2m | tests/lib/capacity-simulation.test.ts[2m > [22m[2m≡ƒÜÇ Capacity Simulation: Full System Load Test[2m > [22m[2m≡ƒæÑ Multi-User Concurrency[2m > [22m[2m100 mixed-plan concurrent users
[22m[39mΓä╣∩╕Å [INFO] Rate limit hit, queuing DM | {"userId":"mix_pro_9","planType":"pro","remaining":{"hourly":0,"monthly":999800}}

[90mstdout[2m | tests/lib/capacity-simulation.test.ts[2m > [22m[2m≡ƒÜÇ Capacity Simulation: Full System Load Test[2m > [22m[2m≡ƒæÑ Multi-User Concurrency[2m > [22m[2m100 mixed-plan concurrent users
[22m[39mΓä╣∩╕Å [INFO] Rate limit hit, queuing DM | {"userId":"mix_pro_9","planType":"pro","remaining":{"hourly":0,"monthly":999800}}
Γä╣∩╕Å [INFO] Rate limit hit, queuing DM | {"userId":"mix_pro_9","planType":"pro","remaining":{"hourly":0,"monthly":999800}}
Γä╣∩╕Å [INFO] Rate limit hit, queuing DM | {"userId":"mix_pro_9","planType":"pro","remaining":{"hourly":0,"monthly":999800}}
Γä╣∩╕Å [INFO] Rate limit hit, queuing DM | {"userId":"mix_pro_9","planType":"pro","remaining":{"hourly":0,"monthly":999800}}
Γä╣∩╕Å [INFO] Rate limit hit, queuing DM | {"userId":"mix_pro_9","planType":"pro","remaining":{"hourly":0,"monthly":999800}}
Γä╣∩╕Å [INFO] Rate limit hit, queuing DM | {"userId":"mix_pro_9","planType":"pro","remaining":{"hourly":0,"monthly":999800}}
Γä╣∩╕Å [INFO] Rate limit hit, queuing DM | {"userId":"mix_pro_9","planType":"pro","remaining":{"hourly":0,"monthly":999800}}
Γä╣∩╕Å [INFO] Rate limit hit, queuing DM | {"userId":"mix_pro_9","planType":"pro","remaining":{"hourly":0,"monthly":999800}}
Γä╣∩╕Å [INFO] Rate limit hit, queuing DM | {"userId":"mix_pro_9","planType":"pro","remaining":{"hourly":0,"monthly":999800}}
Γä╣∩╕Å [INFO] Rate limit hit, queuing DM | {"userId":"mix_pro_9","planType":"pro","remaining":{"hourly":0,"monthly":999800}}
Γä╣∩╕Å [INFO] Rate limit hit, queuing DM | {"userId":"mix_pro_9","planType":"pro","remaining":{"hourly":0,"monthly":999800}}
Γä╣∩╕Å [INFO] Rate limit hit, queuing DM | {"userId":"mix_pro_9","planType":"pro","remaining":{"hourly":0,"monthly":999800}}
Γä╣∩╕Å [INFO] Rate limit hit, queuing DM | {"userId":"mix_pro_9","planType":"pro","remaining":{"hourly":0,"monthly":999800}}
Γä╣∩╕Å [INFO] Rate limit hit, queuing DM | {"userId":"mix_pro_9","planType":"pro","remaining":{"hourly":0,"monthly":999800}}
Γä╣∩╕Å [INFO] Rate limit hit, queuing DM | {"userId":"mix_pro_9","planType":"pro","remaining":{"hourly":0,"monthly":999800}}
Γä╣∩╕Å [INFO] Rate limit hit, queuing DM | {"userId":"mix_pro_9","planType":"pro","remaining":{"hourly":0,"monthly":999800}}
Γä╣∩╕Å [INFO] Rate limit hit, queuing DM | {"userId":"mix_pro_9","planType":"pro","remaining":{"hourly":0,"monthly":999800}}
Γä╣∩╕Å [INFO] Rate limit hit, queuing DM | {"userId":"mix_pro_9","planType":"pro","remaining":{"hourly":0,"monthly":999800}}
Γä╣∩╕Å [INFO] Rate limit hit, queuing DM | {"userId":"mix_pro_9","planType":"pro","remaining":{"hourly":0,"monthly":999800}}
Γä╣∩╕Å [INFO] Rate limit hit, queuing DM | {"userId":"mix_pro_9","planType":"pro","remaining":{"hourly":0,"monthly":999800}}
Γä╣∩╕Å [INFO] Rate limit hit, queuing DM | {"userId":"mix_pro_9","planType":"pro","remaining":{"hourly":0,"monthly":999800}}
Γä╣∩╕Å [INFO] Rate limit hit, queuing DM | {"userId":"mix_pro_9","planType":"pro","remaining":{"hourly":0,"monthly":999800}}
Γä╣∩╕Å [INFO] Rate limit hit, queuing DM | {"userId":"mix_pro_9","planType":"pro","remaining":{"hourly":0,"monthly":999800}}
Γä╣∩╕Å [INFO] Rate limit hit, queuing DM | {"userId":"mix_pro_9","planType":"pro","remaining":{"hourly":0,"monthly":999800}}
Γä╣∩╕Å [INFO] Rate limit hit, queuing DM | {"userId":"mix_pro_9","planType":"pro","remaining":{"hourly":0,"monthly":999800}}
Γä╣∩╕Å [INFO] Rate limit hit, queuing DM | {"userId":"mix_pro_9","planType":"pro","remaining":{"hourly":0,"monthly":999800}}
Γä╣∩╕Å [INFO] Rate limit hit, queuing DM | {"userId":"mix_pro_9","planType":"pro","remaining":{"hourly":0,"monthly":999800}}
Γä╣∩╕Å [INFO] Rate limit hit, queuing DM | {"userId":"mix_pro_9","planType":"pro","remaining":{"hourly":0,"monthly":999800}}
Γä╣∩╕Å [INFO] Rate limit hit, queuing DM | {"userId":"mix_pro_9","planType":"pro","remaining":{"hourly":0,"monthly":999800}}
Γä╣∩╕Å [INFO] Rate limit hit, queuing DM | {"userId":"mix_pro_9","planType":"pro","remaining":{"hourly":0,"monthly":999800}}
Γä╣∩╕Å [INFO] Rate limit hit, queuing DM | {"userId":"mix_pro_9","planType":"pro","remaining":{"hourly":0,"monthly":999800}}
Γä╣∩╕Å [INFO] Rate limit hit, queuing DM | {"userId":"mix_pro_9","planType":"pro","remaining":{"hourly":0,"monthly":999800}}
Γä╣∩╕Å [INFO] Rate limit hit, queuing DM | {"userId":"mix_pro_9","planType":"pro","remaining":{"hourly":0,"monthly":999800}}
Γä╣∩╕Å [INFO] Rate limit hit, queuing DM | {"userId":"mix_pro_9","planType":"pro","remaining":{"hourly":0,"monthly":999800}}
Γä╣∩╕Å [INFO] Rate limit hit, queuing DM | {"userId":"mix_pro_9","planType":"pro","remaining":{"hourly":0,"monthly":999800}}
Γä╣∩╕Å [INFO] Rate limit hit, queuing DM | {"userId":"mix_pro_9","planType":"pro","remaining":{"hourly":0,"monthly":999800}}
Γä╣∩╕Å [INFO] Rate limit hit, queuing DM | {"userId":"mix_pro_9","planType":"pro","remaining":{"hourly":0,"monthly":999800}}
Γä╣∩╕Å [INFO] Rate limit hit, queuing DM | {"userId":"mix_pro_9","planType":"pro","remaining":{"hourly":0,"monthly":999800}}
Γä╣∩╕Å [INFO] Rate limit hit, queuing DM | {"userId":"mix_pro_9","planType":"pro","remaining":{"hourly":0,"monthly":999800}}
Γä╣∩╕Å [INFO] Rate limit hit, queuing DM | {"userId":"mix_pro_9","planType":"pro","remaining":{"hourly":0,"monthly":999800}}
Γä╣∩╕Å [INFO] Rate limit hit, queuing DM | {"userId":"mix_pro_9","planType":"pro","remaining":{"hourly":0,"monthly":999800}}
Γä╣∩╕Å [INFO] Rate limit hit, queuing DM | {"userId":"mix_pro_9","planType":"pro","remaining":{"hourly":0,"monthly":999800}}
Γä╣∩╕Å [INFO] Rate limit hit, queuing DM | {"userId":"mix_pro_9","planType":"pro","remaining":{"hourly":0,"monthly":999800}}
Γä╣∩╕Å [INFO] Rate limit hit, queuing DM | {"userId":"mix_pro_9","planType":"pro","remaining":{"hourly":0,"monthly":999800}}
Γä╣∩╕Å [INFO] Rate limit hit, queuing DM | {"userId":"mix_pro_9","planType":"pro","remaining":{"hourly":0,"monthly":999800}}
Γä╣∩╕Å [INFO] Rate limit hit, queuing DM | {"userId":"mix_pro_9","planType":"pro","remaining":{"hourly":0,"monthly":999800}}
Γä╣∩╕Å [INFO] Rate limit hit, queuing DM | {"userId":"mix_pro_9","planType":"pro","remaining":{"hourly":0,"monthly":999800}}
Γä╣∩╕Å [INFO] Rate limit hit, queuing DM | {"userId":"mix_pro_9","planType":"pro","remaining":{"hourly":0,"monthly":999800}}
Γä╣∩╕Å [INFO] Rate limit hit, queuing DM | {"userId":"mix_pro_9","planType":"pro","remaining":{"hourly":0,"monthly":999800}}
Γä╣∩╕Å [INFO] Rate limit hit, queuing DM | {"userId":"mix_pro_9","planType":"pro","remaining":{"hourly":0,"monthly":999800}}
Γä╣∩╕Å [INFO] Rate limit hit, queuing DM | {"userId":"mix_pro_9","planType":"pro","remaining":{"hourly":0,"monthly":999800}}
Γä╣∩╕Å [INFO] Rate limit hit, queuing DM | {"userId":"mix_pro_9","planType":"pro","remaining":{"hourly":0,"monthly":999800}}
Γä╣∩╕Å [INFO] Rate limit hit, queuing DM | {"userId":"mix_pro_9","planType":"pro","remaining":{"hourly":0,"monthly":999800}}
Γä╣∩╕Å [INFO] Rate limit hit, queuing DM | {"userId":"mix_pro_9","planType":"pro","remaining":{"hourly":0,"monthly":999800}}
Γä╣∩╕Å [INFO] Rate limit hit, queuing DM | {"userId":"mix_pro_9","planType":"pro","remaining":{"hourly":0,"monthly":999800}}
Γä╣∩╕Å [INFO] Rate limit hit, queuing DM | {"userId":"mix_pro_9","planType":"pro","remaining":{"hourly":0,"monthly":999800}}
Γä╣∩╕Å [INFO] Rate limit hit, queuing DM | {"userId":"mix_pro_9","planType":"pro","remaining":{"hourly":0,"monthly":999800}}
Γä╣∩╕Å [INFO] Rate limit hit, queuing DM | {"userId":"mix_pro_9","planType":"pro","remaining":{"hourly":0,"monthly":999800}}
Γä╣∩╕Å [INFO] Rate limit hit, queuing DM | {"userId":"mix_pro_9","planType":"pro","remaining":{"hourly":0,"monthly":999800}}
Γä╣∩╕Å [INFO] Rate limit hit, queuing DM | {"userId":"mix_pro_9","planType":"pro","remaining":{"hourly":0,"monthly":999800}}
Γä╣∩╕Å [INFO] Rate limit hit, queuing DM | {"userId":"mix_pro_9","planType":"pro","remaining":{"hourly":0,"monthly":999800}}
Γä╣∩╕Å [INFO] Rate limit hit, queuing DM | {"userId":"mix_pro_9","planType":"pro","remaining":{"hourly":0,"monthly":999800}}
Γä╣∩╕Å [INFO] Rate limit hit, queuing DM | {"userId":"mix_pro_9","planType":"pro","remaining":{"hourly":0,"monthly":999800}}
Γä╣∩╕Å [INFO] Rate limit hit, queuing DM | {"userId":"mix_pro_9","planType":"pro","remaining":{"hourly":0,"monthly":999800}}
Γä╣∩╕Å [INFO] Rate limit hit, queuing DM | {"userId":"mix_pro_9","planType":"pro","remaining":{"hourly":0,"monthly":999800}}
Γä╣∩╕Å [INFO] Rate limit hit, queuing DM | {"userId":"mix_pro_9","planType":"pro","remaining":{"hourly":0,"monthly":999800}}
Γä╣∩╕Å [INFO] Rate limit hit, queuing DM | {"userId":"mix_pro_9","planType":"pro","remaining":{"hourly":0,"monthly":999800}}
Γä╣∩╕Å [INFO] Rate limit hit, queuing DM | {"userId":"mix_pro_9","planType":"pro","remaining":{"hourly":0,"monthly":999800}}
Γä╣∩╕Å [INFO] Rate limit hit, queuing DM | {"userId":"mix_pro_9","planType":"pro","remaining":{"hourly":0,"monthly":999800}}
Γä╣∩╕Å [INFO] Rate limit hit, queuing DM | {"userId":"mix_pro_9","planType":"pro","remaining":{"hourly":0,"monthly":999800}}
Γä╣∩╕Å [INFO] Rate limit hit, queuing DM | {"userId":"mix_pro_9","planType":"pro","remaining":{"hourly":0,"monthly":999800}}
Γä╣∩╕Å [INFO] Rate limit hit, queuing DM | {"userId":"mix_pro_9","planType":"pro","remaining":{"hourly":0,"monthly":999800}}
Γä╣∩╕Å [INFO] Rate limit hit, queuing DM | {"userId":"mix_pro_9","planType":"pro","remaining":{"hourly":0,"monthly":999800}}
Γä╣∩╕Å [INFO] Rate limit hit, queuing DM | {"userId":"mix_pro_9","planType":"pro","remaining":{"hourly":0,"monthly":999800}}
Γä╣∩╕Å [INFO] Rate limit hit, queuing DM | {"userId":"mix_pro_9","planType":"pro","remaining":{"hourly":0,"monthly":999800}}
Γä╣∩╕Å [INFO] Rate limit hit, queuing DM | {"userId":"mix_pro_9","planType":"pro","remaining":{"hourly":0,"monthly":999800}}
Γä╣∩╕Å [INFO] Rate limit hit, queuing DM | {"userId":"mix_pro_9","planType":"pro","remaining":{"hourly":0,"monthly":999800}}
Γä╣∩╕Å [INFO] Rate limit hit, queuing DM | {"userId":"mix_pro_9","planType":"pro","remaining":{"hourly":0,"monthly":999800}}
Γä╣∩╕Å [INFO] Rate limit hit, queuing DM | {"userId":"mix_pro_9","planType":"pro","remaining":{"hourly":0,"monthly":999800}}
Γä╣∩╕Å [INFO] Rate limit hit, queuing DM | {"userId":"mix_pro_9","planType":"pro","remaining":{"hourly":0,"monthly":999800}}
Γä╣∩╕Å [INFO] Rate limit hit, queuing DM | {"userId":"mix_pro_9","planType":"pro","remaining":{"hourly":0,"monthly":999800}}
Γä╣∩╕Å [INFO] Rate limit hit, queuing DM | {"userId":"mix_pro_9","planType":"pro","remaining":{"hourly":0,"monthly":999800}}
Γä╣∩╕Å [INFO] Rate limit hit, queuing DM | {"userId":"mix_pro_9","planType":"pro","remaining":{"hourly":0,"monthly":999800}}
Γä╣∩╕Å [INFO] Rate limit hit, queuing DM | {"userId":"mix_pro_9","planType":"pro","remaining":{"hourly":0,"monthly":999800}}
Γä╣∩╕Å [INFO] Rate limit hit, queuing DM | {"userId":"mix_pro_9","planType":"pro","remaining":{"hourly":0,"monthly":999800}}
Γä╣∩╕Å [INFO] Rate limit hit, queuing DM | {"userId":"mix_pro_9","planType":"pro","remaining":{"hourly":0,"monthly":999800}}
Γä╣∩╕Å [INFO] Rate limit hit, queuing DM | {"userId":"mix_pro_9","planType":"pro","remaining":{"hourly":0,"monthly":999800}}
Γä╣∩╕Å [INFO] Rate limit hit, queuing DM | {"userId":"mix_pro_9","planType":"pro","remaining":{"hourly":0,"monthly":999800}}
Γä╣∩╕Å [INFO] Rate limit hit, queuing DM | {"userId":"mix_pro_9","planType":"pro","remaining":{"hourly":0,"monthly":999800}}
Γä╣∩╕Å [INFO] Rate limit hit, queuing DM | {"userId":"mix_pro_9","planType":"pro","remaining":{"hourly":0,"monthly":999800}}
Γä╣∩╕Å [INFO] Rate limit hit, queuing DM | {"userId":"mix_pro_9","planType":"pro","remaining":{"hourly":0,"monthly":999800}}
Γä╣∩╕Å [INFO] Rate limit hit, queuing DM | {"userId":"mix_pro_9","planType":"pro","remaining":{"hourly":0,"monthly":999800}}
Γä╣∩╕Å [INFO] Rate limit hit, queuing DM | {"userId":"mix_pro_9","planType":"pro","remaining":{"hourly":0,"monthly":999800}}
Γä╣∩╕Å [INFO] Rate limit hit, queuing DM | {"userId":"mix_pro_9","planType":"pro","remaining":{"hourly":0,"monthly":999800}}
Γä╣∩╕Å [INFO] Rate limit hit, queuing DM | {"userId":"mix_pro_9","planType":"pro","remaining":{"hourly":0,"monthly":999800}}
Γä╣∩╕Å [INFO] Rate limit hit, queuing DM | {"userId":"mix_pro_9","planType":"pro","remaining":{"hourly":0,"monthly":999800}}
Γä╣∩╕Å [INFO] Rate limit hit, queuing DM | {"userId":"mix_pro_9","planType":"pro","remaining":{"hourly":0,"monthly":999800}}
Γä╣∩╕Å [INFO] Rate limit hit, queuing DM | {"userId":"mix_pro_9","planType":"pro","remaining":{"hourly":0,"monthly":999800}}
Γä╣∩╕Å [INFO] Rate limit hit, queuing DM | {"userId":"mix_pro_9","planType":"pro","remaining":{"hourly":0,"monthly":999800}}

[90mstdout[2m | tests/lib/capacity-simulation.test.ts[2m > [22m[2m≡ƒÜÇ Capacity Simulation: Full System Load Test[2m > [22m[2m≡ƒæÑ Multi-User Concurrency[2m > [22m[2m100 mixed-plan concurrent users
[22m[39mΓä╣∩╕Å [INFO] Rate limit hit, queuing DM | {"userId":"mix_pro_9","planType":"pro","remaining":{"hourly":0,"monthly":999800}}

[90mstdout[2m | tests/lib/capacity-simulation.test.ts[2m > [22m[2m≡ƒÜÇ Capacity Simulation: Full System Load Test[2m > [22m[2m≡ƒæÑ Multi-User Concurrency[2m > [22m[2m100 mixed-plan concurrent users
[22m[39mΓä╣∩╕Å [INFO] Rate limit hit, queuing DM | {"userId":"mix_pro_9","planType":"pro","remaining":{"hourly":0,"monthly":999800}}
Γä╣∩╕Å [INFO] Rate limit hit, queuing DM | {"userId":"mix_pro_9","planType":"pro","remaining":{"hourly":0,"monthly":999800}}
Γä╣∩╕Å [INFO] Rate limit hit, queuing DM | {"userId":"mix_pro_9","planType":"pro","remaining":{"hourly":0,"monthly":999800}}
Γä╣∩╕Å [INFO] Rate limit hit, queuing DM | {"userId":"mix_pro_9","planType":"pro","remaining":{"hourly":0,"monthly":999800}}
Γä╣∩╕Å [INFO] Rate limit hit, queuing DM | {"userId":"mix_pro_9","planType":"pro","remaining":{"hourly":0,"monthly":999800}}
Γä╣∩╕Å [INFO] Rate limit hit, queuing DM | {"userId":"mix_pro_9","planType":"pro","remaining":{"hourly":0,"monthly":999800}}
Γä╣∩╕Å [INFO] Rate limit hit, queuing DM | {"userId":"mix_pro_9","planType":"pro","remaining":{"hourly":0,"monthly":999800}}
Γä╣∩╕Å [INFO] Rate limit hit, queuing DM | {"userId":"mix_pro_9","planType":"pro","remaining":{"hourly":0,"monthly":999800}}
Γä╣∩╕Å [INFO] Rate limit hit, queuing DM | {"userId":"mix_pro_9","planType":"pro","remaining":{"hourly":0,"monthly":999800}}
Γä╣∩╕Å [INFO] Rate limit hit, queuing DM | {"userId":"mix_pro_9","planType":"pro","remaining":{"hourly":0,"monthly":999800}}
Γä╣∩╕Å [INFO] Rate limit hit, queuing DM | {"userId":"mix_pro_9","planType":"pro","remaining":{"hourly":0,"monthly":999800}}
Γä╣∩╕Å [INFO] Rate limit hit, queuing DM | {"userId":"mix_pro_9","planType":"pro","remaining":{"hourly":0,"monthly":999800}}
Γä╣∩╕Å [INFO] Rate limit hit, queuing DM | {"userId":"mix_pro_9","planType":"pro","remaining":{"hourly":0,"monthly":999800}}
Γä╣∩╕Å [INFO] Rate limit hit, queuing DM | {"userId":"mix_pro_9","planType":"pro","remaining":{"hourly":0,"monthly":999800}}
Γä╣∩╕Å [INFO] Rate limit hit, queuing DM | {"userId":"mix_pro_9","planType":"pro","remaining":{"hourly":0,"monthly":999800}}
Γä╣∩╕Å [INFO] Rate limit hit, queuing DM | {"userId":"mix_pro_9","planType":"pro","remaining":{"hourly":0,"monthly":999800}}
Γä╣∩╕Å [INFO] Rate limit hit, queuing DM | {"userId":"mix_pro_9","planType":"pro","remaining":{"hourly":0,"monthly":999800}}
Γä╣∩╕Å [INFO] Rate limit hit, queuing DM | {"userId":"mix_pro_9","planType":"pro","remaining":{"hourly":0,"monthly":999800}}
Γä╣∩╕Å [INFO] Rate limit hit, queuing DM | {"userId":"mix_pro_9","planType":"pro","remaining":{"hourly":0,"monthly":999800}}
Γä╣∩╕Å [INFO] Rate limit hit, queuing DM | {"userId":"mix_pro_9","planType":"pro","remaining":{"hourly":0,"monthly":999800}}
Γä╣∩╕Å [INFO] Rate limit hit, queuing DM | {"userId":"mix_pro_9","planType":"pro","remaining":{"hourly":0,"monthly":999800}}
Γä╣∩╕Å [INFO] Rate limit hit, queuing DM | {"userId":"mix_pro_9","planType":"pro","remaining":{"hourly":0,"monthly":999800}}
Γä╣∩╕Å [INFO] Rate limit hit, queuing DM | {"userId":"mix_pro_9","planType":"pro","remaining":{"hourly":0,"monthly":999800}}
Γä╣∩╕Å [INFO] Rate limit hit, queuing DM | {"userId":"mix_pro_9","planType":"pro","remaining":{"hourly":0,"monthly":999800}}
Γä╣∩╕Å [INFO] Rate limit hit, queuing DM | {"userId":"mix_pro_9","planType":"pro","remaining":{"hourly":0,"monthly":999800}}
Γä╣∩╕Å [INFO] Rate limit hit, queuing DM | {"userId":"mix_pro_9","planType":"pro","remaining":{"hourly":0,"monthly":999800}}
Γä╣∩╕Å [INFO] Rate limit hit, queuing DM | {"userId":"mix_pro_9","planType":"pro","remaining":{"hourly":0,"monthly":999800}}
Γä╣∩╕Å [INFO] Rate limit hit, queuing DM | {"userId":"mix_pro_9","planType":"pro","remaining":{"hourly":0,"monthly":999800}}
Γä╣∩╕Å [INFO] Rate limit hit, queuing DM | {"userId":"mix_pro_9","planType":"pro","remaining":{"hourly":0,"monthly":999800}}
Γä╣∩╕Å [INFO] Rate limit hit, queuing DM | {"userId":"mix_pro_9","planType":"pro","remaining":{"hourly":0,"monthly":999800}}
Γä╣∩╕Å [INFO] Rate limit hit, queuing DM | {"userId":"mix_pro_9","planType":"pro","remaining":{"hourly":0,"monthly":999800}}
Γä╣∩╕Å [INFO] Rate limit hit, queuing DM | {"userId":"mix_pro_9","planType":"pro","remaining":{"hourly":0,"monthly":999800}}
Γä╣∩╕Å [INFO] Rate limit hit, queuing DM | {"userId":"mix_pro_9","planType":"pro","remaining":{"hourly":0,"monthly":999800}}
Γä╣∩╕Å [INFO] Rate limit hit, queuing DM | {"userId":"mix_pro_9","planType":"pro","remaining":{"hourly":0,"monthly":999800}}
Γä╣∩╕Å [INFO] Rate limit hit, queuing DM | {"userId":"mix_pro_9","planType":"pro","remaining":{"hourly":0,"monthly":999800}}
Γä╣∩╕Å [INFO] Rate limit hit, queuing DM | {"userId":"mix_pro_9","planType":"pro","remaining":{"hourly":0,"monthly":999800}}
Γä╣∩╕Å [INFO] Rate limit hit, queuing DM | {"userId":"mix_pro_9","planType":"pro","remaining":{"hourly":0,"monthly":999800}}
Γä╣∩╕Å [INFO] Rate limit hit, queuing DM | {"userId":"mix_pro_9","planType":"pro","remaining":{"hourly":0,"monthly":999800}}
Γä╣∩╕Å [INFO] Rate limit hit, queuing DM | {"userId":"mix_pro_9","planType":"pro","remaining":{"hourly":0,"monthly":999800}}
Γä╣∩╕Å [INFO] Rate limit hit, queuing DM | {"userId":"mix_pro_9","planType":"pro","remaining":{"hourly":0,"monthly":999800}}
Γä╣∩╕Å [INFO] Rate limit hit, queuing DM | {"userId":"mix_pro_9","planType":"pro","remaining":{"hourly":0,"monthly":999800}}
Γä╣∩╕Å [INFO] Rate limit hit, queuing DM | {"userId":"mix_pro_9","planType":"pro","remaining":{"hourly":0,"monthly":999800}}
Γä╣∩╕Å [INFO] Rate limit hit, queuing DM | {"userId":"mix_pro_9","planType":"pro","remaining":{"hourly":0,"monthly":999800}}
Γä╣∩╕Å [INFO] Rate limit hit, queuing DM | {"userId":"mix_pro_9","planType":"pro","remaining":{"hourly":0,"monthly":999800}}
Γä╣∩╕Å [INFO] Rate limit hit, queuing DM | {"userId":"mix_pro_9","planType":"pro","remaining":{"hourly":0,"monthly":999800}}
Γä╣∩╕Å [INFO] Rate limit hit, queuing DM | {"userId":"mix_pro_9","planType":"pro","remaining":{"hourly":0,"monthly":999800}}
Γä╣∩╕Å [INFO] Rate limit hit, queuing DM | {"userId":"mix_pro_9","planType":"pro","remaining":{"hourly":0,"monthly":999800}}
Γä╣∩╕Å [INFO] Rate limit hit, queuing DM | {"userId":"mix_pro_9","planType":"pro","remaining":{"hourly":0,"monthly":999800}}
Γä╣∩╕Å [INFO] Rate limit hit, queuing DM | {"userId":"mix_pro_9","planType":"pro","remaining":{"hourly":0,"monthly":999800}}
Γä╣∩╕Å [INFO] Rate limit hit, queuing DM | {"userId":"mix_pro_9","planType":"pro","remaining":{"hourly":0,"monthly":999800}}
Γä╣∩╕Å [INFO] Rate limit hit, queuing DM | {"userId":"mix_pro_9","planType":"pro","remaining":{"hourly":0,"monthly":999800}}
Γä╣∩╕Å [INFO] Rate limit hit, queuing DM | {"userId":"mix_pro_9","planType":"pro","remaining":{"hourly":0,"monthly":999800}}
Γä╣∩╕Å [INFO] Rate limit hit, queuing DM | {"userId":"mix_pro_9","planType":"pro","remaining":{"hourly":0,"monthly":999800}}
Γä╣∩╕Å [INFO] Rate limit hit, queuing DM | {"userId":"mix_pro_9","planType":"pro","remaining":{"hourly":0,"monthly":999800}}
Γä╣∩╕Å [INFO] Rate limit hit, queuing DM | {"userId":"mix_pro_9","planType":"pro","remaining":{"hourly":0,"monthly":999800}}
Γä╣∩╕Å [INFO] Rate limit hit, queuing DM | {"userId":"mix_pro_9","planType":"pro","remaining":{"hourly":0,"monthly":999800}}
Γä╣∩╕Å [INFO] Rate limit hit, queuing DM | {"userId":"mix_pro_9","planType":"pro","remaining":{"hourly":0,"monthly":999800}}
Γä╣∩╕Å [INFO] Rate limit hit, queuing DM | {"userId":"mix_pro_9","planType":"pro","remaining":{"hourly":0,"monthly":999800}}
Γä╣∩╕Å [INFO] Rate limit hit, queuing DM | {"userId":"mix_pro_9","planType":"pro","remaining":{"hourly":0,"monthly":999800}}
Γä╣∩╕Å [INFO] Rate limit hit, queuing DM | {"userId":"mix_pro_9","planType":"pro","remaining":{"hourly":0,"monthly":999800}}
Γä╣∩╕Å [INFO] Rate limit hit, queuing DM | {"userId":"mix_pro_9","planType":"pro","remaining":{"hourly":0,"monthly":999800}}
Γä╣∩╕Å [INFO] Rate limit hit, queuing DM | {"userId":"mix_pro_9","planType":"pro","remaining":{"hourly":0,"monthly":999800}}
Γä╣∩╕Å [INFO] Rate limit hit, queuing DM | {"userId":"mix_pro_9","planType":"pro","remaining":{"hourly":0,"monthly":999800}}
Γä╣∩╕Å [INFO] Rate limit hit, queuing DM | {"userId":"mix_pro_9","planType":"pro","remaining":{"hourly":0,"monthly":999800}}
Γä╣∩╕Å [INFO] Rate limit hit, queuing DM | {"userId":"mix_pro_9","planType":"pro","remaining":{"hourly":0,"monthly":999800}}
Γä╣∩╕Å [INFO] Rate limit hit, queuing DM | {"userId":"mix_pro_9","planType":"pro","remaining":{"hourly":0,"monthly":999800}}
Γä╣∩╕Å [INFO] Rate limit hit, queuing DM | {"userId":"mix_pro_9","planType":"pro","remaining":{"hourly":0,"monthly":999800}}
Γä╣∩╕Å [INFO] Rate limit hit, queuing DM | {"userId":"mix_pro_9","planType":"pro","remaining":{"hourly":0,"monthly":999800}}
Γä╣∩╕Å [INFO] Rate limit hit, queuing DM | {"userId":"mix_pro_9","planType":"pro","remaining":{"hourly":0,"monthly":999800}}
Γä╣∩╕Å [INFO] Rate limit hit, queuing DM | {"userId":"mix_pro_9","planType":"pro","remaining":{"hourly":0,"monthly":999800}}
Γä╣∩╕Å [INFO] Rate limit hit, queuing DM | {"userId":"mix_pro_9","planType":"pro","remaining":{"hourly":0,"monthly":999800}}
Γä╣∩╕Å [INFO] Rate limit hit, queuing DM | {"userId":"mix_pro_9","planType":"pro","remaining":{"hourly":0,"monthly":999800}}
Γä╣∩╕Å [INFO] Rate limit hit, queuing DM | {"userId":"mix_pro_9","planType":"pro","remaining":{"hourly":0,"monthly":999800}}
Γä╣∩╕Å [INFO] Rate limit hit, queuing DM | {"userId":"mix_pro_9","planType":"pro","remaining":{"hourly":0,"monthly":999800}}
Γä╣∩╕Å [INFO] Rate limit hit, queuing DM | {"userId":"mix_pro_9","planType":"pro","remaining":{"hourly":0,"monthly":999800}}
Γä╣∩╕Å [INFO] Rate limit hit, queuing DM | {"userId":"mix_pro_9","planType":"pro","remaining":{"hourly":0,"monthly":999800}}
Γä╣∩╕Å [INFO] Rate limit hit, queuing DM | {"userId":"mix_pro_9","planType":"pro","remaining":{"hourly":0,"monthly":999800}}
Γä╣∩╕Å [INFO] Rate limit hit, queuing DM | {"userId":"mix_pro_9","planType":"pro","remaining":{"hourly":0,"monthly":999800}}
Γä╣∩╕Å [INFO] Rate limit hit, queuing DM | {"userId":"mix_pro_9","planType":"pro","remaining":{"hourly":0,"monthly":999800}}
Γä╣∩╕Å [INFO] Rate limit hit, queuing DM | {"userId":"mix_pro_9","planType":"pro","remaining":{"hourly":0,"monthly":999800}}
Γä╣∩╕Å [INFO] Rate limit hit, queuing DM | {"userId":"mix_pro_9","planType":"pro","remaining":{"hourly":0,"monthly":999800}}
Γä╣∩╕Å [INFO] Rate limit hit, queuing DM | {"userId":"mix_pro_9","planType":"pro","remaining":{"hourly":0,"monthly":999800}}
Γä╣∩╕Å [INFO] Rate limit hit, queuing DM | {"userId":"mix_pro_9","planType":"pro","remaining":{"hourly":0,"monthly":999800}}
Γä╣∩╕Å [INFO] Rate limit hit, queuing DM | {"userId":"mix_pro_9","planType":"pro","remaining":{"hourly":0,"monthly":999800}}
Γä╣∩╕Å [INFO] Rate limit hit, queuing DM | {"userId":"mix_pro_9","planType":"pro","remaining":{"hourly":0,"monthly":999800}}
Γä╣∩╕Å [INFO] Rate limit hit, queuing DM | {"userId":"mix_pro_9","planType":"pro","remaining":{"hourly":0,"monthly":999800}}
Γä╣∩╕Å [INFO] Rate limit hit, queuing DM | {"userId":"mix_pro_9","planType":"pro","remaining":{"hourly":0,"monthly":999800}}
Γä╣∩╕Å [INFO] Rate limit hit, queuing DM | {"userId":"mix_pro_9","planType":"pro","remaining":{"hourly":0,"monthly":999800}}
Γä╣∩╕Å [INFO] Rate limit hit, queuing DM | {"userId":"mix_pro_9","planType":"pro","remaining":{"hourly":0,"monthly":999800}}
Γä╣∩╕Å [INFO] Rate limit hit, queuing DM | {"userId":"mix_pro_9","planType":"pro","remaining":{"hourly":0,"monthly":999800}}
Γä╣∩╕Å [INFO] Rate limit hit, queuing DM | {"userId":"mix_pro_9","planType":"pro","remaining":{"hourly":0,"monthly":999800}}
Γä╣∩╕Å [INFO] Rate limit hit, queuing DM | {"userId":"mix_pro_9","planType":"pro","remaining":{"hourly":0,"monthly":999800}}
Γä╣∩╕Å [INFO] Rate limit hit, queuing DM | {"userId":"mix_pro_9","planType":"pro","remaining":{"hourly":0,"monthly":999800}}
Γä╣∩╕Å [INFO] Rate limit hit, queuing DM | {"userId":"mix_pro_9","planType":"pro","remaining":{"hourly":0,"monthly":999800}}
Γä╣∩╕Å [INFO] Rate limit hit, queuing DM | {"userId":"mix_pro_9","planType":"pro","remaining":{"hourly":0,"monthly":999800}}
Γä╣∩╕Å [INFO] Rate limit hit, queuing DM | {"userId":"mix_pro_9","planType":"pro","remaining":{"hourly":0,"monthly":999800}}
Γä╣∩╕Å [INFO] Rate limit hit, queuing DM | {"userId":"mix_pro_9","planType":"pro","remaining":{"hourly":0,"monthly":999800}}
Γä╣∩╕Å [INFO] Rate limit hit, queuing DM | {"userId":"mix_pro_9","planType":"pro","remaining":{"hourly":0,"monthly":999800}}
Γä╣∩╕Å [INFO] Rate limit hit, queuing DM | {"userId":"mix_pro_9","planType":"pro","remaining":{"hourly":0,"monthly":999800}}

[90mstdout[2m | tests/lib/capacity-simulation.test.ts[2m > [22m[2m≡ƒÜÇ Capacity Simulation: Full System Load Test[2m > [22m[2m≡ƒæÑ Multi-User Concurrency[2m > [22m[2m100 mixed-plan concurrent users
[22m[39mΓä╣∩╕Å [INFO] Rate limit hit, queuing DM | {"userId":"mix_pro_9","planType":"pro","remaining":{"hourly":0,"monthly":999800}}

[90mstdout[2m | tests/lib/capacity-simulation.test.ts[2m > [22m[2m≡ƒÜÇ Capacity Simulation: Full System Load Test[2m > [22m[2m≡ƒæÑ Multi-User Concurrency[2m > [22m[2m100 mixed-plan concurrent users
[22m[39mΓä╣∩╕Å [INFO] Rate limit hit, queuing DM | {"userId":"mix_pro_9","planType":"pro","remaining":{"hourly":0,"monthly":999800}}
Γä╣∩╕Å [INFO] Rate limit hit, queuing DM | {"userId":"mix_pro_9","planType":"pro","remaining":{"hourly":0,"monthly":999800}}
Γä╣∩╕Å [INFO] Rate limit hit, queuing DM | {"userId":"mix_pro_9","planType":"pro","remaining":{"hourly":0,"monthly":999800}}
Γä╣∩╕Å [INFO] Rate limit hit, queuing DM | {"userId":"mix_pro_9","planType":"pro","remaining":{"hourly":0,"monthly":999800}}
Γä╣∩╕Å [INFO] Rate limit hit, queuing DM | {"userId":"mix_pro_9","planType":"pro","remaining":{"hourly":0,"monthly":999800}}
Γä╣∩╕Å [INFO] Rate limit hit, queuing DM | {"userId":"mix_pro_9","planType":"pro","remaining":{"hourly":0,"monthly":999800}}
Γä╣∩╕Å [INFO] Rate limit hit, queuing DM | {"userId":"mix_pro_9","planType":"pro","remaining":{"hourly":0,"monthly":999800}}
Γä╣∩╕Å [INFO] Rate limit hit, queuing DM | {"userId":"mix_pro_9","planType":"pro","remaining":{"hourly":0,"monthly":999800}}
Γä╣∩╕Å [INFO] Rate limit hit, queuing DM | {"userId":"mix_pro_9","planType":"pro","remaining":{"hourly":0,"monthly":999800}}
Γä╣∩╕Å [INFO] Rate limit hit, queuing DM | {"userId":"mix_pro_9","planType":"pro","remaining":{"hourly":0,"monthly":999800}}
Γä╣∩╕Å [INFO] Rate limit hit, queuing DM | {"userId":"mix_pro_9","planType":"pro","remaining":{"hourly":0,"monthly":999800}}
Γä╣∩╕Å [INFO] Rate limit hit, queuing DM | {"userId":"mix_pro_9","planType":"pro","remaining":{"hourly":0,"monthly":999800}}
Γä╣∩╕Å [INFO] Rate limit hit, queuing DM | {"userId":"mix_pro_9","planType":"pro","remaining":{"hourly":0,"monthly":999800}}
Γä╣∩╕Å [INFO] Rate limit hit, queuing DM | {"userId":"mix_pro_9","planType":"pro","remaining":{"hourly":0,"monthly":999800}}
Γä╣∩╕Å [INFO] Rate limit hit, queuing DM | {"userId":"mix_pro_9","planType":"pro","remaining":{"hourly":0,"monthly":999800}}
Γä╣∩╕Å [INFO] Rate limit hit, queuing DM | {"userId":"mix_pro_9","planType":"pro","remaining":{"hourly":0,"monthly":999800}}
Γä╣∩╕Å [INFO] Rate limit hit, queuing DM | {"userId":"mix_pro_9","planType":"pro","remaining":{"hourly":0,"monthly":999800}}
Γä╣∩╕Å [INFO] Rate limit hit, queuing DM | {"userId":"mix_pro_9","planType":"pro","remaining":{"hourly":0,"monthly":999800}}
Γä╣∩╕Å [INFO] Rate limit hit, queuing DM | {"userId":"mix_pro_9","planType":"pro","remaining":{"hourly":0,"monthly":999800}}
Γä╣∩╕Å [INFO] Rate limit hit, queuing DM | {"userId":"mix_pro_9","planType":"pro","remaining":{"hourly":0,"monthly":999800}}
Γä╣∩╕Å [INFO] Rate limit hit, queuing DM | {"userId":"mix_pro_9","planType":"pro","remaining":{"hourly":0,"monthly":999800}}
Γä╣∩╕Å [INFO] Rate limit hit, queuing DM | {"userId":"mix_pro_9","planType":"pro","remaining":{"hourly":0,"monthly":999800}}
Γä╣∩╕Å [INFO] Rate limit hit, queuing DM | {"userId":"mix_pro_9","planType":"pro","remaining":{"hourly":0,"monthly":999800}}
Γä╣∩╕Å [INFO] Rate limit hit, queuing DM | {"userId":"mix_pro_9","planType":"pro","remaining":{"hourly":0,"monthly":999800}}
Γä╣∩╕Å [INFO] Rate limit hit, queuing DM | {"userId":"mix_pro_9","planType":"pro","remaining":{"hourly":0,"monthly":999800}}
Γä╣∩╕Å [INFO] Rate limit hit, queuing DM | {"userId":"mix_pro_9","planType":"pro","remaining":{"hourly":0,"monthly":999800}}
Γä╣∩╕Å [INFO] Rate limit hit, queuing DM | {"userId":"mix_pro_9","planType":"pro","remaining":{"hourly":0,"monthly":999800}}
Γä╣∩╕Å [INFO] Rate limit hit, queuing DM | {"userId":"mix_pro_9","planType":"pro","remaining":{"hourly":0,"monthly":999800}}
Γä╣∩╕Å [INFO] Rate limit hit, queuing DM | {"userId":"mix_pro_9","planType":"pro","remaining":{"hourly":0,"monthly":999800}}
Γä╣∩╕Å [INFO] Rate limit hit, queuing DM | {"userId":"mix_pro_9","planType":"pro","remaining":{"hourly":0,"monthly":999800}}
Γä╣∩╕Å [INFO] Rate limit hit, queuing DM | {"userId":"mix_pro_9","planType":"pro","remaining":{"hourly":0,"monthly":999800}}
Γä╣∩╕Å [INFO] Rate limit hit, queuing DM | {"userId":"mix_pro_9","planType":"pro","remaining":{"hourly":0,"monthly":999800}}
Γä╣∩╕Å [INFO] Rate limit hit, queuing DM | {"userId":"mix_pro_9","planType":"pro","remaining":{"hourly":0,"monthly":999800}}
Γä╣∩╕Å [INFO] Rate limit hit, queuing DM | {"userId":"mix_pro_9","planType":"pro","remaining":{"hourly":0,"monthly":999800}}
Γä╣∩╕Å [INFO] Rate limit hit, queuing DM | {"userId":"mix_pro_9","planType":"pro","remaining":{"hourly":0,"monthly":999800}}
Γä╣∩╕Å [INFO] Rate limit hit, queuing DM | {"userId":"mix_pro_9","planType":"pro","remaining":{"hourly":0,"monthly":999800}}
Γä╣∩╕Å [INFO] Rate limit hit, queuing DM | {"userId":"mix_pro_9","planType":"pro","remaining":{"hourly":0,"monthly":999800}}
Γä╣∩╕Å [INFO] Rate limit hit, queuing DM | {"userId":"mix_pro_9","planType":"pro","remaining":{"hourly":0,"monthly":999800}}
Γä╣∩╕Å [INFO] Rate limit hit, queuing DM | {"userId":"mix_pro_9","planType":"pro","remaining":{"hourly":0,"monthly":999800}}
Γä╣∩╕Å [INFO] Rate limit hit, queuing DM | {"userId":"mix_pro_9","planType":"pro","remaining":{"hourly":0,"monthly":999800}}
Γä╣∩╕Å [INFO] Rate limit hit, queuing DM | {"userId":"mix_pro_9","planType":"pro","remaining":{"hourly":0,"monthly":999800}}
Γä╣∩╕Å [INFO] Rate limit hit, queuing DM | {"userId":"mix_pro_9","planType":"pro","remaining":{"hourly":0,"monthly":999800}}
Γä╣∩╕Å [INFO] Rate limit hit, queuing DM | {"userId":"mix_pro_9","planType":"pro","remaining":{"hourly":0,"monthly":999800}}
Γä╣∩╕Å [INFO] Rate limit hit, queuing DM | {"userId":"mix_pro_9","planType":"pro","remaining":{"hourly":0,"monthly":999800}}
Γä╣∩╕Å [INFO] Rate limit hit, queuing DM | {"userId":"mix_pro_9","planType":"pro","remaining":{"hourly":0,"monthly":999800}}
Γä╣∩╕Å [INFO] Rate limit hit, queuing DM | {"userId":"mix_pro_9","planType":"pro","remaining":{"hourly":0,"monthly":999800}}
Γä╣∩╕Å [INFO] Rate limit hit, queuing DM | {"userId":"mix_pro_9","planType":"pro","remaining":{"hourly":0,"monthly":999800}}
Γä╣∩╕Å [INFO] Rate limit hit, queuing DM | {"userId":"mix_pro_9","planType":"pro","remaining":{"hourly":0,"monthly":999800}}
Γä╣∩╕Å [INFO] Rate limit hit, queuing DM | {"userId":"mix_pro_9","planType":"pro","remaining":{"hourly":0,"monthly":999800}}
Γä╣∩╕Å [INFO] Rate limit hit, queuing DM | {"userId":"mix_pro_9","planType":"pro","remaining":{"hourly":0,"monthly":999800}}
Γä╣∩╕Å [INFO] Rate limit hit, queuing DM | {"userId":"mix_pro_9","planType":"pro","remaining":{"hourly":0,"monthly":999800}}
Γä╣∩╕Å [INFO] Rate limit hit, queuing DM | {"userId":"mix_pro_9","planType":"pro","remaining":{"hourly":0,"monthly":999800}}
Γä╣∩╕Å [INFO] Rate limit hit, queuing DM | {"userId":"mix_pro_9","planType":"pro","remaining":{"hourly":0,"monthly":999800}}
Γä╣∩╕Å [INFO] Rate limit hit, queuing DM | {"userId":"mix_pro_9","planType":"pro","remaining":{"hourly":0,"monthly":999800}}
Γä╣∩╕Å [INFO] Rate limit hit, queuing DM | {"userId":"mix_pro_9","planType":"pro","remaining":{"hourly":0,"monthly":999800}}
Γä╣∩╕Å [INFO] Rate limit hit, queuing DM | {"userId":"mix_pro_9","planType":"pro","remaining":{"hourly":0,"monthly":999800}}
Γä╣∩╕Å [INFO] Rate limit hit, queuing DM | {"userId":"mix_pro_9","planType":"pro","remaining":{"hourly":0,"monthly":999800}}
Γä╣∩╕Å [INFO] Rate limit hit, queuing DM | {"userId":"mix_pro_9","planType":"pro","remaining":{"hourly":0,"monthly":999800}}
Γä╣∩╕Å [INFO] Rate limit hit, queuing DM | {"userId":"mix_pro_9","planType":"pro","remaining":{"hourly":0,"monthly":999800}}
Γä╣∩╕Å [INFO] Rate limit hit, queuing DM | {"userId":"mix_pro_9","planType":"pro","remaining":{"hourly":0,"monthly":999800}}
Γä╣∩╕Å [INFO] Rate limit hit, queuing DM | {"userId":"mix_pro_9","planType":"pro","remaining":{"hourly":0,"monthly":999800}}
Γä╣∩╕Å [INFO] Rate limit hit, queuing DM | {"userId":"mix_pro_9","planType":"pro","remaining":{"hourly":0,"monthly":999800}}
Γä╣∩╕Å [INFO] Rate limit hit, queuing DM | {"userId":"mix_pro_9","planType":"pro","remaining":{"hourly":0,"monthly":999800}}
Γä╣∩╕Å [INFO] Rate limit hit, queuing DM | {"userId":"mix_pro_9","planType":"pro","remaining":{"hourly":0,"monthly":999800}}
Γä╣∩╕Å [INFO] Rate limit hit, queuing DM | {"userId":"mix_pro_9","planType":"pro","remaining":{"hourly":0,"monthly":999800}}
Γä╣∩╕Å [INFO] Rate limit hit, queuing DM | {"userId":"mix_pro_9","planType":"pro","remaining":{"hourly":0,"monthly":999800}}
Γä╣∩╕Å [INFO] Rate limit hit, queuing DM | {"userId":"mix_pro_9","planType":"pro","remaining":{"hourly":0,"monthly":999800}}
Γä╣∩╕Å [INFO] Rate limit hit, queuing DM | {"userId":"mix_pro_9","planType":"pro","remaining":{"hourly":0,"monthly":999800}}
Γä╣∩╕Å [INFO] Rate limit hit, queuing DM | {"userId":"mix_pro_9","planType":"pro","remaining":{"hourly":0,"monthly":999800}}
Γä╣∩╕Å [INFO] Rate limit hit, queuing DM | {"userId":"mix_pro_9","planType":"pro","remaining":{"hourly":0,"monthly":999800}}
Γä╣∩╕Å [INFO] Rate limit hit, queuing DM | {"userId":"mix_pro_9","planType":"pro","remaining":{"hourly":0,"monthly":999800}}
Γä╣∩╕Å [INFO] Rate limit hit, queuing DM | {"userId":"mix_pro_9","planType":"pro","remaining":{"hourly":0,"monthly":999800}}
Γä╣∩╕Å [INFO] Rate limit hit, queuing DM | {"userId":"mix_pro_9","planType":"pro","remaining":{"hourly":0,"monthly":999800}}
Γä╣∩╕Å [INFO] Rate limit hit, queuing DM | {"userId":"mix_pro_9","planType":"pro","remaining":{"hourly":0,"monthly":999800}}
Γä╣∩╕Å [INFO] Rate limit hit, queuing DM | {"userId":"mix_pro_9","planType":"pro","remaining":{"hourly":0,"monthly":999800}}
Γä╣∩╕Å [INFO] Rate limit hit, queuing DM | {"userId":"mix_pro_9","planType":"pro","remaining":{"hourly":0,"monthly":999800}}
Γä╣∩╕Å [INFO] Rate limit hit, queuing DM | {"userId":"mix_pro_9","planType":"pro","remaining":{"hourly":0,"monthly":999800}}
Γä╣∩╕Å [INFO] Rate limit hit, queuing DM | {"userId":"mix_pro_9","planType":"pro","remaining":{"hourly":0,"monthly":999800}}
Γä╣∩╕Å [INFO] Rate limit hit, queuing DM | {"userId":"mix_pro_9","planType":"pro","remaining":{"hourly":0,"monthly":999800}}
Γä╣∩╕Å [INFO] Rate limit hit, queuing DM | {"userId":"mix_pro_9","planType":"pro","remaining":{"hourly":0,"monthly":999800}}
Γä╣∩╕Å [INFO] Rate limit hit, queuing DM | {"userId":"mix_pro_9","planType":"pro","remaining":{"hourly":0,"monthly":999800}}
Γä╣∩╕Å [INFO] Rate limit hit, queuing DM | {"userId":"mix_pro_9","planType":"pro","remaining":{"hourly":0,"monthly":999800}}
Γä╣∩╕Å [INFO] Rate limit hit, queuing DM | {"userId":"mix_pro_9","planType":"pro","remaining":{"hourly":0,"monthly":999800}}
Γä╣∩╕Å [INFO] Rate limit hit, queuing DM | {"userId":"mix_pro_9","planType":"pro","remaining":{"hourly":0,"monthly":999800}}
Γä╣∩╕Å [INFO] Rate limit hit, queuing DM | {"userId":"mix_pro_9","planType":"pro","remaining":{"hourly":0,"monthly":999800}}
Γä╣∩╕Å [INFO] Rate limit hit, queuing DM | {"userId":"mix_pro_9","planType":"pro","remaining":{"hourly":0,"monthly":999800}}
Γä╣∩╕Å [INFO] Rate limit hit, queuing DM | {"userId":"mix_pro_9","planType":"pro","remaining":{"hourly":0,"monthly":999800}}
Γä╣∩╕Å [INFO] Rate limit hit, queuing DM | {"userId":"mix_pro_9","planType":"pro","remaining":{"hourly":0,"monthly":999800}}
Γä╣∩╕Å [INFO] Rate limit hit, queuing DM | {"userId":"mix_pro_9","planType":"pro","remaining":{"hourly":0,"monthly":999800}}
Γä╣∩╕Å [INFO] Rate limit hit, queuing DM | {"userId":"mix_pro_9","planType":"pro","remaining":{"hourly":0,"monthly":999800}}
Γä╣∩╕Å [INFO] Rate limit hit, queuing DM | {"userId":"mix_pro_9","planType":"pro","remaining":{"hourly":0,"monthly":999800}}
Γä╣∩╕Å [INFO] Rate limit hit, queuing DM | {"userId":"mix_pro_9","planType":"pro","remaining":{"hourly":0,"monthly":999800}}
Γä╣∩╕Å [INFO] Rate limit hit, queuing DM | {"userId":"mix_pro_9","planType":"pro","remaining":{"hourly":0,"monthly":999800}}
Γä╣∩╕Å [INFO] Rate limit hit, queuing DM | {"userId":"mix_pro_9","planType":"pro","remaining":{"hourly":0,"monthly":999800}}
Γä╣∩╕Å [INFO] Rate limit hit, queuing DM | {"userId":"mix_pro_9","planType":"pro","remaining":{"hourly":0,"monthly":999800}}
Γä╣∩╕Å [INFO] Rate limit hit, queuing DM | {"userId":"mix_pro_9","planType":"pro","remaining":{"hourly":0,"monthly":999800}}
Γä╣∩╕Å [INFO] Rate limit hit, queuing DM | {"userId":"mix_pro_9","planType":"pro","remaining":{"hourly":0,"monthly":999800}}
Γä╣∩╕Å [INFO] Rate limit hit, queuing DM | {"userId":"mix_pro_9","planType":"pro","remaining":{"hourly":0,"monthly":999800}}
Γä╣∩╕Å [INFO] Rate limit hit, queuing DM | {"userId":"mix_pro_9","planType":"pro","remaining":{"hourly":0,"monthly":999800}}

[90mstdout[2m | tests/lib/capacity-simulation.test.ts[2m > [22m[2m≡ƒÜÇ Capacity Simulation: Full System Load Test[2m > [22m[2m≡ƒæÑ Multi-User Concurrency[2m > [22m[2m100 mixed-plan concurrent users
[22m[39mΓä╣∩╕Å [INFO] Rate limit hit, queuing DM | {"userId":"mix_pro_9","planType":"pro","remaining":{"hourly":0,"monthly":999800}}

[90mstdout[2m | tests/lib/capacity-simulation.test.ts[2m > [22m[2m≡ƒÜÇ Capacity Simulation: Full System Load Test[2m > [22m[2m≡ƒæÑ Multi-User Concurrency[2m > [22m[2m100 mixed-plan concurrent users
[22m[39mΓä╣∩╕Å [INFO] Rate limit hit, queuing DM | {"userId":"mix_pro_9","planType":"pro","remaining":{"hourly":0,"monthly":999800}}
Γä╣∩╕Å [INFO] Rate limit hit, queuing DM | {"userId":"mix_pro_9","planType":"pro","remaining":{"hourly":0,"monthly":999800}}
Γä╣∩╕Å [INFO] Rate limit hit, queuing DM | {"userId":"mix_pro_9","planType":"pro","remaining":{"hourly":0,"monthly":999800}}
Γä╣∩╕Å [INFO] Rate limit hit, queuing DM | {"userId":"mix_pro_9","planType":"pro","remaining":{"hourly":0,"monthly":999800}}
Γä╣∩╕Å [INFO] Rate limit hit, queuing DM | {"userId":"mix_pro_9","planType":"pro","remaining":{"hourly":0,"monthly":999800}}
Γä╣∩╕Å [INFO] Rate limit hit, queuing DM | {"userId":"mix_pro_9","planType":"pro","remaining":{"hourly":0,"monthly":999800}}
Γä╣∩╕Å [INFO] Rate limit hit, queuing DM | {"userId":"mix_pro_9","planType":"pro","remaining":{"hourly":0,"monthly":999800}}
Γä╣∩╕Å [INFO] Rate limit hit, queuing DM | {"userId":"mix_pro_9","planType":"pro","remaining":{"hourly":0,"monthly":999800}}
Γä╣∩╕Å [INFO] Rate limit hit, queuing DM | {"userId":"mix_pro_9","planType":"pro","remaining":{"hourly":0,"monthly":999800}}
Γä╣∩╕Å [INFO] Rate limit hit, queuing DM | {"userId":"mix_pro_9","planType":"pro","remaining":{"hourly":0,"monthly":999800}}
Γä╣∩╕Å [INFO] Rate limit hit, queuing DM | {"userId":"mix_pro_9","planType":"pro","remaining":{"hourly":0,"monthly":999800}}
Γä╣∩╕Å [INFO] Rate limit hit, queuing DM | {"userId":"mix_pro_9","planType":"pro","remaining":{"hourly":0,"monthly":999800}}
Γä╣∩╕Å [INFO] Rate limit hit, queuing DM | {"userId":"mix_pro_9","planType":"pro","remaining":{"hourly":0,"monthly":999800}}
Γä╣∩╕Å [INFO] Rate limit hit, queuing DM | {"userId":"mix_pro_9","planType":"pro","remaining":{"hourly":0,"monthly":999800}}
Γä╣∩╕Å [INFO] Rate limit hit, queuing DM | {"userId":"mix_pro_9","planType":"pro","remaining":{"hourly":0,"monthly":999800}}
Γä╣∩╕Å [INFO] Rate limit hit, queuing DM | {"userId":"mix_pro_9","planType":"pro","remaining":{"hourly":0,"monthly":999800}}
Γä╣∩╕Å [INFO] Rate limit hit, queuing DM | {"userId":"mix_pro_9","planType":"pro","remaining":{"hourly":0,"monthly":999800}}
Γä╣∩╕Å [INFO] Rate limit hit, queuing DM | {"userId":"mix_pro_9","planType":"pro","remaining":{"hourly":0,"monthly":999800}}
Γä╣∩╕Å [INFO] Rate limit hit, queuing DM | {"userId":"mix_pro_9","planType":"pro","remaining":{"hourly":0,"monthly":999800}}
Γä╣∩╕Å [INFO] Rate limit hit, queuing DM | {"userId":"mix_pro_9","planType":"pro","remaining":{"hourly":0,"monthly":999800}}
Γä╣∩╕Å [INFO] Rate limit hit, queuing DM | {"userId":"mix_pro_9","planType":"pro","remaining":{"hourly":0,"monthly":999800}}
Γä╣∩╕Å [INFO] Rate limit hit, queuing DM | {"userId":"mix_pro_9","planType":"pro","remaining":{"hourly":0,"monthly":999800}}
Γä╣∩╕Å [INFO] Rate limit hit, queuing DM | {"userId":"mix_pro_9","planType":"pro","remaining":{"hourly":0,"monthly":999800}}
Γä╣∩╕Å [INFO] Rate limit hit, queuing DM | {"userId":"mix_pro_9","planType":"pro","remaining":{"hourly":0,"monthly":999800}}
Γä╣∩╕Å [INFO] Rate limit hit, queuing DM | {"userId":"mix_pro_9","planType":"pro","remaining":{"hourly":0,"monthly":999800}}
Γä╣∩╕Å [INFO] Rate limit hit, queuing DM | {"userId":"mix_pro_9","planType":"pro","remaining":{"hourly":0,"monthly":999800}}
Γä╣∩╕Å [INFO] Rate limit hit, queuing DM | {"userId":"mix_pro_9","planType":"pro","remaining":{"hourly":0,"monthly":999800}}
Γä╣∩╕Å [INFO] Rate limit hit, queuing DM | {"userId":"mix_pro_9","planType":"pro","remaining":{"hourly":0,"monthly":999800}}
Γä╣∩╕Å [INFO] Rate limit hit, queuing DM | {"userId":"mix_pro_9","planType":"pro","remaining":{"hourly":0,"monthly":999800}}
Γä╣∩╕Å [INFO] Rate limit hit, queuing DM | {"userId":"mix_pro_9","planType":"pro","remaining":{"hourly":0,"monthly":999800}}
Γä╣∩╕Å [INFO] Rate limit hit, queuing DM | {"userId":"mix_pro_9","planType":"pro","remaining":{"hourly":0,"monthly":999800}}
Γä╣∩╕Å [INFO] Rate limit hit, queuing DM | {"userId":"mix_pro_9","planType":"pro","remaining":{"hourly":0,"monthly":999800}}
Γä╣∩╕Å [INFO] Rate limit hit, queuing DM | {"userId":"mix_pro_9","planType":"pro","remaining":{"hourly":0,"monthly":999800}}
Γä╣∩╕Å [INFO] Rate limit hit, queuing DM | {"userId":"mix_pro_9","planType":"pro","remaining":{"hourly":0,"monthly":999800}}
Γä╣∩╕Å [INFO] Rate limit hit, queuing DM | {"userId":"mix_pro_9","planType":"pro","remaining":{"hourly":0,"monthly":999800}}
Γä╣∩╕Å [INFO] Rate limit hit, queuing DM | {"userId":"mix_pro_9","planType":"pro","remaining":{"hourly":0,"monthly":999800}}
Γä╣∩╕Å [INFO] Rate limit hit, queuing DM | {"userId":"mix_pro_9","planType":"pro","remaining":{"hourly":0,"monthly":999800}}
Γä╣∩╕Å [INFO] Rate limit hit, queuing DM | {"userId":"mix_pro_9","planType":"pro","remaining":{"hourly":0,"monthly":999800}}
Γä╣∩╕Å [INFO] Rate limit hit, queuing DM | {"userId":"mix_pro_9","planType":"pro","remaining":{"hourly":0,"monthly":999800}}
Γä╣∩╕Å [INFO] Rate limit hit, queuing DM | {"userId":"mix_pro_9","planType":"pro","remaining":{"hourly":0,"monthly":999800}}
Γä╣∩╕Å [INFO] Rate limit hit, queuing DM | {"userId":"mix_pro_9","planType":"pro","remaining":{"hourly":0,"monthly":999800}}
Γä╣∩╕Å [INFO] Rate limit hit, queuing DM | {"userId":"mix_pro_9","planType":"pro","remaining":{"hourly":0,"monthly":999800}}
Γä╣∩╕Å [INFO] Rate limit hit, queuing DM | {"userId":"mix_pro_9","planType":"pro","remaining":{"hourly":0,"monthly":999800}}
Γä╣∩╕Å [INFO] Rate limit hit, queuing DM | {"userId":"mix_pro_9","planType":"pro","remaining":{"hourly":0,"monthly":999800}}
Γä╣∩╕Å [INFO] Rate limit hit, queuing DM | {"userId":"mix_pro_9","planType":"pro","remaining":{"hourly":0,"monthly":999800}}
Γä╣∩╕Å [INFO] Rate limit hit, queuing DM | {"userId":"mix_pro_9","planType":"pro","remaining":{"hourly":0,"monthly":999800}}
Γä╣∩╕Å [INFO] Rate limit hit, queuing DM | {"userId":"mix_pro_9","planType":"pro","remaining":{"hourly":0,"monthly":999800}}
Γä╣∩╕Å [INFO] Rate limit hit, queuing DM | {"userId":"mix_pro_9","planType":"pro","remaining":{"hourly":0,"monthly":999800}}
Γä╣∩╕Å [INFO] Rate limit hit, queuing DM | {"userId":"mix_pro_9","planType":"pro","remaining":{"hourly":0,"monthly":999800}}
Γä╣∩╕Å [INFO] Rate limit hit, queuing DM | {"userId":"mix_pro_9","planType":"pro","remaining":{"hourly":0,"monthly":999800}}
Γä╣∩╕Å [INFO] Rate limit hit, queuing DM | {"userId":"mix_pro_9","planType":"pro","remaining":{"hourly":0,"monthly":999800}}
Γä╣∩╕Å [INFO] Rate limit hit, queuing DM | {"userId":"mix_pro_9","planType":"pro","remaining":{"hourly":0,"monthly":999800}}
Γä╣∩╕Å [INFO] Rate limit hit, queuing DM | {"userId":"mix_pro_9","planType":"pro","remaining":{"hourly":0,"monthly":999800}}
Γä╣∩╕Å [INFO] Rate limit hit, queuing DM | {"userId":"mix_pro_9","planType":"pro","remaining":{"hourly":0,"monthly":999800}}
Γä╣∩╕Å [INFO] Rate limit hit, queuing DM | {"userId":"mix_pro_9","planType":"pro","remaining":{"hourly":0,"monthly":999800}}
Γä╣∩╕Å [INFO] Rate limit hit, queuing DM | {"userId":"mix_pro_9","planType":"pro","remaining":{"hourly":0,"monthly":999800}}
Γä╣∩╕Å [INFO] Rate limit hit, queuing DM | {"userId":"mix_pro_9","planType":"pro","remaining":{"hourly":0,"monthly":999800}}
Γä╣∩╕Å [INFO] Rate limit hit, queuing DM | {"userId":"mix_pro_9","planType":"pro","remaining":{"hourly":0,"monthly":999800}}
Γä╣∩╕Å [INFO] Rate limit hit, queuing DM | {"userId":"mix_pro_9","planType":"pro","remaining":{"hourly":0,"monthly":999800}}
Γä╣∩╕Å [INFO] Rate limit hit, queuing DM | {"userId":"mix_pro_9","planType":"pro","remaining":{"hourly":0,"monthly":999800}}
Γä╣∩╕Å [INFO] Rate limit hit, queuing DM | {"userId":"mix_pro_9","planType":"pro","remaining":{"hourly":0,"monthly":999800}}
Γä╣∩╕Å [INFO] Rate limit hit, queuing DM | {"userId":"mix_pro_9","planType":"pro","remaining":{"hourly":0,"monthly":999800}}
Γä╣∩╕Å [INFO] Rate limit hit, queuing DM | {"userId":"mix_pro_9","planType":"pro","remaining":{"hourly":0,"monthly":999800}}
Γä╣∩╕Å [INFO] Rate limit hit, queuing DM | {"userId":"mix_pro_9","planType":"pro","remaining":{"hourly":0,"monthly":999800}}
Γä╣∩╕Å [INFO] Rate limit hit, queuing DM | {"userId":"mix_pro_9","planType":"pro","remaining":{"hourly":0,"monthly":999800}}
Γä╣∩╕Å [INFO] Rate limit hit, queuing DM | {"userId":"mix_pro_9","planType":"pro","remaining":{"hourly":0,"monthly":999800}}
Γä╣∩╕Å [INFO] Rate limit hit, queuing DM | {"userId":"mix_pro_9","planType":"pro","remaining":{"hourly":0,"monthly":999800}}
Γä╣∩╕Å [INFO] Rate limit hit, queuing DM | {"userId":"mix_pro_9","planType":"pro","remaining":{"hourly":0,"monthly":999800}}
Γä╣∩╕Å [INFO] Rate limit hit, queuing DM | {"userId":"mix_pro_9","planType":"pro","remaining":{"hourly":0,"monthly":999800}}
Γä╣∩╕Å [INFO] Rate limit hit, queuing DM | {"userId":"mix_pro_9","planType":"pro","remaining":{"hourly":0,"monthly":999800}}
Γä╣∩╕Å [INFO] Rate limit hit, queuing DM | {"userId":"mix_pro_9","planType":"pro","remaining":{"hourly":0,"monthly":999800}}
Γä╣∩╕Å [INFO] Rate limit hit, queuing DM | {"userId":"mix_pro_9","planType":"pro","remaining":{"hourly":0,"monthly":999800}}
Γä╣∩╕Å [INFO] Rate limit hit, queuing DM | {"userId":"mix_pro_9","planType":"pro","remaining":{"hourly":0,"monthly":999800}}
Γä╣∩╕Å [INFO] Rate limit hit, queuing DM | {"userId":"mix_pro_9","planType":"pro","remaining":{"hourly":0,"monthly":999800}}
Γä╣∩╕Å [INFO] Rate limit hit, queuing DM | {"userId":"mix_pro_9","planType":"pro","remaining":{"hourly":0,"monthly":999800}}
Γä╣∩╕Å [INFO] Rate limit hit, queuing DM | {"userId":"mix_pro_9","planType":"pro","remaining":{"hourly":0,"monthly":999800}}
Γä╣∩╕Å [INFO] Rate limit hit, queuing DM | {"userId":"mix_pro_9","planType":"pro","remaining":{"hourly":0,"monthly":999800}}
Γä╣∩╕Å [INFO] Rate limit hit, queuing DM | {"userId":"mix_pro_9","planType":"pro","remaining":{"hourly":0,"monthly":999800}}
Γä╣∩╕Å [INFO] Rate limit hit, queuing DM | {"userId":"mix_pro_9","planType":"pro","remaining":{"hourly":0,"monthly":999800}}
Γä╣∩╕Å [INFO] Rate limit hit, queuing DM | {"userId":"mix_pro_9","planType":"pro","remaining":{"hourly":0,"monthly":999800}}
Γä╣∩╕Å [INFO] Rate limit hit, queuing DM | {"userId":"mix_pro_9","planType":"pro","remaining":{"hourly":0,"monthly":999800}}
Γä╣∩╕Å [INFO] Rate limit hit, queuing DM | {"userId":"mix_pro_9","planType":"pro","remaining":{"hourly":0,"monthly":999800}}
Γä╣∩╕Å [INFO] Rate limit hit, queuing DM | {"userId":"mix_pro_9","planType":"pro","remaining":{"hourly":0,"monthly":999800}}
Γä╣∩╕Å [INFO] Rate limit hit, queuing DM | {"userId":"mix_pro_9","planType":"pro","remaining":{"hourly":0,"monthly":999800}}
Γä╣∩╕Å [INFO] Rate limit hit, queuing DM | {"userId":"mix_pro_9","planType":"pro","remaining":{"hourly":0,"monthly":999800}}
Γä╣∩╕Å [INFO] Rate limit hit, queuing DM | {"userId":"mix_pro_9","planType":"pro","remaining":{"hourly":0,"monthly":999800}}
Γä╣∩╕Å [INFO] Rate limit hit, queuing DM | {"userId":"mix_pro_9","planType":"pro","remaining":{"hourly":0,"monthly":999800}}
Γä╣∩╕Å [INFO] Rate limit hit, queuing DM | {"userId":"mix_pro_9","planType":"pro","remaining":{"hourly":0,"monthly":999800}}
Γä╣∩╕Å [INFO] Rate limit hit, queuing DM | {"userId":"mix_pro_9","planType":"pro","remaining":{"hourly":0,"monthly":999800}}
Γä╣∩╕Å [INFO] Rate limit hit, queuing DM | {"userId":"mix_pro_9","planType":"pro","remaining":{"hourly":0,"monthly":999800}}
Γä╣∩╕Å [INFO] Rate limit hit, queuing DM | {"userId":"mix_pro_9","planType":"pro","remaining":{"hourly":0,"monthly":999800}}
Γä╣∩╕Å [INFO] Rate limit hit, queuing DM | {"userId":"mix_pro_9","planType":"pro","remaining":{"hourly":0,"monthly":999800}}
Γä╣∩╕Å [INFO] Rate limit hit, queuing DM | {"userId":"mix_pro_9","planType":"pro","remaining":{"hourly":0,"monthly":999800}}
Γä╣∩╕Å [INFO] Rate limit hit, queuing DM | {"userId":"mix_pro_9","planType":"pro","remaining":{"hourly":0,"monthly":999800}}
Γä╣∩╕Å [INFO] Rate limit hit, queuing DM | {"userId":"mix_pro_9","planType":"pro","remaining":{"hourly":0,"monthly":999800}}
Γä╣∩╕Å [INFO] Rate limit hit, queuing DM | {"userId":"mix_pro_9","planType":"pro","remaining":{"hourly":0,"monthly":999800}}
Γä╣∩╕Å [INFO] Rate limit hit, queuing DM | {"userId":"mix_pro_9","planType":"pro","remaining":{"hourly":0,"monthly":999800}}
Γä╣∩╕Å [INFO] Rate limit hit, queuing DM | {"userId":"mix_pro_9","planType":"pro","remaining":{"hourly":0,"monthly":999800}}
Γä╣∩╕Å [INFO] Rate limit hit, queuing DM | {"userId":"mix_pro_9","planType":"pro","remaining":{"hourly":0,"monthly":999800}}

[90mstdout[2m | tests/lib/capacity-simulation.test.ts[2m > [22m[2m≡ƒÜÇ Capacity Simulation: Full System Load Test[2m > [22m[2m≡ƒæÑ Multi-User Concurrency[2m > [22m[2m100 mixed-plan concurrent users
[22m[39mΓä╣∩╕Å [INFO] Rate limit hit, queuing DM | {"userId":"mix_pro_9","planType":"pro","remaining":{"hourly":0,"monthly":999800}}

[90mstdout[2m | tests/lib/capacity-simulation.test.ts[2m > [22m[2m≡ƒÜÇ Capacity Simulation: Full System Load Test[2m > [22m[2m≡ƒæÑ Multi-User Concurrency[2m > [22m[2m100 mixed-plan concurrent users
[22m[39mΓä╣∩╕Å [INFO] Rate limit hit, queuing DM | {"userId":"mix_pro_9","planType":"pro","remaining":{"hourly":0,"monthly":999800}}
Γä╣∩╕Å [INFO] Rate limit hit, queuing DM | {"userId":"mix_pro_9","planType":"pro","remaining":{"hourly":0,"monthly":999800}}
Γä╣∩╕Å [INFO] Rate limit hit, queuing DM | {"userId":"mix_pro_9","planType":"pro","remaining":{"hourly":0,"monthly":999800}}
Γä╣∩╕Å [INFO] Rate limit hit, queuing DM | {"userId":"mix_pro_9","planType":"pro","remaining":{"hourly":0,"monthly":999800}}
Γä╣∩╕Å [INFO] Rate limit hit, queuing DM | {"userId":"mix_pro_9","planType":"pro","remaining":{"hourly":0,"monthly":999800}}
Γä╣∩╕Å [INFO] Rate limit hit, queuing DM | {"userId":"mix_pro_9","planType":"pro","remaining":{"hourly":0,"monthly":999800}}
Γä╣∩╕Å [INFO] Rate limit hit, queuing DM | {"userId":"mix_pro_9","planType":"pro","remaining":{"hourly":0,"monthly":999800}}
Γä╣∩╕Å [INFO] Rate limit hit, queuing DM | {"userId":"mix_pro_9","planType":"pro","remaining":{"hourly":0,"monthly":999800}}
Γä╣∩╕Å [INFO] Rate limit hit, queuing DM | {"userId":"mix_pro_9","planType":"pro","remaining":{"hourly":0,"monthly":999800}}
Γä╣∩╕Å [INFO] Rate limit hit, queuing DM | {"userId":"mix_pro_9","planType":"pro","remaining":{"hourly":0,"monthly":999800}}
Γä╣∩╕Å [INFO] Rate limit hit, queuing DM | {"userId":"mix_pro_9","planType":"pro","remaining":{"hourly":0,"monthly":999800}}
Γä╣∩╕Å [INFO] Rate limit hit, queuing DM | {"userId":"mix_pro_9","planType":"pro","remaining":{"hourly":0,"monthly":999800}}
Γä╣∩╕Å [INFO] Rate limit hit, queuing DM | {"userId":"mix_pro_9","planType":"pro","remaining":{"hourly":0,"monthly":999800}}
Γä╣∩╕Å [INFO] Rate limit hit, queuing DM | {"userId":"mix_pro_9","planType":"pro","remaining":{"hourly":0,"monthly":999800}}
Γä╣∩╕Å [INFO] Rate limit hit, queuing DM | {"userId":"mix_pro_9","planType":"pro","remaining":{"hourly":0,"monthly":999800}}
Γä╣∩╕Å [INFO] Rate limit hit, queuing DM | {"userId":"mix_pro_9","planType":"pro","remaining":{"hourly":0,"monthly":999800}}
Γä╣∩╕Å [INFO] Rate limit hit, queuing DM | {"userId":"mix_pro_9","planType":"pro","remaining":{"hourly":0,"monthly":999800}}
Γä╣∩╕Å [INFO] Rate limit hit, queuing DM | {"userId":"mix_pro_9","planType":"pro","remaining":{"hourly":0,"monthly":999800}}
Γä╣∩╕Å [INFO] Rate limit hit, queuing DM | {"userId":"mix_pro_9","planType":"pro","remaining":{"hourly":0,"monthly":999800}}
Γä╣∩╕Å [INFO] Rate limit hit, queuing DM | {"userId":"mix_pro_9","planType":"pro","remaining":{"hourly":0,"monthly":999800}}
Γä╣∩╕Å [INFO] Rate limit hit, queuing DM | {"userId":"mix_pro_9","planType":"pro","remaining":{"hourly":0,"monthly":999800}}
Γä╣∩╕Å [INFO] Rate limit hit, queuing DM | {"userId":"mix_pro_9","planType":"pro","remaining":{"hourly":0,"monthly":999800}}
Γä╣∩╕Å [INFO] Rate limit hit, queuing DM | {"userId":"mix_pro_9","planType":"pro","remaining":{"hourly":0,"monthly":999800}}
Γä╣∩╕Å [INFO] Rate limit hit, queuing DM | {"userId":"mix_pro_9","planType":"pro","remaining":{"hourly":0,"monthly":999800}}
Γä╣∩╕Å [INFO] Rate limit hit, queuing DM | {"userId":"mix_pro_9","planType":"pro","remaining":{"hourly":0,"monthly":999800}}
Γä╣∩╕Å [INFO] Rate limit hit, queuing DM | {"userId":"mix_pro_9","planType":"pro","remaining":{"hourly":0,"monthly":999800}}
Γä╣∩╕Å [INFO] Rate limit hit, queuing DM | {"userId":"mix_pro_9","planType":"pro","remaining":{"hourly":0,"monthly":999800}}
Γä╣∩╕Å [INFO] Rate limit hit, queuing DM | {"userId":"mix_pro_9","planType":"pro","remaining":{"hourly":0,"monthly":999800}}
Γä╣∩╕Å [INFO] Rate limit hit, queuing DM | {"userId":"mix_pro_9","planType":"pro","remaining":{"hourly":0,"monthly":999800}}
Γä╣∩╕Å [INFO] Rate limit hit, queuing DM | {"userId":"mix_pro_9","planType":"pro","remaining":{"hourly":0,"monthly":999800}}
Γä╣∩╕Å [INFO] Rate limit hit, queuing DM | {"userId":"mix_pro_9","planType":"pro","remaining":{"hourly":0,"monthly":999800}}
Γä╣∩╕Å [INFO] Rate limit hit, queuing DM | {"userId":"mix_pro_9","planType":"pro","remaining":{"hourly":0,"monthly":999800}}
Γä╣∩╕Å [INFO] Rate limit hit, queuing DM | {"userId":"mix_pro_9","planType":"pro","remaining":{"hourly":0,"monthly":999800}}
Γä╣∩╕Å [INFO] Rate limit hit, queuing DM | {"userId":"mix_pro_9","planType":"pro","remaining":{"hourly":0,"monthly":999800}}
Γä╣∩╕Å [INFO] Rate limit hit, queuing DM | {"userId":"mix_pro_9","planType":"pro","remaining":{"hourly":0,"monthly":999800}}
Γä╣∩╕Å [INFO] Rate limit hit, queuing DM | {"userId":"mix_pro_9","planType":"pro","remaining":{"hourly":0,"monthly":999800}}
Γä╣∩╕Å [INFO] Rate limit hit, queuing DM | {"userId":"mix_pro_9","planType":"pro","remaining":{"hourly":0,"monthly":999800}}
Γä╣∩╕Å [INFO] Rate limit hit, queuing DM | {"userId":"mix_pro_9","planType":"pro","remaining":{"hourly":0,"monthly":999800}}
Γä╣∩╕Å [INFO] Rate limit hit, queuing DM | {"userId":"mix_pro_9","planType":"pro","remaining":{"hourly":0,"monthly":999800}}
Γä╣∩╕Å [INFO] Rate limit hit, queuing DM | {"userId":"mix_pro_9","planType":"pro","remaining":{"hourly":0,"monthly":999800}}
Γä╣∩╕Å [INFO] Rate limit hit, queuing DM | {"userId":"mix_pro_9","planType":"pro","remaining":{"hourly":0,"monthly":999800}}
Γä╣∩╕Å [INFO] Rate limit hit, queuing DM | {"userId":"mix_pro_9","planType":"pro","remaining":{"hourly":0,"monthly":999800}}
Γä╣∩╕Å [INFO] Rate limit hit, queuing DM | {"userId":"mix_pro_9","planType":"pro","remaining":{"hourly":0,"monthly":999800}}
Γä╣∩╕Å [INFO] Rate limit hit, queuing DM | {"userId":"mix_pro_9","planType":"pro","remaining":{"hourly":0,"monthly":999800}}
Γä╣∩╕Å [INFO] Rate limit hit, queuing DM | {"userId":"mix_pro_9","planType":"pro","remaining":{"hourly":0,"monthly":999800}}
Γä╣∩╕Å [INFO] Rate limit hit, queuing DM | {"userId":"mix_pro_9","planType":"pro","remaining":{"hourly":0,"monthly":999800}}
Γä╣∩╕Å [INFO] Rate limit hit, queuing DM | {"userId":"mix_pro_9","planType":"pro","remaining":{"hourly":0,"monthly":999800}}
Γä╣∩╕Å [INFO] Rate limit hit, queuing DM | {"userId":"mix_pro_9","planType":"pro","remaining":{"hourly":0,"monthly":999800}}
Γä╣∩╕Å [INFO] Rate limit hit, queuing DM | {"userId":"mix_pro_9","planType":"pro","remaining":{"hourly":0,"monthly":999800}}
Γä╣∩╕Å [INFO] Rate limit hit, queuing DM | {"userId":"mix_pro_9","planType":"pro","remaining":{"hourly":0,"monthly":999800}}
Γä╣∩╕Å [INFO] Rate limit hit, queuing DM | {"userId":"mix_pro_9","planType":"pro","remaining":{"hourly":0,"monthly":999800}}
Γä╣∩╕Å [INFO] Rate limit hit, queuing DM | {"userId":"mix_pro_9","planType":"pro","remaining":{"hourly":0,"monthly":999800}}
Γä╣∩╕Å [INFO] Rate limit hit, queuing DM | {"userId":"mix_pro_9","planType":"pro","remaining":{"hourly":0,"monthly":999800}}
Γä╣∩╕Å [INFO] Rate limit hit, queuing DM | {"userId":"mix_pro_9","planType":"pro","remaining":{"hourly":0,"monthly":999800}}
Γä╣∩╕Å [INFO] Rate limit hit, queuing DM | {"userId":"mix_pro_9","planType":"pro","remaining":{"hourly":0,"monthly":999800}}
Γä╣∩╕Å [INFO] Rate limit hit, queuing DM | {"userId":"mix_pro_9","planType":"pro","remaining":{"hourly":0,"monthly":999800}}
Γä╣∩╕Å [INFO] Rate limit hit, queuing DM | {"userId":"mix_pro_9","planType":"pro","remaining":{"hourly":0,"monthly":999800}}
Γä╣∩╕Å [INFO] Rate limit hit, queuing DM | {"userId":"mix_pro_9","planType":"pro","remaining":{"hourly":0,"monthly":999800}}
Γä╣∩╕Å [INFO] Rate limit hit, queuing DM | {"userId":"mix_pro_9","planType":"pro","remaining":{"hourly":0,"monthly":999800}}
Γä╣∩╕Å [INFO] Rate limit hit, queuing DM | {"userId":"mix_pro_9","planType":"pro","remaining":{"hourly":0,"monthly":999800}}
Γä╣∩╕Å [INFO] Rate limit hit, queuing DM | {"userId":"mix_pro_9","planType":"pro","remaining":{"hourly":0,"monthly":999800}}
Γä╣∩╕Å [INFO] Rate limit hit, queuing DM | {"userId":"mix_pro_9","planType":"pro","remaining":{"hourly":0,"monthly":999800}}
Γä╣∩╕Å [INFO] Rate limit hit, queuing DM | {"userId":"mix_pro_9","planType":"pro","remaining":{"hourly":0,"monthly":999800}}
Γä╣∩╕Å [INFO] Rate limit hit, queuing DM | {"userId":"mix_pro_9","planType":"pro","remaining":{"hourly":0,"monthly":999800}}
Γä╣∩╕Å [INFO] Rate limit hit, queuing DM | {"userId":"mix_pro_9","planType":"pro","remaining":{"hourly":0,"monthly":999800}}
Γä╣∩╕Å [INFO] Rate limit hit, queuing DM | {"userId":"mix_pro_9","planType":"pro","remaining":{"hourly":0,"monthly":999800}}
Γä╣∩╕Å [INFO] Rate limit hit, queuing DM | {"userId":"mix_pro_9","planType":"pro","remaining":{"hourly":0,"monthly":999800}}
Γä╣∩╕Å [INFO] Rate limit hit, queuing DM | {"userId":"mix_pro_9","planType":"pro","remaining":{"hourly":0,"monthly":999800}}
Γä╣∩╕Å [INFO] Rate limit hit, queuing DM | {"userId":"mix_pro_9","planType":"pro","remaining":{"hourly":0,"monthly":999800}}
Γä╣∩╕Å [INFO] Rate limit hit, queuing DM | {"userId":"mix_pro_9","planType":"pro","remaining":{"hourly":0,"monthly":999800}}
Γä╣∩╕Å [INFO] Rate limit hit, queuing DM | {"userId":"mix_pro_9","planType":"pro","remaining":{"hourly":0,"monthly":999800}}
Γä╣∩╕Å [INFO] Rate limit hit, queuing DM | {"userId":"mix_pro_9","planType":"pro","remaining":{"hourly":0,"monthly":999800}}
Γä╣∩╕Å [INFO] Rate limit hit, queuing DM | {"userId":"mix_pro_9","planType":"pro","remaining":{"hourly":0,"monthly":999800}}
Γä╣∩╕Å [INFO] Rate limit hit, queuing DM | {"userId":"mix_pro_9","planType":"pro","remaining":{"hourly":0,"monthly":999800}}
Γä╣∩╕Å [INFO] Rate limit hit, queuing DM | {"userId":"mix_pro_9","planType":"pro","remaining":{"hourly":0,"monthly":999800}}
Γä╣∩╕Å [INFO] Rate limit hit, queuing DM | {"userId":"mix_pro_9","planType":"pro","remaining":{"hourly":0,"monthly":999800}}
Γä╣∩╕Å [INFO] Rate limit hit, queuing DM | {"userId":"mix_pro_9","planType":"pro","remaining":{"hourly":0,"monthly":999800}}
Γä╣∩╕Å [INFO] Rate limit hit, queuing DM | {"userId":"mix_pro_9","planType":"pro","remaining":{"hourly":0,"monthly":999800}}
Γä╣∩╕Å [INFO] Rate limit hit, queuing DM | {"userId":"mix_pro_9","planType":"pro","remaining":{"hourly":0,"monthly":999800}}
Γä╣∩╕Å [INFO] Rate limit hit, queuing DM | {"userId":"mix_pro_9","planType":"pro","remaining":{"hourly":0,"monthly":999800}}
Γä╣∩╕Å [INFO] Rate limit hit, queuing DM | {"userId":"mix_pro_9","planType":"pro","remaining":{"hourly":0,"monthly":999800}}
Γä╣∩╕Å [INFO] Rate limit hit, queuing DM | {"userId":"mix_pro_9","planType":"pro","remaining":{"hourly":0,"monthly":999800}}
Γä╣∩╕Å [INFO] Rate limit hit, queuing DM | {"userId":"mix_pro_9","planType":"pro","remaining":{"hourly":0,"monthly":999800}}
Γä╣∩╕Å [INFO] Rate limit hit, queuing DM | {"userId":"mix_pro_9","planType":"pro","remaining":{"hourly":0,"monthly":999800}}
Γä╣∩╕Å [INFO] Rate limit hit, queuing DM | {"userId":"mix_pro_9","planType":"pro","remaining":{"hourly":0,"monthly":999800}}
Γä╣∩╕Å [INFO] Rate limit hit, queuing DM | {"userId":"mix_pro_9","planType":"pro","remaining":{"hourly":0,"monthly":999800}}
Γä╣∩╕Å [INFO] Rate limit hit, queuing DM | {"userId":"mix_pro_9","planType":"pro","remaining":{"hourly":0,"monthly":999800}}
Γä╣∩╕Å [INFO] Rate limit hit, queuing DM | {"userId":"mix_pro_9","planType":"pro","remaining":{"hourly":0,"monthly":999800}}
Γä╣∩╕Å [INFO] Rate limit hit, queuing DM | {"userId":"mix_pro_9","planType":"pro","remaining":{"hourly":0,"monthly":999800}}
Γä╣∩╕Å [INFO] Rate limit hit, queuing DM | {"userId":"mix_pro_9","planType":"pro","remaining":{"hourly":0,"monthly":999800}}
Γä╣∩╕Å [INFO] Rate limit hit, queuing DM | {"userId":"mix_pro_9","planType":"pro","remaining":{"hourly":0,"monthly":999800}}
Γä╣∩╕Å [INFO] Rate limit hit, queuing DM | {"userId":"mix_pro_9","planType":"pro","remaining":{"hourly":0,"monthly":999800}}
Γä╣∩╕Å [INFO] Rate limit hit, queuing DM | {"userId":"mix_pro_9","planType":"pro","remaining":{"hourly":0,"monthly":999800}}
Γä╣∩╕Å [INFO] Rate limit hit, queuing DM | {"userId":"mix_pro_9","planType":"pro","remaining":{"hourly":0,"monthly":999800}}
Γä╣∩╕Å [INFO] Rate limit hit, queuing DM | {"userId":"mix_pro_9","planType":"pro","remaining":{"hourly":0,"monthly":999800}}
Γä╣∩╕Å [INFO] Rate limit hit, queuing DM | {"userId":"mix_pro_9","planType":"pro","remaining":{"hourly":0,"monthly":999800}}
Γä╣∩╕Å [INFO] Rate limit hit, queuing DM | {"userId":"mix_pro_9","planType":"pro","remaining":{"hourly":0,"monthly":999800}}
Γä╣∩╕Å [INFO] Rate limit hit, queuing DM | {"userId":"mix_pro_9","planType":"pro","remaining":{"hourly":0,"monthly":999800}}
Γä╣∩╕Å [INFO] Rate limit hit, queuing DM | {"userId":"mix_pro_9","planType":"pro","remaining":{"hourly":0,"monthly":999800}}

[90mstdout[2m | tests/lib/capacity-simulation.test.ts[2m > [22m[2m≡ƒÜÇ Capacity Simulation: Full System Load Test[2m > [22m[2m≡ƒæÑ Multi-User Concurrency[2m > [22m[2m100 mixed-plan concurrent users
[22m[39mΓä╣∩╕Å [INFO] Rate limit hit, queuing DM | {"userId":"mix_pro_9","planType":"pro","remaining":{"hourly":0,"monthly":999800}}

[90mstdout[2m | tests/lib/capacity-simulation.test.ts[2m > [22m[2m≡ƒÜÇ Capacity Simulation: Full System Load Test[2m > [22m[2m≡ƒæÑ Multi-User Concurrency[2m > [22m[2m100 mixed-plan concurrent users
[22m[39mΓä╣∩╕Å [INFO] Rate limit hit, queuing DM | {"userId":"mix_pro_9","planType":"pro","remaining":{"hourly":0,"monthly":999800}}
Γä╣∩╕Å [INFO] Rate limit hit, queuing DM | {"userId":"mix_pro_9","planType":"pro","remaining":{"hourly":0,"monthly":999800}}
Γä╣∩╕Å [INFO] Rate limit hit, queuing DM | {"userId":"mix_pro_9","planType":"pro","remaining":{"hourly":0,"monthly":999800}}
Γä╣∩╕Å [INFO] Rate limit hit, queuing DM | {"userId":"mix_pro_9","planType":"pro","remaining":{"hourly":0,"monthly":999800}}
Γä╣∩╕Å [INFO] Rate limit hit, queuing DM | {"userId":"mix_pro_9","planType":"pro","remaining":{"hourly":0,"monthly":999800}}
Γä╣∩╕Å [INFO] Rate limit hit, queuing DM | {"userId":"mix_pro_9","planType":"pro","remaining":{"hourly":0,"monthly":999800}}
Γä╣∩╕Å [INFO] Rate limit hit, queuing DM | {"userId":"mix_pro_9","planType":"pro","remaining":{"hourly":0,"monthly":999800}}
Γä╣∩╕Å [INFO] Rate limit hit, queuing DM | {"userId":"mix_pro_9","planType":"pro","remaining":{"hourly":0,"monthly":999800}}
Γä╣∩╕Å [INFO] Rate limit hit, queuing DM | {"userId":"mix_pro_9","planType":"pro","remaining":{"hourly":0,"monthly":999800}}
Γä╣∩╕Å [INFO] Rate limit hit, queuing DM | {"userId":"mix_pro_9","planType":"pro","remaining":{"hourly":0,"monthly":999800}}
Γä╣∩╕Å [INFO] Rate limit hit, queuing DM | {"userId":"mix_pro_9","planType":"pro","remaining":{"hourly":0,"monthly":999800}}
Γä╣∩╕Å [INFO] Rate limit hit, queuing DM | {"userId":"mix_pro_9","planType":"pro","remaining":{"hourly":0,"monthly":999800}}
Γä╣∩╕Å [INFO] Rate limit hit, queuing DM | {"userId":"mix_pro_9","planType":"pro","remaining":{"hourly":0,"monthly":999800}}
Γä╣∩╕Å [INFO] Rate limit hit, queuing DM | {"userId":"mix_pro_9","planType":"pro","remaining":{"hourly":0,"monthly":999800}}
Γä╣∩╕Å [INFO] Rate limit hit, queuing DM | {"userId":"mix_pro_9","planType":"pro","remaining":{"hourly":0,"monthly":999800}}
Γä╣∩╕Å [INFO] Rate limit hit, queuing DM | {"userId":"mix_pro_9","planType":"pro","remaining":{"hourly":0,"monthly":999800}}
Γä╣∩╕Å [INFO] Rate limit hit, queuing DM | {"userId":"mix_pro_9","planType":"pro","remaining":{"hourly":0,"monthly":999800}}
Γä╣∩╕Å [INFO] Rate limit hit, queuing DM | {"userId":"mix_pro_9","planType":"pro","remaining":{"hourly":0,"monthly":999800}}
Γä╣∩╕Å [INFO] Rate limit hit, queuing DM | {"userId":"mix_pro_9","planType":"pro","remaining":{"hourly":0,"monthly":999800}}
Γä╣∩╕Å [INFO] Rate limit hit, queuing DM | {"userId":"mix_pro_9","planType":"pro","remaining":{"hourly":0,"monthly":999800}}
Γä╣∩╕Å [INFO] Rate limit hit, queuing DM | {"userId":"mix_pro_9","planType":"pro","remaining":{"hourly":0,"monthly":999800}}
Γä╣∩╕Å [INFO] Rate limit hit, queuing DM | {"userId":"mix_pro_9","planType":"pro","remaining":{"hourly":0,"monthly":999800}}
Γä╣∩╕Å [INFO] Rate limit hit, queuing DM | {"userId":"mix_pro_9","planType":"pro","remaining":{"hourly":0,"monthly":999800}}
Γä╣∩╕Å [INFO] Rate limit hit, queuing DM | {"userId":"mix_pro_9","planType":"pro","remaining":{"hourly":0,"monthly":999800}}
Γä╣∩╕Å [INFO] Rate limit hit, queuing DM | {"userId":"mix_pro_9","planType":"pro","remaining":{"hourly":0,"monthly":999800}}
Γä╣∩╕Å [INFO] Rate limit hit, queuing DM | {"userId":"mix_pro_9","planType":"pro","remaining":{"hourly":0,"monthly":999800}}
Γä╣∩╕Å [INFO] Rate limit hit, queuing DM | {"userId":"mix_pro_9","planType":"pro","remaining":{"hourly":0,"monthly":999800}}
Γä╣∩╕Å [INFO] Rate limit hit, queuing DM | {"userId":"mix_pro_9","planType":"pro","remaining":{"hourly":0,"monthly":999800}}
Γä╣∩╕Å [INFO] Rate limit hit, queuing DM | {"userId":"mix_pro_9","planType":"pro","remaining":{"hourly":0,"monthly":999800}}
Γä╣∩╕Å [INFO] Rate limit hit, queuing DM | {"userId":"mix_pro_9","planType":"pro","remaining":{"hourly":0,"monthly":999800}}
Γä╣∩╕Å [INFO] Rate limit hit, queuing DM | {"userId":"mix_pro_9","planType":"pro","remaining":{"hourly":0,"monthly":999800}}
Γä╣∩╕Å [INFO] Rate limit hit, queuing DM | {"userId":"mix_pro_9","planType":"pro","remaining":{"hourly":0,"monthly":999800}}
Γä╣∩╕Å [INFO] Rate limit hit, queuing DM | {"userId":"mix_pro_9","planType":"pro","remaining":{"hourly":0,"monthly":999800}}
Γä╣∩╕Å [INFO] Rate limit hit, queuing DM | {"userId":"mix_pro_9","planType":"pro","remaining":{"hourly":0,"monthly":999800}}
Γä╣∩╕Å [INFO] Rate limit hit, queuing DM | {"userId":"mix_pro_9","planType":"pro","remaining":{"hourly":0,"monthly":999800}}
Γä╣∩╕Å [INFO] Rate limit hit, queuing DM | {"userId":"mix_pro_9","planType":"pro","remaining":{"hourly":0,"monthly":999800}}
Γä╣∩╕Å [INFO] Rate limit hit, queuing DM | {"userId":"mix_pro_9","planType":"pro","remaining":{"hourly":0,"monthly":999800}}
Γä╣∩╕Å [INFO] Rate limit hit, queuing DM | {"userId":"mix_pro_9","planType":"pro","remaining":{"hourly":0,"monthly":999800}}
Γä╣∩╕Å [INFO] Rate limit hit, queuing DM | {"userId":"mix_pro_9","planType":"pro","remaining":{"hourly":0,"monthly":999800}}
Γä╣∩╕Å [INFO] Rate limit hit, queuing DM | {"userId":"mix_pro_9","planType":"pro","remaining":{"hourly":0,"monthly":999800}}
Γä╣∩╕Å [INFO] Rate limit hit, queuing DM | {"userId":"mix_pro_9","planType":"pro","remaining":{"hourly":0,"monthly":999800}}
Γä╣∩╕Å [INFO] Rate limit hit, queuing DM | {"userId":"mix_pro_9","planType":"pro","remaining":{"hourly":0,"monthly":999800}}
Γä╣∩╕Å [INFO] Rate limit hit, queuing DM | {"userId":"mix_pro_9","planType":"pro","remaining":{"hourly":0,"monthly":999800}}
Γä╣∩╕Å [INFO] Rate limit hit, queuing DM | {"userId":"mix_pro_9","planType":"pro","remaining":{"hourly":0,"monthly":999800}}
Γä╣∩╕Å [INFO] Rate limit hit, queuing DM | {"userId":"mix_pro_9","planType":"pro","remaining":{"hourly":0,"monthly":999800}}
Γä╣∩╕Å [INFO] Rate limit hit, queuing DM | {"userId":"mix_pro_9","planType":"pro","remaining":{"hourly":0,"monthly":999800}}
Γä╣∩╕Å [INFO] Rate limit hit, queuing DM | {"userId":"mix_pro_9","planType":"pro","remaining":{"hourly":0,"monthly":999800}}
Γä╣∩╕Å [INFO] Rate limit hit, queuing DM | {"userId":"mix_pro_9","planType":"pro","remaining":{"hourly":0,"monthly":999800}}
Γä╣∩╕Å [INFO] Rate limit hit, queuing DM | {"userId":"mix_pro_9","planType":"pro","remaining":{"hourly":0,"monthly":999800}}
Γä╣∩╕Å [INFO] Rate limit hit, queuing DM | {"userId":"mix_pro_9","planType":"pro","remaining":{"hourly":0,"monthly":999800}}
Γä╣∩╕Å [INFO] Rate limit hit, queuing DM | {"userId":"mix_pro_9","planType":"pro","remaining":{"hourly":0,"monthly":999800}}
Γä╣∩╕Å [INFO] Rate limit hit, queuing DM | {"userId":"mix_pro_9","planType":"pro","remaining":{"hourly":0,"monthly":999800}}
Γä╣∩╕Å [INFO] Rate limit hit, queuing DM | {"userId":"mix_pro_9","planType":"pro","remaining":{"hourly":0,"monthly":999800}}
Γä╣∩╕Å [INFO] Rate limit hit, queuing DM | {"userId":"mix_pro_9","planType":"pro","remaining":{"hourly":0,"monthly":999800}}
Γä╣∩╕Å [INFO] Rate limit hit, queuing DM | {"userId":"mix_pro_9","planType":"pro","remaining":{"hourly":0,"monthly":999800}}
Γä╣∩╕Å [INFO] Rate limit hit, queuing DM | {"userId":"mix_pro_9","planType":"pro","remaining":{"hourly":0,"monthly":999800}}
Γä╣∩╕Å [INFO] Rate limit hit, queuing DM | {"userId":"mix_pro_9","planType":"pro","remaining":{"hourly":0,"monthly":999800}}
Γä╣∩╕Å [INFO] Rate limit hit, queuing DM | {"userId":"mix_pro_9","planType":"pro","remaining":{"hourly":0,"monthly":999800}}
Γä╣∩╕Å [INFO] Rate limit hit, queuing DM | {"userId":"mix_pro_9","planType":"pro","remaining":{"hourly":0,"monthly":999800}}
Γä╣∩╕Å [INFO] Rate limit hit, queuing DM | {"userId":"mix_pro_9","planType":"pro","remaining":{"hourly":0,"monthly":999800}}
Γä╣∩╕Å [INFO] Rate limit hit, queuing DM | {"userId":"mix_pro_9","planType":"pro","remaining":{"hourly":0,"monthly":999800}}
Γä╣∩╕Å [INFO] Rate limit hit, queuing DM | {"userId":"mix_pro_9","planType":"pro","remaining":{"hourly":0,"monthly":999800}}
Γä╣∩╕Å [INFO] Rate limit hit, queuing DM | {"userId":"mix_pro_9","planType":"pro","remaining":{"hourly":0,"monthly":999800}}
Γä╣∩╕Å [INFO] Rate limit hit, queuing DM | {"userId":"mix_pro_9","planType":"pro","remaining":{"hourly":0,"monthly":999800}}
Γä╣∩╕Å [INFO] Rate limit hit, queuing DM | {"userId":"mix_pro_9","planType":"pro","remaining":{"hourly":0,"monthly":999800}}
Γä╣∩╕Å [INFO] Rate limit hit, queuing DM | {"userId":"mix_pro_9","planType":"pro","remaining":{"hourly":0,"monthly":999800}}
Γä╣∩╕Å [INFO] Rate limit hit, queuing DM | {"userId":"mix_pro_9","planType":"pro","remaining":{"hourly":0,"monthly":999800}}
Γä╣∩╕Å [INFO] Rate limit hit, queuing DM | {"userId":"mix_pro_9","planType":"pro","remaining":{"hourly":0,"monthly":999800}}
Γä╣∩╕Å [INFO] Rate limit hit, queuing DM | {"userId":"mix_pro_9","planType":"pro","remaining":{"hourly":0,"monthly":999800}}
Γä╣∩╕Å [INFO] Rate limit hit, queuing DM | {"userId":"mix_pro_9","planType":"pro","remaining":{"hourly":0,"monthly":999800}}
Γä╣∩╕Å [INFO] Rate limit hit, queuing DM | {"userId":"mix_pro_9","planType":"pro","remaining":{"hourly":0,"monthly":999800}}
Γä╣∩╕Å [INFO] Rate limit hit, queuing DM | {"userId":"mix_pro_9","planType":"pro","remaining":{"hourly":0,"monthly":999800}}
Γä╣∩╕Å [INFO] Rate limit hit, queuing DM | {"userId":"mix_pro_9","planType":"pro","remaining":{"hourly":0,"monthly":999800}}
Γä╣∩╕Å [INFO] Rate limit hit, queuing DM | {"userId":"mix_pro_9","planType":"pro","remaining":{"hourly":0,"monthly":999800}}
Γä╣∩╕Å [INFO] Rate limit hit, queuing DM | {"userId":"mix_pro_9","planType":"pro","remaining":{"hourly":0,"monthly":999800}}
Γä╣∩╕Å [INFO] Rate limit hit, queuing DM | {"userId":"mix_pro_9","planType":"pro","remaining":{"hourly":0,"monthly":999800}}
Γä╣∩╕Å [INFO] Rate limit hit, queuing DM | {"userId":"mix_pro_9","planType":"pro","remaining":{"hourly":0,"monthly":999800}}
Γä╣∩╕Å [INFO] Rate limit hit, queuing DM | {"userId":"mix_pro_9","planType":"pro","remaining":{"hourly":0,"monthly":999800}}
Γä╣∩╕Å [INFO] Rate limit hit, queuing DM | {"userId":"mix_pro_9","planType":"pro","remaining":{"hourly":0,"monthly":999800}}
Γä╣∩╕Å [INFO] Rate limit hit, queuing DM | {"userId":"mix_pro_9","planType":"pro","remaining":{"hourly":0,"monthly":999800}}
Γä╣∩╕Å [INFO] Rate limit hit, queuing DM | {"userId":"mix_pro_9","planType":"pro","remaining":{"hourly":0,"monthly":999800}}
Γä╣∩╕Å [INFO] Rate limit hit, queuing DM | {"userId":"mix_pro_9","planType":"pro","remaining":{"hourly":0,"monthly":999800}}
Γä╣∩╕Å [INFO] Rate limit hit, queuing DM | {"userId":"mix_pro_9","planType":"pro","remaining":{"hourly":0,"monthly":999800}}
Γä╣∩╕Å [INFO] Rate limit hit, queuing DM | {"userId":"mix_pro_9","planType":"pro","remaining":{"hourly":0,"monthly":999800}}
Γä╣∩╕Å [INFO] Rate limit hit, queuing DM | {"userId":"mix_pro_9","planType":"pro","remaining":{"hourly":0,"monthly":999800}}
Γä╣∩╕Å [INFO] Rate limit hit, queuing DM | {"userId":"mix_pro_9","planType":"pro","remaining":{"hourly":0,"monthly":999800}}
Γä╣∩╕Å [INFO] Rate limit hit, queuing DM | {"userId":"mix_pro_9","planType":"pro","remaining":{"hourly":0,"monthly":999800}}
Γä╣∩╕Å [INFO] Rate limit hit, queuing DM | {"userId":"mix_pro_9","planType":"pro","remaining":{"hourly":0,"monthly":999800}}
Γä╣∩╕Å [INFO] Rate limit hit, queuing DM | {"userId":"mix_pro_9","planType":"pro","remaining":{"hourly":0,"monthly":999800}}
Γä╣∩╕Å [INFO] Rate limit hit, queuing DM | {"userId":"mix_pro_9","planType":"pro","remaining":{"hourly":0,"monthly":999800}}
Γä╣∩╕Å [INFO] Rate limit hit, queuing DM | {"userId":"mix_pro_9","planType":"pro","remaining":{"hourly":0,"monthly":999800}}
Γä╣∩╕Å [INFO] Rate limit hit, queuing DM | {"userId":"mix_pro_9","planType":"pro","remaining":{"hourly":0,"monthly":999800}}
Γä╣∩╕Å [INFO] Rate limit hit, queuing DM | {"userId":"mix_pro_9","planType":"pro","remaining":{"hourly":0,"monthly":999800}}
Γä╣∩╕Å [INFO] Rate limit hit, queuing DM | {"userId":"mix_pro_9","planType":"pro","remaining":{"hourly":0,"monthly":999800}}
Γä╣∩╕Å [INFO] Rate limit hit, queuing DM | {"userId":"mix_pro_9","planType":"pro","remaining":{"hourly":0,"monthly":999800}}
Γä╣∩╕Å [INFO] Rate limit hit, queuing DM | {"userId":"mix_pro_9","planType":"pro","remaining":{"hourly":0,"monthly":999800}}
Γä╣∩╕Å [INFO] Rate limit hit, queuing DM | {"userId":"mix_pro_9","planType":"pro","remaining":{"hourly":0,"monthly":999800}}
Γä╣∩╕Å [INFO] Rate limit hit, queuing DM | {"userId":"mix_pro_9","planType":"pro","remaining":{"hourly":0,"monthly":999800}}
Γä╣∩╕Å [INFO] Rate limit hit, queuing DM | {"userId":"mix_pro_9","planType":"pro","remaining":{"hourly":0,"monthly":999800}}

[90mstdout[2m | tests/lib/capacity-simulation.test.ts[2m > [22m[2m≡ƒÜÇ Capacity Simulation: Full System Load Test[2m > [22m[2m≡ƒæÑ Multi-User Concurrency[2m > [22m[2m100 mixed-plan concurrent users
[22m[39mΓä╣∩╕Å [INFO] Rate limit hit, queuing DM | {"userId":"mix_pro_9","planType":"pro","remaining":{"hourly":0,"monthly":999800}}

[90mstdout[2m | tests/lib/capacity-simulation.test.ts[2m > [22m[2m≡ƒÜÇ Capacity Simulation: Full System Load Test[2m > [22m[2m≡ƒæÑ Multi-User Concurrency[2m > [22m[2m100 mixed-plan concurrent users
[22m[39mΓä╣∩╕Å [INFO] Rate limit hit, queuing DM | {"userId":"mix_pro_9","planType":"pro","remaining":{"hourly":0,"monthly":999800}}
Γä╣∩╕Å [INFO] Rate limit hit, queuing DM | {"userId":"mix_pro_9","planType":"pro","remaining":{"hourly":0,"monthly":999800}}
Γä╣∩╕Å [INFO] Rate limit hit, queuing DM | {"userId":"mix_pro_9","planType":"pro","remaining":{"hourly":0,"monthly":999800}}
Γä╣∩╕Å [INFO] Rate limit hit, queuing DM | {"userId":"mix_pro_9","planType":"pro","remaining":{"hourly":0,"monthly":999800}}
Γä╣∩╕Å [INFO] Rate limit hit, queuing DM | {"userId":"mix_pro_9","planType":"pro","remaining":{"hourly":0,"monthly":999800}}
Γä╣∩╕Å [INFO] Rate limit hit, queuing DM | {"userId":"mix_pro_9","planType":"pro","remaining":{"hourly":0,"monthly":999800}}
Γä╣∩╕Å [INFO] Rate limit hit, queuing DM | {"userId":"mix_pro_9","planType":"pro","remaining":{"hourly":0,"monthly":999800}}
Γä╣∩╕Å [INFO] Rate limit hit, queuing DM | {"userId":"mix_pro_9","planType":"pro","remaining":{"hourly":0,"monthly":999800}}
Γä╣∩╕Å [INFO] Rate limit hit, queuing DM | {"userId":"mix_pro_9","planType":"pro","remaining":{"hourly":0,"monthly":999800}}
Γä╣∩╕Å [INFO] Rate limit hit, queuing DM | {"userId":"mix_pro_9","planType":"pro","remaining":{"hourly":0,"monthly":999800}}
Γä╣∩╕Å [INFO] Rate limit hit, queuing DM | {"userId":"mix_pro_9","planType":"pro","remaining":{"hourly":0,"monthly":999800}}
Γä╣∩╕Å [INFO] Rate limit hit, queuing DM | {"userId":"mix_pro_9","planType":"pro","remaining":{"hourly":0,"monthly":999800}}
Γä╣∩╕Å [INFO] Rate limit hit, queuing DM | {"userId":"mix_pro_9","planType":"pro","remaining":{"hourly":0,"monthly":999800}}
Γä╣∩╕Å [INFO] Rate limit hit, queuing DM | {"userId":"mix_pro_9","planType":"pro","remaining":{"hourly":0,"monthly":999800}}
Γä╣∩╕Å [INFO] Rate limit hit, queuing DM | {"userId":"mix_pro_9","planType":"pro","remaining":{"hourly":0,"monthly":999800}}
Γä╣∩╕Å [INFO] Rate limit hit, queuing DM | {"userId":"mix_pro_9","planType":"pro","remaining":{"hourly":0,"monthly":999800}}
Γä╣∩╕Å [INFO] Rate limit hit, queuing DM | {"userId":"mix_pro_9","planType":"pro","remaining":{"hourly":0,"monthly":999800}}
Γä╣∩╕Å [INFO] Rate limit hit, queuing DM | {"userId":"mix_pro_9","planType":"pro","remaining":{"hourly":0,"monthly":999800}}
Γä╣∩╕Å [INFO] Rate limit hit, queuing DM | {"userId":"mix_pro_9","planType":"pro","remaining":{"hourly":0,"monthly":999800}}
Γä╣∩╕Å [INFO] Rate limit hit, queuing DM | {"userId":"mix_pro_9","planType":"pro","remaining":{"hourly":0,"monthly":999800}}
Γä╣∩╕Å [INFO] Rate limit hit, queuing DM | {"userId":"mix_pro_9","planType":"pro","remaining":{"hourly":0,"monthly":999800}}
Γä╣∩╕Å [INFO] Rate limit hit, queuing DM | {"userId":"mix_pro_9","planType":"pro","remaining":{"hourly":0,"monthly":999800}}
Γä╣∩╕Å [INFO] Rate limit hit, queuing DM | {"userId":"mix_pro_9","planType":"pro","remaining":{"hourly":0,"monthly":999800}}
Γä╣∩╕Å [INFO] Rate limit hit, queuing DM | {"userId":"mix_pro_9","planType":"pro","remaining":{"hourly":0,"monthly":999800}}
Γä╣∩╕Å [INFO] Rate limit hit, queuing DM | {"userId":"mix_pro_9","planType":"pro","remaining":{"hourly":0,"monthly":999800}}
Γä╣∩╕Å [INFO] Rate limit hit, queuing DM | {"userId":"mix_pro_9","planType":"pro","remaining":{"hourly":0,"monthly":999800}}
Γä╣∩╕Å [INFO] Rate limit hit, queuing DM | {"userId":"mix_pro_9","planType":"pro","remaining":{"hourly":0,"monthly":999800}}
Γä╣∩╕Å [INFO] Rate limit hit, queuing DM | {"userId":"mix_pro_9","planType":"pro","remaining":{"hourly":0,"monthly":999800}}
Γä╣∩╕Å [INFO] Rate limit hit, queuing DM | {"userId":"mix_pro_9","planType":"pro","remaining":{"hourly":0,"monthly":999800}}
Γä╣∩╕Å [INFO] Rate limit hit, queuing DM | {"userId":"mix_pro_9","planType":"pro","remaining":{"hourly":0,"monthly":999800}}
Γä╣∩╕Å [INFO] Rate limit hit, queuing DM | {"userId":"mix_pro_9","planType":"pro","remaining":{"hourly":0,"monthly":999800}}
Γä╣∩╕Å [INFO] Rate limit hit, queuing DM | {"userId":"mix_pro_9","planType":"pro","remaining":{"hourly":0,"monthly":999800}}
Γä╣∩╕Å [INFO] Rate limit hit, queuing DM | {"userId":"mix_pro_9","planType":"pro","remaining":{"hourly":0,"monthly":999800}}
Γä╣∩╕Å [INFO] Rate limit hit, queuing DM | {"userId":"mix_pro_9","planType":"pro","remaining":{"hourly":0,"monthly":999800}}
Γä╣∩╕Å [INFO] Rate limit hit, queuing DM | {"userId":"mix_pro_9","planType":"pro","remaining":{"hourly":0,"monthly":999800}}
Γä╣∩╕Å [INFO] Rate limit hit, queuing DM | {"userId":"mix_pro_9","planType":"pro","remaining":{"hourly":0,"monthly":999800}}
Γä╣∩╕Å [INFO] Rate limit hit, queuing DM | {"userId":"mix_pro_9","planType":"pro","remaining":{"hourly":0,"monthly":999800}}
Γä╣∩╕Å [INFO] Rate limit hit, queuing DM | {"userId":"mix_pro_9","planType":"pro","remaining":{"hourly":0,"monthly":999800}}
Γä╣∩╕Å [INFO] Rate limit hit, queuing DM | {"userId":"mix_pro_9","planType":"pro","remaining":{"hourly":0,"monthly":999800}}
Γä╣∩╕Å [INFO] Rate limit hit, queuing DM | {"userId":"mix_pro_9","planType":"pro","remaining":{"hourly":0,"monthly":999800}}
Γä╣∩╕Å [INFO] Rate limit hit, queuing DM | {"userId":"mix_pro_9","planType":"pro","remaining":{"hourly":0,"monthly":999800}}
Γä╣∩╕Å [INFO] Rate limit hit, queuing DM | {"userId":"mix_pro_9","planType":"pro","remaining":{"hourly":0,"monthly":999800}}
Γä╣∩╕Å [INFO] Rate limit hit, queuing DM | {"userId":"mix_pro_9","planType":"pro","remaining":{"hourly":0,"monthly":999800}}
Γä╣∩╕Å [INFO] Rate limit hit, queuing DM | {"userId":"mix_pro_9","planType":"pro","remaining":{"hourly":0,"monthly":999800}}
Γä╣∩╕Å [INFO] Rate limit hit, queuing DM | {"userId":"mix_pro_9","planType":"pro","remaining":{"hourly":0,"monthly":999800}}
Γä╣∩╕Å [INFO] Rate limit hit, queuing DM | {"userId":"mix_pro_9","planType":"pro","remaining":{"hourly":0,"monthly":999800}}
Γä╣∩╕Å [INFO] Rate limit hit, queuing DM | {"userId":"mix_pro_9","planType":"pro","remaining":{"hourly":0,"monthly":999800}}
Γä╣∩╕Å [INFO] Rate limit hit, queuing DM | {"userId":"mix_pro_9","planType":"pro","remaining":{"hourly":0,"monthly":999800}}
Γä╣∩╕Å [INFO] Rate limit hit, queuing DM | {"userId":"mix_pro_9","planType":"pro","remaining":{"hourly":0,"monthly":999800}}
Γä╣∩╕Å [INFO] Rate limit hit, queuing DM | {"userId":"mix_pro_9","planType":"pro","remaining":{"hourly":0,"monthly":999800}}
Γä╣∩╕Å [INFO] Rate limit hit, queuing DM | {"userId":"mix_pro_9","planType":"pro","remaining":{"hourly":0,"monthly":999800}}
Γä╣∩╕Å [INFO] Rate limit hit, queuing DM | {"userId":"mix_pro_9","planType":"pro","remaining":{"hourly":0,"monthly":999800}}
Γä╣∩╕Å [INFO] Rate limit hit, queuing DM | {"userId":"mix_pro_9","planType":"pro","remaining":{"hourly":0,"monthly":999800}}
Γä╣∩╕Å [INFO] Rate limit hit, queuing DM | {"userId":"mix_pro_9","planType":"pro","remaining":{"hourly":0,"monthly":999800}}
Γä╣∩╕Å [INFO] Rate limit hit, queuing DM | {"userId":"mix_pro_9","planType":"pro","remaining":{"hourly":0,"monthly":999800}}
Γä╣∩╕Å [INFO] Rate limit hit, queuing DM | {"userId":"mix_pro_9","planType":"pro","remaining":{"hourly":0,"monthly":999800}}
Γä╣∩╕Å [INFO] Rate limit hit, queuing DM | {"userId":"mix_pro_9","planType":"pro","remaining":{"hourly":0,"monthly":999800}}
Γä╣∩╕Å [INFO] Rate limit hit, queuing DM | {"userId":"mix_pro_9","planType":"pro","remaining":{"hourly":0,"monthly":999800}}
Γä╣∩╕Å [INFO] Rate limit hit, queuing DM | {"userId":"mix_pro_9","planType":"pro","remaining":{"hourly":0,"monthly":999800}}
Γä╣∩╕Å [INFO] Rate limit hit, queuing DM | {"userId":"mix_pro_9","planType":"pro","remaining":{"hourly":0,"monthly":999800}}
Γä╣∩╕Å [INFO] Rate limit hit, queuing DM | {"userId":"mix_pro_9","planType":"pro","remaining":{"hourly":0,"monthly":999800}}
Γä╣∩╕Å [INFO] Rate limit hit, queuing DM | {"userId":"mix_pro_9","planType":"pro","remaining":{"hourly":0,"monthly":999800}}
Γä╣∩╕Å [INFO] Rate limit hit, queuing DM | {"userId":"mix_pro_9","planType":"pro","remaining":{"hourly":0,"monthly":999800}}
Γä╣∩╕Å [INFO] Rate limit hit, queuing DM | {"userId":"mix_pro_9","planType":"pro","remaining":{"hourly":0,"monthly":999800}}
Γä╣∩╕Å [INFO] Rate limit hit, queuing DM | {"userId":"mix_pro_9","planType":"pro","remaining":{"hourly":0,"monthly":999800}}
Γä╣∩╕Å [INFO] Rate limit hit, queuing DM | {"userId":"mix_pro_9","planType":"pro","remaining":{"hourly":0,"monthly":999800}}
Γä╣∩╕Å [INFO] Rate limit hit, queuing DM | {"userId":"mix_pro_9","planType":"pro","remaining":{"hourly":0,"monthly":999800}}
Γä╣∩╕Å [INFO] Rate limit hit, queuing DM | {"userId":"mix_pro_9","planType":"pro","remaining":{"hourly":0,"monthly":999800}}
Γä╣∩╕Å [INFO] Rate limit hit, queuing DM | {"userId":"mix_pro_9","planType":"pro","remaining":{"hourly":0,"monthly":999800}}
Γä╣∩╕Å [INFO] Rate limit hit, queuing DM | {"userId":"mix_pro_9","planType":"pro","remaining":{"hourly":0,"monthly":999800}}
Γä╣∩╕Å [INFO] Rate limit hit, queuing DM | {"userId":"mix_pro_9","planType":"pro","remaining":{"hourly":0,"monthly":999800}}
Γä╣∩╕Å [INFO] Rate limit hit, queuing DM | {"userId":"mix_pro_9","planType":"pro","remaining":{"hourly":0,"monthly":999800}}
Γä╣∩╕Å [INFO] Rate limit hit, queuing DM | {"userId":"mix_pro_9","planType":"pro","remaining":{"hourly":0,"monthly":999800}}
Γä╣∩╕Å [INFO] Rate limit hit, queuing DM | {"userId":"mix_pro_9","planType":"pro","remaining":{"hourly":0,"monthly":999800}}
Γä╣∩╕Å [INFO] Rate limit hit, queuing DM | {"userId":"mix_pro_9","planType":"pro","remaining":{"hourly":0,"monthly":999800}}
Γä╣∩╕Å [INFO] Rate limit hit, queuing DM | {"userId":"mix_pro_9","planType":"pro","remaining":{"hourly":0,"monthly":999800}}
Γä╣∩╕Å [INFO] Rate limit hit, queuing DM | {"userId":"mix_pro_9","planType":"pro","remaining":{"hourly":0,"monthly":999800}}
Γä╣∩╕Å [INFO] Rate limit hit, queuing DM | {"userId":"mix_pro_9","planType":"pro","remaining":{"hourly":0,"monthly":999800}}
Γä╣∩╕Å [INFO] Rate limit hit, queuing DM | {"userId":"mix_pro_9","planType":"pro","remaining":{"hourly":0,"monthly":999800}}
Γä╣∩╕Å [INFO] Rate limit hit, queuing DM | {"userId":"mix_pro_9","planType":"pro","remaining":{"hourly":0,"monthly":999800}}
Γä╣∩╕Å [INFO] Rate limit hit, queuing DM | {"userId":"mix_pro_9","planType":"pro","remaining":{"hourly":0,"monthly":999800}}
Γä╣∩╕Å [INFO] Rate limit hit, queuing DM | {"userId":"mix_pro_9","planType":"pro","remaining":{"hourly":0,"monthly":999800}}
Γä╣∩╕Å [INFO] Rate limit hit, queuing DM | {"userId":"mix_pro_9","planType":"pro","remaining":{"hourly":0,"monthly":999800}}
Γä╣∩╕Å [INFO] Rate limit hit, queuing DM | {"userId":"mix_pro_9","planType":"pro","remaining":{"hourly":0,"monthly":999800}}
Γä╣∩╕Å [INFO] Rate limit hit, queuing DM | {"userId":"mix_pro_9","planType":"pro","remaining":{"hourly":0,"monthly":999800}}
Γä╣∩╕Å [INFO] Rate limit hit, queuing DM | {"userId":"mix_pro_9","planType":"pro","remaining":{"hourly":0,"monthly":999800}}
Γä╣∩╕Å [INFO] Rate limit hit, queuing DM | {"userId":"mix_pro_9","planType":"pro","remaining":{"hourly":0,"monthly":999800}}
Γä╣∩╕Å [INFO] Rate limit hit, queuing DM | {"userId":"mix_pro_9","planType":"pro","remaining":{"hourly":0,"monthly":999800}}
Γä╣∩╕Å [INFO] Rate limit hit, queuing DM | {"userId":"mix_pro_9","planType":"pro","remaining":{"hourly":0,"monthly":999800}}
Γä╣∩╕Å [INFO] Rate limit hit, queuing DM | {"userId":"mix_pro_9","planType":"pro","remaining":{"hourly":0,"monthly":999800}}
Γä╣∩╕Å [INFO] Rate limit hit, queuing DM | {"userId":"mix_pro_9","planType":"pro","remaining":{"hourly":0,"monthly":999800}}
Γä╣∩╕Å [INFO] Rate limit hit, queuing DM | {"userId":"mix_pro_9","planType":"pro","remaining":{"hourly":0,"monthly":999800}}
Γä╣∩╕Å [INFO] Rate limit hit, queuing DM | {"userId":"mix_pro_9","planType":"pro","remaining":{"hourly":0,"monthly":999800}}
Γä╣∩╕Å [INFO] Rate limit hit, queuing DM | {"userId":"mix_pro_9","planType":"pro","remaining":{"hourly":0,"monthly":999800}}
Γä╣∩╕Å [INFO] Rate limit hit, queuing DM | {"userId":"mix_pro_9","planType":"pro","remaining":{"hourly":0,"monthly":999800}}
Γä╣∩╕Å [INFO] Rate limit hit, queuing DM | {"userId":"mix_pro_9","planType":"pro","remaining":{"hourly":0,"monthly":999800}}
Γä╣∩╕Å [INFO] Rate limit hit, queuing DM | {"userId":"mix_pro_9","planType":"pro","remaining":{"hourly":0,"monthly":999800}}
Γä╣∩╕Å [INFO] Rate limit hit, queuing DM | {"userId":"mix_pro_9","planType":"pro","remaining":{"hourly":0,"monthly":999800}}
Γä╣∩╕Å [INFO] Rate limit hit, queuing DM | {"userId":"mix_pro_9","planType":"pro","remaining":{"hourly":0,"monthly":999800}}

[90mstdout[2m | tests/lib/capacity-simulation.test.ts[2m > [22m[2m≡ƒÜÇ Capacity Simulation: Full System Load Test[2m > [22m[2m≡ƒæÑ Multi-User Concurrency[2m > [22m[2m100 mixed-plan concurrent users
[22m[39mΓä╣∩╕Å [INFO] Rate limit hit, queuing DM | {"userId":"mix_pro_9","planType":"pro","remaining":{"hourly":0,"monthly":999800}}

[90mstdout[2m | tests/lib/capacity-simulation.test.ts[2m > [22m[2m≡ƒÜÇ Capacity Simulation: Full System Load Test[2m > [22m[2m≡ƒæÑ Multi-User Concurrency[2m > [22m[2m100 mixed-plan concurrent users
[22m[39mΓä╣∩╕Å [INFO] Rate limit hit, queuing DM | {"userId":"mix_pro_9","planType":"pro","remaining":{"hourly":0,"monthly":999800}}
Γä╣∩╕Å [INFO] Rate limit hit, queuing DM | {"userId":"mix_pro_9","planType":"pro","remaining":{"hourly":0,"monthly":999800}}
Γä╣∩╕Å [INFO] Rate limit hit, queuing DM | {"userId":"mix_pro_9","planType":"pro","remaining":{"hourly":0,"monthly":999800}}
Γä╣∩╕Å [INFO] Rate limit hit, queuing DM | {"userId":"mix_pro_9","planType":"pro","remaining":{"hourly":0,"monthly":999800}}
Γä╣∩╕Å [INFO] Rate limit hit, queuing DM | {"userId":"mix_pro_9","planType":"pro","remaining":{"hourly":0,"monthly":999800}}
Γä╣∩╕Å [INFO] Rate limit hit, queuing DM | {"userId":"mix_pro_9","planType":"pro","remaining":{"hourly":0,"monthly":999800}}
Γä╣∩╕Å [INFO] Rate limit hit, queuing DM | {"userId":"mix_pro_9","planType":"pro","remaining":{"hourly":0,"monthly":999800}}
Γä╣∩╕Å [INFO] Rate limit hit, queuing DM | {"userId":"mix_pro_9","planType":"pro","remaining":{"hourly":0,"monthly":999800}}
Γä╣∩╕Å [INFO] Rate limit hit, queuing DM | {"userId":"mix_pro_9","planType":"pro","remaining":{"hourly":0,"monthly":999800}}
Γä╣∩╕Å [INFO] Rate limit hit, queuing DM | {"userId":"mix_pro_9","planType":"pro","remaining":{"hourly":0,"monthly":999800}}
Γä╣∩╕Å [INFO] Rate limit hit, queuing DM | {"userId":"mix_pro_9","planType":"pro","remaining":{"hourly":0,"monthly":999800}}
Γä╣∩╕Å [INFO] Rate limit hit, queuing DM | {"userId":"mix_pro_9","planType":"pro","remaining":{"hourly":0,"monthly":999800}}
Γä╣∩╕Å [INFO] Rate limit hit, queuing DM | {"userId":"mix_pro_9","planType":"pro","remaining":{"hourly":0,"monthly":999800}}
Γä╣∩╕Å [INFO] Rate limit hit, queuing DM | {"userId":"mix_pro_9","planType":"pro","remaining":{"hourly":0,"monthly":999800}}
Γä╣∩╕Å [INFO] Rate limit hit, queuing DM | {"userId":"mix_pro_9","planType":"pro","remaining":{"hourly":0,"monthly":999800}}
Γä╣∩╕Å [INFO] Rate limit hit, queuing DM | {"userId":"mix_pro_9","planType":"pro","remaining":{"hourly":0,"monthly":999800}}
Γä╣∩╕Å [INFO] Rate limit hit, queuing DM | {"userId":"mix_pro_9","planType":"pro","remaining":{"hourly":0,"monthly":999800}}
Γä╣∩╕Å [INFO] Rate limit hit, queuing DM | {"userId":"mix_pro_9","planType":"pro","remaining":{"hourly":0,"monthly":999800}}
Γä╣∩╕Å [INFO] Rate limit hit, queuing DM | {"userId":"mix_pro_9","planType":"pro","remaining":{"hourly":0,"monthly":999800}}
Γä╣∩╕Å [INFO] Rate limit hit, queuing DM | {"userId":"mix_pro_9","planType":"pro","remaining":{"hourly":0,"monthly":999800}}
Γä╣∩╕Å [INFO] Rate limit hit, queuing DM | {"userId":"mix_pro_9","planType":"pro","remaining":{"hourly":0,"monthly":999800}}
Γä╣∩╕Å [INFO] Rate limit hit, queuing DM | {"userId":"mix_pro_9","planType":"pro","remaining":{"hourly":0,"monthly":999800}}
Γä╣∩╕Å [INFO] Rate limit hit, queuing DM | {"userId":"mix_pro_9","planType":"pro","remaining":{"hourly":0,"monthly":999800}}
Γä╣∩╕Å [INFO] Rate limit hit, queuing DM | {"userId":"mix_pro_9","planType":"pro","remaining":{"hourly":0,"monthly":999800}}
Γä╣∩╕Å [INFO] Rate limit hit, queuing DM | {"userId":"mix_pro_9","planType":"pro","remaining":{"hourly":0,"monthly":999800}}
Γä╣∩╕Å [INFO] Rate limit hit, queuing DM | {"userId":"mix_pro_9","planType":"pro","remaining":{"hourly":0,"monthly":999800}}
Γä╣∩╕Å [INFO] Rate limit hit, queuing DM | {"userId":"mix_pro_9","planType":"pro","remaining":{"hourly":0,"monthly":999800}}
Γä╣∩╕Å [INFO] Rate limit hit, queuing DM | {"userId":"mix_pro_9","planType":"pro","remaining":{"hourly":0,"monthly":999800}}
Γä╣∩╕Å [INFO] Rate limit hit, queuing DM | {"userId":"mix_pro_9","planType":"pro","remaining":{"hourly":0,"monthly":999800}}
Γä╣∩╕Å [INFO] Rate limit hit, queuing DM | {"userId":"mix_pro_9","planType":"pro","remaining":{"hourly":0,"monthly":999800}}
Γä╣∩╕Å [INFO] Rate limit hit, queuing DM | {"userId":"mix_pro_9","planType":"pro","remaining":{"hourly":0,"monthly":999800}}
Γä╣∩╕Å [INFO] Rate limit hit, queuing DM | {"userId":"mix_pro_9","planType":"pro","remaining":{"hourly":0,"monthly":999800}}
Γä╣∩╕Å [INFO] Rate limit hit, queuing DM | {"userId":"mix_pro_9","planType":"pro","remaining":{"hourly":0,"monthly":999800}}
Γä╣∩╕Å [INFO] Rate limit hit, queuing DM | {"userId":"mix_pro_9","planType":"pro","remaining":{"hourly":0,"monthly":999800}}
Γä╣∩╕Å [INFO] Rate limit hit, queuing DM | {"userId":"mix_pro_9","planType":"pro","remaining":{"hourly":0,"monthly":999800}}
Γä╣∩╕Å [INFO] Rate limit hit, queuing DM | {"userId":"mix_pro_9","planType":"pro","remaining":{"hourly":0,"monthly":999800}}
Γä╣∩╕Å [INFO] Rate limit hit, queuing DM | {"userId":"mix_pro_9","planType":"pro","remaining":{"hourly":0,"monthly":999800}}
Γä╣∩╕Å [INFO] Rate limit hit, queuing DM | {"userId":"mix_pro_9","planType":"pro","remaining":{"hourly":0,"monthly":999800}}
Γä╣∩╕Å [INFO] Rate limit hit, queuing DM | {"userId":"mix_pro_9","planType":"pro","remaining":{"hourly":0,"monthly":999800}}
Γä╣∩╕Å [INFO] Rate limit hit, queuing DM | {"userId":"mix_pro_9","planType":"pro","remaining":{"hourly":0,"monthly":999800}}
Γä╣∩╕Å [INFO] Rate limit hit, queuing DM | {"userId":"mix_pro_9","planType":"pro","remaining":{"hourly":0,"monthly":999800}}
Γä╣∩╕Å [INFO] Rate limit hit, queuing DM | {"userId":"mix_pro_9","planType":"pro","remaining":{"hourly":0,"monthly":999800}}
Γä╣∩╕Å [INFO] Rate limit hit, queuing DM | {"userId":"mix_pro_9","planType":"pro","remaining":{"hourly":0,"monthly":999800}}
Γä╣∩╕Å [INFO] Rate limit hit, queuing DM | {"userId":"mix_pro_9","planType":"pro","remaining":{"hourly":0,"monthly":999800}}
Γä╣∩╕Å [INFO] Rate limit hit, queuing DM | {"userId":"mix_pro_9","planType":"pro","remaining":{"hourly":0,"monthly":999800}}
Γä╣∩╕Å [INFO] Rate limit hit, queuing DM | {"userId":"mix_pro_9","planType":"pro","remaining":{"hourly":0,"monthly":999800}}
Γä╣∩╕Å [INFO] Rate limit hit, queuing DM | {"userId":"mix_pro_9","planType":"pro","remaining":{"hourly":0,"monthly":999800}}
Γä╣∩╕Å [INFO] Rate limit hit, queuing DM | {"userId":"mix_pro_9","planType":"pro","remaining":{"hourly":0,"monthly":999800}}
Γä╣∩╕Å [INFO] Rate limit hit, queuing DM | {"userId":"mix_pro_9","planType":"pro","remaining":{"hourly":0,"monthly":999800}}
Γä╣∩╕Å [INFO] Rate limit hit, queuing DM | {"userId":"mix_pro_9","planType":"pro","remaining":{"hourly":0,"monthly":999800}}
Γä╣∩╕Å [INFO] Rate limit hit, queuing DM | {"userId":"mix_pro_9","planType":"pro","remaining":{"hourly":0,"monthly":999800}}
Γä╣∩╕Å [INFO] Rate limit hit, queuing DM | {"userId":"mix_pro_9","planType":"pro","remaining":{"hourly":0,"monthly":999800}}
Γä╣∩╕Å [INFO] Rate limit hit, queuing DM | {"userId":"mix_pro_9","planType":"pro","remaining":{"hourly":0,"monthly":999800}}
Γä╣∩╕Å [INFO] Rate limit hit, queuing DM | {"userId":"mix_pro_9","planType":"pro","remaining":{"hourly":0,"monthly":999800}}
Γä╣∩╕Å [INFO] Rate limit hit, queuing DM | {"userId":"mix_pro_9","planType":"pro","remaining":{"hourly":0,"monthly":999800}}
Γä╣∩╕Å [INFO] Rate limit hit, queuing DM | {"userId":"mix_pro_9","planType":"pro","remaining":{"hourly":0,"monthly":999800}}
Γä╣∩╕Å [INFO] Rate limit hit, queuing DM | {"userId":"mix_pro_9","planType":"pro","remaining":{"hourly":0,"monthly":999800}}
Γä╣∩╕Å [INFO] Rate limit hit, queuing DM | {"userId":"mix_pro_9","planType":"pro","remaining":{"hourly":0,"monthly":999800}}
Γä╣∩╕Å [INFO] Rate limit hit, queuing DM | {"userId":"mix_pro_9","planType":"pro","remaining":{"hourly":0,"monthly":999800}}
Γä╣∩╕Å [INFO] Rate limit hit, queuing DM | {"userId":"mix_pro_9","planType":"pro","remaining":{"hourly":0,"monthly":999800}}
Γä╣∩╕Å [INFO] Rate limit hit, queuing DM | {"userId":"mix_pro_9","planType":"pro","remaining":{"hourly":0,"monthly":999800}}
Γä╣∩╕Å [INFO] Rate limit hit, queuing DM | {"userId":"mix_pro_9","planType":"pro","remaining":{"hourly":0,"monthly":999800}}
Γä╣∩╕Å [INFO] Rate limit hit, queuing DM | {"userId":"mix_pro_9","planType":"pro","remaining":{"hourly":0,"monthly":999800}}
Γä╣∩╕Å [INFO] Rate limit hit, queuing DM | {"userId":"mix_pro_9","planType":"pro","remaining":{"hourly":0,"monthly":999800}}
Γä╣∩╕Å [INFO] Rate limit hit, queuing DM | {"userId":"mix_pro_9","planType":"pro","remaining":{"hourly":0,"monthly":999800}}
Γä╣∩╕Å [INFO] Rate limit hit, queuing DM | {"userId":"mix_pro_9","planType":"pro","remaining":{"hourly":0,"monthly":999800}}
Γä╣∩╕Å [INFO] Rate limit hit, queuing DM | {"userId":"mix_pro_9","planType":"pro","remaining":{"hourly":0,"monthly":999800}}
Γä╣∩╕Å [INFO] Rate limit hit, queuing DM | {"userId":"mix_pro_9","planType":"pro","remaining":{"hourly":0,"monthly":999800}}
Γä╣∩╕Å [INFO] Rate limit hit, queuing DM | {"userId":"mix_pro_9","planType":"pro","remaining":{"hourly":0,"monthly":999800}}
Γä╣∩╕Å [INFO] Rate limit hit, queuing DM | {"userId":"mix_pro_9","planType":"pro","remaining":{"hourly":0,"monthly":999800}}
Γä╣∩╕Å [INFO] Rate limit hit, queuing DM | {"userId":"mix_pro_9","planType":"pro","remaining":{"hourly":0,"monthly":999800}}
Γä╣∩╕Å [INFO] Rate limit hit, queuing DM | {"userId":"mix_pro_9","planType":"pro","remaining":{"hourly":0,"monthly":999800}}
Γä╣∩╕Å [INFO] Rate limit hit, queuing DM | {"userId":"mix_pro_9","planType":"pro","remaining":{"hourly":0,"monthly":999800}}
Γä╣∩╕Å [INFO] Rate limit hit, queuing DM | {"userId":"mix_pro_9","planType":"pro","remaining":{"hourly":0,"monthly":999800}}
Γä╣∩╕Å [INFO] Rate limit hit, queuing DM | {"userId":"mix_pro_9","planType":"pro","remaining":{"hourly":0,"monthly":999800}}
Γä╣∩╕Å [INFO] Rate limit hit, queuing DM | {"userId":"mix_pro_9","planType":"pro","remaining":{"hourly":0,"monthly":999800}}
Γä╣∩╕Å [INFO] Rate limit hit, queuing DM | {"userId":"mix_pro_9","planType":"pro","remaining":{"hourly":0,"monthly":999800}}
Γä╣∩╕Å [INFO] Rate limit hit, queuing DM | {"userId":"mix_pro_9","planType":"pro","remaining":{"hourly":0,"monthly":999800}}
Γä╣∩╕Å [INFO] Rate limit hit, queuing DM | {"userId":"mix_pro_9","planType":"pro","remaining":{"hourly":0,"monthly":999800}}
Γä╣∩╕Å [INFO] Rate limit hit, queuing DM | {"userId":"mix_pro_9","planType":"pro","remaining":{"hourly":0,"monthly":999800}}
Γä╣∩╕Å [INFO] Rate limit hit, queuing DM | {"userId":"mix_pro_9","planType":"pro","remaining":{"hourly":0,"monthly":999800}}
Γä╣∩╕Å [INFO] Rate limit hit, queuing DM | {"userId":"mix_pro_9","planType":"pro","remaining":{"hourly":0,"monthly":999800}}
Γä╣∩╕Å [INFO] Rate limit hit, queuing DM | {"userId":"mix_pro_9","planType":"pro","remaining":{"hourly":0,"monthly":999800}}
Γä╣∩╕Å [INFO] Rate limit hit, queuing DM | {"userId":"mix_pro_9","planType":"pro","remaining":{"hourly":0,"monthly":999800}}
Γä╣∩╕Å [INFO] Rate limit hit, queuing DM | {"userId":"mix_pro_9","planType":"pro","remaining":{"hourly":0,"monthly":999800}}
Γä╣∩╕Å [INFO] Rate limit hit, queuing DM | {"userId":"mix_pro_9","planType":"pro","remaining":{"hourly":0,"monthly":999800}}
Γä╣∩╕Å [INFO] Rate limit hit, queuing DM | {"userId":"mix_pro_9","planType":"pro","remaining":{"hourly":0,"monthly":999800}}
Γä╣∩╕Å [INFO] Rate limit hit, queuing DM | {"userId":"mix_pro_9","planType":"pro","remaining":{"hourly":0,"monthly":999800}}
Γä╣∩╕Å [INFO] Rate limit hit, queuing DM | {"userId":"mix_pro_9","planType":"pro","remaining":{"hourly":0,"monthly":999800}}
Γä╣∩╕Å [INFO] Rate limit hit, queuing DM | {"userId":"mix_pro_9","planType":"pro","remaining":{"hourly":0,"monthly":999800}}
Γä╣∩╕Å [INFO] Rate limit hit, queuing DM | {"userId":"mix_pro_9","planType":"pro","remaining":{"hourly":0,"monthly":999800}}
Γä╣∩╕Å [INFO] Rate limit hit, queuing DM | {"userId":"mix_pro_9","planType":"pro","remaining":{"hourly":0,"monthly":999800}}
Γä╣∩╕Å [INFO] Rate limit hit, queuing DM | {"userId":"mix_pro_9","planType":"pro","remaining":{"hourly":0,"monthly":999800}}
Γä╣∩╕Å [INFO] Rate limit hit, queuing DM | {"userId":"mix_pro_9","planType":"pro","remaining":{"hourly":0,"monthly":999800}}
Γä╣∩╕Å [INFO] Rate limit hit, queuing DM | {"userId":"mix_pro_9","planType":"pro","remaining":{"hourly":0,"monthly":999800}}
Γä╣∩╕Å [INFO] Rate limit hit, queuing DM | {"userId":"mix_pro_9","planType":"pro","remaining":{"hourly":0,"monthly":999800}}
Γä╣∩╕Å [INFO] Rate limit hit, queuing DM | {"userId":"mix_pro_9","planType":"pro","remaining":{"hourly":0,"monthly":999800}}
Γä╣∩╕Å [INFO] Rate limit hit, queuing DM | {"userId":"mix_pro_9","planType":"pro","remaining":{"hourly":0,"monthly":999800}}
Γä╣∩╕Å [INFO] Rate limit hit, queuing DM | {"userId":"mix_pro_9","planType":"pro","remaining":{"hourly":0,"monthly":999800}}

[90mstdout[2m | tests/lib/capacity-simulation.test.ts[2m > [22m[2m≡ƒÜÇ Capacity Simulation: Full System Load Test[2m > [22m[2m≡ƒæÑ Multi-User Concurrency[2m > [22m[2m100 mixed-plan concurrent users
[22m[39mΓä╣∩╕Å [INFO] Rate limit hit, queuing DM | {"userId":"mix_pro_9","planType":"pro","remaining":{"hourly":0,"monthly":999800}}

[90mstdout[2m | tests/lib/capacity-simulation.test.ts[2m > [22m[2m≡ƒÜÇ Capacity Simulation: Full System Load Test[2m > [22m[2m≡ƒæÑ Multi-User Concurrency[2m > [22m[2m100 mixed-plan concurrent users
[22m[39mΓä╣∩╕Å [INFO] Rate limit hit, queuing DM | {"userId":"mix_pro_9","planType":"pro","remaining":{"hourly":0,"monthly":999800}}
Γä╣∩╕Å [INFO] Rate limit hit, queuing DM | {"userId":"mix_pro_9","planType":"pro","remaining":{"hourly":0,"monthly":999800}}
Γä╣∩╕Å [INFO] Rate limit hit, queuing DM | {"userId":"mix_pro_9","planType":"pro","remaining":{"hourly":0,"monthly":999800}}
Γä╣∩╕Å [INFO] Rate limit hit, queuing DM | {"userId":"mix_pro_9","planType":"pro","remaining":{"hourly":0,"monthly":999800}}
Γä╣∩╕Å [INFO] Rate limit hit, queuing DM | {"userId":"mix_pro_9","planType":"pro","remaining":{"hourly":0,"monthly":999800}}
Γä╣∩╕Å [INFO] Rate limit hit, queuing DM | {"userId":"mix_pro_9","planType":"pro","remaining":{"hourly":0,"monthly":999800}}
Γä╣∩╕Å [INFO] Rate limit hit, queuing DM | {"userId":"mix_pro_9","planType":"pro","remaining":{"hourly":0,"monthly":999800}}
Γä╣∩╕Å [INFO] Rate limit hit, queuing DM | {"userId":"mix_pro_9","planType":"pro","remaining":{"hourly":0,"monthly":999800}}
Γä╣∩╕Å [INFO] Rate limit hit, queuing DM | {"userId":"mix_pro_9","planType":"pro","remaining":{"hourly":0,"monthly":999800}}
Γä╣∩╕Å [INFO] Rate limit hit, queuing DM | {"userId":"mix_pro_9","planType":"pro","remaining":{"hourly":0,"monthly":999800}}
Γä╣∩╕Å [INFO] Rate limit hit, queuing DM | {"userId":"mix_pro_9","planType":"pro","remaining":{"hourly":0,"monthly":999800}}
Γä╣∩╕Å [INFO] Rate limit hit, queuing DM | {"userId":"mix_pro_9","planType":"pro","remaining":{"hourly":0,"monthly":999800}}
Γä╣∩╕Å [INFO] Rate limit hit, queuing DM | {"userId":"mix_pro_9","planType":"pro","remaining":{"hourly":0,"monthly":999800}}
Γä╣∩╕Å [INFO] Rate limit hit, queuing DM | {"userId":"mix_pro_9","planType":"pro","remaining":{"hourly":0,"monthly":999800}}
Γä╣∩╕Å [INFO] Rate limit hit, queuing DM | {"userId":"mix_pro_9","planType":"pro","remaining":{"hourly":0,"monthly":999800}}
Γä╣∩╕Å [INFO] Rate limit hit, queuing DM | {"userId":"mix_pro_9","planType":"pro","remaining":{"hourly":0,"monthly":999800}}
Γä╣∩╕Å [INFO] Rate limit hit, queuing DM | {"userId":"mix_pro_9","planType":"pro","remaining":{"hourly":0,"monthly":999800}}
Γä╣∩╕Å [INFO] Rate limit hit, queuing DM | {"userId":"mix_pro_9","planType":"pro","remaining":{"hourly":0,"monthly":999800}}
Γä╣∩╕Å [INFO] Rate limit hit, queuing DM | {"userId":"mix_pro_9","planType":"pro","remaining":{"hourly":0,"monthly":999800}}
Γä╣∩╕Å [INFO] Rate limit hit, queuing DM | {"userId":"mix_pro_9","planType":"pro","remaining":{"hourly":0,"monthly":999800}}
Γä╣∩╕Å [INFO] Rate limit hit, queuing DM | {"userId":"mix_pro_9","planType":"pro","remaining":{"hourly":0,"monthly":999800}}
Γä╣∩╕Å [INFO] Rate limit hit, queuing DM | {"userId":"mix_pro_9","planType":"pro","remaining":{"hourly":0,"monthly":999800}}
Γä╣∩╕Å [INFO] Rate limit hit, queuing DM | {"userId":"mix_pro_9","planType":"pro","remaining":{"hourly":0,"monthly":999800}}
Γä╣∩╕Å [INFO] Rate limit hit, queuing DM | {"userId":"mix_pro_9","planType":"pro","remaining":{"hourly":0,"monthly":999800}}
Γä╣∩╕Å [INFO] Rate limit hit, queuing DM | {"userId":"mix_pro_9","planType":"pro","remaining":{"hourly":0,"monthly":999800}}
Γä╣∩╕Å [INFO] Rate limit hit, queuing DM | {"userId":"mix_pro_9","planType":"pro","remaining":{"hourly":0,"monthly":999800}}
Γä╣∩╕Å [INFO] Rate limit hit, queuing DM | {"userId":"mix_pro_9","planType":"pro","remaining":{"hourly":0,"monthly":999800}}
Γä╣∩╕Å [INFO] Rate limit hit, queuing DM | {"userId":"mix_pro_9","planType":"pro","remaining":{"hourly":0,"monthly":999800}}
Γä╣∩╕Å [INFO] Rate limit hit, queuing DM | {"userId":"mix_pro_9","planType":"pro","remaining":{"hourly":0,"monthly":999800}}
Γä╣∩╕Å [INFO] Rate limit hit, queuing DM | {"userId":"mix_pro_9","planType":"pro","remaining":{"hourly":0,"monthly":999800}}
Γä╣∩╕Å [INFO] Rate limit hit, queuing DM | {"userId":"mix_pro_9","planType":"pro","remaining":{"hourly":0,"monthly":999800}}
Γä╣∩╕Å [INFO] Rate limit hit, queuing DM | {"userId":"mix_pro_9","planType":"pro","remaining":{"hourly":0,"monthly":999800}}
Γä╣∩╕Å [INFO] Rate limit hit, queuing DM | {"userId":"mix_pro_9","planType":"pro","remaining":{"hourly":0,"monthly":999800}}
Γä╣∩╕Å [INFO] Rate limit hit, queuing DM | {"userId":"mix_pro_9","planType":"pro","remaining":{"hourly":0,"monthly":999800}}
Γä╣∩╕Å [INFO] Rate limit hit, queuing DM | {"userId":"mix_pro_9","planType":"pro","remaining":{"hourly":0,"monthly":999800}}
Γä╣∩╕Å [INFO] Rate limit hit, queuing DM | {"userId":"mix_pro_9","planType":"pro","remaining":{"hourly":0,"monthly":999800}}
Γä╣∩╕Å [INFO] Rate limit hit, queuing DM | {"userId":"mix_pro_9","planType":"pro","remaining":{"hourly":0,"monthly":999800}}
Γä╣∩╕Å [INFO] Rate limit hit, queuing DM | {"userId":"mix_pro_9","planType":"pro","remaining":{"hourly":0,"monthly":999800}}
Γä╣∩╕Å [INFO] Rate limit hit, queuing DM | {"userId":"mix_pro_9","planType":"pro","remaining":{"hourly":0,"monthly":999800}}
Γä╣∩╕Å [INFO] Rate limit hit, queuing DM | {"userId":"mix_pro_9","planType":"pro","remaining":{"hourly":0,"monthly":999800}}
Γä╣∩╕Å [INFO] Rate limit hit, queuing DM | {"userId":"mix_pro_9","planType":"pro","remaining":{"hourly":0,"monthly":999800}}
Γä╣∩╕Å [INFO] Rate limit hit, queuing DM | {"userId":"mix_pro_9","planType":"pro","remaining":{"hourly":0,"monthly":999800}}
Γä╣∩╕Å [INFO] Rate limit hit, queuing DM | {"userId":"mix_pro_9","planType":"pro","remaining":{"hourly":0,"monthly":999800}}
Γä╣∩╕Å [INFO] Rate limit hit, queuing DM | {"userId":"mix_pro_9","planType":"pro","remaining":{"hourly":0,"monthly":999800}}
Γä╣∩╕Å [INFO] Rate limit hit, queuing DM | {"userId":"mix_pro_9","planType":"pro","remaining":{"hourly":0,"monthly":999800}}
Γä╣∩╕Å [INFO] Rate limit hit, queuing DM | {"userId":"mix_pro_9","planType":"pro","remaining":{"hourly":0,"monthly":999800}}
Γä╣∩╕Å [INFO] Rate limit hit, queuing DM | {"userId":"mix_pro_9","planType":"pro","remaining":{"hourly":0,"monthly":999800}}
Γä╣∩╕Å [INFO] Rate limit hit, queuing DM | {"userId":"mix_pro_9","planType":"pro","remaining":{"hourly":0,"monthly":999800}}
Γä╣∩╕Å [INFO] Rate limit hit, queuing DM | {"userId":"mix_pro_9","planType":"pro","remaining":{"hourly":0,"monthly":999800}}
Γä╣∩╕Å [INFO] Rate limit hit, queuing DM | {"userId":"mix_pro_9","planType":"pro","remaining":{"hourly":0,"monthly":999800}}
Γä╣∩╕Å [INFO] Rate limit hit, queuing DM | {"userId":"mix_pro_9","planType":"pro","remaining":{"hourly":0,"monthly":999800}}
Γä╣∩╕Å [INFO] Rate limit hit, queuing DM | {"userId":"mix_pro_9","planType":"pro","remaining":{"hourly":0,"monthly":999800}}
Γä╣∩╕Å [INFO] Rate limit hit, queuing DM | {"userId":"mix_pro_9","planType":"pro","remaining":{"hourly":0,"monthly":999800}}
Γä╣∩╕Å [INFO] Rate limit hit, queuing DM | {"userId":"mix_pro_9","planType":"pro","remaining":{"hourly":0,"monthly":999800}}
Γä╣∩╕Å [INFO] Rate limit hit, queuing DM | {"userId":"mix_pro_9","planType":"pro","remaining":{"hourly":0,"monthly":999800}}
Γä╣∩╕Å [INFO] Rate limit hit, queuing DM | {"userId":"mix_pro_9","planType":"pro","remaining":{"hourly":0,"monthly":999800}}
Γä╣∩╕Å [INFO] Rate limit hit, queuing DM | {"userId":"mix_pro_9","planType":"pro","remaining":{"hourly":0,"monthly":999800}}
Γä╣∩╕Å [INFO] Rate limit hit, queuing DM | {"userId":"mix_pro_9","planType":"pro","remaining":{"hourly":0,"monthly":999800}}
Γä╣∩╕Å [INFO] Rate limit hit, queuing DM | {"userId":"mix_pro_9","planType":"pro","remaining":{"hourly":0,"monthly":999800}}
Γä╣∩╕Å [INFO] Rate limit hit, queuing DM | {"userId":"mix_pro_9","planType":"pro","remaining":{"hourly":0,"monthly":999800}}
Γä╣∩╕Å [INFO] Rate limit hit, queuing DM | {"userId":"mix_pro_9","planType":"pro","remaining":{"hourly":0,"monthly":999800}}
Γä╣∩╕Å [INFO] Rate limit hit, queuing DM | {"userId":"mix_pro_9","planType":"pro","remaining":{"hourly":0,"monthly":999800}}
Γä╣∩╕Å [INFO] Rate limit hit, queuing DM | {"userId":"mix_pro_9","planType":"pro","remaining":{"hourly":0,"monthly":999800}}
Γä╣∩╕Å [INFO] Rate limit hit, queuing DM | {"userId":"mix_pro_9","planType":"pro","remaining":{"hourly":0,"monthly":999800}}
Γä╣∩╕Å [INFO] Rate limit hit, queuing DM | {"userId":"mix_pro_9","planType":"pro","remaining":{"hourly":0,"monthly":999800}}
Γä╣∩╕Å [INFO] Rate limit hit, queuing DM | {"userId":"mix_pro_9","planType":"pro","remaining":{"hourly":0,"monthly":999800}}
Γä╣∩╕Å [INFO] Rate limit hit, queuing DM | {"userId":"mix_pro_9","planType":"pro","remaining":{"hourly":0,"monthly":999800}}
Γä╣∩╕Å [INFO] Rate limit hit, queuing DM | {"userId":"mix_pro_9","planType":"pro","remaining":{"hourly":0,"monthly":999800}}
Γä╣∩╕Å [INFO] Rate limit hit, queuing DM | {"userId":"mix_pro_9","planType":"pro","remaining":{"hourly":0,"monthly":999800}}
Γä╣∩╕Å [INFO] Rate limit hit, queuing DM | {"userId":"mix_pro_9","planType":"pro","remaining":{"hourly":0,"monthly":999800}}
Γä╣∩╕Å [INFO] Rate limit hit, queuing DM | {"userId":"mix_pro_9","planType":"pro","remaining":{"hourly":0,"monthly":999800}}
Γä╣∩╕Å [INFO] Rate limit hit, queuing DM | {"userId":"mix_pro_9","planType":"pro","remaining":{"hourly":0,"monthly":999800}}
Γä╣∩╕Å [INFO] Rate limit hit, queuing DM | {"userId":"mix_pro_9","planType":"pro","remaining":{"hourly":0,"monthly":999800}}
Γä╣∩╕Å [INFO] Rate limit hit, queuing DM | {"userId":"mix_pro_9","planType":"pro","remaining":{"hourly":0,"monthly":999800}}
Γä╣∩╕Å [INFO] Rate limit hit, queuing DM | {"userId":"mix_pro_9","planType":"pro","remaining":{"hourly":0,"monthly":999800}}
Γä╣∩╕Å [INFO] Rate limit hit, queuing DM | {"userId":"mix_pro_9","planType":"pro","remaining":{"hourly":0,"monthly":999800}}
Γä╣∩╕Å [INFO] Rate limit hit, queuing DM | {"userId":"mix_pro_9","planType":"pro","remaining":{"hourly":0,"monthly":999800}}
Γä╣∩╕Å [INFO] Rate limit hit, queuing DM | {"userId":"mix_pro_9","planType":"pro","remaining":{"hourly":0,"monthly":999800}}
Γä╣∩╕Å [INFO] Rate limit hit, queuing DM | {"userId":"mix_pro_9","planType":"pro","remaining":{"hourly":0,"monthly":999800}}
Γä╣∩╕Å [INFO] Rate limit hit, queuing DM | {"userId":"mix_pro_9","planType":"pro","remaining":{"hourly":0,"monthly":999800}}
Γä╣∩╕Å [INFO] Rate limit hit, queuing DM | {"userId":"mix_pro_9","planType":"pro","remaining":{"hourly":0,"monthly":999800}}
Γä╣∩╕Å [INFO] Rate limit hit, queuing DM | {"userId":"mix_pro_9","planType":"pro","remaining":{"hourly":0,"monthly":999800}}
Γä╣∩╕Å [INFO] Rate limit hit, queuing DM | {"userId":"mix_pro_9","planType":"pro","remaining":{"hourly":0,"monthly":999800}}
Γä╣∩╕Å [INFO] Rate limit hit, queuing DM | {"userId":"mix_pro_9","planType":"pro","remaining":{"hourly":0,"monthly":999800}}
Γä╣∩╕Å [INFO] Rate limit hit, queuing DM | {"userId":"mix_pro_9","planType":"pro","remaining":{"hourly":0,"monthly":999800}}
Γä╣∩╕Å [INFO] Rate limit hit, queuing DM | {"userId":"mix_pro_9","planType":"pro","remaining":{"hourly":0,"monthly":999800}}
Γä╣∩╕Å [INFO] Rate limit hit, queuing DM | {"userId":"mix_pro_9","planType":"pro","remaining":{"hourly":0,"monthly":999800}}
Γä╣∩╕Å [INFO] Rate limit hit, queuing DM | {"userId":"mix_pro_9","planType":"pro","remaining":{"hourly":0,"monthly":999800}}
Γä╣∩╕Å [INFO] Rate limit hit, queuing DM | {"userId":"mix_pro_9","planType":"pro","remaining":{"hourly":0,"monthly":999800}}
Γä╣∩╕Å [INFO] Rate limit hit, queuing DM | {"userId":"mix_pro_9","planType":"pro","remaining":{"hourly":0,"monthly":999800}}
Γä╣∩╕Å [INFO] Rate limit hit, queuing DM | {"userId":"mix_pro_9","planType":"pro","remaining":{"hourly":0,"monthly":999800}}
Γä╣∩╕Å [INFO] Rate limit hit, queuing DM | {"userId":"mix_pro_9","planType":"pro","remaining":{"hourly":0,"monthly":999800}}
Γä╣∩╕Å [INFO] Rate limit hit, queuing DM | {"userId":"mix_pro_9","planType":"pro","remaining":{"hourly":0,"monthly":999800}}
Γä╣∩╕Å [INFO] Rate limit hit, queuing DM | {"userId":"mix_pro_9","planType":"pro","remaining":{"hourly":0,"monthly":999800}}
Γä╣∩╕Å [INFO] Rate limit hit, queuing DM | {"userId":"mix_pro_9","planType":"pro","remaining":{"hourly":0,"monthly":999800}}
Γä╣∩╕Å [INFO] Rate limit hit, queuing DM | {"userId":"mix_pro_9","planType":"pro","remaining":{"hourly":0,"monthly":999800}}
Γä╣∩╕Å [INFO] Rate limit hit, queuing DM | {"userId":"mix_pro_9","planType":"pro","remaining":{"hourly":0,"monthly":999800}}
Γä╣∩╕Å [INFO] Rate limit hit, queuing DM | {"userId":"mix_pro_9","planType":"pro","remaining":{"hourly":0,"monthly":999800}}
Γä╣∩╕Å [INFO] Rate limit hit, queuing DM | {"userId":"mix_pro_9","planType":"pro","remaining":{"hourly":0,"monthly":999800}}

[90mstdout[2m | tests/lib/capacity-simulation.test.ts[2m > [22m[2m≡ƒÜÇ Capacity Simulation: Full System Load Test[2m > [22m[2m≡ƒæÑ Multi-User Concurrency[2m > [22m[2m100 mixed-plan concurrent users
[22m[39mΓä╣∩╕Å [INFO] Rate limit hit, queuing DM | {"userId":"mix_pro_9","planType":"pro","remaining":{"hourly":0,"monthly":999800}}

[90mstdout[2m | tests/lib/capacity-simulation.test.ts[2m > [22m[2m≡ƒÜÇ Capacity Simulation: Full System Load Test[2m > [22m[2m≡ƒæÑ Multi-User Concurrency[2m > [22m[2m100 mixed-plan concurrent users
[22m[39mΓä╣∩╕Å [INFO] Rate limit hit, queuing DM | {"userId":"mix_pro_9","planType":"pro","remaining":{"hourly":0,"monthly":999800}}
Γä╣∩╕Å [INFO] Rate limit hit, queuing DM | {"userId":"mix_pro_9","planType":"pro","remaining":{"hourly":0,"monthly":999800}}
Γä╣∩╕Å [INFO] Rate limit hit, queuing DM | {"userId":"mix_pro_9","planType":"pro","remaining":{"hourly":0,"monthly":999800}}
Γä╣∩╕Å [INFO] Rate limit hit, queuing DM | {"userId":"mix_pro_9","planType":"pro","remaining":{"hourly":0,"monthly":999800}}
Γä╣∩╕Å [INFO] Rate limit hit, queuing DM | {"userId":"mix_pro_9","planType":"pro","remaining":{"hourly":0,"monthly":999800}}
Γä╣∩╕Å [INFO] Rate limit hit, queuing DM | {"userId":"mix_pro_9","planType":"pro","remaining":{"hourly":0,"monthly":999800}}
Γä╣∩╕Å [INFO] Rate limit hit, queuing DM | {"userId":"mix_pro_9","planType":"pro","remaining":{"hourly":0,"monthly":999800}}
Γä╣∩╕Å [INFO] Rate limit hit, queuing DM | {"userId":"mix_pro_9","planType":"pro","remaining":{"hourly":0,"monthly":999800}}
Γä╣∩╕Å [INFO] Rate limit hit, queuing DM | {"userId":"mix_pro_9","planType":"pro","remaining":{"hourly":0,"monthly":999800}}
Γä╣∩╕Å [INFO] Rate limit hit, queuing DM | {"userId":"mix_pro_9","planType":"pro","remaining":{"hourly":0,"monthly":999800}}
Γä╣∩╕Å [INFO] Rate limit hit, queuing DM | {"userId":"mix_pro_9","planType":"pro","remaining":{"hourly":0,"monthly":999800}}
Γä╣∩╕Å [INFO] Rate limit hit, queuing DM | {"userId":"mix_pro_9","planType":"pro","remaining":{"hourly":0,"monthly":999800}}
Γä╣∩╕Å [INFO] Rate limit hit, queuing DM | {"userId":"mix_pro_9","planType":"pro","remaining":{"hourly":0,"monthly":999800}}
Γä╣∩╕Å [INFO] Rate limit hit, queuing DM | {"userId":"mix_pro_9","planType":"pro","remaining":{"hourly":0,"monthly":999800}}
Γä╣∩╕Å [INFO] Rate limit hit, queuing DM | {"userId":"mix_pro_9","planType":"pro","remaining":{"hourly":0,"monthly":999800}}
Γä╣∩╕Å [INFO] Rate limit hit, queuing DM | {"userId":"mix_pro_9","planType":"pro","remaining":{"hourly":0,"monthly":999800}}
Γä╣∩╕Å [INFO] Rate limit hit, queuing DM | {"userId":"mix_pro_9","planType":"pro","remaining":{"hourly":0,"monthly":999800}}
Γä╣∩╕Å [INFO] Rate limit hit, queuing DM | {"userId":"mix_pro_9","planType":"pro","remaining":{"hourly":0,"monthly":999800}}
Γä╣∩╕Å [INFO] Rate limit hit, queuing DM | {"userId":"mix_pro_9","planType":"pro","remaining":{"hourly":0,"monthly":999800}}
Γä╣∩╕Å [INFO] Rate limit hit, queuing DM | {"userId":"mix_pro_9","planType":"pro","remaining":{"hourly":0,"monthly":999800}}
Γä╣∩╕Å [INFO] Rate limit hit, queuing DM | {"userId":"mix_pro_9","planType":"pro","remaining":{"hourly":0,"monthly":999800}}
Γä╣∩╕Å [INFO] Rate limit hit, queuing DM | {"userId":"mix_pro_9","planType":"pro","remaining":{"hourly":0,"monthly":999800}}
Γä╣∩╕Å [INFO] Rate limit hit, queuing DM | {"userId":"mix_pro_9","planType":"pro","remaining":{"hourly":0,"monthly":999800}}
Γä╣∩╕Å [INFO] Rate limit hit, queuing DM | {"userId":"mix_pro_9","planType":"pro","remaining":{"hourly":0,"monthly":999800}}
Γä╣∩╕Å [INFO] Rate limit hit, queuing DM | {"userId":"mix_pro_9","planType":"pro","remaining":{"hourly":0,"monthly":999800}}
Γä╣∩╕Å [INFO] Rate limit hit, queuing DM | {"userId":"mix_pro_9","planType":"pro","remaining":{"hourly":0,"monthly":999800}}
Γä╣∩╕Å [INFO] Rate limit hit, queuing DM | {"userId":"mix_pro_9","planType":"pro","remaining":{"hourly":0,"monthly":999800}}
Γä╣∩╕Å [INFO] Rate limit hit, queuing DM | {"userId":"mix_pro_9","planType":"pro","remaining":{"hourly":0,"monthly":999800}}
Γä╣∩╕Å [INFO] Rate limit hit, queuing DM | {"userId":"mix_pro_9","planType":"pro","remaining":{"hourly":0,"monthly":999800}}
Γä╣∩╕Å [INFO] Rate limit hit, queuing DM | {"userId":"mix_pro_9","planType":"pro","remaining":{"hourly":0,"monthly":999800}}
Γä╣∩╕Å [INFO] Rate limit hit, queuing DM | {"userId":"mix_pro_9","planType":"pro","remaining":{"hourly":0,"monthly":999800}}
Γä╣∩╕Å [INFO] Rate limit hit, queuing DM | {"userId":"mix_pro_9","planType":"pro","remaining":{"hourly":0,"monthly":999800}}
Γä╣∩╕Å [INFO] Rate limit hit, queuing DM | {"userId":"mix_pro_9","planType":"pro","remaining":{"hourly":0,"monthly":999800}}
Γä╣∩╕Å [INFO] Rate limit hit, queuing DM | {"userId":"mix_pro_9","planType":"pro","remaining":{"hourly":0,"monthly":999800}}
Γä╣∩╕Å [INFO] Rate limit hit, queuing DM | {"userId":"mix_pro_9","planType":"pro","remaining":{"hourly":0,"monthly":999800}}
Γä╣∩╕Å [INFO] Rate limit hit, queuing DM | {"userId":"mix_pro_9","planType":"pro","remaining":{"hourly":0,"monthly":999800}}
Γä╣∩╕Å [INFO] Rate limit hit, queuing DM | {"userId":"mix_pro_9","planType":"pro","remaining":{"hourly":0,"monthly":999800}}
Γä╣∩╕Å [INFO] Rate limit hit, queuing DM | {"userId":"mix_pro_9","planType":"pro","remaining":{"hourly":0,"monthly":999800}}
Γä╣∩╕Å [INFO] Rate limit hit, queuing DM | {"userId":"mix_pro_9","planType":"pro","remaining":{"hourly":0,"monthly":999800}}
Γä╣∩╕Å [INFO] Rate limit hit, queuing DM | {"userId":"mix_pro_9","planType":"pro","remaining":{"hourly":0,"monthly":999800}}
Γä╣∩╕Å [INFO] Rate limit hit, queuing DM | {"userId":"mix_pro_9","planType":"pro","remaining":{"hourly":0,"monthly":999800}}
Γä╣∩╕Å [INFO] Rate limit hit, queuing DM | {"userId":"mix_pro_9","planType":"pro","remaining":{"hourly":0,"monthly":999800}}
Γä╣∩╕Å [INFO] Rate limit hit, queuing DM | {"userId":"mix_pro_9","planType":"pro","remaining":{"hourly":0,"monthly":999800}}
Γä╣∩╕Å [INFO] Rate limit hit, queuing DM | {"userId":"mix_pro_9","planType":"pro","remaining":{"hourly":0,"monthly":999800}}
Γä╣∩╕Å [INFO] Rate limit hit, queuing DM | {"userId":"mix_pro_9","planType":"pro","remaining":{"hourly":0,"monthly":999800}}
Γä╣∩╕Å [INFO] Rate limit hit, queuing DM | {"userId":"mix_pro_9","planType":"pro","remaining":{"hourly":0,"monthly":999800}}
Γä╣∩╕Å [INFO] Rate limit hit, queuing DM | {"userId":"mix_pro_9","planType":"pro","remaining":{"hourly":0,"monthly":999800}}
Γä╣∩╕Å [INFO] Rate limit hit, queuing DM | {"userId":"mix_pro_9","planType":"pro","remaining":{"hourly":0,"monthly":999800}}
Γä╣∩╕Å [INFO] Rate limit hit, queuing DM | {"userId":"mix_pro_9","planType":"pro","remaining":{"hourly":0,"monthly":999800}}
Γä╣∩╕Å [INFO] Rate limit hit, queuing DM | {"userId":"mix_pro_9","planType":"pro","remaining":{"hourly":0,"monthly":999800}}
Γä╣∩╕Å [INFO] Rate limit hit, queuing DM | {"userId":"mix_pro_9","planType":"pro","remaining":{"hourly":0,"monthly":999800}}
Γä╣∩╕Å [INFO] Rate limit hit, queuing DM | {"userId":"mix_pro_9","planType":"pro","remaining":{"hourly":0,"monthly":999800}}
Γä╣∩╕Å [INFO] Rate limit hit, queuing DM | {"userId":"mix_pro_9","planType":"pro","remaining":{"hourly":0,"monthly":999800}}
Γä╣∩╕Å [INFO] Rate limit hit, queuing DM | {"userId":"mix_pro_9","planType":"pro","remaining":{"hourly":0,"monthly":999800}}
Γä╣∩╕Å [INFO] Rate limit hit, queuing DM | {"userId":"mix_pro_9","planType":"pro","remaining":{"hourly":0,"monthly":999800}}
Γä╣∩╕Å [INFO] Rate limit hit, queuing DM | {"userId":"mix_pro_9","planType":"pro","remaining":{"hourly":0,"monthly":999800}}
Γä╣∩╕Å [INFO] Rate limit hit, queuing DM | {"userId":"mix_pro_9","planType":"pro","remaining":{"hourly":0,"monthly":999800}}
Γä╣∩╕Å [INFO] Rate limit hit, queuing DM | {"userId":"mix_pro_9","planType":"pro","remaining":{"hourly":0,"monthly":999800}}
Γä╣∩╕Å [INFO] Rate limit hit, queuing DM | {"userId":"mix_pro_9","planType":"pro","remaining":{"hourly":0,"monthly":999800}}
Γä╣∩╕Å [INFO] Rate limit hit, queuing DM | {"userId":"mix_pro_9","planType":"pro","remaining":{"hourly":0,"monthly":999800}}
Γä╣∩╕Å [INFO] Rate limit hit, queuing DM | {"userId":"mix_pro_9","planType":"pro","remaining":{"hourly":0,"monthly":999800}}
Γä╣∩╕Å [INFO] Rate limit hit, queuing DM | {"userId":"mix_pro_9","planType":"pro","remaining":{"hourly":0,"monthly":999800}}
Γä╣∩╕Å [INFO] Rate limit hit, queuing DM | {"userId":"mix_pro_9","planType":"pro","remaining":{"hourly":0,"monthly":999800}}
Γä╣∩╕Å [INFO] Rate limit hit, queuing DM | {"userId":"mix_pro_9","planType":"pro","remaining":{"hourly":0,"monthly":999800}}
Γä╣∩╕Å [INFO] Rate limit hit, queuing DM | {"userId":"mix_pro_9","planType":"pro","remaining":{"hourly":0,"monthly":999800}}
Γä╣∩╕Å [INFO] Rate limit hit, queuing DM | {"userId":"mix_pro_9","planType":"pro","remaining":{"hourly":0,"monthly":999800}}
Γä╣∩╕Å [INFO] Rate limit hit, queuing DM | {"userId":"mix_pro_9","planType":"pro","remaining":{"hourly":0,"monthly":999800}}
Γä╣∩╕Å [INFO] Rate limit hit, queuing DM | {"userId":"mix_pro_9","planType":"pro","remaining":{"hourly":0,"monthly":999800}}
Γä╣∩╕Å [INFO] Rate limit hit, queuing DM | {"userId":"mix_pro_9","planType":"pro","remaining":{"hourly":0,"monthly":999800}}
Γä╣∩╕Å [INFO] Rate limit hit, queuing DM | {"userId":"mix_pro_9","planType":"pro","remaining":{"hourly":0,"monthly":999800}}
Γä╣∩╕Å [INFO] Rate limit hit, queuing DM | {"userId":"mix_pro_9","planType":"pro","remaining":{"hourly":0,"monthly":999800}}
Γä╣∩╕Å [INFO] Rate limit hit, queuing DM | {"userId":"mix_pro_9","planType":"pro","remaining":{"hourly":0,"monthly":999800}}
Γä╣∩╕Å [INFO] Rate limit hit, queuing DM | {"userId":"mix_pro_9","planType":"pro","remaining":{"hourly":0,"monthly":999800}}
Γä╣∩╕Å [INFO] Rate limit hit, queuing DM | {"userId":"mix_pro_9","planType":"pro","remaining":{"hourly":0,"monthly":999800}}
Γä╣∩╕Å [INFO] Rate limit hit, queuing DM | {"userId":"mix_pro_9","planType":"pro","remaining":{"hourly":0,"monthly":999800}}
Γä╣∩╕Å [INFO] Rate limit hit, queuing DM | {"userId":"mix_pro_9","planType":"pro","remaining":{"hourly":0,"monthly":999800}}
Γä╣∩╕Å [INFO] Rate limit hit, queuing DM | {"userId":"mix_pro_9","planType":"pro","remaining":{"hourly":0,"monthly":999800}}
Γä╣∩╕Å [INFO] Rate limit hit, queuing DM | {"userId":"mix_pro_9","planType":"pro","remaining":{"hourly":0,"monthly":999800}}
Γä╣∩╕Å [INFO] Rate limit hit, queuing DM | {"userId":"mix_pro_9","planType":"pro","remaining":{"hourly":0,"monthly":999800}}
Γä╣∩╕Å [INFO] Rate limit hit, queuing DM | {"userId":"mix_pro_9","planType":"pro","remaining":{"hourly":0,"monthly":999800}}
Γä╣∩╕Å [INFO] Rate limit hit, queuing DM | {"userId":"mix_pro_9","planType":"pro","remaining":{"hourly":0,"monthly":999800}}
Γä╣∩╕Å [INFO] Rate limit hit, queuing DM | {"userId":"mix_pro_9","planType":"pro","remaining":{"hourly":0,"monthly":999800}}
Γä╣∩╕Å [INFO] Rate limit hit, queuing DM | {"userId":"mix_pro_9","planType":"pro","remaining":{"hourly":0,"monthly":999800}}
Γä╣∩╕Å [INFO] Rate limit hit, queuing DM | {"userId":"mix_pro_9","planType":"pro","remaining":{"hourly":0,"monthly":999800}}
Γä╣∩╕Å [INFO] Rate limit hit, queuing DM | {"userId":"mix_pro_9","planType":"pro","remaining":{"hourly":0,"monthly":999800}}
Γä╣∩╕Å [INFO] Rate limit hit, queuing DM | {"userId":"mix_pro_9","planType":"pro","remaining":{"hourly":0,"monthly":999800}}
Γä╣∩╕Å [INFO] Rate limit hit, queuing DM | {"userId":"mix_pro_9","planType":"pro","remaining":{"hourly":0,"monthly":999800}}
Γä╣∩╕Å [INFO] Rate limit hit, queuing DM | {"userId":"mix_pro_9","planType":"pro","remaining":{"hourly":0,"monthly":999800}}
Γä╣∩╕Å [INFO] Rate limit hit, queuing DM | {"userId":"mix_pro_9","planType":"pro","remaining":{"hourly":0,"monthly":999800}}
Γä╣∩╕Å [INFO] Rate limit hit, queuing DM | {"userId":"mix_pro_9","planType":"pro","remaining":{"hourly":0,"monthly":999800}}
Γä╣∩╕Å [INFO] Rate limit hit, queuing DM | {"userId":"mix_pro_9","planType":"pro","remaining":{"hourly":0,"monthly":999800}}
Γä╣∩╕Å [INFO] Rate limit hit, queuing DM | {"userId":"mix_pro_9","planType":"pro","remaining":{"hourly":0,"monthly":999800}}
Γä╣∩╕Å [INFO] Rate limit hit, queuing DM | {"userId":"mix_pro_9","planType":"pro","remaining":{"hourly":0,"monthly":999800}}
Γä╣∩╕Å [INFO] Rate limit hit, queuing DM | {"userId":"mix_pro_9","planType":"pro","remaining":{"hourly":0,"monthly":999800}}
Γä╣∩╕Å [INFO] Rate limit hit, queuing DM | {"userId":"mix_pro_9","planType":"pro","remaining":{"hourly":0,"monthly":999800}}
Γä╣∩╕Å [INFO] Rate limit hit, queuing DM | {"userId":"mix_pro_9","planType":"pro","remaining":{"hourly":0,"monthly":999800}}
Γä╣∩╕Å [INFO] Rate limit hit, queuing DM | {"userId":"mix_pro_9","planType":"pro","remaining":{"hourly":0,"monthly":999800}}
Γä╣∩╕Å [INFO] Rate limit hit, queuing DM | {"userId":"mix_pro_9","planType":"pro","remaining":{"hourly":0,"monthly":999800}}
Γä╣∩╕Å [INFO] Rate limit hit, queuing DM | {"userId":"mix_pro_9","planType":"pro","remaining":{"hourly":0,"monthly":999800}}

[90mstdout[2m | tests/lib/capacity-simulation.test.ts[2m > [22m[2m≡ƒÜÇ Capacity Simulation: Full System Load Test[2m > [22m[2m≡ƒæÑ Multi-User Concurrency[2m > [22m[2m100 mixed-plan concurrent users
[22m[39mΓä╣∩╕Å [INFO] Rate limit hit, queuing DM | {"userId":"mix_pro_9","planType":"pro","remaining":{"hourly":0,"monthly":999800}}

[90mstdout[2m | tests/lib/capacity-simulation.test.ts[2m > [22m[2m≡ƒÜÇ Capacity Simulation: Full System Load Test[2m > [22m[2m≡ƒæÑ Multi-User Concurrency[2m > [22m[2m100 mixed-plan concurrent users
[22m[39mΓä╣∩╕Å [INFO] Rate limit hit, queuing DM | {"userId":"mix_pro_9","planType":"pro","remaining":{"hourly":0,"monthly":999800}}
Γä╣∩╕Å [INFO] Rate limit hit, queuing DM | {"userId":"mix_pro_9","planType":"pro","remaining":{"hourly":0,"monthly":999800}}
Γä╣∩╕Å [INFO] Rate limit hit, queuing DM | {"userId":"mix_pro_9","planType":"pro","remaining":{"hourly":0,"monthly":999800}}
Γä╣∩╕Å [INFO] Rate limit hit, queuing DM | {"userId":"mix_pro_9","planType":"pro","remaining":{"hourly":0,"monthly":999800}}
Γä╣∩╕Å [INFO] Rate limit hit, queuing DM | {"userId":"mix_pro_9","planType":"pro","remaining":{"hourly":0,"monthly":999800}}
Γä╣∩╕Å [INFO] Rate limit hit, queuing DM | {"userId":"mix_pro_9","planType":"pro","remaining":{"hourly":0,"monthly":999800}}
Γä╣∩╕Å [INFO] Rate limit hit, queuing DM | {"userId":"mix_pro_9","planType":"pro","remaining":{"hourly":0,"monthly":999800}}
Γä╣∩╕Å [INFO] Rate limit hit, queuing DM | {"userId":"mix_pro_9","planType":"pro","remaining":{"hourly":0,"monthly":999800}}
Γä╣∩╕Å [INFO] Rate limit hit, queuing DM | {"userId":"mix_pro_9","planType":"pro","remaining":{"hourly":0,"monthly":999800}}
Γä╣∩╕Å [INFO] Rate limit hit, queuing DM | {"userId":"mix_pro_9","planType":"pro","remaining":{"hourly":0,"monthly":999800}}
Γä╣∩╕Å [INFO] Rate limit hit, queuing DM | {"userId":"mix_pro_9","planType":"pro","remaining":{"hourly":0,"monthly":999800}}
Γä╣∩╕Å [INFO] Rate limit hit, queuing DM | {"userId":"mix_pro_9","planType":"pro","remaining":{"hourly":0,"monthly":999800}}
Γä╣∩╕Å [INFO] Rate limit hit, queuing DM | {"userId":"mix_pro_9","planType":"pro","remaining":{"hourly":0,"monthly":999800}}
Γä╣∩╕Å [INFO] Rate limit hit, queuing DM | {"userId":"mix_pro_9","planType":"pro","remaining":{"hourly":0,"monthly":999800}}
Γä╣∩╕Å [INFO] Rate limit hit, queuing DM | {"userId":"mix_pro_9","planType":"pro","remaining":{"hourly":0,"monthly":999800}}
Γä╣∩╕Å [INFO] Rate limit hit, queuing DM | {"userId":"mix_pro_9","planType":"pro","remaining":{"hourly":0,"monthly":999800}}
Γä╣∩╕Å [INFO] Rate limit hit, queuing DM | {"userId":"mix_pro_9","planType":"pro","remaining":{"hourly":0,"monthly":999800}}
Γä╣∩╕Å [INFO] Rate limit hit, queuing DM | {"userId":"mix_pro_9","planType":"pro","remaining":{"hourly":0,"monthly":999800}}
Γä╣∩╕Å [INFO] Rate limit hit, queuing DM | {"userId":"mix_pro_9","planType":"pro","remaining":{"hourly":0,"monthly":999800}}
Γä╣∩╕Å [INFO] Rate limit hit, queuing DM | {"userId":"mix_pro_9","planType":"pro","remaining":{"hourly":0,"monthly":999800}}
Γä╣∩╕Å [INFO] Rate limit hit, queuing DM | {"userId":"mix_pro_9","planType":"pro","remaining":{"hourly":0,"monthly":999800}}
Γä╣∩╕Å [INFO] Rate limit hit, queuing DM | {"userId":"mix_pro_9","planType":"pro","remaining":{"hourly":0,"monthly":999800}}
Γä╣∩╕Å [INFO] Rate limit hit, queuing DM | {"userId":"mix_pro_9","planType":"pro","remaining":{"hourly":0,"monthly":999800}}
Γä╣∩╕Å [INFO] Rate limit hit, queuing DM | {"userId":"mix_pro_9","planType":"pro","remaining":{"hourly":0,"monthly":999800}}
Γä╣∩╕Å [INFO] Rate limit hit, queuing DM | {"userId":"mix_pro_9","planType":"pro","remaining":{"hourly":0,"monthly":999800}}
Γä╣∩╕Å [INFO] Rate limit hit, queuing DM | {"userId":"mix_pro_9","planType":"pro","remaining":{"hourly":0,"monthly":999800}}
Γä╣∩╕Å [INFO] Rate limit hit, queuing DM | {"userId":"mix_pro_9","planType":"pro","remaining":{"hourly":0,"monthly":999800}}
Γä╣∩╕Å [INFO] Rate limit hit, queuing DM | {"userId":"mix_pro_9","planType":"pro","remaining":{"hourly":0,"monthly":999800}}
Γä╣∩╕Å [INFO] Rate limit hit, queuing DM | {"userId":"mix_pro_9","planType":"pro","remaining":{"hourly":0,"monthly":999800}}
Γä╣∩╕Å [INFO] Rate limit hit, queuing DM | {"userId":"mix_pro_9","planType":"pro","remaining":{"hourly":0,"monthly":999800}}
Γä╣∩╕Å [INFO] Rate limit hit, queuing DM | {"userId":"mix_pro_9","planType":"pro","remaining":{"hourly":0,"monthly":999800}}
Γä╣∩╕Å [INFO] Rate limit hit, queuing DM | {"userId":"mix_pro_9","planType":"pro","remaining":{"hourly":0,"monthly":999800}}
Γä╣∩╕Å [INFO] Rate limit hit, queuing DM | {"userId":"mix_pro_9","planType":"pro","remaining":{"hourly":0,"monthly":999800}}
Γä╣∩╕Å [INFO] Rate limit hit, queuing DM | {"userId":"mix_pro_9","planType":"pro","remaining":{"hourly":0,"monthly":999800}}
Γä╣∩╕Å [INFO] Rate limit hit, queuing DM | {"userId":"mix_pro_9","planType":"pro","remaining":{"hourly":0,"monthly":999800}}
Γä╣∩╕Å [INFO] Rate limit hit, queuing DM | {"userId":"mix_pro_9","planType":"pro","remaining":{"hourly":0,"monthly":999800}}
Γä╣∩╕Å [INFO] Rate limit hit, queuing DM | {"userId":"mix_pro_9","planType":"pro","remaining":{"hourly":0,"monthly":999800}}
Γä╣∩╕Å [INFO] Rate limit hit, queuing DM | {"userId":"mix_pro_9","planType":"pro","remaining":{"hourly":0,"monthly":999800}}
Γä╣∩╕Å [INFO] Rate limit hit, queuing DM | {"userId":"mix_pro_9","planType":"pro","remaining":{"hourly":0,"monthly":999800}}
Γä╣∩╕Å [INFO] Rate limit hit, queuing DM | {"userId":"mix_pro_9","planType":"pro","remaining":{"hourly":0,"monthly":999800}}
Γä╣∩╕Å [INFO] Rate limit hit, queuing DM | {"userId":"mix_pro_9","planType":"pro","remaining":{"hourly":0,"monthly":999800}}
Γä╣∩╕Å [INFO] Rate limit hit, queuing DM | {"userId":"mix_pro_9","planType":"pro","remaining":{"hourly":0,"monthly":999800}}
Γä╣∩╕Å [INFO] Rate limit hit, queuing DM | {"userId":"mix_pro_9","planType":"pro","remaining":{"hourly":0,"monthly":999800}}
Γä╣∩╕Å [INFO] Rate limit hit, queuing DM | {"userId":"mix_pro_9","planType":"pro","remaining":{"hourly":0,"monthly":999800}}
Γä╣∩╕Å [INFO] Rate limit hit, queuing DM | {"userId":"mix_pro_9","planType":"pro","remaining":{"hourly":0,"monthly":999800}}
Γä╣∩╕Å [INFO] Rate limit hit, queuing DM | {"userId":"mix_pro_9","planType":"pro","remaining":{"hourly":0,"monthly":999800}}
Γä╣∩╕Å [INFO] Rate limit hit, queuing DM | {"userId":"mix_pro_9","planType":"pro","remaining":{"hourly":0,"monthly":999800}}
Γä╣∩╕Å [INFO] Rate limit hit, queuing DM | {"userId":"mix_pro_9","planType":"pro","remaining":{"hourly":0,"monthly":999800}}
Γä╣∩╕Å [INFO] Rate limit hit, queuing DM | {"userId":"mix_pro_9","planType":"pro","remaining":{"hourly":0,"monthly":999800}}
Γä╣∩╕Å [INFO] Rate limit hit, queuing DM | {"userId":"mix_pro_9","planType":"pro","remaining":{"hourly":0,"monthly":999800}}
Γä╣∩╕Å [INFO] Rate limit hit, queuing DM | {"userId":"mix_pro_9","planType":"pro","remaining":{"hourly":0,"monthly":999800}}
Γä╣∩╕Å [INFO] Rate limit hit, queuing DM | {"userId":"mix_pro_9","planType":"pro","remaining":{"hourly":0,"monthly":999800}}
Γä╣∩╕Å [INFO] Rate limit hit, queuing DM | {"userId":"mix_pro_9","planType":"pro","remaining":{"hourly":0,"monthly":999800}}
Γä╣∩╕Å [INFO] Rate limit hit, queuing DM | {"userId":"mix_pro_9","planType":"pro","remaining":{"hourly":0,"monthly":999800}}
Γä╣∩╕Å [INFO] Rate limit hit, queuing DM | {"userId":"mix_pro_9","planType":"pro","remaining":{"hourly":0,"monthly":999800}}
Γä╣∩╕Å [INFO] Rate limit hit, queuing DM | {"userId":"mix_pro_9","planType":"pro","remaining":{"hourly":0,"monthly":999800}}
Γä╣∩╕Å [INFO] Rate limit hit, queuing DM | {"userId":"mix_pro_9","planType":"pro","remaining":{"hourly":0,"monthly":999800}}
Γä╣∩╕Å [INFO] Rate limit hit, queuing DM | {"userId":"mix_pro_9","planType":"pro","remaining":{"hourly":0,"monthly":999800}}
Γä╣∩╕Å [INFO] Rate limit hit, queuing DM | {"userId":"mix_pro_9","planType":"pro","remaining":{"hourly":0,"monthly":999800}}
Γä╣∩╕Å [INFO] Rate limit hit, queuing DM | {"userId":"mix_pro_9","planType":"pro","remaining":{"hourly":0,"monthly":999800}}
Γä╣∩╕Å [INFO] Rate limit hit, queuing DM | {"userId":"mix_pro_9","planType":"pro","remaining":{"hourly":0,"monthly":999800}}
Γä╣∩╕Å [INFO] Rate limit hit, queuing DM | {"userId":"mix_pro_9","planType":"pro","remaining":{"hourly":0,"monthly":999800}}
Γä╣∩╕Å [INFO] Rate limit hit, queuing DM | {"userId":"mix_pro_9","planType":"pro","remaining":{"hourly":0,"monthly":999800}}
Γä╣∩╕Å [INFO] Rate limit hit, queuing DM | {"userId":"mix_pro_9","planType":"pro","remaining":{"hourly":0,"monthly":999800}}
Γä╣∩╕Å [INFO] Rate limit hit, queuing DM | {"userId":"mix_pro_9","planType":"pro","remaining":{"hourly":0,"monthly":999800}}
Γä╣∩╕Å [INFO] Rate limit hit, queuing DM | {"userId":"mix_pro_9","planType":"pro","remaining":{"hourly":0,"monthly":999800}}
Γä╣∩╕Å [INFO] Rate limit hit, queuing DM | {"userId":"mix_pro_9","planType":"pro","remaining":{"hourly":0,"monthly":999800}}
Γä╣∩╕Å [INFO] Rate limit hit, queuing DM | {"userId":"mix_pro_9","planType":"pro","remaining":{"hourly":0,"monthly":999800}}
Γä╣∩╕Å [INFO] Rate limit hit, queuing DM | {"userId":"mix_pro_9","planType":"pro","remaining":{"hourly":0,"monthly":999800}}
Γä╣∩╕Å [INFO] Rate limit hit, queuing DM | {"userId":"mix_pro_9","planType":"pro","remaining":{"hourly":0,"monthly":999800}}
Γä╣∩╕Å [INFO] Rate limit hit, queuing DM | {"userId":"mix_pro_9","planType":"pro","remaining":{"hourly":0,"monthly":999800}}
Γä╣∩╕Å [INFO] Rate limit hit, queuing DM | {"userId":"mix_pro_9","planType":"pro","remaining":{"hourly":0,"monthly":999800}}
Γä╣∩╕Å [INFO] Rate limit hit, queuing DM | {"userId":"mix_pro_9","planType":"pro","remaining":{"hourly":0,"monthly":999800}}
Γä╣∩╕Å [INFO] Rate limit hit, queuing DM | {"userId":"mix_pro_9","planType":"pro","remaining":{"hourly":0,"monthly":999800}}
Γä╣∩╕Å [INFO] Rate limit hit, queuing DM | {"userId":"mix_pro_9","planType":"pro","remaining":{"hourly":0,"monthly":999800}}
Γä╣∩╕Å [INFO] Rate limit hit, queuing DM | {"userId":"mix_pro_9","planType":"pro","remaining":{"hourly":0,"monthly":999800}}
Γä╣∩╕Å [INFO] Rate limit hit, queuing DM | {"userId":"mix_pro_9","planType":"pro","remaining":{"hourly":0,"monthly":999800}}
Γä╣∩╕Å [INFO] Rate limit hit, queuing DM | {"userId":"mix_pro_9","planType":"pro","remaining":{"hourly":0,"monthly":999800}}
Γä╣∩╕Å [INFO] Rate limit hit, queuing DM | {"userId":"mix_pro_9","planType":"pro","remaining":{"hourly":0,"monthly":999800}}
Γä╣∩╕Å [INFO] Rate limit hit, queuing DM | {"userId":"mix_pro_9","planType":"pro","remaining":{"hourly":0,"monthly":999800}}
Γä╣∩╕Å [INFO] Rate limit hit, queuing DM | {"userId":"mix_pro_9","planType":"pro","remaining":{"hourly":0,"monthly":999800}}
Γä╣∩╕Å [INFO] Rate limit hit, queuing DM | {"userId":"mix_pro_9","planType":"pro","remaining":{"hourly":0,"monthly":999800}}
Γä╣∩╕Å [INFO] Rate limit hit, queuing DM | {"userId":"mix_pro_9","planType":"pro","remaining":{"hourly":0,"monthly":999800}}
Γä╣∩╕Å [INFO] Rate limit hit, queuing DM | {"userId":"mix_pro_9","planType":"pro","remaining":{"hourly":0,"monthly":999800}}
Γä╣∩╕Å [INFO] Rate limit hit, queuing DM | {"userId":"mix_pro_9","planType":"pro","remaining":{"hourly":0,"monthly":999800}}
Γä╣∩╕Å [INFO] Rate limit hit, queuing DM | {"userId":"mix_pro_9","planType":"pro","remaining":{"hourly":0,"monthly":999800}}
Γä╣∩╕Å [INFO] Rate limit hit, queuing DM | {"userId":"mix_pro_9","planType":"pro","remaining":{"hourly":0,"monthly":999800}}
Γä╣∩╕Å [INFO] Rate limit hit, queuing DM | {"userId":"mix_pro_9","planType":"pro","remaining":{"hourly":0,"monthly":999800}}
Γä╣∩╕Å [INFO] Rate limit hit, queuing DM | {"userId":"mix_pro_9","planType":"pro","remaining":{"hourly":0,"monthly":999800}}
Γä╣∩╕Å [INFO] Rate limit hit, queuing DM | {"userId":"mix_pro_9","planType":"pro","remaining":{"hourly":0,"monthly":999800}}
Γä╣∩╕Å [INFO] Rate limit hit, queuing DM | {"userId":"mix_pro_9","planType":"pro","remaining":{"hourly":0,"monthly":999800}}
Γä╣∩╕Å [INFO] Rate limit hit, queuing DM | {"userId":"mix_pro_9","planType":"pro","remaining":{"hourly":0,"monthly":999800}}
Γä╣∩╕Å [INFO] Rate limit hit, queuing DM | {"userId":"mix_pro_9","planType":"pro","remaining":{"hourly":0,"monthly":999800}}
Γä╣∩╕Å [INFO] Rate limit hit, queuing DM | {"userId":"mix_pro_9","planType":"pro","remaining":{"hourly":0,"monthly":999800}}
Γä╣∩╕Å [INFO] Rate limit hit, queuing DM | {"userId":"mix_pro_9","planType":"pro","remaining":{"hourly":0,"monthly":999800}}
Γä╣∩╕Å [INFO] Rate limit hit, queuing DM | {"userId":"mix_pro_9","planType":"pro","remaining":{"hourly":0,"monthly":999800}}
Γä╣∩╕Å [INFO] Rate limit hit, queuing DM | {"userId":"mix_pro_9","planType":"pro","remaining":{"hourly":0,"monthly":999800}}
Γä╣∩╕Å [INFO] Rate limit hit, queuing DM | {"userId":"mix_pro_9","planType":"pro","remaining":{"hourly":0,"monthly":999800}}
Γä╣∩╕Å [INFO] Rate limit hit, queuing DM | {"userId":"mix_pro_9","planType":"pro","remaining":{"hourly":0,"monthly":999800}}

[90mstdout[2m | tests/lib/capacity-simulation.test.ts[2m > [22m[2m≡ƒÜÇ Capacity Simulation: Full System Load Test[2m > [22m[2m≡ƒæÑ Multi-User Concurrency[2m > [22m[2m100 mixed-plan concurrent users
[22m[39mΓä╣∩╕Å [INFO] Rate limit hit, queuing DM | {"userId":"mix_pro_9","planType":"pro","remaining":{"hourly":0,"monthly":999800}}

[90mstdout[2m | tests/lib/capacity-simulation.test.ts[2m > [22m[2m≡ƒÜÇ Capacity Simulation: Full System Load Test[2m > [22m[2m≡ƒæÑ Multi-User Concurrency[2m > [22m[2m100 mixed-plan concurrent users
[22m[39mΓä╣∩╕Å [INFO] Rate limit hit, queuing DM | {"userId":"mix_pro_9","planType":"pro","remaining":{"hourly":0,"monthly":999800}}
Γä╣∩╕Å [INFO] Rate limit hit, queuing DM | {"userId":"mix_pro_9","planType":"pro","remaining":{"hourly":0,"monthly":999800}}
Γä╣∩╕Å [INFO] Rate limit hit, queuing DM | {"userId":"mix_pro_9","planType":"pro","remaining":{"hourly":0,"monthly":999800}}
Γä╣∩╕Å [INFO] Rate limit hit, queuing DM | {"userId":"mix_pro_9","planType":"pro","remaining":{"hourly":0,"monthly":999800}}
Γä╣∩╕Å [INFO] Rate limit hit, queuing DM | {"userId":"mix_pro_9","planType":"pro","remaining":{"hourly":0,"monthly":999800}}
Γä╣∩╕Å [INFO] Rate limit hit, queuing DM | {"userId":"mix_pro_9","planType":"pro","remaining":{"hourly":0,"monthly":999800}}
Γä╣∩╕Å [INFO] Rate limit hit, queuing DM | {"userId":"mix_pro_9","planType":"pro","remaining":{"hourly":0,"monthly":999800}}
Γä╣∩╕Å [INFO] Rate limit hit, queuing DM | {"userId":"mix_pro_9","planType":"pro","remaining":{"hourly":0,"monthly":999800}}
Γä╣∩╕Å [INFO] Rate limit hit, queuing DM | {"userId":"mix_pro_9","planType":"pro","remaining":{"hourly":0,"monthly":999800}}
Γä╣∩╕Å [INFO] Rate limit hit, queuing DM | {"userId":"mix_pro_9","planType":"pro","remaining":{"hourly":0,"monthly":999800}}
Γä╣∩╕Å [INFO] Rate limit hit, queuing DM | {"userId":"mix_pro_9","planType":"pro","remaining":{"hourly":0,"monthly":999800}}
Γä╣∩╕Å [INFO] Rate limit hit, queuing DM | {"userId":"mix_pro_9","planType":"pro","remaining":{"hourly":0,"monthly":999800}}
Γä╣∩╕Å [INFO] Rate limit hit, queuing DM | {"userId":"mix_pro_9","planType":"pro","remaining":{"hourly":0,"monthly":999800}}
Γä╣∩╕Å [INFO] Rate limit hit, queuing DM | {"userId":"mix_pro_9","planType":"pro","remaining":{"hourly":0,"monthly":999800}}
Γä╣∩╕Å [INFO] Rate limit hit, queuing DM | {"userId":"mix_pro_9","planType":"pro","remaining":{"hourly":0,"monthly":999800}}
Γä╣∩╕Å [INFO] Rate limit hit, queuing DM | {"userId":"mix_pro_9","planType":"pro","remaining":{"hourly":0,"monthly":999800}}
Γä╣∩╕Å [INFO] Rate limit hit, queuing DM | {"userId":"mix_pro_9","planType":"pro","remaining":{"hourly":0,"monthly":999800}}
Γä╣∩╕Å [INFO] Rate limit hit, queuing DM | {"userId":"mix_pro_9","planType":"pro","remaining":{"hourly":0,"monthly":999800}}
Γä╣∩╕Å [INFO] Rate limit hit, queuing DM | {"userId":"mix_pro_9","planType":"pro","remaining":{"hourly":0,"monthly":999800}}
Γä╣∩╕Å [INFO] Rate limit hit, queuing DM | {"userId":"mix_pro_9","planType":"pro","remaining":{"hourly":0,"monthly":999800}}
Γä╣∩╕Å [INFO] Rate limit hit, queuing DM | {"userId":"mix_pro_9","planType":"pro","remaining":{"hourly":0,"monthly":999800}}
Γä╣∩╕Å [INFO] Rate limit hit, queuing DM | {"userId":"mix_pro_9","planType":"pro","remaining":{"hourly":0,"monthly":999800}}
Γä╣∩╕Å [INFO] Rate limit hit, queuing DM | {"userId":"mix_pro_9","planType":"pro","remaining":{"hourly":0,"monthly":999800}}
Γä╣∩╕Å [INFO] Rate limit hit, queuing DM | {"userId":"mix_pro_9","planType":"pro","remaining":{"hourly":0,"monthly":999800}}
Γä╣∩╕Å [INFO] Rate limit hit, queuing DM | {"userId":"mix_pro_9","planType":"pro","remaining":{"hourly":0,"monthly":999800}}
Γä╣∩╕Å [INFO] Rate limit hit, queuing DM | {"userId":"mix_pro_9","planType":"pro","remaining":{"hourly":0,"monthly":999800}}
Γä╣∩╕Å [INFO] Rate limit hit, queuing DM | {"userId":"mix_pro_9","planType":"pro","remaining":{"hourly":0,"monthly":999800}}
Γä╣∩╕Å [INFO] Rate limit hit, queuing DM | {"userId":"mix_pro_9","planType":"pro","remaining":{"hourly":0,"monthly":999800}}
Γä╣∩╕Å [INFO] Rate limit hit, queuing DM | {"userId":"mix_pro_9","planType":"pro","remaining":{"hourly":0,"monthly":999800}}
Γä╣∩╕Å [INFO] Rate limit hit, queuing DM | {"userId":"mix_pro_9","planType":"pro","remaining":{"hourly":0,"monthly":999800}}
Γä╣∩╕Å [INFO] Rate limit hit, queuing DM | {"userId":"mix_pro_9","planType":"pro","remaining":{"hourly":0,"monthly":999800}}
Γä╣∩╕Å [INFO] Rate limit hit, queuing DM | {"userId":"mix_pro_9","planType":"pro","remaining":{"hourly":0,"monthly":999800}}
Γä╣∩╕Å [INFO] Rate limit hit, queuing DM | {"userId":"mix_pro_9","planType":"pro","remaining":{"hourly":0,"monthly":999800}}
Γä╣∩╕Å [INFO] Rate limit hit, queuing DM | {"userId":"mix_pro_9","planType":"pro","remaining":{"hourly":0,"monthly":999800}}
Γä╣∩╕Å [INFO] Rate limit hit, queuing DM | {"userId":"mix_pro_9","planType":"pro","remaining":{"hourly":0,"monthly":999800}}
Γä╣∩╕Å [INFO] Rate limit hit, queuing DM | {"userId":"mix_pro_9","planType":"pro","remaining":{"hourly":0,"monthly":999800}}
Γä╣∩╕Å [INFO] Rate limit hit, queuing DM | {"userId":"mix_pro_9","planType":"pro","remaining":{"hourly":0,"monthly":999800}}
Γä╣∩╕Å [INFO] Rate limit hit, queuing DM | {"userId":"mix_pro_9","planType":"pro","remaining":{"hourly":0,"monthly":999800}}
Γä╣∩╕Å [INFO] Rate limit hit, queuing DM | {"userId":"mix_pro_9","planType":"pro","remaining":{"hourly":0,"monthly":999800}}
Γä╣∩╕Å [INFO] Rate limit hit, queuing DM | {"userId":"mix_pro_9","planType":"pro","remaining":{"hourly":0,"monthly":999800}}
Γä╣∩╕Å [INFO] Rate limit hit, queuing DM | {"userId":"mix_pro_9","planType":"pro","remaining":{"hourly":0,"monthly":999800}}
Γä╣∩╕Å [INFO] Rate limit hit, queuing DM | {"userId":"mix_pro_9","planType":"pro","remaining":{"hourly":0,"monthly":999800}}
Γä╣∩╕Å [INFO] Rate limit hit, queuing DM | {"userId":"mix_pro_9","planType":"pro","remaining":{"hourly":0,"monthly":999800}}
Γä╣∩╕Å [INFO] Rate limit hit, queuing DM | {"userId":"mix_pro_9","planType":"pro","remaining":{"hourly":0,"monthly":999800}}
Γä╣∩╕Å [INFO] Rate limit hit, queuing DM | {"userId":"mix_pro_9","planType":"pro","remaining":{"hourly":0,"monthly":999800}}
Γä╣∩╕Å [INFO] Rate limit hit, queuing DM | {"userId":"mix_pro_9","planType":"pro","remaining":{"hourly":0,"monthly":999800}}
Γä╣∩╕Å [INFO] Rate limit hit, queuing DM | {"userId":"mix_pro_9","planType":"pro","remaining":{"hourly":0,"monthly":999800}}
Γä╣∩╕Å [INFO] Rate limit hit, queuing DM | {"userId":"mix_pro_9","planType":"pro","remaining":{"hourly":0,"monthly":999800}}
Γä╣∩╕Å [INFO] Rate limit hit, queuing DM | {"userId":"mix_pro_9","planType":"pro","remaining":{"hourly":0,"monthly":999800}}
Γä╣∩╕Å [INFO] Rate limit hit, queuing DM | {"userId":"mix_pro_9","planType":"pro","remaining":{"hourly":0,"monthly":999800}}
Γä╣∩╕Å [INFO] Rate limit hit, queuing DM | {"userId":"mix_pro_9","planType":"pro","remaining":{"hourly":0,"monthly":999800}}
Γä╣∩╕Å [INFO] Rate limit hit, queuing DM | {"userId":"mix_pro_9","planType":"pro","remaining":{"hourly":0,"monthly":999800}}
Γä╣∩╕Å [INFO] Rate limit hit, queuing DM | {"userId":"mix_pro_9","planType":"pro","remaining":{"hourly":0,"monthly":999800}}
Γä╣∩╕Å [INFO] Rate limit hit, queuing DM | {"userId":"mix_pro_9","planType":"pro","remaining":{"hourly":0,"monthly":999800}}
Γä╣∩╕Å [INFO] Rate limit hit, queuing DM | {"userId":"mix_pro_9","planType":"pro","remaining":{"hourly":0,"monthly":999800}}
Γä╣∩╕Å [INFO] Rate limit hit, queuing DM | {"userId":"mix_pro_9","planType":"pro","remaining":{"hourly":0,"monthly":999800}}
Γä╣∩╕Å [INFO] Rate limit hit, queuing DM | {"userId":"mix_pro_9","planType":"pro","remaining":{"hourly":0,"monthly":999800}}
Γä╣∩╕Å [INFO] Rate limit hit, queuing DM | {"userId":"mix_pro_9","planType":"pro","remaining":{"hourly":0,"monthly":999800}}
Γä╣∩╕Å [INFO] Rate limit hit, queuing DM | {"userId":"mix_pro_9","planType":"pro","remaining":{"hourly":0,"monthly":999800}}
Γä╣∩╕Å [INFO] Rate limit hit, queuing DM | {"userId":"mix_pro_9","planType":"pro","remaining":{"hourly":0,"monthly":999800}}
Γä╣∩╕Å [INFO] Rate limit hit, queuing DM | {"userId":"mix_pro_9","planType":"pro","remaining":{"hourly":0,"monthly":999800}}
Γä╣∩╕Å [INFO] Rate limit hit, queuing DM | {"userId":"mix_pro_9","planType":"pro","remaining":{"hourly":0,"monthly":999800}}
Γä╣∩╕Å [INFO] Rate limit hit, queuing DM | {"userId":"mix_pro_9","planType":"pro","remaining":{"hourly":0,"monthly":999800}}
Γä╣∩╕Å [INFO] Rate limit hit, queuing DM | {"userId":"mix_pro_9","planType":"pro","remaining":{"hourly":0,"monthly":999800}}
Γä╣∩╕Å [INFO] Rate limit hit, queuing DM | {"userId":"mix_pro_9","planType":"pro","remaining":{"hourly":0,"monthly":999800}}
Γä╣∩╕Å [INFO] Rate limit hit, queuing DM | {"userId":"mix_pro_9","planType":"pro","remaining":{"hourly":0,"monthly":999800}}
Γä╣∩╕Å [INFO] Rate limit hit, queuing DM | {"userId":"mix_pro_9","planType":"pro","remaining":{"hourly":0,"monthly":999800}}
Γä╣∩╕Å [INFO] Rate limit hit, queuing DM | {"userId":"mix_pro_9","planType":"pro","remaining":{"hourly":0,"monthly":999800}}
Γä╣∩╕Å [INFO] Rate limit hit, queuing DM | {"userId":"mix_pro_9","planType":"pro","remaining":{"hourly":0,"monthly":999800}}
Γä╣∩╕Å [INFO] Rate limit hit, queuing DM | {"userId":"mix_pro_9","planType":"pro","remaining":{"hourly":0,"monthly":999800}}
Γä╣∩╕Å [INFO] Rate limit hit, queuing DM | {"userId":"mix_pro_9","planType":"pro","remaining":{"hourly":0,"monthly":999800}}
Γä╣∩╕Å [INFO] Rate limit hit, queuing DM | {"userId":"mix_pro_9","planType":"pro","remaining":{"hourly":0,"monthly":999800}}
Γä╣∩╕Å [INFO] Rate limit hit, queuing DM | {"userId":"mix_pro_9","planType":"pro","remaining":{"hourly":0,"monthly":999800}}
Γä╣∩╕Å [INFO] Rate limit hit, queuing DM | {"userId":"mix_pro_9","planType":"pro","remaining":{"hourly":0,"monthly":999800}}
Γä╣∩╕Å [INFO] Rate limit hit, queuing DM | {"userId":"mix_pro_9","planType":"pro","remaining":{"hourly":0,"monthly":999800}}
Γä╣∩╕Å [INFO] Rate limit hit, queuing DM | {"userId":"mix_pro_9","planType":"pro","remaining":{"hourly":0,"monthly":999800}}
Γä╣∩╕Å [INFO] Rate limit hit, queuing DM | {"userId":"mix_pro_9","planType":"pro","remaining":{"hourly":0,"monthly":999800}}
Γä╣∩╕Å [INFO] Rate limit hit, queuing DM | {"userId":"mix_pro_9","planType":"pro","remaining":{"hourly":0,"monthly":999800}}
Γä╣∩╕Å [INFO] Rate limit hit, queuing DM | {"userId":"mix_pro_9","planType":"pro","remaining":{"hourly":0,"monthly":999800}}
Γä╣∩╕Å [INFO] Rate limit hit, queuing DM | {"userId":"mix_pro_9","planType":"pro","remaining":{"hourly":0,"monthly":999800}}
Γä╣∩╕Å [INFO] Rate limit hit, queuing DM | {"userId":"mix_pro_9","planType":"pro","remaining":{"hourly":0,"monthly":999800}}
Γä╣∩╕Å [INFO] Rate limit hit, queuing DM | {"userId":"mix_pro_9","planType":"pro","remaining":{"hourly":0,"monthly":999800}}
Γä╣∩╕Å [INFO] Rate limit hit, queuing DM | {"userId":"mix_pro_9","planType":"pro","remaining":{"hourly":0,"monthly":999800}}
Γä╣∩╕Å [INFO] Rate limit hit, queuing DM | {"userId":"mix_pro_9","planType":"pro","remaining":{"hourly":0,"monthly":999800}}
Γä╣∩╕Å [INFO] Rate limit hit, queuing DM | {"userId":"mix_pro_9","planType":"pro","remaining":{"hourly":0,"monthly":999800}}
Γä╣∩╕Å [INFO] Rate limit hit, queuing DM | {"userId":"mix_pro_9","planType":"pro","remaining":{"hourly":0,"monthly":999800}}
Γä╣∩╕Å [INFO] Rate limit hit, queuing DM | {"userId":"mix_pro_9","planType":"pro","remaining":{"hourly":0,"monthly":999800}}
Γä╣∩╕Å [INFO] Rate limit hit, queuing DM | {"userId":"mix_pro_9","planType":"pro","remaining":{"hourly":0,"monthly":999800}}
Γä╣∩╕Å [INFO] Rate limit hit, queuing DM | {"userId":"mix_pro_9","planType":"pro","remaining":{"hourly":0,"monthly":999800}}
Γä╣∩╕Å [INFO] Rate limit hit, queuing DM | {"userId":"mix_pro_9","planType":"pro","remaining":{"hourly":0,"monthly":999800}}
Γä╣∩╕Å [INFO] Rate limit hit, queuing DM | {"userId":"mix_pro_9","planType":"pro","remaining":{"hourly":0,"monthly":999800}}
Γä╣∩╕Å [INFO] Rate limit hit, queuing DM | {"userId":"mix_pro_9","planType":"pro","remaining":{"hourly":0,"monthly":999800}}
Γä╣∩╕Å [INFO] Rate limit hit, queuing DM | {"userId":"mix_pro_9","planType":"pro","remaining":{"hourly":0,"monthly":999800}}
Γä╣∩╕Å [INFO] Rate limit hit, queuing DM | {"userId":"mix_pro_9","planType":"pro","remaining":{"hourly":0,"monthly":999800}}
Γä╣∩╕Å [INFO] Rate limit hit, queuing DM | {"userId":"mix_pro_9","planType":"pro","remaining":{"hourly":0,"monthly":999800}}
Γä╣∩╕Å [INFO] Rate limit hit, queuing DM | {"userId":"mix_pro_9","planType":"pro","remaining":{"hourly":0,"monthly":999800}}
Γä╣∩╕Å [INFO] Rate limit hit, queuing DM | {"userId":"mix_pro_9","planType":"pro","remaining":{"hourly":0,"monthly":999800}}
Γä╣∩╕Å [INFO] Rate limit hit, queuing DM | {"userId":"mix_pro_9","planType":"pro","remaining":{"hourly":0,"monthly":999800}}

[90mstdout[2m | tests/lib/capacity-simulation.test.ts[2m > [22m[2m≡ƒÜÇ Capacity Simulation: Full System Load Test[2m > [22m[2m≡ƒæÑ Multi-User Concurrency[2m > [22m[2m100 mixed-plan concurrent users
[22m[39mΓä╣∩╕Å [INFO] Rate limit hit, queuing DM | {"userId":"mix_pro_9","planType":"pro","remaining":{"hourly":0,"monthly":999800}}

[90mstdout[2m | tests/lib/capacity-simulation.test.ts[2m > [22m[2m≡ƒÜÇ Capacity Simulation: Full System Load Test[2m > [22m[2m≡ƒæÑ Multi-User Concurrency[2m > [22m[2m100 mixed-plan concurrent users
[22m[39mΓä╣∩╕Å [INFO] Rate limit hit, queuing DM | {"userId":"mix_pro_9","planType":"pro","remaining":{"hourly":0,"monthly":999800}}
Γä╣∩╕Å [INFO] Rate limit hit, queuing DM | {"userId":"mix_pro_9","planType":"pro","remaining":{"hourly":0,"monthly":999800}}
Γä╣∩╕Å [INFO] Rate limit hit, queuing DM | {"userId":"mix_pro_9","planType":"pro","remaining":{"hourly":0,"monthly":999800}}
Γä╣∩╕Å [INFO] Rate limit hit, queuing DM | {"userId":"mix_pro_9","planType":"pro","remaining":{"hourly":0,"monthly":999800}}
Γä╣∩╕Å [INFO] Rate limit hit, queuing DM | {"userId":"mix_pro_9","planType":"pro","remaining":{"hourly":0,"monthly":999800}}
Γä╣∩╕Å [INFO] Rate limit hit, queuing DM | {"userId":"mix_pro_9","planType":"pro","remaining":{"hourly":0,"monthly":999800}}
Γä╣∩╕Å [INFO] Rate limit hit, queuing DM | {"userId":"mix_pro_9","planType":"pro","remaining":{"hourly":0,"monthly":999800}}
Γä╣∩╕Å [INFO] Rate limit hit, queuing DM | {"userId":"mix_pro_9","planType":"pro","remaining":{"hourly":0,"monthly":999800}}
Γä╣∩╕Å [INFO] Rate limit hit, queuing DM | {"userId":"mix_pro_9","planType":"pro","remaining":{"hourly":0,"monthly":999800}}
Γä╣∩╕Å [INFO] Rate limit hit, queuing DM | {"userId":"mix_pro_9","planType":"pro","remaining":{"hourly":0,"monthly":999800}}
Γä╣∩╕Å [INFO] Rate limit hit, queuing DM | {"userId":"mix_pro_9","planType":"pro","remaining":{"hourly":0,"monthly":999800}}
Γä╣∩╕Å [INFO] Rate limit hit, queuing DM | {"userId":"mix_pro_9","planType":"pro","remaining":{"hourly":0,"monthly":999800}}
Γä╣∩╕Å [INFO] Rate limit hit, queuing DM | {"userId":"mix_pro_9","planType":"pro","remaining":{"hourly":0,"monthly":999800}}
Γä╣∩╕Å [INFO] Rate limit hit, queuing DM | {"userId":"mix_pro_9","planType":"pro","remaining":{"hourly":0,"monthly":999800}}
Γä╣∩╕Å [INFO] Rate limit hit, queuing DM | {"userId":"mix_pro_9","planType":"pro","remaining":{"hourly":0,"monthly":999800}}
Γä╣∩╕Å [INFO] Rate limit hit, queuing DM | {"userId":"mix_pro_9","planType":"pro","remaining":{"hourly":0,"monthly":999800}}
Γä╣∩╕Å [INFO] Rate limit hit, queuing DM | {"userId":"mix_pro_9","planType":"pro","remaining":{"hourly":0,"monthly":999800}}
Γä╣∩╕Å [INFO] Rate limit hit, queuing DM | {"userId":"mix_pro_9","planType":"pro","remaining":{"hourly":0,"monthly":999800}}
Γä╣∩╕Å [INFO] Rate limit hit, queuing DM | {"userId":"mix_pro_9","planType":"pro","remaining":{"hourly":0,"monthly":999800}}
Γä╣∩╕Å [INFO] Rate limit hit, queuing DM | {"userId":"mix_pro_9","planType":"pro","remaining":{"hourly":0,"monthly":999800}}
Γä╣∩╕Å [INFO] Rate limit hit, queuing DM | {"userId":"mix_pro_9","planType":"pro","remaining":{"hourly":0,"monthly":999800}}
Γä╣∩╕Å [INFO] Rate limit hit, queuing DM | {"userId":"mix_pro_9","planType":"pro","remaining":{"hourly":0,"monthly":999800}}
Γä╣∩╕Å [INFO] Rate limit hit, queuing DM | {"userId":"mix_pro_9","planType":"pro","remaining":{"hourly":0,"monthly":999800}}
Γä╣∩╕Å [INFO] Rate limit hit, queuing DM | {"userId":"mix_pro_9","planType":"pro","remaining":{"hourly":0,"monthly":999800}}
Γä╣∩╕Å [INFO] Rate limit hit, queuing DM | {"userId":"mix_pro_9","planType":"pro","remaining":{"hourly":0,"monthly":999800}}
Γä╣∩╕Å [INFO] Rate limit hit, queuing DM | {"userId":"mix_pro_9","planType":"pro","remaining":{"hourly":0,"monthly":999800}}
Γä╣∩╕Å [INFO] Rate limit hit, queuing DM | {"userId":"mix_pro_9","planType":"pro","remaining":{"hourly":0,"monthly":999800}}
Γä╣∩╕Å [INFO] Rate limit hit, queuing DM | {"userId":"mix_pro_9","planType":"pro","remaining":{"hourly":0,"monthly":999800}}
Γä╣∩╕Å [INFO] Rate limit hit, queuing DM | {"userId":"mix_pro_9","planType":"pro","remaining":{"hourly":0,"monthly":999800}}
Γä╣∩╕Å [INFO] Rate limit hit, queuing DM | {"userId":"mix_pro_9","planType":"pro","remaining":{"hourly":0,"monthly":999800}}
Γä╣∩╕Å [INFO] Rate limit hit, queuing DM | {"userId":"mix_pro_9","planType":"pro","remaining":{"hourly":0,"monthly":999800}}
Γä╣∩╕Å [INFO] Rate limit hit, queuing DM | {"userId":"mix_pro_9","planType":"pro","remaining":{"hourly":0,"monthly":999800}}
Γä╣∩╕Å [INFO] Rate limit hit, queuing DM | {"userId":"mix_pro_9","planType":"pro","remaining":{"hourly":0,"monthly":999800}}
Γä╣∩╕Å [INFO] Rate limit hit, queuing DM | {"userId":"mix_pro_9","planType":"pro","remaining":{"hourly":0,"monthly":999800}}
Γä╣∩╕Å [INFO] Rate limit hit, queuing DM | {"userId":"mix_pro_9","planType":"pro","remaining":{"hourly":0,"monthly":999800}}
Γä╣∩╕Å [INFO] Rate limit hit, queuing DM | {"userId":"mix_pro_9","planType":"pro","remaining":{"hourly":0,"monthly":999800}}
Γä╣∩╕Å [INFO] Rate limit hit, queuing DM | {"userId":"mix_pro_9","planType":"pro","remaining":{"hourly":0,"monthly":999800}}
Γä╣∩╕Å [INFO] Rate limit hit, queuing DM | {"userId":"mix_pro_9","planType":"pro","remaining":{"hourly":0,"monthly":999800}}
Γä╣∩╕Å [INFO] Rate limit hit, queuing DM | {"userId":"mix_pro_9","planType":"pro","remaining":{"hourly":0,"monthly":999800}}
Γä╣∩╕Å [INFO] Rate limit hit, queuing DM | {"userId":"mix_pro_9","planType":"pro","remaining":{"hourly":0,"monthly":999800}}
Γä╣∩╕Å [INFO] Rate limit hit, queuing DM | {"userId":"mix_pro_9","planType":"pro","remaining":{"hourly":0,"monthly":999800}}
Γä╣∩╕Å [INFO] Rate limit hit, queuing DM | {"userId":"mix_pro_9","planType":"pro","remaining":{"hourly":0,"monthly":999800}}
Γä╣∩╕Å [INFO] Rate limit hit, queuing DM | {"userId":"mix_pro_9","planType":"pro","remaining":{"hourly":0,"monthly":999800}}
Γä╣∩╕Å [INFO] Rate limit hit, queuing DM | {"userId":"mix_pro_9","planType":"pro","remaining":{"hourly":0,"monthly":999800}}
Γä╣∩╕Å [INFO] Rate limit hit, queuing DM | {"userId":"mix_pro_9","planType":"pro","remaining":{"hourly":0,"monthly":999800}}
Γä╣∩╕Å [INFO] Rate limit hit, queuing DM | {"userId":"mix_pro_9","planType":"pro","remaining":{"hourly":0,"monthly":999800}}
Γä╣∩╕Å [INFO] Rate limit hit, queuing DM | {"userId":"mix_pro_9","planType":"pro","remaining":{"hourly":0,"monthly":999800}}
Γä╣∩╕Å [INFO] Rate limit hit, queuing DM | {"userId":"mix_pro_9","planType":"pro","remaining":{"hourly":0,"monthly":999800}}
Γä╣∩╕Å [INFO] Rate limit hit, queuing DM | {"userId":"mix_pro_9","planType":"pro","remaining":{"hourly":0,"monthly":999800}}
Γä╣∩╕Å [INFO] Rate limit hit, queuing DM | {"userId":"mix_pro_9","planType":"pro","remaining":{"hourly":0,"monthly":999800}}
Γä╣∩╕Å [INFO] Rate limit hit, queuing DM | {"userId":"mix_pro_9","planType":"pro","remaining":{"hourly":0,"monthly":999800}}
Γä╣∩╕Å [INFO] Rate limit hit, queuing DM | {"userId":"mix_pro_9","planType":"pro","remaining":{"hourly":0,"monthly":999800}}
Γä╣∩╕Å [INFO] Rate limit hit, queuing DM | {"userId":"mix_pro_9","planType":"pro","remaining":{"hourly":0,"monthly":999800}}
Γä╣∩╕Å [INFO] Rate limit hit, queuing DM | {"userId":"mix_pro_9","planType":"pro","remaining":{"hourly":0,"monthly":999800}}
Γä╣∩╕Å [INFO] Rate limit hit, queuing DM | {"userId":"mix_pro_9","planType":"pro","remaining":{"hourly":0,"monthly":999800}}
Γä╣∩╕Å [INFO] Rate limit hit, queuing DM | {"userId":"mix_pro_9","planType":"pro","remaining":{"hourly":0,"monthly":999800}}
Γä╣∩╕Å [INFO] Rate limit hit, queuing DM | {"userId":"mix_pro_9","planType":"pro","remaining":{"hourly":0,"monthly":999800}}
Γä╣∩╕Å [INFO] Rate limit hit, queuing DM | {"userId":"mix_pro_9","planType":"pro","remaining":{"hourly":0,"monthly":999800}}
Γä╣∩╕Å [INFO] Rate limit hit, queuing DM | {"userId":"mix_pro_9","planType":"pro","remaining":{"hourly":0,"monthly":999800}}
Γä╣∩╕Å [INFO] Rate limit hit, queuing DM | {"userId":"mix_pro_9","planType":"pro","remaining":{"hourly":0,"monthly":999800}}
Γä╣∩╕Å [INFO] Rate limit hit, queuing DM | {"userId":"mix_pro_9","planType":"pro","remaining":{"hourly":0,"monthly":999800}}
Γä╣∩╕Å [INFO] Rate limit hit, queuing DM | {"userId":"mix_pro_9","planType":"pro","remaining":{"hourly":0,"monthly":999800}}
Γä╣∩╕Å [INFO] Rate limit hit, queuing DM | {"userId":"mix_pro_9","planType":"pro","remaining":{"hourly":0,"monthly":999800}}
Γä╣∩╕Å [INFO] Rate limit hit, queuing DM | {"userId":"mix_pro_9","planType":"pro","remaining":{"hourly":0,"monthly":999800}}
Γä╣∩╕Å [INFO] Rate limit hit, queuing DM | {"userId":"mix_pro_9","planType":"pro","remaining":{"hourly":0,"monthly":999800}}
Γä╣∩╕Å [INFO] Rate limit hit, queuing DM | {"userId":"mix_pro_9","planType":"pro","remaining":{"hourly":0,"monthly":999800}}
Γä╣∩╕Å [INFO] Rate limit hit, queuing DM | {"userId":"mix_pro_9","planType":"pro","remaining":{"hourly":0,"monthly":999800}}
Γä╣∩╕Å [INFO] Rate limit hit, queuing DM | {"userId":"mix_pro_9","planType":"pro","remaining":{"hourly":0,"monthly":999800}}
Γä╣∩╕Å [INFO] Rate limit hit, queuing DM | {"userId":"mix_pro_9","planType":"pro","remaining":{"hourly":0,"monthly":999800}}
Γä╣∩╕Å [INFO] Rate limit hit, queuing DM | {"userId":"mix_pro_9","planType":"pro","remaining":{"hourly":0,"monthly":999800}}
Γä╣∩╕Å [INFO] Rate limit hit, queuing DM | {"userId":"mix_pro_9","planType":"pro","remaining":{"hourly":0,"monthly":999800}}
Γä╣∩╕Å [INFO] Rate limit hit, queuing DM | {"userId":"mix_pro_9","planType":"pro","remaining":{"hourly":0,"monthly":999800}}
Γä╣∩╕Å [INFO] Rate limit hit, queuing DM | {"userId":"mix_pro_9","planType":"pro","remaining":{"hourly":0,"monthly":999800}}
Γä╣∩╕Å [INFO] Rate limit hit, queuing DM | {"userId":"mix_pro_9","planType":"pro","remaining":{"hourly":0,"monthly":999800}}
Γä╣∩╕Å [INFO] Rate limit hit, queuing DM | {"userId":"mix_pro_9","planType":"pro","remaining":{"hourly":0,"monthly":999800}}
Γä╣∩╕Å [INFO] Rate limit hit, queuing DM | {"userId":"mix_pro_9","planType":"pro","remaining":{"hourly":0,"monthly":999800}}
Γä╣∩╕Å [INFO] Rate limit hit, queuing DM | {"userId":"mix_pro_9","planType":"pro","remaining":{"hourly":0,"monthly":999800}}
Γä╣∩╕Å [INFO] Rate limit hit, queuing DM | {"userId":"mix_pro_9","planType":"pro","remaining":{"hourly":0,"monthly":999800}}
Γä╣∩╕Å [INFO] Rate limit hit, queuing DM | {"userId":"mix_pro_9","planType":"pro","remaining":{"hourly":0,"monthly":999800}}
Γä╣∩╕Å [INFO] Rate limit hit, queuing DM | {"userId":"mix_pro_9","planType":"pro","remaining":{"hourly":0,"monthly":999800}}
Γä╣∩╕Å [INFO] Rate limit hit, queuing DM | {"userId":"mix_pro_9","planType":"pro","remaining":{"hourly":0,"monthly":999800}}
Γä╣∩╕Å [INFO] Rate limit hit, queuing DM | {"userId":"mix_pro_9","planType":"pro","remaining":{"hourly":0,"monthly":999800}}
Γä╣∩╕Å [INFO] Rate limit hit, queuing DM | {"userId":"mix_pro_9","planType":"pro","remaining":{"hourly":0,"monthly":999800}}
Γä╣∩╕Å [INFO] Rate limit hit, queuing DM | {"userId":"mix_pro_9","planType":"pro","remaining":{"hourly":0,"monthly":999800}}
Γä╣∩╕Å [INFO] Rate limit hit, queuing DM | {"userId":"mix_pro_9","planType":"pro","remaining":{"hourly":0,"monthly":999800}}
Γä╣∩╕Å [INFO] Rate limit hit, queuing DM | {"userId":"mix_pro_9","planType":"pro","remaining":{"hourly":0,"monthly":999800}}
Γä╣∩╕Å [INFO] Rate limit hit, queuing DM | {"userId":"mix_pro_9","planType":"pro","remaining":{"hourly":0,"monthly":999800}}
Γä╣∩╕Å [INFO] Rate limit hit, queuing DM | {"userId":"mix_pro_9","planType":"pro","remaining":{"hourly":0,"monthly":999800}}
Γä╣∩╕Å [INFO] Rate limit hit, queuing DM | {"userId":"mix_pro_9","planType":"pro","remaining":{"hourly":0,"monthly":999800}}
Γä╣∩╕Å [INFO] Rate limit hit, queuing DM | {"userId":"mix_pro_9","planType":"pro","remaining":{"hourly":0,"monthly":999800}}
Γä╣∩╕Å [INFO] Rate limit hit, queuing DM | {"userId":"mix_pro_9","planType":"pro","remaining":{"hourly":0,"monthly":999800}}
Γä╣∩╕Å [INFO] Rate limit hit, queuing DM | {"userId":"mix_pro_9","planType":"pro","remaining":{"hourly":0,"monthly":999800}}
Γä╣∩╕Å [INFO] Rate limit hit, queuing DM | {"userId":"mix_pro_9","planType":"pro","remaining":{"hourly":0,"monthly":999800}}
Γä╣∩╕Å [INFO] Rate limit hit, queuing DM | {"userId":"mix_pro_9","planType":"pro","remaining":{"hourly":0,"monthly":999800}}
Γä╣∩╕Å [INFO] Rate limit hit, queuing DM | {"userId":"mix_pro_9","planType":"pro","remaining":{"hourly":0,"monthly":999800}}
Γä╣∩╕Å [INFO] Rate limit hit, queuing DM | {"userId":"mix_pro_9","planType":"pro","remaining":{"hourly":0,"monthly":999800}}
Γä╣∩╕Å [INFO] Rate limit hit, queuing DM | {"userId":"mix_pro_9","planType":"pro","remaining":{"hourly":0,"monthly":999800}}
Γä╣∩╕Å [INFO] Rate limit hit, queuing DM | {"userId":"mix_pro_9","planType":"pro","remaining":{"hourly":0,"monthly":999800}}

[90mstdout[2m | tests/lib/capacity-simulation.test.ts[2m > [22m[2m≡ƒÜÇ Capacity Simulation: Full System Load Test[2m > [22m[2m≡ƒæÑ Multi-User Concurrency[2m > [22m[2m100 mixed-plan concurrent users
[22m[39m
≡ƒæÑ MIXED-PLAN CONCURRENCY (100 users ├ù 20 comments):
   Γö£ΓöÇ Free (60):    60 DMs
   Γö£ΓöÇ Starter (30): 30 DMs
   Γö£ΓöÇ Pro (10):     209 DMs
   ΓööΓöÇ Total:        299 DMs

 [31m├ù[39m tests/lib/capacity-simulation.test.ts[2m > [22m≡ƒÜÇ Capacity Simulation: Full System Load Test[2m > [22m≡ƒæÑ Multi-User Concurrency[2m > [22m50 concurrent Starter users ├ù 30 comments = 1,500 DMs[32m 139[2mms[22m[39m
[31m   ΓåÆ expected 249 to be 1500 // Object.is equality[39m
[90mstdout[2m | tests/lib/capacity-simulation.test.ts[2m > [22m[2m≡ƒÜÇ Capacity Simulation: Full System Load Test[2m > [22m[2m≡ƒöÑ Viral Post Burst[2m > [22m[2m500 comments on a single Pro users post ΓåÆ 200 sent + 300 queued
[22m[39mΓä╣∩╕Å [INFO] Rate limit hit, queuing DM | {"userId":"viral_pro","planType":"pro","remaining":{"hourly":0,"monthly":999800}}

[90mstdout[2m | tests/lib/capacity-simulation.test.ts[2m > [22m[2m≡ƒÜÇ Capacity Simulation: Full System Load Test[2m > [22m[2m≡ƒöÑ Viral Post Burst[2m > [22m[2m500 comments on a single Pro users post ΓåÆ 200 sent + 300 queued
[22m[39mΓä╣∩╕Å [INFO] Rate limit hit, queuing DM | {"userId":"viral_pro","planType":"pro","remaining":{"hourly":0,"monthly":999800}}

[90mstdout[2m | tests/lib/capacity-simulation.test.ts[2m > [22m[2m≡ƒÜÇ Capacity Simulation: Full System Load Test[2m > [22m[2m≡ƒöÑ Viral Post Burst[2m > [22m[2m500 comments on a single Pro users post ΓåÆ 200 sent + 300 queued
[22m[39mΓä╣∩╕Å [INFO] Rate limit hit, queuing DM | {"userId":"viral_pro","planType":"pro","remaining":{"hourly":0,"monthly":999800}}

[90mstdout[2m | tests/lib/capacity-simulation.test.ts[2m > [22m[2m≡ƒÜÇ Capacity Simulation: Full System Load Test[2m > [22m[2m≡ƒöÑ Viral Post Burst[2m > [22m[2m500 comments on a single Pro users post ΓåÆ 200 sent + 300 queued
[22m[39mΓä╣∩╕Å [INFO] Rate limit hit, queuing DM | {"userId":"viral_pro","planType":"pro","remaining":{"hourly":0,"monthly":999800}}

[90mstdout[2m | tests/lib/capacity-simulation.test.ts[2m > [22m[2m≡ƒÜÇ Capacity Simulation: Full System Load Test[2m > [22m[2m≡ƒöÑ Viral Post Burst[2m > [22m[2m500 comments on a single Pro users post ΓåÆ 200 sent + 300 queued
[22m[39mΓä╣∩╕Å [INFO] Rate limit hit, queuing DM | {"userId":"viral_pro","planType":"pro","remaining":{"hourly":0,"monthly":999800}}

[90mstdout[2m | tests/lib/capacity-simulation.test.ts[2m > [22m[2m≡ƒÜÇ Capacity Simulation: Full System Load Test[2m > [22m[2m≡ƒöÑ Viral Post Burst[2m > [22m[2m500 comments on a single Pro users post ΓåÆ 200 sent + 300 queued
[22m[39mΓä╣∩╕Å [INFO] Rate limit hit, queuing DM | {"userId":"viral_pro","planType":"pro","remaining":{"hourly":0,"monthly":999800}}

[90mstdout[2m | tests/lib/capacity-simulation.test.ts[2m > [22m[2m≡ƒÜÇ Capacity Simulation: Full System Load Test[2m > [22m[2m≡ƒöÑ Viral Post Burst[2m > [22m[2m500 comments on a single Pro users post ΓåÆ 200 sent + 300 queued
[22m[39mΓä╣∩╕Å [INFO] Rate limit hit, queuing DM | {"userId":"viral_pro","planType":"pro","remaining":{"hourly":0,"monthly":999800}}

[90mstdout[2m | tests/lib/capacity-simulation.test.ts[2m > [22m[2m≡ƒÜÇ Capacity Simulation: Full System Load Test[2m > [22m[2m≡ƒöÑ Viral Post Burst[2m > [22m[2m500 comments on a single Pro users post ΓåÆ 200 sent + 300 queued
[22m[39mΓä╣∩╕Å [INFO] Rate limit hit, queuing DM | {"userId":"viral_pro","planType":"pro","remaining":{"hourly":0,"monthly":999800}}

[90mstdout[2m | tests/lib/capacity-simulation.test.ts[2m > [22m[2m≡ƒÜÇ Capacity Simulation: Full System Load Test[2m > [22m[2m≡ƒöÑ Viral Post Burst[2m > [22m[2m500 comments on a single Pro users post ΓåÆ 200 sent + 300 queued
[22m[39mΓä╣∩╕Å [INFO] Rate limit hit, queuing DM | {"userId":"viral_pro","planType":"pro","remaining":{"hourly":0,"monthly":999800}}

[90mstdout[2m | tests/lib/capacity-simulation.test.ts[2m > [22m[2m≡ƒÜÇ Capacity Simulation: Full System Load Test[2m > [22m[2m≡ƒöÑ Viral Post Burst[2m > [22m[2m500 comments on a single Pro users post ΓåÆ 200 sent + 300 queued
[22m[39mΓä╣∩╕Å [INFO] Rate limit hit, queuing DM | {"userId":"viral_pro","planType":"pro","remaining":{"hourly":0,"monthly":999800}}

[90mstdout[2m | tests/lib/capacity-simulation.test.ts[2m > [22m[2m≡ƒÜÇ Capacity Simulation: Full System Load Test[2m > [22m[2m≡ƒöÑ Viral Post Burst[2m > [22m[2m500 comments on a single Pro users post ΓåÆ 200 sent + 300 queued
[22m[39mΓä╣∩╕Å [INFO] Rate limit hit, queuing DM | {"userId":"viral_pro","planType":"pro","remaining":{"hourly":0,"monthly":999800}}

[90mstdout[2m | tests/lib/capacity-simulation.test.ts[2m > [22m[2m≡ƒÜÇ Capacity Simulation: Full System Load Test[2m > [22m[2m≡ƒöÑ Viral Post Burst[2m > [22m[2m500 comments on a single Pro users post ΓåÆ 200 sent + 300 queued
[22m[39mΓä╣∩╕Å [INFO] Rate limit hit, queuing DM | {"userId":"viral_pro","planType":"pro","remaining":{"hourly":0,"monthly":999800}}

[90mstdout[2m | tests/lib/capacity-simulation.test.ts[2m > [22m[2m≡ƒÜÇ Capacity Simulation: Full System Load Test[2m > [22m[2m≡ƒöÑ Viral Post Burst[2m > [22m[2m500 comments on a single Pro users post ΓåÆ 200 sent + 300 queued
[22m[39mΓä╣∩╕Å [INFO] Rate limit hit, queuing DM | {"userId":"viral_pro","planType":"pro","remaining":{"hourly":0,"monthly":999800}}

[90mstdout[2m | tests/lib/capacity-simulation.test.ts[2m > [22m[2m≡ƒÜÇ Capacity Simulation: Full System Load Test[2m > [22m[2m≡ƒöÑ Viral Post Burst[2m > [22m[2m500 comments on a single Pro users post ΓåÆ 200 sent + 300 queued
[22m[39mΓä╣∩╕Å [INFO] Rate limit hit, queuing DM | {"userId":"viral_pro","planType":"pro","remaining":{"hourly":0,"monthly":999800}}

[90mstdout[2m | tests/lib/capacity-simulation.test.ts[2m > [22m[2m≡ƒÜÇ Capacity Simulation: Full System Load Test[2m > [22m[2m≡ƒöÑ Viral Post Burst[2m > [22m[2m500 comments on a single Pro users post ΓåÆ 200 sent + 300 queued
[22m[39mΓä╣∩╕Å [INFO] Rate limit hit, queuing DM | {"userId":"viral_pro","planType":"pro","remaining":{"hourly":0,"monthly":999800}}

[90mstdout[2m | tests/lib/capacity-simulation.test.ts[2m > [22m[2m≡ƒÜÇ Capacity Simulation: Full System Load Test[2m > [22m[2m≡ƒöÑ Viral Post Burst[2m > [22m[2m500 comments on a single Pro users post ΓåÆ 200 sent + 300 queued
[22m[39mΓä╣∩╕Å [INFO] Rate limit hit, queuing DM | {"userId":"viral_pro","planType":"pro","remaining":{"hourly":0,"monthly":999800}}

[90mstdout[2m | tests/lib/capacity-simulation.test.ts[2m > [22m[2m≡ƒÜÇ Capacity Simulation: Full System Load Test[2m > [22m[2m≡ƒöÑ Viral Post Burst[2m > [22m[2m500 comments on a single Pro users post ΓåÆ 200 sent + 300 queued
[22m[39mΓä╣∩╕Å [INFO] Rate limit hit, queuing DM | {"userId":"viral_pro","planType":"pro","remaining":{"hourly":0,"monthly":999800}}

[90mstdout[2m | tests/lib/capacity-simulation.test.ts[2m > [22m[2m≡ƒÜÇ Capacity Simulation: Full System Load Test[2m > [22m[2m≡ƒöÑ Viral Post Burst[2m > [22m[2m500 comments on a single Pro users post ΓåÆ 200 sent + 300 queued
[22m[39mΓä╣∩╕Å [INFO] Rate limit hit, queuing DM | {"userId":"viral_pro","planType":"pro","remaining":{"hourly":0,"monthly":999800}}

[90mstdout[2m | tests/lib/capacity-simulation.test.ts[2m > [22m[2m≡ƒÜÇ Capacity Simulation: Full System Load Test[2m > [22m[2m≡ƒöÑ Viral Post Burst[2m > [22m[2m500 comments on a single Pro users post ΓåÆ 200 sent + 300 queued
[22m[39mΓä╣∩╕Å [INFO] Rate limit hit, queuing DM | {"userId":"viral_pro","planType":"pro","remaining":{"hourly":0,"monthly":999800}}

[90mstdout[2m | tests/lib/capacity-simulation.test.ts[2m > [22m[2m≡ƒÜÇ Capacity Simulation: Full System Load Test[2m > [22m[2m≡ƒöÑ Viral Post Burst[2m > [22m[2m500 comments on a single Pro users post ΓåÆ 200 sent + 300 queued
[22m[39mΓä╣∩╕Å [INFO] Rate limit hit, queuing DM | {"userId":"viral_pro","planType":"pro","remaining":{"hourly":0,"monthly":999800}}

[90mstdout[2m | tests/lib/capacity-simulation.test.ts[2m > [22m[2m≡ƒÜÇ Capacity Simulation: Full System Load Test[2m > [22m[2m≡ƒöÑ Viral Post Burst[2m > [22m[2m500 comments on a single Pro users post ΓåÆ 200 sent + 300 queued
[22m[39mΓä╣∩╕Å [INFO] Rate limit hit, queuing DM | {"userId":"viral_pro","planType":"pro","remaining":{"hourly":0,"monthly":999800}}

[90mstdout[2m | tests/lib/capacity-simulation.test.ts[2m > [22m[2m≡ƒÜÇ Capacity Simulation: Full System Load Test[2m > [22m[2m≡ƒöÑ Viral Post Burst[2m > [22m[2m500 comments on a single Pro users post ΓåÆ 200 sent + 300 queued
[22m[39mΓä╣∩╕Å [INFO] Rate limit hit, queuing DM | {"userId":"viral_pro","planType":"pro","remaining":{"hourly":0,"monthly":999800}}

[90mstdout[2m | tests/lib/capacity-simulation.test.ts[2m > [22m[2m≡ƒÜÇ Capacity Simulation: Full System Load Test[2m > [22m[2m≡ƒöÑ Viral Post Burst[2m > [22m[2m500 comments on a single Pro users post ΓåÆ 200 sent + 300 queued
[22m[39mΓä╣∩╕Å [INFO] Rate limit hit, queuing DM | {"userId":"viral_pro","planType":"pro","remaining":{"hourly":0,"monthly":999800}}

[90mstdout[2m | tests/lib/capacity-simulation.test.ts[2m > [22m[2m≡ƒÜÇ Capacity Simulation: Full System Load Test[2m > [22m[2m≡ƒöÑ Viral Post Burst[2m > [22m[2m500 comments on a single Pro users post ΓåÆ 200 sent + 300 queued
[22m[39mΓä╣∩╕Å [INFO] Rate limit hit, queuing DM | {"userId":"viral_pro","planType":"pro","remaining":{"hourly":0,"monthly":999800}}

[90mstdout[2m | tests/lib/capacity-simulation.test.ts[2m > [22m[2m≡ƒÜÇ Capacity Simulation: Full System Load Test[2m > [22m[2m≡ƒöÑ Viral Post Burst[2m > [22m[2m500 comments on a single Pro users post ΓåÆ 200 sent + 300 queued
[22m[39mΓä╣∩╕Å [INFO] Rate limit hit, queuing DM | {"userId":"viral_pro","planType":"pro","remaining":{"hourly":0,"monthly":999800}}

[90mstdout[2m | tests/lib/capacity-simulation.test.ts[2m > [22m[2m≡ƒÜÇ Capacity Simulation: Full System Load Test[2m > [22m[2m≡ƒöÑ Viral Post Burst[2m > [22m[2m500 comments on a single Pro users post ΓåÆ 200 sent + 300 queued
[22m[39mΓä╣∩╕Å [INFO] Rate limit hit, queuing DM | {"userId":"viral_pro","planType":"pro","remaining":{"hourly":0,"monthly":999800}}

[90mstdout[2m | tests/lib/capacity-simulation.test.ts[2m > [22m[2m≡ƒÜÇ Capacity Simulation: Full System Load Test[2m > [22m[2m≡ƒöÑ Viral Post Burst[2m > [22m[2m500 comments on a single Pro users post ΓåÆ 200 sent + 300 queued
[22m[39mΓä╣∩╕Å [INFO] Rate limit hit, queuing DM | {"userId":"viral_pro","planType":"pro","remaining":{"hourly":0,"monthly":999800}}

[90mstdout[2m | tests/lib/capacity-simulation.test.ts[2m > [22m[2m≡ƒÜÇ Capacity Simulation: Full System Load Test[2m > [22m[2m≡ƒöÑ Viral Post Burst[2m > [22m[2m500 comments on a single Pro users post ΓåÆ 200 sent + 300 queued
[22m[39mΓä╣∩╕Å [INFO] Rate limit hit, queuing DM | {"userId":"viral_pro","planType":"pro","remaining":{"hourly":0,"monthly":999800}}

[90mstdout[2m | tests/lib/capacity-simulation.test.ts[2m > [22m[2m≡ƒÜÇ Capacity Simulation: Full System Load Test[2m > [22m[2m≡ƒöÑ Viral Post Burst[2m > [22m[2m500 comments on a single Pro users post ΓåÆ 200 sent + 300 queued
[22m[39mΓä╣∩╕Å [INFO] Rate limit hit, queuing DM | {"userId":"viral_pro","planType":"pro","remaining":{"hourly":0,"monthly":999800}}

[90mstdout[2m | tests/lib/capacity-simulation.test.ts[2m > [22m[2m≡ƒÜÇ Capacity Simulation: Full System Load Test[2m > [22m[2m≡ƒöÑ Viral Post Burst[2m > [22m[2m500 comments on a single Pro users post ΓåÆ 200 sent + 300 queued
[22m[39mΓä╣∩╕Å [INFO] Rate limit hit, queuing DM | {"userId":"viral_pro","planType":"pro","remaining":{"hourly":0,"monthly":999800}}

[90mstdout[2m | tests/lib/capacity-simulation.test.ts[2m > [22m[2m≡ƒÜÇ Capacity Simulation: Full System Load Test[2m > [22m[2m≡ƒöÑ Viral Post Burst[2m > [22m[2m500 comments on a single Pro users post ΓåÆ 200 sent + 300 queued
[22m[39mΓä╣∩╕Å [INFO] Rate limit hit, queuing DM | {"userId":"viral_pro","planType":"pro","remaining":{"hourly":0,"monthly":999800}}

[90mstdout[2m | tests/lib/capacity-simulation.test.ts[2m > [22m[2m≡ƒÜÇ Capacity Simulation: Full System Load Test[2m > [22m[2m≡ƒöÑ Viral Post Burst[2m > [22m[2m500 comments on a single Pro users post ΓåÆ 200 sent + 300 queued
[22m[39mΓä╣∩╕Å [INFO] Rate limit hit, queuing DM | {"userId":"viral_pro","planType":"pro","remaining":{"hourly":0,"monthly":999800}}

[90mstdout[2m | tests/lib/capacity-simulation.test.ts[2m > [22m[2m≡ƒÜÇ Capacity Simulation: Full System Load Test[2m > [22m[2m≡ƒöÑ Viral Post Burst[2m > [22m[2m500 comments on a single Pro users post ΓåÆ 200 sent + 300 queued
[22m[39mΓä╣∩╕Å [INFO] Rate limit hit, queuing DM | {"userId":"viral_pro","planType":"pro","remaining":{"hourly":0,"monthly":999800}}

[90mstdout[2m | tests/lib/capacity-simulation.test.ts[2m > [22m[2m≡ƒÜÇ Capacity Simulation: Full System Load Test[2m > [22m[2m≡ƒöÑ Viral Post Burst[2m > [22m[2m500 comments on a single Pro users post ΓåÆ 200 sent + 300 queued
[22m[39mΓä╣∩╕Å [INFO] Rate limit hit, queuing DM | {"userId":"viral_pro","planType":"pro","remaining":{"hourly":0,"monthly":999800}}

[90mstdout[2m | tests/lib/capacity-simulation.test.ts[2m > [22m[2m≡ƒÜÇ Capacity Simulation: Full System Load Test[2m > [22m[2m≡ƒöÑ Viral Post Burst[2m > [22m[2m500 comments on a single Pro users post ΓåÆ 200 sent + 300 queued
[22m[39mΓä╣∩╕Å [INFO] Rate limit hit, queuing DM | {"userId":"viral_pro","planType":"pro","remaining":{"hourly":0,"monthly":999800}}

[90mstdout[2m | tests/lib/capacity-simulation.test.ts[2m > [22m[2m≡ƒÜÇ Capacity Simulation: Full System Load Test[2m > [22m[2m≡ƒöÑ Viral Post Burst[2m > [22m[2m500 comments on a single Pro users post ΓåÆ 200 sent + 300 queued
[22m[39mΓä╣∩╕Å [INFO] Rate limit hit, queuing DM | {"userId":"viral_pro","planType":"pro","remaining":{"hourly":0,"monthly":999800}}

[90mstdout[2m | tests/lib/capacity-simulation.test.ts[2m > [22m[2m≡ƒÜÇ Capacity Simulation: Full System Load Test[2m > [22m[2m≡ƒöÑ Viral Post Burst[2m > [22m[2m500 comments on a single Pro users post ΓåÆ 200 sent + 300 queued
[22m[39mΓä╣∩╕Å [INFO] Rate limit hit, queuing DM | {"userId":"viral_pro","planType":"pro","remaining":{"hourly":0,"monthly":999800}}

[90mstdout[2m | tests/lib/capacity-simulation.test.ts[2m > [22m[2m≡ƒÜÇ Capacity Simulation: Full System Load Test[2m > [22m[2m≡ƒöÑ Viral Post Burst[2m > [22m[2m500 comments on a single Pro users post ΓåÆ 200 sent + 300 queued
[22m[39mΓä╣∩╕Å [INFO] Rate limit hit, queuing DM | {"userId":"viral_pro","planType":"pro","remaining":{"hourly":0,"monthly":999800}}

[90mstdout[2m | tests/lib/capacity-simulation.test.ts[2m > [22m[2m≡ƒÜÇ Capacity Simulation: Full System Load Test[2m > [22m[2m≡ƒöÑ Viral Post Burst[2m > [22m[2m500 comments on a single Pro users post ΓåÆ 200 sent + 300 queued
[22m[39mΓä╣∩╕Å [INFO] Rate limit hit, queuing DM | {"userId":"viral_pro","planType":"pro","remaining":{"hourly":0,"monthly":999800}}

[90mstdout[2m | tests/lib/capacity-simulation.test.ts[2m > [22m[2m≡ƒÜÇ Capacity Simulation: Full System Load Test[2m > [22m[2m≡ƒöÑ Viral Post Burst[2m > [22m[2m500 comments on a single Pro users post ΓåÆ 200 sent + 300 queued
[22m[39mΓä╣∩╕Å [INFO] Rate limit hit, queuing DM | {"userId":"viral_pro","planType":"pro","remaining":{"hourly":0,"monthly":999800}}

[90mstdout[2m | tests/lib/capacity-simulation.test.ts[2m > [22m[2m≡ƒÜÇ Capacity Simulation: Full System Load Test[2m > [22m[2m≡ƒöÑ Viral Post Burst[2m > [22m[2m500 comments on a single Pro users post ΓåÆ 200 sent + 300 queued
[22m[39mΓä╣∩╕Å [INFO] Rate limit hit, queuing DM | {"userId":"viral_pro","planType":"pro","remaining":{"hourly":0,"monthly":999800}}

[90mstdout[2m | tests/lib/capacity-simulation.test.ts[2m > [22m[2m≡ƒÜÇ Capacity Simulation: Full System Load Test[2m > [22m[2m≡ƒöÑ Viral Post Burst[2m > [22m[2m500 comments on a single Pro users post ΓåÆ 200 sent + 300 queued
[22m[39mΓä╣∩╕Å [INFO] Rate limit hit, queuing DM | {"userId":"viral_pro","planType":"pro","remaining":{"hourly":0,"monthly":999800}}

[90mstdout[2m | tests/lib/capacity-simulation.test.ts[2m > [22m[2m≡ƒÜÇ Capacity Simulation: Full System Load Test[2m > [22m[2m≡ƒöÑ Viral Post Burst[2m > [22m[2m500 comments on a single Pro users post ΓåÆ 200 sent + 300 queued
[22m[39mΓä╣∩╕Å [INFO] Rate limit hit, queuing DM | {"userId":"viral_pro","planType":"pro","remaining":{"hourly":0,"monthly":999800}}

[90mstdout[2m | tests/lib/capacity-simulation.test.ts[2m > [22m[2m≡ƒÜÇ Capacity Simulation: Full System Load Test[2m > [22m[2m≡ƒöÑ Viral Post Burst[2m > [22m[2m500 comments on a single Pro users post ΓåÆ 200 sent + 300 queued
[22m[39mΓä╣∩╕Å [INFO] Rate limit hit, queuing DM | {"userId":"viral_pro","planType":"pro","remaining":{"hourly":0,"monthly":999800}}

[90mstdout[2m | tests/lib/capacity-simulation.test.ts[2m > [22m[2m≡ƒÜÇ Capacity Simulation: Full System Load Test[2m > [22m[2m≡ƒöÑ Viral Post Burst[2m > [22m[2m500 comments on a single Pro users post ΓåÆ 200 sent + 300 queued
[22m[39mΓä╣∩╕Å [INFO] Rate limit hit, queuing DM | {"userId":"viral_pro","planType":"pro","remaining":{"hourly":0,"monthly":999800}}

[90mstdout[2m | tests/lib/capacity-simulation.test.ts[2m > [22m[2m≡ƒÜÇ Capacity Simulation: Full System Load Test[2m > [22m[2m≡ƒöÑ Viral Post Burst[2m > [22m[2m500 comments on a single Pro users post ΓåÆ 200 sent + 300 queued
[22m[39mΓä╣∩╕Å [INFO] Rate limit hit, queuing DM | {"userId":"viral_pro","planType":"pro","remaining":{"hourly":0,"monthly":999800}}

[90mstdout[2m | tests/lib/capacity-simulation.test.ts[2m > [22m[2m≡ƒÜÇ Capacity Simulation: Full System Load Test[2m > [22m[2m≡ƒöÑ Viral Post Burst[2m > [22m[2m500 comments on a single Pro users post ΓåÆ 200 sent + 300 queued
[22m[39mΓä╣∩╕Å [INFO] Rate limit hit, queuing DM | {"userId":"viral_pro","planType":"pro","remaining":{"hourly":0,"monthly":999800}}

[90mstdout[2m | tests/lib/capacity-simulation.test.ts[2m > [22m[2m≡ƒÜÇ Capacity Simulation: Full System Load Test[2m > [22m[2m≡ƒöÑ Viral Post Burst[2m > [22m[2m500 comments on a single Pro users post ΓåÆ 200 sent + 300 queued
[22m[39mΓä╣∩╕Å [INFO] Rate limit hit, queuing DM | {"userId":"viral_pro","planType":"pro","remaining":{"hourly":0,"monthly":999800}}

[90mstdout[2m | tests/lib/capacity-simulation.test.ts[2m > [22m[2m≡ƒÜÇ Capacity Simulation: Full System Load Test[2m > [22m[2m≡ƒöÑ Viral Post Burst[2m > [22m[2m500 comments on a single Pro users post ΓåÆ 200 sent + 300 queued
[22m[39mΓä╣∩╕Å [INFO] Rate limit hit, queuing DM | {"userId":"viral_pro","planType":"pro","remaining":{"hourly":0,"monthly":999800}}

[90mstdout[2m | tests/lib/capacity-simulation.test.ts[2m > [22m[2m≡ƒÜÇ Capacity Simulation: Full System Load Test[2m > [22m[2m≡ƒöÑ Viral Post Burst[2m > [22m[2m500 comments on a single Pro users post ΓåÆ 200 sent + 300 queued
[22m[39mΓä╣∩╕Å [INFO] Rate limit hit, queuing DM | {"userId":"viral_pro","planType":"pro","remaining":{"hourly":0,"monthly":999800}}

[90mstdout[2m | tests/lib/capacity-simulation.test.ts[2m > [22m[2m≡ƒÜÇ Capacity Simulation: Full System Load Test[2m > [22m[2m≡ƒöÑ Viral Post Burst[2m > [22m[2m500 comments on a single Pro users post ΓåÆ 200 sent + 300 queued
[22m[39mΓä╣∩╕Å [INFO] Rate limit hit, queuing DM | {"userId":"viral_pro","planType":"pro","remaining":{"hourly":0,"monthly":999800}}

[90mstdout[2m | tests/lib/capacity-simulation.test.ts[2m > [22m[2m≡ƒÜÇ Capacity Simulation: Full System Load Test[2m > [22m[2m≡ƒöÑ Viral Post Burst[2m > [22m[2m500 comments on a single Pro users post ΓåÆ 200 sent + 300 queued
[22m[39mΓä╣∩╕Å [INFO] Rate limit hit, queuing DM | {"userId":"viral_pro","planType":"pro","remaining":{"hourly":0,"monthly":999800}}

[90mstdout[2m | tests/lib/capacity-simulation.test.ts[2m > [22m[2m≡ƒÜÇ Capacity Simulation: Full System Load Test[2m > [22m[2m≡ƒöÑ Viral Post Burst[2m > [22m[2m500 comments on a single Pro users post ΓåÆ 200 sent + 300 queued
[22m[39mΓä╣∩╕Å [INFO] Rate limit hit, queuing DM | {"userId":"viral_pro","planType":"pro","remaining":{"hourly":0,"monthly":999800}}

[90mstdout[2m | tests/lib/capacity-simulation.test.ts[2m > [22m[2m≡ƒÜÇ Capacity Simulation: Full System Load Test[2m > [22m[2m≡ƒöÑ Viral Post Burst[2m > [22m[2m500 comments on a single Pro users post ΓåÆ 200 sent + 300 queued
[22m[39mΓä╣∩╕Å [INFO] Rate limit hit, queuing DM | {"userId":"viral_pro","planType":"pro","remaining":{"hourly":0,"monthly":999800}}

[90mstdout[2m | tests/lib/capacity-simulation.test.ts[2m > [22m[2m≡ƒÜÇ Capacity Simulation: Full System Load Test[2m > [22m[2m≡ƒöÑ Viral Post Burst[2m > [22m[2m500 comments on a single Pro users post ΓåÆ 200 sent + 300 queued
[22m[39mΓä╣∩╕Å [INFO] Rate limit hit, queuing DM | {"userId":"viral_pro","planType":"pro","remaining":{"hourly":0,"monthly":999800}}

[90mstdout[2m | tests/lib/capacity-simulation.test.ts[2m > [22m[2m≡ƒÜÇ Capacity Simulation: Full System Load Test[2m > [22m[2m≡ƒöÑ Viral Post Burst[2m > [22m[2m500 comments on a single Pro users post ΓåÆ 200 sent + 300 queued
[22m[39mΓä╣∩╕Å [INFO] Rate limit hit, queuing DM | {"userId":"viral_pro","planType":"pro","remaining":{"hourly":0,"monthly":999800}}

[90mstdout[2m | tests/lib/capacity-simulation.test.ts[2m > [22m[2m≡ƒÜÇ Capacity Simulation: Full System Load Test[2m > [22m[2m≡ƒöÑ Viral Post Burst[2m > [22m[2m500 comments on a single Pro users post ΓåÆ 200 sent + 300 queued
[22m[39mΓä╣∩╕Å [INFO] Rate limit hit, queuing DM | {"userId":"viral_pro","planType":"pro","remaining":{"hourly":0,"monthly":999800}}

[90mstdout[2m | tests/lib/capacity-simulation.test.ts[2m > [22m[2m≡ƒÜÇ Capacity Simulation: Full System Load Test[2m > [22m[2m≡ƒöÑ Viral Post Burst[2m > [22m[2m500 comments on a single Pro users post ΓåÆ 200 sent + 300 queued
[22m[39mΓä╣∩╕Å [INFO] Rate limit hit, queuing DM | {"userId":"viral_pro","planType":"pro","remaining":{"hourly":0,"monthly":999800}}

[90mstdout[2m | tests/lib/capacity-simulation.test.ts[2m > [22m[2m≡ƒÜÇ Capacity Simulation: Full System Load Test[2m > [22m[2m≡ƒöÑ Viral Post Burst[2m > [22m[2m500 comments on a single Pro users post ΓåÆ 200 sent + 300 queued
[22m[39mΓä╣∩╕Å [INFO] Rate limit hit, queuing DM | {"userId":"viral_pro","planType":"pro","remaining":{"hourly":0,"monthly":999800}}

[90mstdout[2m | tests/lib/capacity-simulation.test.ts[2m > [22m[2m≡ƒÜÇ Capacity Simulation: Full System Load Test[2m > [22m[2m≡ƒöÑ Viral Post Burst[2m > [22m[2m500 comments on a single Pro users post ΓåÆ 200 sent + 300 queued
[22m[39mΓä╣∩╕Å [INFO] Rate limit hit, queuing DM | {"userId":"viral_pro","planType":"pro","remaining":{"hourly":0,"monthly":999800}}

[90mstdout[2m | tests/lib/capacity-simulation.test.ts[2m > [22m[2m≡ƒÜÇ Capacity Simulation: Full System Load Test[2m > [22m[2m≡ƒöÑ Viral Post Burst[2m > [22m[2m500 comments on a single Pro users post ΓåÆ 200 sent + 300 queued
[22m[39mΓä╣∩╕Å [INFO] Rate limit hit, queuing DM | {"userId":"viral_pro","planType":"pro","remaining":{"hourly":0,"monthly":999800}}

[90mstdout[2m | tests/lib/capacity-simulation.test.ts[2m > [22m[2m≡ƒÜÇ Capacity Simulation: Full System Load Test[2m > [22m[2m≡ƒöÑ Viral Post Burst[2m > [22m[2m500 comments on a single Pro users post ΓåÆ 200 sent + 300 queued
[22m[39mΓä╣∩╕Å [INFO] Rate limit hit, queuing DM | {"userId":"viral_pro","planType":"pro","remaining":{"hourly":0,"monthly":999800}}

[90mstdout[2m | tests/lib/capacity-simulation.test.ts[2m > [22m[2m≡ƒÜÇ Capacity Simulation: Full System Load Test[2m > [22m[2m≡ƒöÑ Viral Post Burst[2m > [22m[2m500 comments on a single Pro users post ΓåÆ 200 sent + 300 queued
[22m[39mΓä╣∩╕Å [INFO] Rate limit hit, queuing DM | {"userId":"viral_pro","planType":"pro","remaining":{"hourly":0,"monthly":999800}}

[90mstdout[2m | tests/lib/capacity-simulation.test.ts[2m > [22m[2m≡ƒÜÇ Capacity Simulation: Full System Load Test[2m > [22m[2m≡ƒöÑ Viral Post Burst[2m > [22m[2m500 comments on a single Pro users post ΓåÆ 200 sent + 300 queued
[22m[39mΓä╣∩╕Å [INFO] Rate limit hit, queuing DM | {"userId":"viral_pro","planType":"pro","remaining":{"hourly":0,"monthly":999800}}

[90mstdout[2m | tests/lib/capacity-simulation.test.ts[2m > [22m[2m≡ƒÜÇ Capacity Simulation: Full System Load Test[2m > [22m[2m≡ƒöÑ Viral Post Burst[2m > [22m[2m500 comments on a single Pro users post ΓåÆ 200 sent + 300 queued
[22m[39mΓä╣∩╕Å [INFO] Rate limit hit, queuing DM | {"userId":"viral_pro","planType":"pro","remaining":{"hourly":0,"monthly":999800}}

[90mstdout[2m | tests/lib/capacity-simulation.test.ts[2m > [22m[2m≡ƒÜÇ Capacity Simulation: Full System Load Test[2m > [22m[2m≡ƒöÑ Viral Post Burst[2m > [22m[2m500 comments on a single Pro users post ΓåÆ 200 sent + 300 queued
[22m[39mΓä╣∩╕Å [INFO] Rate limit hit, queuing DM | {"userId":"viral_pro","planType":"pro","remaining":{"hourly":0,"monthly":999800}}

[90mstdout[2m | tests/lib/capacity-simulation.test.ts[2m > [22m[2m≡ƒÜÇ Capacity Simulation: Full System Load Test[2m > [22m[2m≡ƒöÑ Viral Post Burst[2m > [22m[2m500 comments on a single Pro users post ΓåÆ 200 sent + 300 queued
[22m[39mΓä╣∩╕Å [INFO] Rate limit hit, queuing DM | {"userId":"viral_pro","planType":"pro","remaining":{"hourly":0,"monthly":999800}}

[90mstdout[2m | tests/lib/capacity-simulation.test.ts[2m > [22m[2m≡ƒÜÇ Capacity Simulation: Full System Load Test[2m > [22m[2m≡ƒöÑ Viral Post Burst[2m > [22m[2m500 comments on a single Pro users post ΓåÆ 200 sent + 300 queued
[22m[39mΓä╣∩╕Å [INFO] Rate limit hit, queuing DM | {"userId":"viral_pro","planType":"pro","remaining":{"hourly":0,"monthly":999800}}

[90mstdout[2m | tests/lib/capacity-simulation.test.ts[2m > [22m[2m≡ƒÜÇ Capacity Simulation: Full System Load Test[2m > [22m[2m≡ƒöÑ Viral Post Burst[2m > [22m[2m500 comments on a single Pro users post ΓåÆ 200 sent + 300 queued
[22m[39mΓä╣∩╕Å [INFO] Rate limit hit, queuing DM | {"userId":"viral_pro","planType":"pro","remaining":{"hourly":0,"monthly":999800}}

[90mstdout[2m | tests/lib/capacity-simulation.test.ts[2m > [22m[2m≡ƒÜÇ Capacity Simulation: Full System Load Test[2m > [22m[2m≡ƒöÑ Viral Post Burst[2m > [22m[2m500 comments on a single Pro users post ΓåÆ 200 sent + 300 queued
[22m[39mΓä╣∩╕Å [INFO] Rate limit hit, queuing DM | {"userId":"viral_pro","planType":"pro","remaining":{"hourly":0,"monthly":999800}}

[90mstdout[2m | tests/lib/capacity-simulation.test.ts[2m > [22m[2m≡ƒÜÇ Capacity Simulation: Full System Load Test[2m > [22m[2m≡ƒöÑ Viral Post Burst[2m > [22m[2m500 comments on a single Pro users post ΓåÆ 200 sent + 300 queued
[22m[39mΓä╣∩╕Å [INFO] Rate limit hit, queuing DM | {"userId":"viral_pro","planType":"pro","remaining":{"hourly":0,"monthly":999800}}

[90mstdout[2m | tests/lib/capacity-simulation.test.ts[2m > [22m[2m≡ƒÜÇ Capacity Simulation: Full System Load Test[2m > [22m[2m≡ƒöÑ Viral Post Burst[2m > [22m[2m500 comments on a single Pro users post ΓåÆ 200 sent + 300 queued
[22m[39mΓä╣∩╕Å [INFO] Rate limit hit, queuing DM | {"userId":"viral_pro","planType":"pro","remaining":{"hourly":0,"monthly":999800}}

[90mstdout[2m | tests/lib/capacity-simulation.test.ts[2m > [22m[2m≡ƒÜÇ Capacity Simulation: Full System Load Test[2m > [22m[2m≡ƒöÑ Viral Post Burst[2m > [22m[2m500 comments on a single Pro users post ΓåÆ 200 sent + 300 queued
[22m[39mΓä╣∩╕Å [INFO] Rate limit hit, queuing DM | {"userId":"viral_pro","planType":"pro","remaining":{"hourly":0,"monthly":999800}}

[90mstdout[2m | tests/lib/capacity-simulation.test.ts[2m > [22m[2m≡ƒÜÇ Capacity Simulation: Full System Load Test[2m > [22m[2m≡ƒöÑ Viral Post Burst[2m > [22m[2m500 comments on a single Pro users post ΓåÆ 200 sent + 300 queued
[22m[39mΓä╣∩╕Å [INFO] Rate limit hit, queuing DM | {"userId":"viral_pro","planType":"pro","remaining":{"hourly":0,"monthly":999800}}

[90mstdout[2m | tests/lib/capacity-simulation.test.ts[2m > [22m[2m≡ƒÜÇ Capacity Simulation: Full System Load Test[2m > [22m[2m≡ƒöÑ Viral Post Burst[2m > [22m[2m500 comments on a single Pro users post ΓåÆ 200 sent + 300 queued
[22m[39mΓä╣∩╕Å [INFO] Rate limit hit, queuing DM | {"userId":"viral_pro","planType":"pro","remaining":{"hourly":0,"monthly":999800}}

[90mstdout[2m | tests/lib/capacity-simulation.test.ts[2m > [22m[2m≡ƒÜÇ Capacity Simulation: Full System Load Test[2m > [22m[2m≡ƒöÑ Viral Post Burst[2m > [22m[2m500 comments on a single Pro users post ΓåÆ 200 sent + 300 queued
[22m[39mΓä╣∩╕Å [INFO] Rate limit hit, queuing DM | {"userId":"viral_pro","planType":"pro","remaining":{"hourly":0,"monthly":999800}}

[90mstdout[2m | tests/lib/capacity-simulation.test.ts[2m > [22m[2m≡ƒÜÇ Capacity Simulation: Full System Load Test[2m > [22m[2m≡ƒöÑ Viral Post Burst[2m > [22m[2m500 comments on a single Pro users post ΓåÆ 200 sent + 300 queued
[22m[39mΓä╣∩╕Å [INFO] Rate limit hit, queuing DM | {"userId":"viral_pro","planType":"pro","remaining":{"hourly":0,"monthly":999800}}

[90mstdout[2m | tests/lib/capacity-simulation.test.ts[2m > [22m[2m≡ƒÜÇ Capacity Simulation: Full System Load Test[2m > [22m[2m≡ƒöÑ Viral Post Burst[2m > [22m[2m500 comments on a single Pro users post ΓåÆ 200 sent + 300 queued
[22m[39mΓä╣∩╕Å [INFO] Rate limit hit, queuing DM | {"userId":"viral_pro","planType":"pro","remaining":{"hourly":0,"monthly":999800}}

[90mstdout[2m | tests/lib/capacity-simulation.test.ts[2m > [22m[2m≡ƒÜÇ Capacity Simulation: Full System Load Test[2m > [22m[2m≡ƒöÑ Viral Post Burst[2m > [22m[2m500 comments on a single Pro users post ΓåÆ 200 sent + 300 queued
[22m[39mΓä╣∩╕Å [INFO] Rate limit hit, queuing DM | {"userId":"viral_pro","planType":"pro","remaining":{"hourly":0,"monthly":999800}}

[90mstdout[2m | tests/lib/capacity-simulation.test.ts[2m > [22m[2m≡ƒÜÇ Capacity Simulation: Full System Load Test[2m > [22m[2m≡ƒöÑ Viral Post Burst[2m > [22m[2m500 comments on a single Pro users post ΓåÆ 200 sent + 300 queued
[22m[39mΓä╣∩╕Å [INFO] Rate limit hit, queuing DM | {"userId":"viral_pro","planType":"pro","remaining":{"hourly":0,"monthly":999800}}

[90mstdout[2m | tests/lib/capacity-simulation.test.ts[2m > [22m[2m≡ƒÜÇ Capacity Simulation: Full System Load Test[2m > [22m[2m≡ƒöÑ Viral Post Burst[2m > [22m[2m500 comments on a single Pro users post ΓåÆ 200 sent + 300 queued
[22m[39mΓä╣∩╕Å [INFO] Rate limit hit, queuing DM | {"userId":"viral_pro","planType":"pro","remaining":{"hourly":0,"monthly":999800}}

[90mstdout[2m | tests/lib/capacity-simulation.test.ts[2m > [22m[2m≡ƒÜÇ Capacity Simulation: Full System Load Test[2m > [22m[2m≡ƒöÑ Viral Post Burst[2m > [22m[2m500 comments on a single Pro users post ΓåÆ 200 sent + 300 queued
[22m[39mΓä╣∩╕Å [INFO] Rate limit hit, queuing DM | {"userId":"viral_pro","planType":"pro","remaining":{"hourly":0,"monthly":999800}}

[90mstdout[2m | tests/lib/capacity-simulation.test.ts[2m > [22m[2m≡ƒÜÇ Capacity Simulation: Full System Load Test[2m > [22m[2m≡ƒöÑ Viral Post Burst[2m > [22m[2m500 comments on a single Pro users post ΓåÆ 200 sent + 300 queued
[22m[39mΓä╣∩╕Å [INFO] Rate limit hit, queuing DM | {"userId":"viral_pro","planType":"pro","remaining":{"hourly":0,"monthly":999800}}

[90mstdout[2m | tests/lib/capacity-simulation.test.ts[2m > [22m[2m≡ƒÜÇ Capacity Simulation: Full System Load Test[2m > [22m[2m≡ƒöÑ Viral Post Burst[2m > [22m[2m500 comments on a single Pro users post ΓåÆ 200 sent + 300 queued
[22m[39mΓä╣∩╕Å [INFO] Rate limit hit, queuing DM | {"userId":"viral_pro","planType":"pro","remaining":{"hourly":0,"monthly":999800}}

[90mstdout[2m | tests/lib/capacity-simulation.test.ts[2m > [22m[2m≡ƒÜÇ Capacity Simulation: Full System Load Test[2m > [22m[2m≡ƒöÑ Viral Post Burst[2m > [22m[2m500 comments on a single Pro users post ΓåÆ 200 sent + 300 queued
[22m[39mΓä╣∩╕Å [INFO] Rate limit hit, queuing DM | {"userId":"viral_pro","planType":"pro","remaining":{"hourly":0,"monthly":999800}}

[90mstdout[2m | tests/lib/capacity-simulation.test.ts[2m > [22m[2m≡ƒÜÇ Capacity Simulation: Full System Load Test[2m > [22m[2m≡ƒöÑ Viral Post Burst[2m > [22m[2m500 comments on a single Pro users post ΓåÆ 200 sent + 300 queued
[22m[39mΓä╣∩╕Å [INFO] Rate limit hit, queuing DM | {"userId":"viral_pro","planType":"pro","remaining":{"hourly":0,"monthly":999800}}

[90mstdout[2m | tests/lib/capacity-simulation.test.ts[2m > [22m[2m≡ƒÜÇ Capacity Simulation: Full System Load Test[2m > [22m[2m≡ƒöÑ Viral Post Burst[2m > [22m[2m500 comments on a single Pro users post ΓåÆ 200 sent + 300 queued
[22m[39mΓä╣∩╕Å [INFO] Rate limit hit, queuing DM | {"userId":"viral_pro","planType":"pro","remaining":{"hourly":0,"monthly":999800}}

[90mstdout[2m | tests/lib/capacity-simulation.test.ts[2m > [22m[2m≡ƒÜÇ Capacity Simulation: Full System Load Test[2m > [22m[2m≡ƒöÑ Viral Post Burst[2m > [22m[2m500 comments on a single Pro users post ΓåÆ 200 sent + 300 queued
[22m[39mΓä╣∩╕Å [INFO] Rate limit hit, queuing DM | {"userId":"viral_pro","planType":"pro","remaining":{"hourly":0,"monthly":999800}}

[90mstdout[2m | tests/lib/capacity-simulation.test.ts[2m > [22m[2m≡ƒÜÇ Capacity Simulation: Full System Load Test[2m > [22m[2m≡ƒöÑ Viral Post Burst[2m > [22m[2m500 comments on a single Pro users post ΓåÆ 200 sent + 300 queued
[22m[39mΓä╣∩╕Å [INFO] Rate limit hit, queuing DM | {"userId":"viral_pro","planType":"pro","remaining":{"hourly":0,"monthly":999800}}

[90mstdout[2m | tests/lib/capacity-simulation.test.ts[2m > [22m[2m≡ƒÜÇ Capacity Simulation: Full System Load Test[2m > [22m[2m≡ƒöÑ Viral Post Burst[2m > [22m[2m500 comments on a single Pro users post ΓåÆ 200 sent + 300 queued
[22m[39mΓä╣∩╕Å [INFO] Rate limit hit, queuing DM | {"userId":"viral_pro","planType":"pro","remaining":{"hourly":0,"monthly":999800}}

[90mstdout[2m | tests/lib/capacity-simulation.test.ts[2m > [22m[2m≡ƒÜÇ Capacity Simulation: Full System Load Test[2m > [22m[2m≡ƒöÑ Viral Post Burst[2m > [22m[2m500 comments on a single Pro users post ΓåÆ 200 sent + 300 queued
[22m[39mΓä╣∩╕Å [INFO] Rate limit hit, queuing DM | {"userId":"viral_pro","planType":"pro","remaining":{"hourly":0,"monthly":999800}}

[90mstdout[2m | tests/lib/capacity-simulation.test.ts[2m > [22m[2m≡ƒÜÇ Capacity Simulation: Full System Load Test[2m > [22m[2m≡ƒöÑ Viral Post Burst[2m > [22m[2m500 comments on a single Pro users post ΓåÆ 200 sent + 300 queued
[22m[39mΓä╣∩╕Å [INFO] Rate limit hit, queuing DM | {"userId":"viral_pro","planType":"pro","remaining":{"hourly":0,"monthly":999800}}

[90mstdout[2m | tests/lib/capacity-simulation.test.ts[2m > [22m[2m≡ƒÜÇ Capacity Simulation: Full System Load Test[2m > [22m[2m≡ƒöÑ Viral Post Burst[2m > [22m[2m500 comments on a single Pro users post ΓåÆ 200 sent + 300 queued
[22m[39mΓä╣∩╕Å [INFO] Rate limit hit, queuing DM | {"userId":"viral_pro","planType":"pro","remaining":{"hourly":0,"monthly":999800}}

[90mstdout[2m | tests/lib/capacity-simulation.test.ts[2m > [22m[2m≡ƒÜÇ Capacity Simulation: Full System Load Test[2m > [22m[2m≡ƒöÑ Viral Post Burst[2m > [22m[2m500 comments on a single Pro users post ΓåÆ 200 sent + 300 queued
[22m[39mΓä╣∩╕Å [INFO] Rate limit hit, queuing DM | {"userId":"viral_pro","planType":"pro","remaining":{"hourly":0,"monthly":999800}}

[90mstdout[2m | tests/lib/capacity-simulation.test.ts[2m > [22m[2m≡ƒÜÇ Capacity Simulation: Full System Load Test[2m > [22m[2m≡ƒöÑ Viral Post Burst[2m > [22m[2m500 comments on a single Pro users post ΓåÆ 200 sent + 300 queued
[22m[39mΓä╣∩╕Å [INFO] Rate limit hit, queuing DM | {"userId":"viral_pro","planType":"pro","remaining":{"hourly":0,"monthly":999800}}

[90mstdout[2m | tests/lib/capacity-simulation.test.ts[2m > [22m[2m≡ƒÜÇ Capacity Simulation: Full System Load Test[2m > [22m[2m≡ƒöÑ Viral Post Burst[2m > [22m[2m500 comments on a single Pro users post ΓåÆ 200 sent + 300 queued
[22m[39mΓä╣∩╕Å [INFO] Rate limit hit, queuing DM | {"userId":"viral_pro","planType":"pro","remaining":{"hourly":0,"monthly":999800}}

[90mstdout[2m | tests/lib/capacity-simulation.test.ts[2m > [22m[2m≡ƒÜÇ Capacity Simulation: Full System Load Test[2m > [22m[2m≡ƒöÑ Viral Post Burst[2m > [22m[2m500 comments on a single Pro users post ΓåÆ 200 sent + 300 queued
[22m[39mΓä╣∩╕Å [INFO] Rate limit hit, queuing DM | {"userId":"viral_pro","planType":"pro","remaining":{"hourly":0,"monthly":999800}}

[90mstdout[2m | tests/lib/capacity-simulation.test.ts[2m > [22m[2m≡ƒÜÇ Capacity Simulation: Full System Load Test[2m > [22m[2m≡ƒöÑ Viral Post Burst[2m > [22m[2m500 comments on a single Pro users post ΓåÆ 200 sent + 300 queued
[22m[39mΓä╣∩╕Å [INFO] Rate limit hit, queuing DM | {"userId":"viral_pro","planType":"pro","remaining":{"hourly":0,"monthly":999800}}

[90mstdout[2m | tests/lib/capacity-simulation.test.ts[2m > [22m[2m≡ƒÜÇ Capacity Simulation: Full System Load Test[2m > [22m[2m≡ƒöÑ Viral Post Burst[2m > [22m[2m500 comments on a single Pro users post ΓåÆ 200 sent + 300 queued
[22m[39mΓä╣∩╕Å [INFO] Rate limit hit, queuing DM | {"userId":"viral_pro","planType":"pro","remaining":{"hourly":0,"monthly":999800}}

[90mstdout[2m | tests/lib/capacity-simulation.test.ts[2m > [22m[2m≡ƒÜÇ Capacity Simulation: Full System Load Test[2m > [22m[2m≡ƒöÑ Viral Post Burst[2m > [22m[2m500 comments on a single Pro users post ΓåÆ 200 sent + 300 queued
[22m[39mΓä╣∩╕Å [INFO] Rate limit hit, queuing DM | {"userId":"viral_pro","planType":"pro","remaining":{"hourly":0,"monthly":999800}}

[90mstdout[2m | tests/lib/capacity-simulation.test.ts[2m > [22m[2m≡ƒÜÇ Capacity Simulation: Full System Load Test[2m > [22m[2m≡ƒöÑ Viral Post Burst[2m > [22m[2m500 comments on a single Pro users post ΓåÆ 200 sent + 300 queued
[22m[39mΓä╣∩╕Å [INFO] Rate limit hit, queuing DM | {"userId":"viral_pro","planType":"pro","remaining":{"hourly":0,"monthly":999800}}

[90mstdout[2m | tests/lib/capacity-simulation.test.ts[2m > [22m[2m≡ƒÜÇ Capacity Simulation: Full System Load Test[2m > [22m[2m≡ƒöÑ Viral Post Burst[2m > [22m[2m500 comments on a single Pro users post ΓåÆ 200 sent + 300 queued
[22m[39mΓä╣∩╕Å [INFO] Rate limit hit, queuing DM | {"userId":"viral_pro","planType":"pro","remaining":{"hourly":0,"monthly":999800}}

[90mstdout[2m | tests/lib/capacity-simulation.test.ts[2m > [22m[2m≡ƒÜÇ Capacity Simulation: Full System Load Test[2m > [22m[2m≡ƒöÑ Viral Post Burst[2m > [22m[2m500 comments on a single Pro users post ΓåÆ 200 sent + 300 queued
[22m[39mΓä╣∩╕Å [INFO] Rate limit hit, queuing DM | {"userId":"viral_pro","planType":"pro","remaining":{"hourly":0,"monthly":999800}}

[90mstdout[2m | tests/lib/capacity-simulation.test.ts[2m > [22m[2m≡ƒÜÇ Capacity Simulation: Full System Load Test[2m > [22m[2m≡ƒöÑ Viral Post Burst[2m > [22m[2m500 comments on a single Pro users post ΓåÆ 200 sent + 300 queued
[22m[39mΓä╣∩╕Å [INFO] Rate limit hit, queuing DM | {"userId":"viral_pro","planType":"pro","remaining":{"hourly":0,"monthly":999800}}

[90mstdout[2m | tests/lib/capacity-simulation.test.ts[2m > [22m[2m≡ƒÜÇ Capacity Simulation: Full System Load Test[2m > [22m[2m≡ƒöÑ Viral Post Burst[2m > [22m[2m500 comments on a single Pro users post ΓåÆ 200 sent + 300 queued
[22m[39mΓä╣∩╕Å [INFO] Rate limit hit, queuing DM | {"userId":"viral_pro","planType":"pro","remaining":{"hourly":0,"monthly":999800}}

[90mstdout[2m | tests/lib/capacity-simulation.test.ts[2m > [22m[2m≡ƒÜÇ Capacity Simulation: Full System Load Test[2m > [22m[2m≡ƒöÑ Viral Post Burst[2m > [22m[2m500 comments on a single Pro users post ΓåÆ 200 sent + 300 queued
[22m[39mΓä╣∩╕Å [INFO] Rate limit hit, queuing DM | {"userId":"viral_pro","planType":"pro","remaining":{"hourly":0,"monthly":999800}}

[90mstdout[2m | tests/lib/capacity-simulation.test.ts[2m > [22m[2m≡ƒÜÇ Capacity Simulation: Full System Load Test[2m > [22m[2m≡ƒöÑ Viral Post Burst[2m > [22m[2m500 comments on a single Pro users post ΓåÆ 200 sent + 300 queued
[22m[39mΓä╣∩╕Å [INFO] Rate limit hit, queuing DM | {"userId":"viral_pro","planType":"pro","remaining":{"hourly":0,"monthly":999800}}

[90mstdout[2m | tests/lib/capacity-simulation.test.ts[2m > [22m[2m≡ƒÜÇ Capacity Simulation: Full System Load Test[2m > [22m[2m≡ƒöÑ Viral Post Burst[2m > [22m[2m500 comments on a single Pro users post ΓåÆ 200 sent + 300 queued
[22m[39mΓä╣∩╕Å [INFO] Rate limit hit, queuing DM | {"userId":"viral_pro","planType":"pro","remaining":{"hourly":0,"monthly":999800}}

[90mstdout[2m | tests/lib/capacity-simulation.test.ts[2m > [22m[2m≡ƒÜÇ Capacity Simulation: Full System Load Test[2m > [22m[2m≡ƒöÑ Viral Post Burst[2m > [22m[2m500 comments on a single Pro users post ΓåÆ 200 sent + 300 queued
[22m[39mΓä╣∩╕Å [INFO] Rate limit hit, queuing DM | {"userId":"viral_pro","planType":"pro","remaining":{"hourly":0,"monthly":999800}}

[90mstdout[2m | tests/lib/capacity-simulation.test.ts[2m > [22m[2m≡ƒÜÇ Capacity Simulation: Full System Load Test[2m > [22m[2m≡ƒöÑ Viral Post Burst[2m > [22m[2m500 comments on a single Pro users post ΓåÆ 200 sent + 300 queued
[22m[39mΓä╣∩╕Å [INFO] Rate limit hit, queuing DM | {"userId":"viral_pro","planType":"pro","remaining":{"hourly":0,"monthly":999800}}

[90mstdout[2m | tests/lib/capacity-simulation.test.ts[2m > [22m[2m≡ƒÜÇ Capacity Simulation: Full System Load Test[2m > [22m[2m≡ƒöÑ Viral Post Burst[2m > [22m[2m500 comments on a single Pro users post ΓåÆ 200 sent + 300 queued
[22m[39mΓä╣∩╕Å [INFO] Rate limit hit, queuing DM | {"userId":"viral_pro","planType":"pro","remaining":{"hourly":0,"monthly":999800}}

[90mstdout[2m | tests/lib/capacity-simulation.test.ts[2m > [22m[2m≡ƒÜÇ Capacity Simulation: Full System Load Test[2m > [22m[2m≡ƒöÑ Viral Post Burst[2m > [22m[2m500 comments on a single Pro users post ΓåÆ 200 sent + 300 queued
[22m[39mΓä╣∩╕Å [INFO] Rate limit hit, queuing DM | {"userId":"viral_pro","planType":"pro","remaining":{"hourly":0,"monthly":999800}}

[90mstdout[2m | tests/lib/capacity-simulation.test.ts[2m > [22m[2m≡ƒÜÇ Capacity Simulation: Full System Load Test[2m > [22m[2m≡ƒöÑ Viral Post Burst[2m > [22m[2m500 comments on a single Pro users post ΓåÆ 200 sent + 300 queued
[22m[39mΓä╣∩╕Å [INFO] Rate limit hit, queuing DM | {"userId":"viral_pro","planType":"pro","remaining":{"hourly":0,"monthly":999800}}

[90mstdout[2m | tests/lib/capacity-simulation.test.ts[2m > [22m[2m≡ƒÜÇ Capacity Simulation: Full System Load Test[2m > [22m[2m≡ƒöÑ Viral Post Burst[2m > [22m[2m500 comments on a single Pro users post ΓåÆ 200 sent + 300 queued
[22m[39mΓä╣∩╕Å [INFO] Rate limit hit, queuing DM | {"userId":"viral_pro","planType":"pro","remaining":{"hourly":0,"monthly":999800}}

[90mstdout[2m | tests/lib/capacity-simulation.test.ts[2m > [22m[2m≡ƒÜÇ Capacity Simulation: Full System Load Test[2m > [22m[2m≡ƒöÑ Viral Post Burst[2m > [22m[2m500 comments on a single Pro users post ΓåÆ 200 sent + 300 queued
[22m[39mΓä╣∩╕Å [INFO] Rate limit hit, queuing DM | {"userId":"viral_pro","planType":"pro","remaining":{"hourly":0,"monthly":999800}}

[90mstdout[2m | tests/lib/capacity-simulation.test.ts[2m > [22m[2m≡ƒÜÇ Capacity Simulation: Full System Load Test[2m > [22m[2m≡ƒöÑ Viral Post Burst[2m > [22m[2m500 comments on a single Pro users post ΓåÆ 200 sent + 300 queued
[22m[39mΓä╣∩╕Å [INFO] Rate limit hit, queuing DM | {"userId":"viral_pro","planType":"pro","remaining":{"hourly":0,"monthly":999800}}

[90mstdout[2m | tests/lib/capacity-simulation.test.ts[2m > [22m[2m≡ƒÜÇ Capacity Simulation: Full System Load Test[2m > [22m[2m≡ƒöÑ Viral Post Burst[2m > [22m[2m500 comments on a single Pro users post ΓåÆ 200 sent + 300 queued
[22m[39mΓä╣∩╕Å [INFO] Rate limit hit, queuing DM | {"userId":"viral_pro","planType":"pro","remaining":{"hourly":0,"monthly":999800}}

[90mstdout[2m | tests/lib/capacity-simulation.test.ts[2m > [22m[2m≡ƒÜÇ Capacity Simulation: Full System Load Test[2m > [22m[2m≡ƒöÑ Viral Post Burst[2m > [22m[2m500 comments on a single Pro users post ΓåÆ 200 sent + 300 queued
[22m[39mΓä╣∩╕Å [INFO] Rate limit hit, queuing DM | {"userId":"viral_pro","planType":"pro","remaining":{"hourly":0,"monthly":999800}}

[90mstdout[2m | tests/lib/capacity-simulation.test.ts[2m > [22m[2m≡ƒÜÇ Capacity Simulation: Full System Load Test[2m > [22m[2m≡ƒöÑ Viral Post Burst[2m > [22m[2m500 comments on a single Pro users post ΓåÆ 200 sent + 300 queued
[22m[39mΓä╣∩╕Å [INFO] Rate limit hit, queuing DM | {"userId":"viral_pro","planType":"pro","remaining":{"hourly":0,"monthly":999800}}

[90mstdout[2m | tests/lib/capacity-simulation.test.ts[2m > [22m[2m≡ƒÜÇ Capacity Simulation: Full System Load Test[2m > [22m[2m≡ƒöÑ Viral Post Burst[2m > [22m[2m500 comments on a single Pro users post ΓåÆ 200 sent + 300 queued
[22m[39mΓä╣∩╕Å [INFO] Rate limit hit, queuing DM | {"userId":"viral_pro","planType":"pro","remaining":{"hourly":0,"monthly":999800}}

[90mstdout[2m | tests/lib/capacity-simulation.test.ts[2m > [22m[2m≡ƒÜÇ Capacity Simulation: Full System Load Test[2m > [22m[2m≡ƒöÑ Viral Post Burst[2m > [22m[2m500 comments on a single Pro users post ΓåÆ 200 sent + 300 queued
[22m[39mΓä╣∩╕Å [INFO] Rate limit hit, queuing DM | {"userId":"viral_pro","planType":"pro","remaining":{"hourly":0,"monthly":999800}}

[90mstdout[2m | tests/lib/capacity-simulation.test.ts[2m > [22m[2m≡ƒÜÇ Capacity Simulation: Full System Load Test[2m > [22m[2m≡ƒöÑ Viral Post Burst[2m > [22m[2m500 comments on a single Pro users post ΓåÆ 200 sent + 300 queued
[22m[39mΓä╣∩╕Å [INFO] Rate limit hit, queuing DM | {"userId":"viral_pro","planType":"pro","remaining":{"hourly":0,"monthly":999800}}

[90mstdout[2m | tests/lib/capacity-simulation.test.ts[2m > [22m[2m≡ƒÜÇ Capacity Simulation: Full System Load Test[2m > [22m[2m≡ƒöÑ Viral Post Burst[2m > [22m[2m500 comments on a single Pro users post ΓåÆ 200 sent + 300 queued
[22m[39mΓä╣∩╕Å [INFO] Rate limit hit, queuing DM | {"userId":"viral_pro","planType":"pro","remaining":{"hourly":0,"monthly":999800}}

[90mstdout[2m | tests/lib/capacity-simulation.test.ts[2m > [22m[2m≡ƒÜÇ Capacity Simulation: Full System Load Test[2m > [22m[2m≡ƒöÑ Viral Post Burst[2m > [22m[2m500 comments on a single Pro users post ΓåÆ 200 sent + 300 queued
[22m[39mΓä╣∩╕Å [INFO] Rate limit hit, queuing DM | {"userId":"viral_pro","planType":"pro","remaining":{"hourly":0,"monthly":999800}}

[90mstdout[2m | tests/lib/capacity-simulation.test.ts[2m > [22m[2m≡ƒÜÇ Capacity Simulation: Full System Load Test[2m > [22m[2m≡ƒöÑ Viral Post Burst[2m > [22m[2m500 comments on a single Pro users post ΓåÆ 200 sent + 300 queued
[22m[39mΓä╣∩╕Å [INFO] Rate limit hit, queuing DM | {"userId":"viral_pro","planType":"pro","remaining":{"hourly":0,"monthly":999800}}

[90mstdout[2m | tests/lib/capacity-simulation.test.ts[2m > [22m[2m≡ƒÜÇ Capacity Simulation: Full System Load Test[2m > [22m[2m≡ƒöÑ Viral Post Burst[2m > [22m[2m500 comments on a single Pro users post ΓåÆ 200 sent + 300 queued
[22m[39mΓä╣∩╕Å [INFO] Rate limit hit, queuing DM | {"userId":"viral_pro","planType":"pro","remaining":{"hourly":0,"monthly":999800}}

[90mstdout[2m | tests/lib/capacity-simulation.test.ts[2m > [22m[2m≡ƒÜÇ Capacity Simulation: Full System Load Test[2m > [22m[2m≡ƒöÑ Viral Post Burst[2m > [22m[2m500 comments on a single Pro users post ΓåÆ 200 sent + 300 queued
[22m[39mΓä╣∩╕Å [INFO] Rate limit hit, queuing DM | {"userId":"viral_pro","planType":"pro","remaining":{"hourly":0,"monthly":999800}}

[90mstdout[2m | tests/lib/capacity-simulation.test.ts[2m > [22m[2m≡ƒÜÇ Capacity Simulation: Full System Load Test[2m > [22m[2m≡ƒöÑ Viral Post Burst[2m > [22m[2m500 comments on a single Pro users post ΓåÆ 200 sent + 300 queued
[22m[39mΓä╣∩╕Å [INFO] Rate limit hit, queuing DM | {"userId":"viral_pro","planType":"pro","remaining":{"hourly":0,"monthly":999800}}

[90mstdout[2m | tests/lib/capacity-simulation.test.ts[2m > [22m[2m≡ƒÜÇ Capacity Simulation: Full System Load Test[2m > [22m[2m≡ƒöÑ Viral Post Burst[2m > [22m[2m500 comments on a single Pro users post ΓåÆ 200 sent + 300 queued
[22m[39mΓä╣∩╕Å [INFO] Rate limit hit, queuing DM | {"userId":"viral_pro","planType":"pro","remaining":{"hourly":0,"monthly":999800}}

[90mstdout[2m | tests/lib/capacity-simulation.test.ts[2m > [22m[2m≡ƒÜÇ Capacity Simulation: Full System Load Test[2m > [22m[2m≡ƒöÑ Viral Post Burst[2m > [22m[2m500 comments on a single Pro users post ΓåÆ 200 sent + 300 queued
[22m[39mΓä╣∩╕Å [INFO] Rate limit hit, queuing DM | {"userId":"viral_pro","planType":"pro","remaining":{"hourly":0,"monthly":999800}}

[90mstdout[2m | tests/lib/capacity-simulation.test.ts[2m > [22m[2m≡ƒÜÇ Capacity Simulation: Full System Load Test[2m > [22m[2m≡ƒöÑ Viral Post Burst[2m > [22m[2m500 comments on a single Pro users post ΓåÆ 200 sent + 300 queued
[22m[39mΓä╣∩╕Å [INFO] Rate limit hit, queuing DM | {"userId":"viral_pro","planType":"pro","remaining":{"hourly":0,"monthly":999800}}

[90mstdout[2m | tests/lib/capacity-simulation.test.ts[2m > [22m[2m≡ƒÜÇ Capacity Simulation: Full System Load Test[2m > [22m[2m≡ƒöÑ Viral Post Burst[2m > [22m[2m500 comments on a single Pro users post ΓåÆ 200 sent + 300 queued
[22m[39mΓä╣∩╕Å [INFO] Rate limit hit, queuing DM | {"userId":"viral_pro","planType":"pro","remaining":{"hourly":0,"monthly":999800}}

[90mstdout[2m | tests/lib/capacity-simulation.test.ts[2m > [22m[2m≡ƒÜÇ Capacity Simulation: Full System Load Test[2m > [22m[2m≡ƒöÑ Viral Post Burst[2m > [22m[2m500 comments on a single Pro users post ΓåÆ 200 sent + 300 queued
[22m[39mΓä╣∩╕Å [INFO] Rate limit hit, queuing DM | {"userId":"viral_pro","planType":"pro","remaining":{"hourly":0,"monthly":999800}}

[90mstdout[2m | tests/lib/capacity-simulation.test.ts[2m > [22m[2m≡ƒÜÇ Capacity Simulation: Full System Load Test[2m > [22m[2m≡ƒöÑ Viral Post Burst[2m > [22m[2m500 comments on a single Pro users post ΓåÆ 200 sent + 300 queued
[22m[39mΓä╣∩╕Å [INFO] Rate limit hit, queuing DM | {"userId":"viral_pro","planType":"pro","remaining":{"hourly":0,"monthly":999800}}

[90mstdout[2m | tests/lib/capacity-simulation.test.ts[2m > [22m[2m≡ƒÜÇ Capacity Simulation: Full System Load Test[2m > [22m[2m≡ƒöÑ Viral Post Burst[2m > [22m[2m500 comments on a single Pro users post ΓåÆ 200 sent + 300 queued
[22m[39mΓä╣∩╕Å [INFO] Rate limit hit, queuing DM | {"userId":"viral_pro","planType":"pro","remaining":{"hourly":0,"monthly":999800}}

[90mstdout[2m | tests/lib/capacity-simulation.test.ts[2m > [22m[2m≡ƒÜÇ Capacity Simulation: Full System Load Test[2m > [22m[2m≡ƒöÑ Viral Post Burst[2m > [22m[2m500 comments on a single Pro users post ΓåÆ 200 sent + 300 queued
[22m[39mΓä╣∩╕Å [INFO] Rate limit hit, queuing DM | {"userId":"viral_pro","planType":"pro","remaining":{"hourly":0,"monthly":999800}}

[90mstdout[2m | tests/lib/capacity-simulation.test.ts[2m > [22m[2m≡ƒÜÇ Capacity Simulation: Full System Load Test[2m > [22m[2m≡ƒöÑ Viral Post Burst[2m > [22m[2m500 comments on a single Pro users post ΓåÆ 200 sent + 300 queued
[22m[39mΓä╣∩╕Å [INFO] Rate limit hit, queuing DM | {"userId":"viral_pro","planType":"pro","remaining":{"hourly":0,"monthly":999800}}

[90mstdout[2m | tests/lib/capacity-simulation.test.ts[2m > [22m[2m≡ƒÜÇ Capacity Simulation: Full System Load Test[2m > [22m[2m≡ƒöÑ Viral Post Burst[2m > [22m[2m500 comments on a single Pro users post ΓåÆ 200 sent + 300 queued
[22m[39mΓä╣∩╕Å [INFO] Rate limit hit, queuing DM | {"userId":"viral_pro","planType":"pro","remaining":{"hourly":0,"monthly":999800}}

[90mstdout[2m | tests/lib/capacity-simulation.test.ts[2m > [22m[2m≡ƒÜÇ Capacity Simulation: Full System Load Test[2m > [22m[2m≡ƒöÑ Viral Post Burst[2m > [22m[2m500 comments on a single Pro users post ΓåÆ 200 sent + 300 queued
[22m[39mΓä╣∩╕Å [INFO] Rate limit hit, queuing DM | {"userId":"viral_pro","planType":"pro","remaining":{"hourly":0,"monthly":999800}}

[90mstdout[2m | tests/lib/capacity-simulation.test.ts[2m > [22m[2m≡ƒÜÇ Capacity Simulation: Full System Load Test[2m > [22m[2m≡ƒöÑ Viral Post Burst[2m > [22m[2m500 comments on a single Pro users post ΓåÆ 200 sent + 300 queued
[22m[39mΓä╣∩╕Å [INFO] Rate limit hit, queuing DM | {"userId":"viral_pro","planType":"pro","remaining":{"hourly":0,"monthly":999800}}

[90mstdout[2m | tests/lib/capacity-simulation.test.ts[2m > [22m[2m≡ƒÜÇ Capacity Simulation: Full System Load Test[2m > [22m[2m≡ƒöÑ Viral Post Burst[2m > [22m[2m500 comments on a single Pro users post ΓåÆ 200 sent + 300 queued
[22m[39mΓä╣∩╕Å [INFO] Rate limit hit, queuing DM | {"userId":"viral_pro","planType":"pro","remaining":{"hourly":0,"monthly":999800}}

[90mstdout[2m | tests/lib/capacity-simulation.test.ts[2m > [22m[2m≡ƒÜÇ Capacity Simulation: Full System Load Test[2m > [22m[2m≡ƒöÑ Viral Post Burst[2m > [22m[2m500 comments on a single Pro users post ΓåÆ 200 sent + 300 queued
[22m[39mΓä╣∩╕Å [INFO] Rate limit hit, queuing DM | {"userId":"viral_pro","planType":"pro","remaining":{"hourly":0,"monthly":999800}}

[90mstdout[2m | tests/lib/capacity-simulation.test.ts[2m > [22m[2m≡ƒÜÇ Capacity Simulation: Full System Load Test[2m > [22m[2m≡ƒöÑ Viral Post Burst[2m > [22m[2m500 comments on a single Pro users post ΓåÆ 200 sent + 300 queued
[22m[39mΓä╣∩╕Å [INFO] Rate limit hit, queuing DM | {"userId":"viral_pro","planType":"pro","remaining":{"hourly":0,"monthly":999800}}

[90mstdout[2m | tests/lib/capacity-simulation.test.ts[2m > [22m[2m≡ƒÜÇ Capacity Simulation: Full System Load Test[2m > [22m[2m≡ƒöÑ Viral Post Burst[2m > [22m[2m500 comments on a single Pro users post ΓåÆ 200 sent + 300 queued
[22m[39mΓä╣∩╕Å [INFO] Rate limit hit, queuing DM | {"userId":"viral_pro","planType":"pro","remaining":{"hourly":0,"monthly":999800}}

[90mstdout[2m | tests/lib/capacity-simulation.test.ts[2m > [22m[2m≡ƒÜÇ Capacity Simulation: Full System Load Test[2m > [22m[2m≡ƒöÑ Viral Post Burst[2m > [22m[2m500 comments on a single Pro users post ΓåÆ 200 sent + 300 queued
[22m[39mΓä╣∩╕Å [INFO] Rate limit hit, queuing DM | {"userId":"viral_pro","planType":"pro","remaining":{"hourly":0,"monthly":999800}}

[90mstdout[2m | tests/lib/capacity-simulation.test.ts[2m > [22m[2m≡ƒÜÇ Capacity Simulation: Full System Load Test[2m > [22m[2m≡ƒöÑ Viral Post Burst[2m > [22m[2m500 comments on a single Pro users post ΓåÆ 200 sent + 300 queued
[22m[39mΓä╣∩╕Å [INFO] Rate limit hit, queuing DM | {"userId":"viral_pro","planType":"pro","remaining":{"hourly":0,"monthly":999800}}

[90mstdout[2m | tests/lib/capacity-simulation.test.ts[2m > [22m[2m≡ƒÜÇ Capacity Simulation: Full System Load Test[2m > [22m[2m≡ƒöÑ Viral Post Burst[2m > [22m[2m500 comments on a single Pro users post ΓåÆ 200 sent + 300 queued
[22m[39mΓä╣∩╕Å [INFO] Rate limit hit, queuing DM | {"userId":"viral_pro","planType":"pro","remaining":{"hourly":0,"monthly":999800}}

[90mstdout[2m | tests/lib/capacity-simulation.test.ts[2m > [22m[2m≡ƒÜÇ Capacity Simulation: Full System Load Test[2m > [22m[2m≡ƒöÑ Viral Post Burst[2m > [22m[2m500 comments on a single Pro users post ΓåÆ 200 sent + 300 queued
[22m[39mΓä╣∩╕Å [INFO] Rate limit hit, queuing DM | {"userId":"viral_pro","planType":"pro","remaining":{"hourly":0,"monthly":999800}}

[90mstdout[2m | tests/lib/capacity-simulation.test.ts[2m > [22m[2m≡ƒÜÇ Capacity Simulation: Full System Load Test[2m > [22m[2m≡ƒöÑ Viral Post Burst[2m > [22m[2m500 comments on a single Pro users post ΓåÆ 200 sent + 300 queued
[22m[39mΓä╣∩╕Å [INFO] Rate limit hit, queuing DM | {"userId":"viral_pro","planType":"pro","remaining":{"hourly":0,"monthly":999800}}

[90mstdout[2m | tests/lib/capacity-simulation.test.ts[2m > [22m[2m≡ƒÜÇ Capacity Simulation: Full System Load Test[2m > [22m[2m≡ƒöÑ Viral Post Burst[2m > [22m[2m500 comments on a single Pro users post ΓåÆ 200 sent + 300 queued
[22m[39mΓä╣∩╕Å [INFO] Rate limit hit, queuing DM | {"userId":"viral_pro","planType":"pro","remaining":{"hourly":0,"monthly":999800}}

[90mstdout[2m | tests/lib/capacity-simulation.test.ts[2m > [22m[2m≡ƒÜÇ Capacity Simulation: Full System Load Test[2m > [22m[2m≡ƒöÑ Viral Post Burst[2m > [22m[2m500 comments on a single Pro users post ΓåÆ 200 sent + 300 queued
[22m[39mΓä╣∩╕Å [INFO] Rate limit hit, queuing DM | {"userId":"viral_pro","planType":"pro","remaining":{"hourly":0,"monthly":999800}}

[90mstdout[2m | tests/lib/capacity-simulation.test.ts[2m > [22m[2m≡ƒÜÇ Capacity Simulation: Full System Load Test[2m > [22m[2m≡ƒöÑ Viral Post Burst[2m > [22m[2m500 comments on a single Pro users post ΓåÆ 200 sent + 300 queued
[22m[39mΓä╣∩╕Å [INFO] Rate limit hit, queuing DM | {"userId":"viral_pro","planType":"pro","remaining":{"hourly":0,"monthly":999800}}

[90mstdout[2m | tests/lib/capacity-simulation.test.ts[2m > [22m[2m≡ƒÜÇ Capacity Simulation: Full System Load Test[2m > [22m[2m≡ƒöÑ Viral Post Burst[2m > [22m[2m500 comments on a single Pro users post ΓåÆ 200 sent + 300 queued
[22m[39mΓä╣∩╕Å [INFO] Rate limit hit, queuing DM | {"userId":"viral_pro","planType":"pro","remaining":{"hourly":0,"monthly":999800}}

[90mstdout[2m | tests/lib/capacity-simulation.test.ts[2m > [22m[2m≡ƒÜÇ Capacity Simulation: Full System Load Test[2m > [22m[2m≡ƒöÑ Viral Post Burst[2m > [22m[2m500 comments on a single Pro users post ΓåÆ 200 sent + 300 queued
[22m[39mΓä╣∩╕Å [INFO] Rate limit hit, queuing DM | {"userId":"viral_pro","planType":"pro","remaining":{"hourly":0,"monthly":999800}}

[90mstdout[2m | tests/lib/capacity-simulation.test.ts[2m > [22m[2m≡ƒÜÇ Capacity Simulation: Full System Load Test[2m > [22m[2m≡ƒöÑ Viral Post Burst[2m > [22m[2m500 comments on a single Pro users post ΓåÆ 200 sent + 300 queued
[22m[39mΓä╣∩╕Å [INFO] Rate limit hit, queuing DM | {"userId":"viral_pro","planType":"pro","remaining":{"hourly":0,"monthly":999800}}

[90mstdout[2m | tests/lib/capacity-simulation.test.ts[2m > [22m[2m≡ƒÜÇ Capacity Simulation: Full System Load Test[2m > [22m[2m≡ƒöÑ Viral Post Burst[2m > [22m[2m500 comments on a single Pro users post ΓåÆ 200 sent + 300 queued
[22m[39mΓä╣∩╕Å [INFO] Rate limit hit, queuing DM | {"userId":"viral_pro","planType":"pro","remaining":{"hourly":0,"monthly":999800}}

[90mstdout[2m | tests/lib/capacity-simulation.test.ts[2m > [22m[2m≡ƒÜÇ Capacity Simulation: Full System Load Test[2m > [22m[2m≡ƒöÑ Viral Post Burst[2m > [22m[2m500 comments on a single Pro users post ΓåÆ 200 sent + 300 queued
[22m[39mΓä╣∩╕Å [INFO] Rate limit hit, queuing DM | {"userId":"viral_pro","planType":"pro","remaining":{"hourly":0,"monthly":999800}}

[90mstdout[2m | tests/lib/capacity-simulation.test.ts[2m > [22m[2m≡ƒÜÇ Capacity Simulation: Full System Load Test[2m > [22m[2m≡ƒöÑ Viral Post Burst[2m > [22m[2m500 comments on a single Pro users post ΓåÆ 200 sent + 300 queued
[22m[39mΓä╣∩╕Å [INFO] Rate limit hit, queuing DM | {"userId":"viral_pro","planType":"pro","remaining":{"hourly":0,"monthly":999800}}

[90mstdout[2m | tests/lib/capacity-simulation.test.ts[2m > [22m[2m≡ƒÜÇ Capacity Simulation: Full System Load Test[2m > [22m[2m≡ƒöÑ Viral Post Burst[2m > [22m[2m500 comments on a single Pro users post ΓåÆ 200 sent + 300 queued
[22m[39mΓä╣∩╕Å [INFO] Rate limit hit, queuing DM | {"userId":"viral_pro","planType":"pro","remaining":{"hourly":0,"monthly":999800}}

[90mstdout[2m | tests/lib/capacity-simulation.test.ts[2m > [22m[2m≡ƒÜÇ Capacity Simulation: Full System Load Test[2m > [22m[2m≡ƒöÑ Viral Post Burst[2m > [22m[2m500 comments on a single Pro users post ΓåÆ 200 sent + 300 queued
[22m[39mΓä╣∩╕Å [INFO] Rate limit hit, queuing DM | {"userId":"viral_pro","planType":"pro","remaining":{"hourly":0,"monthly":999800}}

[90mstdout[2m | tests/lib/capacity-simulation.test.ts[2m > [22m[2m≡ƒÜÇ Capacity Simulation: Full System Load Test[2m > [22m[2m≡ƒöÑ Viral Post Burst[2m > [22m[2m500 comments on a single Pro users post ΓåÆ 200 sent + 300 queued
[22m[39mΓä╣∩╕Å [INFO] Rate limit hit, queuing DM | {"userId":"viral_pro","planType":"pro","remaining":{"hourly":0,"monthly":999800}}

[90mstdout[2m | tests/lib/capacity-simulation.test.ts[2m > [22m[2m≡ƒÜÇ Capacity Simulation: Full System Load Test[2m > [22m[2m≡ƒöÑ Viral Post Burst[2m > [22m[2m500 comments on a single Pro users post ΓåÆ 200 sent + 300 queued
[22m[39mΓä╣∩╕Å [INFO] Rate limit hit, queuing DM | {"userId":"viral_pro","planType":"pro","remaining":{"hourly":0,"monthly":999800}}

[90mstdout[2m | tests/lib/capacity-simulation.test.ts[2m > [22m[2m≡ƒÜÇ Capacity Simulation: Full System Load Test[2m > [22m[2m≡ƒöÑ Viral Post Burst[2m > [22m[2m500 comments on a single Pro users post ΓåÆ 200 sent + 300 queued
[22m[39mΓä╣∩╕Å [INFO] Rate limit hit, queuing DM | {"userId":"viral_pro","planType":"pro","remaining":{"hourly":0,"monthly":999800}}

[90mstdout[2m | tests/lib/capacity-simulation.test.ts[2m > [22m[2m≡ƒÜÇ Capacity Simulation: Full System Load Test[2m > [22m[2m≡ƒöÑ Viral Post Burst[2m > [22m[2m500 comments on a single Pro users post ΓåÆ 200 sent + 300 queued
[22m[39mΓä╣∩╕Å [INFO] Rate limit hit, queuing DM | {"userId":"viral_pro","planType":"pro","remaining":{"hourly":0,"monthly":999800}}

[90mstdout[2m | tests/lib/capacity-simulation.test.ts[2m > [22m[2m≡ƒÜÇ Capacity Simulation: Full System Load Test[2m > [22m[2m≡ƒöÑ Viral Post Burst[2m > [22m[2m500 comments on a single Pro users post ΓåÆ 200 sent + 300 queued
[22m[39mΓä╣∩╕Å [INFO] Rate limit hit, queuing DM | {"userId":"viral_pro","planType":"pro","remaining":{"hourly":0,"monthly":999800}}

[90mstdout[2m | tests/lib/capacity-simulation.test.ts[2m > [22m[2m≡ƒÜÇ Capacity Simulation: Full System Load Test[2m > [22m[2m≡ƒöÑ Viral Post Burst[2m > [22m[2m500 comments on a single Pro users post ΓåÆ 200 sent + 300 queued
[22m[39mΓä╣∩╕Å [INFO] Rate limit hit, queuing DM | {"userId":"viral_pro","planType":"pro","remaining":{"hourly":0,"monthly":999800}}

[90mstdout[2m | tests/lib/capacity-simulation.test.ts[2m > [22m[2m≡ƒÜÇ Capacity Simulation: Full System Load Test[2m > [22m[2m≡ƒöÑ Viral Post Burst[2m > [22m[2m500 comments on a single Pro users post ΓåÆ 200 sent + 300 queued
[22m[39mΓä╣∩╕Å [INFO] Rate limit hit, queuing DM | {"userId":"viral_pro","planType":"pro","remaining":{"hourly":0,"monthly":999800}}

[90mstdout[2m | tests/lib/capacity-simulation.test.ts[2m > [22m[2m≡ƒÜÇ Capacity Simulation: Full System Load Test[2m > [22m[2m≡ƒöÑ Viral Post Burst[2m > [22m[2m500 comments on a single Pro users post ΓåÆ 200 sent + 300 queued
[22m[39mΓä╣∩╕Å [INFO] Rate limit hit, queuing DM | {"userId":"viral_pro","planType":"pro","remaining":{"hourly":0,"monthly":999800}}

[90mstdout[2m | tests/lib/capacity-simulation.test.ts[2m > [22m[2m≡ƒÜÇ Capacity Simulation: Full System Load Test[2m > [22m[2m≡ƒöÑ Viral Post Burst[2m > [22m[2m500 comments on a single Pro users post ΓåÆ 200 sent + 300 queued
[22m[39mΓä╣∩╕Å [INFO] Rate limit hit, queuing DM | {"userId":"viral_pro","planType":"pro","remaining":{"hourly":0,"monthly":999800}}

[90mstdout[2m | tests/lib/capacity-simulation.test.ts[2m > [22m[2m≡ƒÜÇ Capacity Simulation: Full System Load Test[2m > [22m[2m≡ƒöÑ Viral Post Burst[2m > [22m[2m500 comments on a single Pro users post ΓåÆ 200 sent + 300 queued
[22m[39mΓä╣∩╕Å [INFO] Rate limit hit, queuing DM | {"userId":"viral_pro","planType":"pro","remaining":{"hourly":0,"monthly":999800}}

[90mstdout[2m | tests/lib/capacity-simulation.test.ts[2m > [22m[2m≡ƒÜÇ Capacity Simulation: Full System Load Test[2m > [22m[2m≡ƒöÑ Viral Post Burst[2m > [22m[2m500 comments on a single Pro users post ΓåÆ 200 sent + 300 queued
[22m[39mΓä╣∩╕Å [INFO] Rate limit hit, queuing DM | {"userId":"viral_pro","planType":"pro","remaining":{"hourly":0,"monthly":999800}}

[90mstdout[2m | tests/lib/capacity-simulation.test.ts[2m > [22m[2m≡ƒÜÇ Capacity Simulation: Full System Load Test[2m > [22m[2m≡ƒöÑ Viral Post Burst[2m > [22m[2m500 comments on a single Pro users post ΓåÆ 200 sent + 300 queued
[22m[39mΓä╣∩╕Å [INFO] Rate limit hit, queuing DM | {"userId":"viral_pro","planType":"pro","remaining":{"hourly":0,"monthly":999800}}

[90mstdout[2m | tests/lib/capacity-simulation.test.ts[2m > [22m[2m≡ƒÜÇ Capacity Simulation: Full System Load Test[2m > [22m[2m≡ƒöÑ Viral Post Burst[2m > [22m[2m500 comments on a single Pro users post ΓåÆ 200 sent + 300 queued
[22m[39mΓä╣∩╕Å [INFO] Rate limit hit, queuing DM | {"userId":"viral_pro","planType":"pro","remaining":{"hourly":0,"monthly":999800}}

[90mstdout[2m | tests/lib/capacity-simulation.test.ts[2m > [22m[2m≡ƒÜÇ Capacity Simulation: Full System Load Test[2m > [22m[2m≡ƒöÑ Viral Post Burst[2m > [22m[2m500 comments on a single Pro users post ΓåÆ 200 sent + 300 queued
[22m[39mΓä╣∩╕Å [INFO] Rate limit hit, queuing DM | {"userId":"viral_pro","planType":"pro","remaining":{"hourly":0,"monthly":999800}}

[90mstdout[2m | tests/lib/capacity-simulation.test.ts[2m > [22m[2m≡ƒÜÇ Capacity Simulation: Full System Load Test[2m > [22m[2m≡ƒöÑ Viral Post Burst[2m > [22m[2m500 comments on a single Pro users post ΓåÆ 200 sent + 300 queued
[22m[39mΓä╣∩╕Å [INFO] Rate limit hit, queuing DM | {"userId":"viral_pro","planType":"pro","remaining":{"hourly":0,"monthly":999800}}

[90mstdout[2m | tests/lib/capacity-simulation.test.ts[2m > [22m[2m≡ƒÜÇ Capacity Simulation: Full System Load Test[2m > [22m[2m≡ƒöÑ Viral Post Burst[2m > [22m[2m500 comments on a single Pro users post ΓåÆ 200 sent + 300 queued
[22m[39mΓä╣∩╕Å [INFO] Rate limit hit, queuing DM | {"userId":"viral_pro","planType":"pro","remaining":{"hourly":0,"monthly":999800}}

[90mstdout[2m | tests/lib/capacity-simulation.test.ts[2m > [22m[2m≡ƒÜÇ Capacity Simulation: Full System Load Test[2m > [22m[2m≡ƒöÑ Viral Post Burst[2m > [22m[2m500 comments on a single Pro users post ΓåÆ 200 sent + 300 queued
[22m[39mΓä╣∩╕Å [INFO] Rate limit hit, queuing DM | {"userId":"viral_pro","planType":"pro","remaining":{"hourly":0,"monthly":999800}}

[90mstdout[2m | tests/lib/capacity-simulation.test.ts[2m > [22m[2m≡ƒÜÇ Capacity Simulation: Full System Load Test[2m > [22m[2m≡ƒöÑ Viral Post Burst[2m > [22m[2m500 comments on a single Pro users post ΓåÆ 200 sent + 300 queued
[22m[39mΓä╣∩╕Å [INFO] Rate limit hit, queuing DM | {"userId":"viral_pro","planType":"pro","remaining":{"hourly":0,"monthly":999800}}

[90mstdout[2m | tests/lib/capacity-simulation.test.ts[2m > [22m[2m≡ƒÜÇ Capacity Simulation: Full System Load Test[2m > [22m[2m≡ƒöÑ Viral Post Burst[2m > [22m[2m500 comments on a single Pro users post ΓåÆ 200 sent + 300 queued
[22m[39mΓä╣∩╕Å [INFO] Rate limit hit, queuing DM | {"userId":"viral_pro","planType":"pro","remaining":{"hourly":0,"monthly":999800}}

[90mstdout[2m | tests/lib/capacity-simulation.test.ts[2m > [22m[2m≡ƒÜÇ Capacity Simulation: Full System Load Test[2m > [22m[2m≡ƒöÑ Viral Post Burst[2m > [22m[2m500 comments on a single Pro users post ΓåÆ 200 sent + 300 queued
[22m[39mΓä╣∩╕Å [INFO] Rate limit hit, queuing DM | {"userId":"viral_pro","planType":"pro","remaining":{"hourly":0,"monthly":999800}}

[90mstdout[2m | tests/lib/capacity-simulation.test.ts[2m > [22m[2m≡ƒÜÇ Capacity Simulation: Full System Load Test[2m > [22m[2m≡ƒöÑ Viral Post Burst[2m > [22m[2m500 comments on a single Pro users post ΓåÆ 200 sent + 300 queued
[22m[39mΓä╣∩╕Å [INFO] Rate limit hit, queuing DM | {"userId":"viral_pro","planType":"pro","remaining":{"hourly":0,"monthly":999800}}

[90mstdout[2m | tests/lib/capacity-simulation.test.ts[2m > [22m[2m≡ƒÜÇ Capacity Simulation: Full System Load Test[2m > [22m[2m≡ƒöÑ Viral Post Burst[2m > [22m[2m500 comments on a single Pro users post ΓåÆ 200 sent + 300 queued
[22m[39mΓä╣∩╕Å [INFO] Rate limit hit, queuing DM | {"userId":"viral_pro","planType":"pro","remaining":{"hourly":0,"monthly":999800}}

[90mstdout[2m | tests/lib/capacity-simulation.test.ts[2m > [22m[2m≡ƒÜÇ Capacity Simulation: Full System Load Test[2m > [22m[2m≡ƒöÑ Viral Post Burst[2m > [22m[2m500 comments on a single Pro users post ΓåÆ 200 sent + 300 queued
[22m[39mΓä╣∩╕Å [INFO] Rate limit hit, queuing DM | {"userId":"viral_pro","planType":"pro","remaining":{"hourly":0,"monthly":999800}}

[90mstdout[2m | tests/lib/capacity-simulation.test.ts[2m > [22m[2m≡ƒÜÇ Capacity Simulation: Full System Load Test[2m > [22m[2m≡ƒöÑ Viral Post Burst[2m > [22m[2m500 comments on a single Pro users post ΓåÆ 200 sent + 300 queued
[22m[39mΓä╣∩╕Å [INFO] Rate limit hit, queuing DM | {"userId":"viral_pro","planType":"pro","remaining":{"hourly":0,"monthly":999800}}

[90mstdout[2m | tests/lib/capacity-simulation.test.ts[2m > [22m[2m≡ƒÜÇ Capacity Simulation: Full System Load Test[2m > [22m[2m≡ƒöÑ Viral Post Burst[2m > [22m[2m500 comments on a single Pro users post ΓåÆ 200 sent + 300 queued
[22m[39mΓä╣∩╕Å [INFO] Rate limit hit, queuing DM | {"userId":"viral_pro","planType":"pro","remaining":{"hourly":0,"monthly":999800}}

[90mstdout[2m | tests/lib/capacity-simulation.test.ts[2m > [22m[2m≡ƒÜÇ Capacity Simulation: Full System Load Test[2m > [22m[2m≡ƒöÑ Viral Post Burst[2m > [22m[2m500 comments on a single Pro users post ΓåÆ 200 sent + 300 queued
[22m[39mΓä╣∩╕Å [INFO] Rate limit hit, queuing DM | {"userId":"viral_pro","planType":"pro","remaining":{"hourly":0,"monthly":999800}}

[90mstdout[2m | tests/lib/capacity-simulation.test.ts[2m > [22m[2m≡ƒÜÇ Capacity Simulation: Full System Load Test[2m > [22m[2m≡ƒöÑ Viral Post Burst[2m > [22m[2m500 comments on a single Pro users post ΓåÆ 200 sent + 300 queued
[22m[39mΓä╣∩╕Å [INFO] Rate limit hit, queuing DM | {"userId":"viral_pro","planType":"pro","remaining":{"hourly":0,"monthly":999800}}

[90mstdout[2m | tests/lib/capacity-simulation.test.ts[2m > [22m[2m≡ƒÜÇ Capacity Simulation: Full System Load Test[2m > [22m[2m≡ƒöÑ Viral Post Burst[2m > [22m[2m500 comments on a single Pro users post ΓåÆ 200 sent + 300 queued
[22m[39mΓä╣∩╕Å [INFO] Rate limit hit, queuing DM | {"userId":"viral_pro","planType":"pro","remaining":{"hourly":0,"monthly":999800}}

[90mstdout[2m | tests/lib/capacity-simulation.test.ts[2m > [22m[2m≡ƒÜÇ Capacity Simulation: Full System Load Test[2m > [22m[2m≡ƒöÑ Viral Post Burst[2m > [22m[2m500 comments on a single Pro users post ΓåÆ 200 sent + 300 queued
[22m[39mΓä╣∩╕Å [INFO] Rate limit hit, queuing DM | {"userId":"viral_pro","planType":"pro","remaining":{"hourly":0,"monthly":999800}}

[90mstdout[2m | tests/lib/capacity-simulation.test.ts[2m > [22m[2m≡ƒÜÇ Capacity Simulation: Full System Load Test[2m > [22m[2m≡ƒöÑ Viral Post Burst[2m > [22m[2m500 comments on a single Pro users post ΓåÆ 200 sent + 300 queued
[22m[39mΓä╣∩╕Å [INFO] Rate limit hit, queuing DM | {"userId":"viral_pro","planType":"pro","remaining":{"hourly":0,"monthly":999800}}

[90mstdout[2m | tests/lib/capacity-simulation.test.ts[2m > [22m[2m≡ƒÜÇ Capacity Simulation: Full System Load Test[2m > [22m[2m≡ƒöÑ Viral Post Burst[2m > [22m[2m500 comments on a single Pro users post ΓåÆ 200 sent + 300 queued
[22m[39mΓä╣∩╕Å [INFO] Rate limit hit, queuing DM | {"userId":"viral_pro","planType":"pro","remaining":{"hourly":0,"monthly":999800}}

[90mstdout[2m | tests/lib/capacity-simulation.test.ts[2m > [22m[2m≡ƒÜÇ Capacity Simulation: Full System Load Test[2m > [22m[2m≡ƒöÑ Viral Post Burst[2m > [22m[2m500 comments on a single Pro users post ΓåÆ 200 sent + 300 queued
[22m[39mΓä╣∩╕Å [INFO] Rate limit hit, queuing DM | {"userId":"viral_pro","planType":"pro","remaining":{"hourly":0,"monthly":999800}}

[90mstdout[2m | tests/lib/capacity-simulation.test.ts[2m > [22m[2m≡ƒÜÇ Capacity Simulation: Full System Load Test[2m > [22m[2m≡ƒöÑ Viral Post Burst[2m > [22m[2m500 comments on a single Pro users post ΓåÆ 200 sent + 300 queued
[22m[39mΓä╣∩╕Å [INFO] Rate limit hit, queuing DM | {"userId":"viral_pro","planType":"pro","remaining":{"hourly":0,"monthly":999800}}

[90mstdout[2m | tests/lib/capacity-simulation.test.ts[2m > [22m[2m≡ƒÜÇ Capacity Simulation: Full System Load Test[2m > [22m[2m≡ƒöÑ Viral Post Burst[2m > [22m[2m500 comments on a single Pro users post ΓåÆ 200 sent + 300 queued
[22m[39mΓä╣∩╕Å [INFO] Rate limit hit, queuing DM | {"userId":"viral_pro","planType":"pro","remaining":{"hourly":0,"monthly":999800}}

[90mstdout[2m | tests/lib/capacity-simulation.test.ts[2m > [22m[2m≡ƒÜÇ Capacity Simulation: Full System Load Test[2m > [22m[2m≡ƒöÑ Viral Post Burst[2m > [22m[2m500 comments on a single Pro users post ΓåÆ 200 sent + 300 queued
[22m[39mΓä╣∩╕Å [INFO] Rate limit hit, queuing DM | {"userId":"viral_pro","planType":"pro","remaining":{"hourly":0,"monthly":999800}}

[90mstdout[2m | tests/lib/capacity-simulation.test.ts[2m > [22m[2m≡ƒÜÇ Capacity Simulation: Full System Load Test[2m > [22m[2m≡ƒöÑ Viral Post Burst[2m > [22m[2m500 comments on a single Pro users post ΓåÆ 200 sent + 300 queued
[22m[39mΓä╣∩╕Å [INFO] Rate limit hit, queuing DM | {"userId":"viral_pro","planType":"pro","remaining":{"hourly":0,"monthly":999800}}

[90mstdout[2m | tests/lib/capacity-simulation.test.ts[2m > [22m[2m≡ƒÜÇ Capacity Simulation: Full System Load Test[2m > [22m[2m≡ƒöÑ Viral Post Burst[2m > [22m[2m500 comments on a single Pro users post ΓåÆ 200 sent + 300 queued
[22m[39mΓä╣∩╕Å [INFO] Rate limit hit, queuing DM | {"userId":"viral_pro","planType":"pro","remaining":{"hourly":0,"monthly":999800}}

[90mstdout[2m | tests/lib/capacity-simulation.test.ts[2m > [22m[2m≡ƒÜÇ Capacity Simulation: Full System Load Test[2m > [22m[2m≡ƒöÑ Viral Post Burst[2m > [22m[2m500 comments on a single Pro users post ΓåÆ 200 sent + 300 queued
[22m[39mΓä╣∩╕Å [INFO] Rate limit hit, queuing DM | {"userId":"viral_pro","planType":"pro","remaining":{"hourly":0,"monthly":999800}}

[90mstdout[2m | tests/lib/capacity-simulation.test.ts[2m > [22m[2m≡ƒÜÇ Capacity Simulation: Full System Load Test[2m > [22m[2m≡ƒöÑ Viral Post Burst[2m > [22m[2m500 comments on a single Pro users post ΓåÆ 200 sent + 300 queued
[22m[39mΓä╣∩╕Å [INFO] Rate limit hit, queuing DM | {"userId":"viral_pro","planType":"pro","remaining":{"hourly":0,"monthly":999800}}

[90mstdout[2m | tests/lib/capacity-simulation.test.ts[2m > [22m[2m≡ƒÜÇ Capacity Simulation: Full System Load Test[2m > [22m[2m≡ƒöÑ Viral Post Burst[2m > [22m[2m500 comments on a single Pro users post ΓåÆ 200 sent + 300 queued
[22m[39mΓä╣∩╕Å [INFO] Rate limit hit, queuing DM | {"userId":"viral_pro","planType":"pro","remaining":{"hourly":0,"monthly":999800}}

[90mstdout[2m | tests/lib/capacity-simulation.test.ts[2m > [22m[2m≡ƒÜÇ Capacity Simulation: Full System Load Test[2m > [22m[2m≡ƒöÑ Viral Post Burst[2m > [22m[2m500 comments on a single Pro users post ΓåÆ 200 sent + 300 queued
[22m[39mΓä╣∩╕Å [INFO] Rate limit hit, queuing DM | {"userId":"viral_pro","planType":"pro","remaining":{"hourly":0,"monthly":999800}}

[90mstdout[2m | tests/lib/capacity-simulation.test.ts[2m > [22m[2m≡ƒÜÇ Capacity Simulation: Full System Load Test[2m > [22m[2m≡ƒöÑ Viral Post Burst[2m > [22m[2m500 comments on a single Pro users post ΓåÆ 200 sent + 300 queued
[22m[39mΓä╣∩╕Å [INFO] Rate limit hit, queuing DM | {"userId":"viral_pro","planType":"pro","remaining":{"hourly":0,"monthly":999800}}

[90mstdout[2m | tests/lib/capacity-simulation.test.ts[2m > [22m[2m≡ƒÜÇ Capacity Simulation: Full System Load Test[2m > [22m[2m≡ƒöÑ Viral Post Burst[2m > [22m[2m500 comments on a single Pro users post ΓåÆ 200 sent + 300 queued
[22m[39mΓä╣∩╕Å [INFO] Rate limit hit, queuing DM | {"userId":"viral_pro","planType":"pro","remaining":{"hourly":0,"monthly":999800}}

[90mstdout[2m | tests/lib/capacity-simulation.test.ts[2m > [22m[2m≡ƒÜÇ Capacity Simulation: Full System Load Test[2m > [22m[2m≡ƒöÑ Viral Post Burst[2m > [22m[2m500 comments on a single Pro users post ΓåÆ 200 sent + 300 queued
[22m[39mΓä╣∩╕Å [INFO] Rate limit hit, queuing DM | {"userId":"viral_pro","planType":"pro","remaining":{"hourly":0,"monthly":999800}}

[90mstdout[2m | tests/lib/capacity-simulation.test.ts[2m > [22m[2m≡ƒÜÇ Capacity Simulation: Full System Load Test[2m > [22m[2m≡ƒöÑ Viral Post Burst[2m > [22m[2m500 comments on a single Pro users post ΓåÆ 200 sent + 300 queued
[22m[39mΓä╣∩╕Å [INFO] Rate limit hit, queuing DM | {"userId":"viral_pro","planType":"pro","remaining":{"hourly":0,"monthly":999800}}

[90mstdout[2m | tests/lib/capacity-simulation.test.ts[2m > [22m[2m≡ƒÜÇ Capacity Simulation: Full System Load Test[2m > [22m[2m≡ƒöÑ Viral Post Burst[2m > [22m[2m500 comments on a single Pro users post ΓåÆ 200 sent + 300 queued
[22m[39mΓä╣∩╕Å [INFO] Rate limit hit, queuing DM | {"userId":"viral_pro","planType":"pro","remaining":{"hourly":0,"monthly":999800}}

[90mstdout[2m | tests/lib/capacity-simulation.test.ts[2m > [22m[2m≡ƒÜÇ Capacity Simulation: Full System Load Test[2m > [22m[2m≡ƒöÑ Viral Post Burst[2m > [22m[2m500 comments on a single Pro users post ΓåÆ 200 sent + 300 queued
[22m[39mΓä╣∩╕Å [INFO] Rate limit hit, queuing DM | {"userId":"viral_pro","planType":"pro","remaining":{"hourly":0,"monthly":999800}}

[90mstdout[2m | tests/lib/capacity-simulation.test.ts[2m > [22m[2m≡ƒÜÇ Capacity Simulation: Full System Load Test[2m > [22m[2m≡ƒöÑ Viral Post Burst[2m > [22m[2m500 comments on a single Pro users post ΓåÆ 200 sent + 300 queued
[22m[39mΓä╣∩╕Å [INFO] Rate limit hit, queuing DM | {"userId":"viral_pro","planType":"pro","remaining":{"hourly":0,"monthly":999800}}

[90mstdout[2m | tests/lib/capacity-simulation.test.ts[2m > [22m[2m≡ƒÜÇ Capacity Simulation: Full System Load Test[2m > [22m[2m≡ƒöÑ Viral Post Burst[2m > [22m[2m500 comments on a single Pro users post ΓåÆ 200 sent + 300 queued
[22m[39mΓä╣∩╕Å [INFO] Rate limit hit, queuing DM | {"userId":"viral_pro","planType":"pro","remaining":{"hourly":0,"monthly":999800}}

[90mstdout[2m | tests/lib/capacity-simulation.test.ts[2m > [22m[2m≡ƒÜÇ Capacity Simulation: Full System Load Test[2m > [22m[2m≡ƒöÑ Viral Post Burst[2m > [22m[2m500 comments on a single Pro users post ΓåÆ 200 sent + 300 queued
[22m[39mΓä╣∩╕Å [INFO] Rate limit hit, queuing DM | {"userId":"viral_pro","planType":"pro","remaining":{"hourly":0,"monthly":999800}}

[90mstdout[2m | tests/lib/capacity-simulation.test.ts[2m > [22m[2m≡ƒÜÇ Capacity Simulation: Full System Load Test[2m > [22m[2m≡ƒöÑ Viral Post Burst[2m > [22m[2m500 comments on a single Pro users post ΓåÆ 200 sent + 300 queued
[22m[39mΓä╣∩╕Å [INFO] Rate limit hit, queuing DM | {"userId":"viral_pro","planType":"pro","remaining":{"hourly":0,"monthly":999800}}

[90mstdout[2m | tests/lib/capacity-simulation.test.ts[2m > [22m[2m≡ƒÜÇ Capacity Simulation: Full System Load Test[2m > [22m[2m≡ƒöÑ Viral Post Burst[2m > [22m[2m500 comments on a single Pro users post ΓåÆ 200 sent + 300 queued
[22m[39mΓä╣∩╕Å [INFO] Rate limit hit, queuing DM | {"userId":"viral_pro","planType":"pro","remaining":{"hourly":0,"monthly":999800}}

[90mstdout[2m | tests/lib/capacity-simulation.test.ts[2m > [22m[2m≡ƒÜÇ Capacity Simulation: Full System Load Test[2m > [22m[2m≡ƒöÑ Viral Post Burst[2m > [22m[2m500 comments on a single Pro users post ΓåÆ 200 sent + 300 queued
[22m[39mΓä╣∩╕Å [INFO] Rate limit hit, queuing DM | {"userId":"viral_pro","planType":"pro","remaining":{"hourly":0,"monthly":999800}}

[90mstdout[2m | tests/lib/capacity-simulation.test.ts[2m > [22m[2m≡ƒÜÇ Capacity Simulation: Full System Load Test[2m > [22m[2m≡ƒöÑ Viral Post Burst[2m > [22m[2m500 comments on a single Pro users post ΓåÆ 200 sent + 300 queued
[22m[39mΓä╣∩╕Å [INFO] Rate limit hit, queuing DM | {"userId":"viral_pro","planType":"pro","remaining":{"hourly":0,"monthly":999800}}

[90mstdout[2m | tests/lib/capacity-simulation.test.ts[2m > [22m[2m≡ƒÜÇ Capacity Simulation: Full System Load Test[2m > [22m[2m≡ƒöÑ Viral Post Burst[2m > [22m[2m500 comments on a single Pro users post ΓåÆ 200 sent + 300 queued
[22m[39mΓä╣∩╕Å [INFO] Rate limit hit, queuing DM | {"userId":"viral_pro","planType":"pro","remaining":{"hourly":0,"monthly":999800}}

[90mstdout[2m | tests/lib/capacity-simulation.test.ts[2m > [22m[2m≡ƒÜÇ Capacity Simulation: Full System Load Test[2m > [22m[2m≡ƒöÑ Viral Post Burst[2m > [22m[2m500 comments on a single Pro users post ΓåÆ 200 sent + 300 queued
[22m[39mΓä╣∩╕Å [INFO] Rate limit hit, queuing DM | {"userId":"viral_pro","planType":"pro","remaining":{"hourly":0,"monthly":999800}}

[90mstdout[2m | tests/lib/capacity-simulation.test.ts[2m > [22m[2m≡ƒÜÇ Capacity Simulation: Full System Load Test[2m > [22m[2m≡ƒöÑ Viral Post Burst[2m > [22m[2m500 comments on a single Pro users post ΓåÆ 200 sent + 300 queued
[22m[39mΓä╣∩╕Å [INFO] Rate limit hit, queuing DM | {"userId":"viral_pro","planType":"pro","remaining":{"hourly":0,"monthly":999800}}

[90mstdout[2m | tests/lib/capacity-simulation.test.ts[2m > [22m[2m≡ƒÜÇ Capacity Simulation: Full System Load Test[2m > [22m[2m≡ƒöÑ Viral Post Burst[2m > [22m[2m500 comments on a single Pro users post ΓåÆ 200 sent + 300 queued
[22m[39mΓä╣∩╕Å [INFO] Rate limit hit, queuing DM | {"userId":"viral_pro","planType":"pro","remaining":{"hourly":0,"monthly":999800}}

[90mstdout[2m | tests/lib/capacity-simulation.test.ts[2m > [22m[2m≡ƒÜÇ Capacity Simulation: Full System Load Test[2m > [22m[2m≡ƒöÑ Viral Post Burst[2m > [22m[2m500 comments on a single Pro users post ΓåÆ 200 sent + 300 queued
[22m[39mΓä╣∩╕Å [INFO] Rate limit hit, queuing DM | {"userId":"viral_pro","planType":"pro","remaining":{"hourly":0,"monthly":999800}}

[90mstdout[2m | tests/lib/capacity-simulation.test.ts[2m > [22m[2m≡ƒÜÇ Capacity Simulation: Full System Load Test[2m > [22m[2m≡ƒöÑ Viral Post Burst[2m > [22m[2m500 comments on a single Pro users post ΓåÆ 200 sent + 300 queued
[22m[39mΓä╣∩╕Å [INFO] Rate limit hit, queuing DM | {"userId":"viral_pro","planType":"pro","remaining":{"hourly":0,"monthly":999800}}

[90mstdout[2m | tests/lib/capacity-simulation.test.ts[2m > [22m[2m≡ƒÜÇ Capacity Simulation: Full System Load Test[2m > [22m[2m≡ƒöÑ Viral Post Burst[2m > [22m[2m500 comments on a single Pro users post ΓåÆ 200 sent + 300 queued
[22m[39mΓä╣∩╕Å [INFO] Rate limit hit, queuing DM | {"userId":"viral_pro","planType":"pro","remaining":{"hourly":0,"monthly":999800}}

[90mstdout[2m | tests/lib/capacity-simulation.test.ts[2m > [22m[2m≡ƒÜÇ Capacity Simulation: Full System Load Test[2m > [22m[2m≡ƒöÑ Viral Post Burst[2m > [22m[2m500 comments on a single Pro users post ΓåÆ 200 sent + 300 queued
[22m[39mΓä╣∩╕Å [INFO] Rate limit hit, queuing DM | {"userId":"viral_pro","planType":"pro","remaining":{"hourly":0,"monthly":999800}}

[90mstdout[2m | tests/lib/capacity-simulation.test.ts[2m > [22m[2m≡ƒÜÇ Capacity Simulation: Full System Load Test[2m > [22m[2m≡ƒöÑ Viral Post Burst[2m > [22m[2m500 comments on a single Pro users post ΓåÆ 200 sent + 300 queued
[22m[39mΓä╣∩╕Å [INFO] Rate limit hit, queuing DM | {"userId":"viral_pro","planType":"pro","remaining":{"hourly":0,"monthly":999800}}

[90mstdout[2m | tests/lib/capacity-simulation.test.ts[2m > [22m[2m≡ƒÜÇ Capacity Simulation: Full System Load Test[2m > [22m[2m≡ƒöÑ Viral Post Burst[2m > [22m[2m500 comments on a single Pro users post ΓåÆ 200 sent + 300 queued
[22m[39mΓä╣∩╕Å [INFO] Rate limit hit, queuing DM | {"userId":"viral_pro","planType":"pro","remaining":{"hourly":0,"monthly":999800}}

[90mstdout[2m | tests/lib/capacity-simulation.test.ts[2m > [22m[2m≡ƒÜÇ Capacity Simulation: Full System Load Test[2m > [22m[2m≡ƒöÑ Viral Post Burst[2m > [22m[2m500 comments on a single Pro users post ΓåÆ 200 sent + 300 queued
[22m[39mΓä╣∩╕Å [INFO] Rate limit hit, queuing DM | {"userId":"viral_pro","planType":"pro","remaining":{"hourly":0,"monthly":999800}}

[90mstdout[2m | tests/lib/capacity-simulation.test.ts[2m > [22m[2m≡ƒÜÇ Capacity Simulation: Full System Load Test[2m > [22m[2m≡ƒöÑ Viral Post Burst[2m > [22m[2m500 comments on a single Pro users post ΓåÆ 200 sent + 300 queued
[22m[39mΓä╣∩╕Å [INFO] Rate limit hit, queuing DM | {"userId":"viral_pro","planType":"pro","remaining":{"hourly":0,"monthly":999800}}

[90mstdout[2m | tests/lib/capacity-simulation.test.ts[2m > [22m[2m≡ƒÜÇ Capacity Simulation: Full System Load Test[2m > [22m[2m≡ƒöÑ Viral Post Burst[2m > [22m[2m500 comments on a single Pro users post ΓåÆ 200 sent + 300 queued
[22m[39mΓä╣∩╕Å [INFO] Rate limit hit, queuing DM | {"userId":"viral_pro","planType":"pro","remaining":{"hourly":0,"monthly":999800}}

[90mstdout[2m | tests/lib/capacity-simulation.test.ts[2m > [22m[2m≡ƒÜÇ Capacity Simulation: Full System Load Test[2m > [22m[2m≡ƒöÑ Viral Post Burst[2m > [22m[2m500 comments on a single Pro users post ΓåÆ 200 sent + 300 queued
[22m[39mΓä╣∩╕Å [INFO] Rate limit hit, queuing DM | {"userId":"viral_pro","planType":"pro","remaining":{"hourly":0,"monthly":999800}}

[90mstdout[2m | tests/lib/capacity-simulation.test.ts[2m > [22m[2m≡ƒÜÇ Capacity Simulation: Full System Load Test[2m > [22m[2m≡ƒöÑ Viral Post Burst[2m > [22m[2m500 comments on a single Pro users post ΓåÆ 200 sent + 300 queued
[22m[39mΓä╣∩╕Å [INFO] Rate limit hit, queuing DM | {"userId":"viral_pro","planType":"pro","remaining":{"hourly":0,"monthly":999800}}

[90mstdout[2m | tests/lib/capacity-simulation.test.ts[2m > [22m[2m≡ƒÜÇ Capacity Simulation: Full System Load Test[2m > [22m[2m≡ƒöÑ Viral Post Burst[2m > [22m[2m500 comments on a single Pro users post ΓåÆ 200 sent + 300 queued
[22m[39mΓä╣∩╕Å [INFO] Rate limit hit, queuing DM | {"userId":"viral_pro","planType":"pro","remaining":{"hourly":0,"monthly":999800}}

[90mstdout[2m | tests/lib/capacity-simulation.test.ts[2m > [22m[2m≡ƒÜÇ Capacity Simulation: Full System Load Test[2m > [22m[2m≡ƒöÑ Viral Post Burst[2m > [22m[2m500 comments on a single Pro users post ΓåÆ 200 sent + 300 queued
[22m[39mΓä╣∩╕Å [INFO] Rate limit hit, queuing DM | {"userId":"viral_pro","planType":"pro","remaining":{"hourly":0,"monthly":999800}}

[90mstdout[2m | tests/lib/capacity-simulation.test.ts[2m > [22m[2m≡ƒÜÇ Capacity Simulation: Full System Load Test[2m > [22m[2m≡ƒöÑ Viral Post Burst[2m > [22m[2m500 comments on a single Pro users post ΓåÆ 200 sent + 300 queued
[22m[39mΓä╣∩╕Å [INFO] Rate limit hit, queuing DM | {"userId":"viral_pro","planType":"pro","remaining":{"hourly":0,"monthly":999800}}

[90mstdout[2m | tests/lib/capacity-simulation.test.ts[2m > [22m[2m≡ƒÜÇ Capacity Simulation: Full System Load Test[2m > [22m[2m≡ƒöÑ Viral Post Burst[2m > [22m[2m500 comments on a single Pro users post ΓåÆ 200 sent + 300 queued
[22m[39mΓä╣∩╕Å [INFO] Rate limit hit, queuing DM | {"userId":"viral_pro","planType":"pro","remaining":{"hourly":0,"monthly":999800}}

[90mstdout[2m | tests/lib/capacity-simulation.test.ts[2m > [22m[2m≡ƒÜÇ Capacity Simulation: Full System Load Test[2m > [22m[2m≡ƒöÑ Viral Post Burst[2m > [22m[2m500 comments on a single Pro users post ΓåÆ 200 sent + 300 queued
[22m[39mΓä╣∩╕Å [INFO] Rate limit hit, queuing DM | {"userId":"viral_pro","planType":"pro","remaining":{"hourly":0,"monthly":999800}}

[90mstdout[2m | tests/lib/capacity-simulation.test.ts[2m > [22m[2m≡ƒÜÇ Capacity Simulation: Full System Load Test[2m > [22m[2m≡ƒöÑ Viral Post Burst[2m > [22m[2m500 comments on a single Pro users post ΓåÆ 200 sent + 300 queued
[22m[39mΓä╣∩╕Å [INFO] Rate limit hit, queuing DM | {"userId":"viral_pro","planType":"pro","remaining":{"hourly":0,"monthly":999800}}

[90mstdout[2m | tests/lib/capacity-simulation.test.ts[2m > [22m[2m≡ƒÜÇ Capacity Simulation: Full System Load Test[2m > [22m[2m≡ƒöÑ Viral Post Burst[2m > [22m[2m500 comments on a single Pro users post ΓåÆ 200 sent + 300 queued
[22m[39mΓä╣∩╕Å [INFO] Rate limit hit, queuing DM | {"userId":"viral_pro","planType":"pro","remaining":{"hourly":0,"monthly":999800}}

[90mstdout[2m | tests/lib/capacity-simulation.test.ts[2m > [22m[2m≡ƒÜÇ Capacity Simulation: Full System Load Test[2m > [22m[2m≡ƒöÑ Viral Post Burst[2m > [22m[2m500 comments on a single Pro users post ΓåÆ 200 sent + 300 queued
[22m[39mΓä╣∩╕Å [INFO] Rate limit hit, queuing DM | {"userId":"viral_pro","planType":"pro","remaining":{"hourly":0,"monthly":999800}}

[90mstdout[2m | tests/lib/capacity-simulation.test.ts[2m > [22m[2m≡ƒÜÇ Capacity Simulation: Full System Load Test[2m > [22m[2m≡ƒöÑ Viral Post Burst[2m > [22m[2m500 comments on a single Pro users post ΓåÆ 200 sent + 300 queued
[22m[39mΓä╣∩╕Å [INFO] Rate limit hit, queuing DM | {"userId":"viral_pro","planType":"pro","remaining":{"hourly":0,"monthly":999800}}

[90mstdout[2m | tests/lib/capacity-simulation.test.ts[2m > [22m[2m≡ƒÜÇ Capacity Simulation: Full System Load Test[2m > [22m[2m≡ƒöÑ Viral Post Burst[2m > [22m[2m500 comments on a single Pro users post ΓåÆ 200 sent + 300 queued
[22m[39mΓä╣∩╕Å [INFO] Rate limit hit, queuing DM | {"userId":"viral_pro","planType":"pro","remaining":{"hourly":0,"monthly":999800}}

[90mstdout[2m | tests/lib/capacity-simulation.test.ts[2m > [22m[2m≡ƒÜÇ Capacity Simulation: Full System Load Test[2m > [22m[2m≡ƒöÑ Viral Post Burst[2m > [22m[2m500 comments on a single Pro users post ΓåÆ 200 sent + 300 queued
[22m[39mΓä╣∩╕Å [INFO] Rate limit hit, queuing DM | {"userId":"viral_pro","planType":"pro","remaining":{"hourly":0,"monthly":999800}}

[90mstdout[2m | tests/lib/capacity-simulation.test.ts[2m > [22m[2m≡ƒÜÇ Capacity Simulation: Full System Load Test[2m > [22m[2m≡ƒöÑ Viral Post Burst[2m > [22m[2m500 comments on a single Pro users post ΓåÆ 200 sent + 300 queued
[22m[39mΓä╣∩╕Å [INFO] Rate limit hit, queuing DM | {"userId":"viral_pro","planType":"pro","remaining":{"hourly":0,"monthly":999800}}

[90mstdout[2m | tests/lib/capacity-simulation.test.ts[2m > [22m[2m≡ƒÜÇ Capacity Simulation: Full System Load Test[2m > [22m[2m≡ƒöÑ Viral Post Burst[2m > [22m[2m500 comments on a single Pro users post ΓåÆ 200 sent + 300 queued
[22m[39mΓä╣∩╕Å [INFO] Rate limit hit, queuing DM | {"userId":"viral_pro","planType":"pro","remaining":{"hourly":0,"monthly":999800}}

[90mstdout[2m | tests/lib/capacity-simulation.test.ts[2m > [22m[2m≡ƒÜÇ Capacity Simulation: Full System Load Test[2m > [22m[2m≡ƒöÑ Viral Post Burst[2m > [22m[2m500 comments on a single Pro users post ΓåÆ 200 sent + 300 queued
[22m[39mΓä╣∩╕Å [INFO] Rate limit hit, queuing DM | {"userId":"viral_pro","planType":"pro","remaining":{"hourly":0,"monthly":999800}}

[90mstdout[2m | tests/lib/capacity-simulation.test.ts[2m > [22m[2m≡ƒÜÇ Capacity Simulation: Full System Load Test[2m > [22m[2m≡ƒöÑ Viral Post Burst[2m > [22m[2m500 comments on a single Pro users post ΓåÆ 200 sent + 300 queued
[22m[39mΓä╣∩╕Å [INFO] Rate limit hit, queuing DM | {"userId":"viral_pro","planType":"pro","remaining":{"hourly":0,"monthly":999800}}

[90mstdout[2m | tests/lib/capacity-simulation.test.ts[2m > [22m[2m≡ƒÜÇ Capacity Simulation: Full System Load Test[2m > [22m[2m≡ƒöÑ Viral Post Burst[2m > [22m[2m500 comments on a single Pro users post ΓåÆ 200 sent + 300 queued
[22m[39mΓä╣∩╕Å [INFO] Rate limit hit, queuing DM | {"userId":"viral_pro","planType":"pro","remaining":{"hourly":0,"monthly":999800}}

[90mstdout[2m | tests/lib/capacity-simulation.test.ts[2m > [22m[2m≡ƒÜÇ Capacity Simulation: Full System Load Test[2m > [22m[2m≡ƒöÑ Viral Post Burst[2m > [22m[2m500 comments on a single Pro users post ΓåÆ 200 sent + 300 queued
[22m[39mΓä╣∩╕Å [INFO] Rate limit hit, queuing DM | {"userId":"viral_pro","planType":"pro","remaining":{"hourly":0,"monthly":999800}}

[90mstdout[2m | tests/lib/capacity-simulation.test.ts[2m > [22m[2m≡ƒÜÇ Capacity Simulation: Full System Load Test[2m > [22m[2m≡ƒöÑ Viral Post Burst[2m > [22m[2m500 comments on a single Pro users post ΓåÆ 200 sent + 300 queued
[22m[39mΓä╣∩╕Å [INFO] Rate limit hit, queuing DM | {"userId":"viral_pro","planType":"pro","remaining":{"hourly":0,"monthly":999800}}

[90mstdout[2m | tests/lib/capacity-simulation.test.ts[2m > [22m[2m≡ƒÜÇ Capacity Simulation: Full System Load Test[2m > [22m[2m≡ƒöÑ Viral Post Burst[2m > [22m[2m500 comments on a single Pro users post ΓåÆ 200 sent + 300 queued
[22m[39mΓä╣∩╕Å [INFO] Rate limit hit, queuing DM | {"userId":"viral_pro","planType":"pro","remaining":{"hourly":0,"monthly":999800}}

[90mstdout[2m | tests/lib/capacity-simulation.test.ts[2m > [22m[2m≡ƒÜÇ Capacity Simulation: Full System Load Test[2m > [22m[2m≡ƒöÑ Viral Post Burst[2m > [22m[2m500 comments on a single Pro users post ΓåÆ 200 sent + 300 queued
[22m[39mΓä╣∩╕Å [INFO] Rate limit hit, queuing DM | {"userId":"viral_pro","planType":"pro","remaining":{"hourly":0,"monthly":999800}}

[90mstdout[2m | tests/lib/capacity-simulation.test.ts[2m > [22m[2m≡ƒÜÇ Capacity Simulation: Full System Load Test[2m > [22m[2m≡ƒöÑ Viral Post Burst[2m > [22m[2m500 comments on a single Pro users post ΓåÆ 200 sent + 300 queued
[22m[39mΓä╣∩╕Å [INFO] Rate limit hit, queuing DM | {"userId":"viral_pro","planType":"pro","remaining":{"hourly":0,"monthly":999800}}

[90mstdout[2m | tests/lib/capacity-simulation.test.ts[2m > [22m[2m≡ƒÜÇ Capacity Simulation: Full System Load Test[2m > [22m[2m≡ƒöÑ Viral Post Burst[2m > [22m[2m500 comments on a single Pro users post ΓåÆ 200 sent + 300 queued
[22m[39mΓä╣∩╕Å [INFO] Rate limit hit, queuing DM | {"userId":"viral_pro","planType":"pro","remaining":{"hourly":0,"monthly":999800}}

[90mstdout[2m | tests/lib/capacity-simulation.test.ts[2m > [22m[2m≡ƒÜÇ Capacity Simulation: Full System Load Test[2m > [22m[2m≡ƒöÑ Viral Post Burst[2m > [22m[2m500 comments on a single Pro users post ΓåÆ 200 sent + 300 queued
[22m[39mΓä╣∩╕Å [INFO] Rate limit hit, queuing DM | {"userId":"viral_pro","planType":"pro","remaining":{"hourly":0,"monthly":999800}}

[90mstdout[2m | tests/lib/capacity-simulation.test.ts[2m > [22m[2m≡ƒÜÇ Capacity Simulation: Full System Load Test[2m > [22m[2m≡ƒöÑ Viral Post Burst[2m > [22m[2m500 comments on a single Pro users post ΓåÆ 200 sent + 300 queued
[22m[39mΓä╣∩╕Å [INFO] Rate limit hit, queuing DM | {"userId":"viral_pro","planType":"pro","remaining":{"hourly":0,"monthly":999800}}

[90mstdout[2m | tests/lib/capacity-simulation.test.ts[2m > [22m[2m≡ƒÜÇ Capacity Simulation: Full System Load Test[2m > [22m[2m≡ƒöÑ Viral Post Burst[2m > [22m[2m500 comments on a single Pro users post ΓåÆ 200 sent + 300 queued
[22m[39mΓä╣∩╕Å [INFO] Rate limit hit, queuing DM | {"userId":"viral_pro","planType":"pro","remaining":{"hourly":0,"monthly":999800}}

[90mstdout[2m | tests/lib/capacity-simulation.test.ts[2m > [22m[2m≡ƒÜÇ Capacity Simulation: Full System Load Test[2m > [22m[2m≡ƒöÑ Viral Post Burst[2m > [22m[2m500 comments on a single Pro users post ΓåÆ 200 sent + 300 queued
[22m[39mΓä╣∩╕Å [INFO] Rate limit hit, queuing DM | {"userId":"viral_pro","planType":"pro","remaining":{"hourly":0,"monthly":999800}}

[90mstdout[2m | tests/lib/capacity-simulation.test.ts[2m > [22m[2m≡ƒÜÇ Capacity Simulation: Full System Load Test[2m > [22m[2m≡ƒöÑ Viral Post Burst[2m > [22m[2m500 comments on a single Pro users post ΓåÆ 200 sent + 300 queued
[22m[39mΓä╣∩╕Å [INFO] Rate limit hit, queuing DM | {"userId":"viral_pro","planType":"pro","remaining":{"hourly":0,"monthly":999800}}

[90mstdout[2m | tests/lib/capacity-simulation.test.ts[2m > [22m[2m≡ƒÜÇ Capacity Simulation: Full System Load Test[2m > [22m[2m≡ƒöÑ Viral Post Burst[2m > [22m[2m500 comments on a single Pro users post ΓåÆ 200 sent + 300 queued
[22m[39mΓä╣∩╕Å [INFO] Rate limit hit, queuing DM | {"userId":"viral_pro","planType":"pro","remaining":{"hourly":0,"monthly":999800}}

[90mstdout[2m | tests/lib/capacity-simulation.test.ts[2m > [22m[2m≡ƒÜÇ Capacity Simulation: Full System Load Test[2m > [22m[2m≡ƒöÑ Viral Post Burst[2m > [22m[2m500 comments on a single Pro users post ΓåÆ 200 sent + 300 queued
[22m[39mΓä╣∩╕Å [INFO] Rate limit hit, queuing DM | {"userId":"viral_pro","planType":"pro","remaining":{"hourly":0,"monthly":999800}}

[90mstdout[2m | tests/lib/capacity-simulation.test.ts[2m > [22m[2m≡ƒÜÇ Capacity Simulation: Full System Load Test[2m > [22m[2m≡ƒöÑ Viral Post Burst[2m > [22m[2m500 comments on a single Pro users post ΓåÆ 200 sent + 300 queued
[22m[39mΓä╣∩╕Å [INFO] Rate limit hit, queuing DM | {"userId":"viral_pro","planType":"pro","remaining":{"hourly":0,"monthly":999800}}

[90mstdout[2m | tests/lib/capacity-simulation.test.ts[2m > [22m[2m≡ƒÜÇ Capacity Simulation: Full System Load Test[2m > [22m[2m≡ƒöÑ Viral Post Burst[2m > [22m[2m500 comments on a single Pro users post ΓåÆ 200 sent + 300 queued
[22m[39mΓä╣∩╕Å [INFO] Rate limit hit, queuing DM | {"userId":"viral_pro","planType":"pro","remaining":{"hourly":0,"monthly":999800}}

[90mstdout[2m | tests/lib/capacity-simulation.test.ts[2m > [22m[2m≡ƒÜÇ Capacity Simulation: Full System Load Test[2m > [22m[2m≡ƒöÑ Viral Post Burst[2m > [22m[2m500 comments on a single Pro users post ΓåÆ 200 sent + 300 queued
[22m[39mΓä╣∩╕Å [INFO] Rate limit hit, queuing DM | {"userId":"viral_pro","planType":"pro","remaining":{"hourly":0,"monthly":999800}}

[90mstdout[2m | tests/lib/capacity-simulation.test.ts[2m > [22m[2m≡ƒÜÇ Capacity Simulation: Full System Load Test[2m > [22m[2m≡ƒöÑ Viral Post Burst[2m > [22m[2m500 comments on a single Pro users post ΓåÆ 200 sent + 300 queued
[22m[39mΓä╣∩╕Å [INFO] Rate limit hit, queuing DM | {"userId":"viral_pro","planType":"pro","remaining":{"hourly":0,"monthly":999800}}

[90mstdout[2m | tests/lib/capacity-simulation.test.ts[2m > [22m[2m≡ƒÜÇ Capacity Simulation: Full System Load Test[2m > [22m[2m≡ƒöÑ Viral Post Burst[2m > [22m[2m500 comments on a single Pro users post ΓåÆ 200 sent + 300 queued
[22m[39mΓä╣∩╕Å [INFO] Rate limit hit, queuing DM | {"userId":"viral_pro","planType":"pro","remaining":{"hourly":0,"monthly":999800}}

[90mstdout[2m | tests/lib/capacity-simulation.test.ts[2m > [22m[2m≡ƒÜÇ Capacity Simulation: Full System Load Test[2m > [22m[2m≡ƒöÑ Viral Post Burst[2m > [22m[2m500 comments on a single Pro users post ΓåÆ 200 sent + 300 queued
[22m[39mΓä╣∩╕Å [INFO] Rate limit hit, queuing DM | {"userId":"viral_pro","planType":"pro","remaining":{"hourly":0,"monthly":999800}}

[90mstdout[2m | tests/lib/capacity-simulation.test.ts[2m > [22m[2m≡ƒÜÇ Capacity Simulation: Full System Load Test[2m > [22m[2m≡ƒöÑ Viral Post Burst[2m > [22m[2m500 comments on a single Pro users post ΓåÆ 200 sent + 300 queued
[22m[39mΓä╣∩╕Å [INFO] Rate limit hit, queuing DM | {"userId":"viral_pro","planType":"pro","remaining":{"hourly":0,"monthly":999800}}

[90mstdout[2m | tests/lib/capacity-simulation.test.ts[2m > [22m[2m≡ƒÜÇ Capacity Simulation: Full System Load Test[2m > [22m[2m≡ƒöÑ Viral Post Burst[2m > [22m[2m500 comments on a single Pro users post ΓåÆ 200 sent + 300 queued
[22m[39mΓä╣∩╕Å [INFO] Rate limit hit, queuing DM | {"userId":"viral_pro","planType":"pro","remaining":{"hourly":0,"monthly":999800}}

[90mstdout[2m | tests/lib/capacity-simulation.test.ts[2m > [22m[2m≡ƒÜÇ Capacity Simulation: Full System Load Test[2m > [22m[2m≡ƒöÑ Viral Post Burst[2m > [22m[2m500 comments on a single Pro users post ΓåÆ 200 sent + 300 queued
[22m[39mΓä╣∩╕Å [INFO] Rate limit hit, queuing DM | {"userId":"viral_pro","planType":"pro","remaining":{"hourly":0,"monthly":999800}}

[90mstdout[2m | tests/lib/capacity-simulation.test.ts[2m > [22m[2m≡ƒÜÇ Capacity Simulation: Full System Load Test[2m > [22m[2m≡ƒöÑ Viral Post Burst[2m > [22m[2m500 comments on a single Pro users post ΓåÆ 200 sent + 300 queued
[22m[39mΓä╣∩╕Å [INFO] Rate limit hit, queuing DM | {"userId":"viral_pro","planType":"pro","remaining":{"hourly":0,"monthly":999800}}

[90mstdout[2m | tests/lib/capacity-simulation.test.ts[2m > [22m[2m≡ƒÜÇ Capacity Simulation: Full System Load Test[2m > [22m[2m≡ƒöÑ Viral Post Burst[2m > [22m[2m500 comments on a single Pro users post ΓåÆ 200 sent + 300 queued
[22m[39mΓä╣∩╕Å [INFO] Rate limit hit, queuing DM | {"userId":"viral_pro","planType":"pro","remaining":{"hourly":0,"monthly":999800}}

[90mstdout[2m | tests/lib/capacity-simulation.test.ts[2m > [22m[2m≡ƒÜÇ Capacity Simulation: Full System Load Test[2m > [22m[2m≡ƒöÑ Viral Post Burst[2m > [22m[2m500 comments on a single Pro users post ΓåÆ 200 sent + 300 queued
[22m[39mΓä╣∩╕Å [INFO] Rate limit hit, queuing DM | {"userId":"viral_pro","planType":"pro","remaining":{"hourly":0,"monthly":999800}}

[90mstdout[2m | tests/lib/capacity-simulation.test.ts[2m > [22m[2m≡ƒÜÇ Capacity Simulation: Full System Load Test[2m > [22m[2m≡ƒöÑ Viral Post Burst[2m > [22m[2m500 comments on a single Pro users post ΓåÆ 200 sent + 300 queued
[22m[39mΓä╣∩╕Å [INFO] Rate limit hit, queuing DM | {"userId":"viral_pro","planType":"pro","remaining":{"hourly":0,"monthly":999800}}

[90mstdout[2m | tests/lib/capacity-simulation.test.ts[2m > [22m[2m≡ƒÜÇ Capacity Simulation: Full System Load Test[2m > [22m[2m≡ƒöÑ Viral Post Burst[2m > [22m[2m500 comments on a single Pro users post ΓåÆ 200 sent + 300 queued
[22m[39mΓä╣∩╕Å [INFO] Rate limit hit, queuing DM | {"userId":"viral_pro","planType":"pro","remaining":{"hourly":0,"monthly":999800}}

[90mstdout[2m | tests/lib/capacity-simulation.test.ts[2m > [22m[2m≡ƒÜÇ Capacity Simulation: Full System Load Test[2m > [22m[2m≡ƒöÑ Viral Post Burst[2m > [22m[2m500 comments on a single Pro users post ΓåÆ 200 sent + 300 queued
[22m[39mΓä╣∩╕Å [INFO] Rate limit hit, queuing DM | {"userId":"viral_pro","planType":"pro","remaining":{"hourly":0,"monthly":999800}}

[90mstdout[2m | tests/lib/capacity-simulation.test.ts[2m > [22m[2m≡ƒÜÇ Capacity Simulation: Full System Load Test[2m > [22m[2m≡ƒöÑ Viral Post Burst[2m > [22m[2m500 comments on a single Pro users post ΓåÆ 200 sent + 300 queued
[22m[39mΓä╣∩╕Å [INFO] Rate limit hit, queuing DM | {"userId":"viral_pro","planType":"pro","remaining":{"hourly":0,"monthly":999800}}

[90mstdout[2m | tests/lib/capacity-simulation.test.ts[2m > [22m[2m≡ƒÜÇ Capacity Simulation: Full System Load Test[2m > [22m[2m≡ƒöÑ Viral Post Burst[2m > [22m[2m500 comments on a single Pro users post ΓåÆ 200 sent + 300 queued
[22m[39mΓä╣∩╕Å [INFO] Rate limit hit, queuing DM | {"userId":"viral_pro","planType":"pro","remaining":{"hourly":0,"monthly":999800}}

[90mstdout[2m | tests/lib/capacity-simulation.test.ts[2m > [22m[2m≡ƒÜÇ Capacity Simulation: Full System Load Test[2m > [22m[2m≡ƒöÑ Viral Post Burst[2m > [22m[2m500 comments on a single Pro users post ΓåÆ 200 sent + 300 queued
[22m[39mΓä╣∩╕Å [INFO] Rate limit hit, queuing DM | {"userId":"viral_pro","planType":"pro","remaining":{"hourly":0,"monthly":999800}}

[90mstdout[2m | tests/lib/capacity-simulation.test.ts[2m > [22m[2m≡ƒÜÇ Capacity Simulation: Full System Load Test[2m > [22m[2m≡ƒöÑ Viral Post Burst[2m > [22m[2m500 comments on a single Pro users post ΓåÆ 200 sent + 300 queued
[22m[39mΓä╣∩╕Å [INFO] Rate limit hit, queuing DM | {"userId":"viral_pro","planType":"pro","remaining":{"hourly":0,"monthly":999800}}

[90mstdout[2m | tests/lib/capacity-simulation.test.ts[2m > [22m[2m≡ƒÜÇ Capacity Simulation: Full System Load Test[2m > [22m[2m≡ƒöÑ Viral Post Burst[2m > [22m[2m500 comments on a single Pro users post ΓåÆ 200 sent + 300 queued
[22m[39mΓä╣∩╕Å [INFO] Rate limit hit, queuing DM | {"userId":"viral_pro","planType":"pro","remaining":{"hourly":0,"monthly":999800}}

[90mstdout[2m | tests/lib/capacity-simulation.test.ts[2m > [22m[2m≡ƒÜÇ Capacity Simulation: Full System Load Test[2m > [22m[2m≡ƒöÑ Viral Post Burst[2m > [22m[2m500 comments on a single Pro users post ΓåÆ 200 sent + 300 queued
[22m[39mΓä╣∩╕Å [INFO] Rate limit hit, queuing DM | {"userId":"viral_pro","planType":"pro","remaining":{"hourly":0,"monthly":999800}}

[90mstdout[2m | tests/lib/capacity-simulation.test.ts[2m > [22m[2m≡ƒÜÇ Capacity Simulation: Full System Load Test[2m > [22m[2m≡ƒöÑ Viral Post Burst[2m > [22m[2m500 comments on a single Pro users post ΓåÆ 200 sent + 300 queued
[22m[39mΓä╣∩╕Å [INFO] Rate limit hit, queuing DM | {"userId":"viral_pro","planType":"pro","remaining":{"hourly":0,"monthly":999800}}

[90mstdout[2m | tests/lib/capacity-simulation.test.ts[2m > [22m[2m≡ƒÜÇ Capacity Simulation: Full System Load Test[2m > [22m[2m≡ƒöÑ Viral Post Burst[2m > [22m[2m500 comments on a single Pro users post ΓåÆ 200 sent + 300 queued
[22m[39mΓä╣∩╕Å [INFO] Rate limit hit, queuing DM | {"userId":"viral_pro","planType":"pro","remaining":{"hourly":0,"monthly":999800}}

[90mstdout[2m | tests/lib/capacity-simulation.test.ts[2m > [22m[2m≡ƒÜÇ Capacity Simulation: Full System Load Test[2m > [22m[2m≡ƒöÑ Viral Post Burst[2m > [22m[2m500 comments on a single Pro users post ΓåÆ 200 sent + 300 queued
[22m[39mΓä╣∩╕Å [INFO] Rate limit hit, queuing DM | {"userId":"viral_pro","planType":"pro","remaining":{"hourly":0,"monthly":999800}}

[90mstdout[2m | tests/lib/capacity-simulation.test.ts[2m > [22m[2m≡ƒÜÇ Capacity Simulation: Full System Load Test[2m > [22m[2m≡ƒöÑ Viral Post Burst[2m > [22m[2m500 comments on a single Pro users post ΓåÆ 200 sent + 300 queued
[22m[39mΓä╣∩╕Å [INFO] Rate limit hit, queuing DM | {"userId":"viral_pro","planType":"pro","remaining":{"hourly":0,"monthly":999800}}

[90mstdout[2m | tests/lib/capacity-simulation.test.ts[2m > [22m[2m≡ƒÜÇ Capacity Simulation: Full System Load Test[2m > [22m[2m≡ƒöÑ Viral Post Burst[2m > [22m[2m500 comments on a single Pro users post ΓåÆ 200 sent + 300 queued
[22m[39mΓä╣∩╕Å [INFO] Rate limit hit, queuing DM | {"userId":"viral_pro","planType":"pro","remaining":{"hourly":0,"monthly":999800}}

[90mstdout[2m | tests/lib/capacity-simulation.test.ts[2m > [22m[2m≡ƒÜÇ Capacity Simulation: Full System Load Test[2m > [22m[2m≡ƒöÑ Viral Post Burst[2m > [22m[2m500 comments on a single Pro users post ΓåÆ 200 sent + 300 queued
[22m[39mΓä╣∩╕Å [INFO] Rate limit hit, queuing DM | {"userId":"viral_pro","planType":"pro","remaining":{"hourly":0,"monthly":999800}}

[90mstdout[2m | tests/lib/capacity-simulation.test.ts[2m > [22m[2m≡ƒÜÇ Capacity Simulation: Full System Load Test[2m > [22m[2m≡ƒöÑ Viral Post Burst[2m > [22m[2m500 comments on a single Pro users post ΓåÆ 200 sent + 300 queued
[22m[39mΓä╣∩╕Å [INFO] Rate limit hit, queuing DM | {"userId":"viral_pro","planType":"pro","remaining":{"hourly":0,"monthly":999800}}

[90mstdout[2m | tests/lib/capacity-simulation.test.ts[2m > [22m[2m≡ƒÜÇ Capacity Simulation: Full System Load Test[2m > [22m[2m≡ƒöÑ Viral Post Burst[2m > [22m[2m500 comments on a single Pro users post ΓåÆ 200 sent + 300 queued
[22m[39mΓä╣∩╕Å [INFO] Rate limit hit, queuing DM | {"userId":"viral_pro","planType":"pro","remaining":{"hourly":0,"monthly":999800}}

[90mstdout[2m | tests/lib/capacity-simulation.test.ts[2m > [22m[2m≡ƒÜÇ Capacity Simulation: Full System Load Test[2m > [22m[2m≡ƒöÑ Viral Post Burst[2m > [22m[2m500 comments on a single Pro users post ΓåÆ 200 sent + 300 queued
[22m[39mΓä╣∩╕Å [INFO] Rate limit hit, queuing DM | {"userId":"viral_pro","planType":"pro","remaining":{"hourly":0,"monthly":999800}}

[90mstdout[2m | tests/lib/capacity-simulation.test.ts[2m > [22m[2m≡ƒÜÇ Capacity Simulation: Full System Load Test[2m > [22m[2m≡ƒöÑ Viral Post Burst[2m > [22m[2m500 comments on a single Pro users post ΓåÆ 200 sent + 300 queued
[22m[39mΓä╣∩╕Å [INFO] Rate limit hit, queuing DM | {"userId":"viral_pro","planType":"pro","remaining":{"hourly":0,"monthly":999800}}

[90mstdout[2m | tests/lib/capacity-simulation.test.ts[2m > [22m[2m≡ƒÜÇ Capacity Simulation: Full System Load Test[2m > [22m[2m≡ƒöÑ Viral Post Burst[2m > [22m[2m500 comments on a single Pro users post ΓåÆ 200 sent + 300 queued
[22m[39mΓä╣∩╕Å [INFO] Rate limit hit, queuing DM | {"userId":"viral_pro","planType":"pro","remaining":{"hourly":0,"monthly":999800}}

[90mstdout[2m | tests/lib/capacity-simulation.test.ts[2m > [22m[2m≡ƒÜÇ Capacity Simulation: Full System Load Test[2m > [22m[2m≡ƒöÑ Viral Post Burst[2m > [22m[2m500 comments on a single Pro users post ΓåÆ 200 sent + 300 queued
[22m[39mΓä╣∩╕Å [INFO] Rate limit hit, queuing DM | {"userId":"viral_pro","planType":"pro","remaining":{"hourly":0,"monthly":999800}}

[90mstdout[2m | tests/lib/capacity-simulation.test.ts[2m > [22m[2m≡ƒÜÇ Capacity Simulation: Full System Load Test[2m > [22m[2m≡ƒöÑ Viral Post Burst[2m > [22m[2m500 comments on a single Pro users post ΓåÆ 200 sent + 300 queued
[22m[39mΓä╣∩╕Å [INFO] Rate limit hit, queuing DM | {"userId":"viral_pro","planType":"pro","remaining":{"hourly":0,"monthly":999800}}

[90mstdout[2m | tests/lib/capacity-simulation.test.ts[2m > [22m[2m≡ƒÜÇ Capacity Simulation: Full System Load Test[2m > [22m[2m≡ƒöÑ Viral Post Burst[2m > [22m[2m500 comments on a single Pro users post ΓåÆ 200 sent + 300 queued
[22m[39mΓä╣∩╕Å [INFO] Rate limit hit, queuing DM | {"userId":"viral_pro","planType":"pro","remaining":{"hourly":0,"monthly":999800}}

[90mstdout[2m | tests/lib/capacity-simulation.test.ts[2m > [22m[2m≡ƒÜÇ Capacity Simulation: Full System Load Test[2m > [22m[2m≡ƒöÑ Viral Post Burst[2m > [22m[2m500 comments on a single Pro users post ΓåÆ 200 sent + 300 queued
[22m[39mΓä╣∩╕Å [INFO] Rate limit hit, queuing DM | {"userId":"viral_pro","planType":"pro","remaining":{"hourly":0,"monthly":999800}}

[90mstdout[2m | tests/lib/capacity-simulation.test.ts[2m > [22m[2m≡ƒÜÇ Capacity Simulation: Full System Load Test[2m > [22m[2m≡ƒöÑ Viral Post Burst[2m > [22m[2m500 comments on a single Pro users post ΓåÆ 200 sent + 300 queued
[22m[39mΓä╣∩╕Å [INFO] Rate limit hit, queuing DM | {"userId":"viral_pro","planType":"pro","remaining":{"hourly":0,"monthly":999800}}

[90mstdout[2m | tests/lib/capacity-simulation.test.ts[2m > [22m[2m≡ƒÜÇ Capacity Simulation: Full System Load Test[2m > [22m[2m≡ƒöÑ Viral Post Burst[2m > [22m[2m500 comments on a single Pro users post ΓåÆ 200 sent + 300 queued
[22m[39mΓä╣∩╕Å [INFO] Rate limit hit, queuing DM | {"userId":"viral_pro","planType":"pro","remaining":{"hourly":0,"monthly":999800}}

[90mstdout[2m | tests/lib/capacity-simulation.test.ts[2m > [22m[2m≡ƒÜÇ Capacity Simulation: Full System Load Test[2m > [22m[2m≡ƒöÑ Viral Post Burst[2m > [22m[2m500 comments on a single Pro users post ΓåÆ 200 sent + 300 queued
[22m[39mΓä╣∩╕Å [INFO] Rate limit hit, queuing DM | {"userId":"viral_pro","planType":"pro","remaining":{"hourly":0,"monthly":999800}}

[90mstdout[2m | tests/lib/capacity-simulation.test.ts[2m > [22m[2m≡ƒÜÇ Capacity Simulation: Full System Load Test[2m > [22m[2m≡ƒöÑ Viral Post Burst[2m > [22m[2m500 comments on a single Pro users post ΓåÆ 200 sent + 300 queued
[22m[39mΓä╣∩╕Å [INFO] Rate limit hit, queuing DM | {"userId":"viral_pro","planType":"pro","remaining":{"hourly":0,"monthly":999800}}

[90mstdout[2m | tests/lib/capacity-simulation.test.ts[2m > [22m[2m≡ƒÜÇ Capacity Simulation: Full System Load Test[2m > [22m[2m≡ƒöÑ Viral Post Burst[2m > [22m[2m500 comments on a single Pro users post ΓåÆ 200 sent + 300 queued
[22m[39mΓä╣∩╕Å [INFO] Rate limit hit, queuing DM | {"userId":"viral_pro","planType":"pro","remaining":{"hourly":0,"monthly":999800}}

[90mstdout[2m | tests/lib/capacity-simulation.test.ts[2m > [22m[2m≡ƒÜÇ Capacity Simulation: Full System Load Test[2m > [22m[2m≡ƒöÑ Viral Post Burst[2m > [22m[2m500 comments on a single Pro users post ΓåÆ 200 sent + 300 queued
[22m[39mΓä╣∩╕Å [INFO] Rate limit hit, queuing DM | {"userId":"viral_pro","planType":"pro","remaining":{"hourly":0,"monthly":999800}}

[90mstdout[2m | tests/lib/capacity-simulation.test.ts[2m > [22m[2m≡ƒÜÇ Capacity Simulation: Full System Load Test[2m > [22m[2m≡ƒöÑ Viral Post Burst[2m > [22m[2m500 comments on a single Pro users post ΓåÆ 200 sent + 300 queued
[22m[39m
≡ƒöÑ VIRAL POST SIMULATION (500 comments, Pro user):
   Γö£ΓöÇ DMs sent immediately: 200
   Γö£ΓöÇ DMs queued:           300
   Γö£ΓöÇ Queue drain time:     ~2h
   ΓööΓöÇ No DMs dropped:       Γ£à

[90mstdout[2m | tests/lib/capacity-simulation.test.ts[2m > [22m[2m≡ƒÜÇ Capacity Simulation: Full System Load Test[2m > [22m[2m≡ƒöÑ Viral Post Burst[2m > [22m[2m1000 comments on a Free user ΓåÆ 200 sent + 800 queued
[22m[39mΓä╣∩╕Å [INFO] Rate limit hit, queuing DM | {"userId":"viral_free","planType":"free","remaining":{"hourly":0,"monthly":800}}

[90mstdout[2m | tests/lib/capacity-simulation.test.ts[2m > [22m[2m≡ƒÜÇ Capacity Simulation: Full System Load Test[2m > [22m[2m≡ƒöÑ Viral Post Burst[2m > [22m[2m1000 comments on a Free user ΓåÆ 200 sent + 800 queued
[22m[39mΓä╣∩╕Å [INFO] Rate limit hit, queuing DM | {"userId":"viral_free","planType":"free","remaining":{"hourly":0,"monthly":800}}

[90mstdout[2m | tests/lib/capacity-simulation.test.ts[2m > [22m[2m≡ƒÜÇ Capacity Simulation: Full System Load Test[2m > [22m[2m≡ƒöÑ Viral Post Burst[2m > [22m[2m1000 comments on a Free user ΓåÆ 200 sent + 800 queued
[22m[39mΓä╣∩╕Å [INFO] Rate limit hit, queuing DM | {"userId":"viral_free","planType":"free","remaining":{"hourly":0,"monthly":800}}

[90mstdout[2m | tests/lib/capacity-simulation.test.ts[2m > [22m[2m≡ƒÜÇ Capacity Simulation: Full System Load Test[2m > [22m[2m≡ƒöÑ Viral Post Burst[2m > [22m[2m1000 comments on a Free user ΓåÆ 200 sent + 800 queued
[22m[39mΓä╣∩╕Å [INFO] Rate limit hit, queuing DM | {"userId":"viral_free","planType":"free","remaining":{"hourly":0,"monthly":800}}

[90mstdout[2m | tests/lib/capacity-simulation.test.ts[2m > [22m[2m≡ƒÜÇ Capacity Simulation: Full System Load Test[2m > [22m[2m≡ƒöÑ Viral Post Burst[2m > [22m[2m1000 comments on a Free user ΓåÆ 200 sent + 800 queued
[22m[39mΓä╣∩╕Å [INFO] Rate limit hit, queuing DM | {"userId":"viral_free","planType":"free","remaining":{"hourly":0,"monthly":800}}

[90mstdout[2m | tests/lib/capacity-simulation.test.ts[2m > [22m[2m≡ƒÜÇ Capacity Simulation: Full System Load Test[2m > [22m[2m≡ƒöÑ Viral Post Burst[2m > [22m[2m1000 comments on a Free user ΓåÆ 200 sent + 800 queued
[22m[39mΓä╣∩╕Å [INFO] Rate limit hit, queuing DM | {"userId":"viral_free","planType":"free","remaining":{"hourly":0,"monthly":800}}

[90mstdout[2m | tests/lib/capacity-simulation.test.ts[2m > [22m[2m≡ƒÜÇ Capacity Simulation: Full System Load Test[2m > [22m[2m≡ƒöÑ Viral Post Burst[2m > [22m[2m1000 comments on a Free user ΓåÆ 200 sent + 800 queued
[22m[39mΓä╣∩╕Å [INFO] Rate limit hit, queuing DM | {"userId":"viral_free","planType":"free","remaining":{"hourly":0,"monthly":800}}

[90mstdout[2m | tests/lib/capacity-simulation.test.ts[2m > [22m[2m≡ƒÜÇ Capacity Simulation: Full System Load Test[2m > [22m[2m≡ƒöÑ Viral Post Burst[2m > [22m[2m1000 comments on a Free user ΓåÆ 200 sent + 800 queued
[22m[39mΓä╣∩╕Å [INFO] Rate limit hit, queuing DM | {"userId":"viral_free","planType":"free","remaining":{"hourly":0,"monthly":800}}

[90mstdout[2m | tests/lib/capacity-simulation.test.ts[2m > [22m[2m≡ƒÜÇ Capacity Simulation: Full System Load Test[2m > [22m[2m≡ƒöÑ Viral Post Burst[2m > [22m[2m1000 comments on a Free user ΓåÆ 200 sent + 800 queued
[22m[39mΓä╣∩╕Å [INFO] Rate limit hit, queuing DM | {"userId":"viral_free","planType":"free","remaining":{"hourly":0,"monthly":800}}

[90mstdout[2m | tests/lib/capacity-simulation.test.ts[2m > [22m[2m≡ƒÜÇ Capacity Simulation: Full System Load Test[2m > [22m[2m≡ƒöÑ Viral Post Burst[2m > [22m[2m1000 comments on a Free user ΓåÆ 200 sent + 800 queued
[22m[39mΓä╣∩╕Å [INFO] Rate limit hit, queuing DM | {"userId":"viral_free","planType":"free","remaining":{"hourly":0,"monthly":800}}

[90mstdout[2m | tests/lib/capacity-simulation.test.ts[2m > [22m[2m≡ƒÜÇ Capacity Simulation: Full System Load Test[2m > [22m[2m≡ƒöÑ Viral Post Burst[2m > [22m[2m1000 comments on a Free user ΓåÆ 200 sent + 800 queued
[22m[39mΓä╣∩╕Å [INFO] Rate limit hit, queuing DM | {"userId":"viral_free","planType":"free","remaining":{"hourly":0,"monthly":800}}

[90mstdout[2m | tests/lib/capacity-simulation.test.ts[2m > [22m[2m≡ƒÜÇ Capacity Simulation: Full System Load Test[2m > [22m[2m≡ƒöÑ Viral Post Burst[2m > [22m[2m1000 comments on a Free user ΓåÆ 200 sent + 800 queued
[22m[39mΓä╣∩╕Å [INFO] Rate limit hit, queuing DM | {"userId":"viral_free","planType":"free","remaining":{"hourly":0,"monthly":800}}

[90mstdout[2m | tests/lib/capacity-simulation.test.ts[2m > [22m[2m≡ƒÜÇ Capacity Simulation: Full System Load Test[2m > [22m[2m≡ƒöÑ Viral Post Burst[2m > [22m[2m1000 comments on a Free user ΓåÆ 200 sent + 800 queued
[22m[39mΓä╣∩╕Å [INFO] Rate limit hit, queuing DM | {"userId":"viral_free","planType":"free","remaining":{"hourly":0,"monthly":800}}

[90mstdout[2m | tests/lib/capacity-simulation.test.ts[2m > [22m[2m≡ƒÜÇ Capacity Simulation: Full System Load Test[2m > [22m[2m≡ƒöÑ Viral Post Burst[2m > [22m[2m1000 comments on a Free user ΓåÆ 200 sent + 800 queued
[22m[39mΓä╣∩╕Å [INFO] Rate limit hit, queuing DM | {"userId":"viral_free","planType":"free","remaining":{"hourly":0,"monthly":800}}

[90mstdout[2m | tests/lib/capacity-simulation.test.ts[2m > [22m[2m≡ƒÜÇ Capacity Simulation: Full System Load Test[2m > [22m[2m≡ƒöÑ Viral Post Burst[2m > [22m[2m1000 comments on a Free user ΓåÆ 200 sent + 800 queued
[22m[39mΓä╣∩╕Å [INFO] Rate limit hit, queuing DM | {"userId":"viral_free","planType":"free","remaining":{"hourly":0,"monthly":800}}

[90mstdout[2m | tests/lib/capacity-simulation.test.ts[2m > [22m[2m≡ƒÜÇ Capacity Simulation: Full System Load Test[2m > [22m[2m≡ƒöÑ Viral Post Burst[2m > [22m[2m1000 comments on a Free user ΓåÆ 200 sent + 800 queued
[22m[39mΓä╣∩╕Å [INFO] Rate limit hit, queuing DM | {"userId":"viral_free","planType":"free","remaining":{"hourly":0,"monthly":800}}

[90mstdout[2m | tests/lib/capacity-simulation.test.ts[2m > [22m[2m≡ƒÜÇ Capacity Simulation: Full System Load Test[2m > [22m[2m≡ƒöÑ Viral Post Burst[2m > [22m[2m1000 comments on a Free user ΓåÆ 200 sent + 800 queued
[22m[39mΓä╣∩╕Å [INFO] Rate limit hit, queuing DM | {"userId":"viral_free","planType":"free","remaining":{"hourly":0,"monthly":800}}

[90mstdout[2m | tests/lib/capacity-simulation.test.ts[2m > [22m[2m≡ƒÜÇ Capacity Simulation: Full System Load Test[2m > [22m[2m≡ƒöÑ Viral Post Burst[2m > [22m[2m1000 comments on a Free user ΓåÆ 200 sent + 800 queued
[22m[39mΓä╣∩╕Å [INFO] Rate limit hit, queuing DM | {"userId":"viral_free","planType":"free","remaining":{"hourly":0,"monthly":800}}

[90mstdout[2m | tests/lib/capacity-simulation.test.ts[2m > [22m[2m≡ƒÜÇ Capacity Simulation: Full System Load Test[2m > [22m[2m≡ƒöÑ Viral Post Burst[2m > [22m[2m1000 comments on a Free user ΓåÆ 200 sent + 800 queued
[22m[39mΓä╣∩╕Å [INFO] Rate limit hit, queuing DM | {"userId":"viral_free","planType":"free","remaining":{"hourly":0,"monthly":800}}

[90mstdout[2m | tests/lib/capacity-simulation.test.ts[2m > [22m[2m≡ƒÜÇ Capacity Simulation: Full System Load Test[2m > [22m[2m≡ƒöÑ Viral Post Burst[2m > [22m[2m1000 comments on a Free user ΓåÆ 200 sent + 800 queued
[22m[39mΓä╣∩╕Å [INFO] Rate limit hit, queuing DM | {"userId":"viral_free","planType":"free","remaining":{"hourly":0,"monthly":800}}

[90mstdout[2m | tests/lib/capacity-simulation.test.ts[2m > [22m[2m≡ƒÜÇ Capacity Simulation: Full System Load Test[2m > [22m[2m≡ƒöÑ Viral Post Burst[2m > [22m[2m1000 comments on a Free user ΓåÆ 200 sent + 800 queued
[22m[39mΓä╣∩╕Å [INFO] Rate limit hit, queuing DM | {"userId":"viral_free","planType":"free","remaining":{"hourly":0,"monthly":800}}

[90mstdout[2m | tests/lib/capacity-simulation.test.ts[2m > [22m[2m≡ƒÜÇ Capacity Simulation: Full System Load Test[2m > [22m[2m≡ƒöÑ Viral Post Burst[2m > [22m[2m1000 comments on a Free user ΓåÆ 200 sent + 800 queued
[22m[39mΓä╣∩╕Å [INFO] Rate limit hit, queuing DM | {"userId":"viral_free","planType":"free","remaining":{"hourly":0,"monthly":800}}

[90mstdout[2m | tests/lib/capacity-simulation.test.ts[2m > [22m[2m≡ƒÜÇ Capacity Simulation: Full System Load Test[2m > [22m[2m≡ƒöÑ Viral Post Burst[2m > [22m[2m1000 comments on a Free user ΓåÆ 200 sent + 800 queued
[22m[39mΓä╣∩╕Å [INFO] Rate limit hit, queuing DM | {"userId":"viral_free","planType":"free","remaining":{"hourly":0,"monthly":800}}

[90mstdout[2m | tests/lib/capacity-simulation.test.ts[2m > [22m[2m≡ƒÜÇ Capacity Simulation: Full System Load Test[2m > [22m[2m≡ƒöÑ Viral Post Burst[2m > [22m[2m1000 comments on a Free user ΓåÆ 200 sent + 800 queued
[22m[39mΓä╣∩╕Å [INFO] Rate limit hit, queuing DM | {"userId":"viral_free","planType":"free","remaining":{"hourly":0,"monthly":800}}

[90mstdout[2m | tests/lib/capacity-simulation.test.ts[2m > [22m[2m≡ƒÜÇ Capacity Simulation: Full System Load Test[2m > [22m[2m≡ƒöÑ Viral Post Burst[2m > [22m[2m1000 comments on a Free user ΓåÆ 200 sent + 800 queued
[22m[39mΓä╣∩╕Å [INFO] Rate limit hit, queuing DM | {"userId":"viral_free","planType":"free","remaining":{"hourly":0,"monthly":800}}

[90mstdout[2m | tests/lib/capacity-simulation.test.ts[2m > [22m[2m≡ƒÜÇ Capacity Simulation: Full System Load Test[2m > [22m[2m≡ƒöÑ Viral Post Burst[2m > [22m[2m1000 comments on a Free user ΓåÆ 200 sent + 800 queued
[22m[39mΓä╣∩╕Å [INFO] Rate limit hit, queuing DM | {"userId":"viral_free","planType":"free","remaining":{"hourly":0,"monthly":800}}

[90mstdout[2m | tests/lib/capacity-simulation.test.ts[2m > [22m[2m≡ƒÜÇ Capacity Simulation: Full System Load Test[2m > [22m[2m≡ƒöÑ Viral Post Burst[2m > [22m[2m1000 comments on a Free user ΓåÆ 200 sent + 800 queued
[22m[39mΓä╣∩╕Å [INFO] Rate limit hit, queuing DM | {"userId":"viral_free","planType":"free","remaining":{"hourly":0,"monthly":800}}

[90mstdout[2m | tests/lib/capacity-simulation.test.ts[2m > [22m[2m≡ƒÜÇ Capacity Simulation: Full System Load Test[2m > [22m[2m≡ƒöÑ Viral Post Burst[2m > [22m[2m1000 comments on a Free user ΓåÆ 200 sent + 800 queued
[22m[39mΓä╣∩╕Å [INFO] Rate limit hit, queuing DM | {"userId":"viral_free","planType":"free","remaining":{"hourly":0,"monthly":800}}

[90mstdout[2m | tests/lib/capacity-simulation.test.ts[2m > [22m[2m≡ƒÜÇ Capacity Simulation: Full System Load Test[2m > [22m[2m≡ƒöÑ Viral Post Burst[2m > [22m[2m1000 comments on a Free user ΓåÆ 200 sent + 800 queued
[22m[39mΓä╣∩╕Å [INFO] Rate limit hit, queuing DM | {"userId":"viral_free","planType":"free","remaining":{"hourly":0,"monthly":800}}

[90mstdout[2m | tests/lib/capacity-simulation.test.ts[2m > [22m[2m≡ƒÜÇ Capacity Simulation: Full System Load Test[2m > [22m[2m≡ƒöÑ Viral Post Burst[2m > [22m[2m1000 comments on a Free user ΓåÆ 200 sent + 800 queued
[22m[39mΓä╣∩╕Å [INFO] Rate limit hit, queuing DM | {"userId":"viral_free","planType":"free","remaining":{"hourly":0,"monthly":800}}

[90mstdout[2m | tests/lib/capacity-simulation.test.ts[2m > [22m[2m≡ƒÜÇ Capacity Simulation: Full System Load Test[2m > [22m[2m≡ƒöÑ Viral Post Burst[2m > [22m[2m1000 comments on a Free user ΓåÆ 200 sent + 800 queued
[22m[39mΓä╣∩╕Å [INFO] Rate limit hit, queuing DM | {"userId":"viral_free","planType":"free","remaining":{"hourly":0,"monthly":800}}

[90mstdout[2m | tests/lib/capacity-simulation.test.ts[2m > [22m[2m≡ƒÜÇ Capacity Simulation: Full System Load Test[2m > [22m[2m≡ƒöÑ Viral Post Burst[2m > [22m[2m1000 comments on a Free user ΓåÆ 200 sent + 800 queued
[22m[39mΓä╣∩╕Å [INFO] Rate limit hit, queuing DM | {"userId":"viral_free","planType":"free","remaining":{"hourly":0,"monthly":800}}

[90mstdout[2m | tests/lib/capacity-simulation.test.ts[2m > [22m[2m≡ƒÜÇ Capacity Simulation: Full System Load Test[2m > [22m[2m≡ƒöÑ Viral Post Burst[2m > [22m[2m1000 comments on a Free user ΓåÆ 200 sent + 800 queued
[22m[39mΓä╣∩╕Å [INFO] Rate limit hit, queuing DM | {"userId":"viral_free","planType":"free","remaining":{"hourly":0,"monthly":800}}

[90mstdout[2m | tests/lib/capacity-simulation.test.ts[2m > [22m[2m≡ƒÜÇ Capacity Simulation: Full System Load Test[2m > [22m[2m≡ƒöÑ Viral Post Burst[2m > [22m[2m1000 comments on a Free user ΓåÆ 200 sent + 800 queued
[22m[39mΓä╣∩╕Å [INFO] Rate limit hit, queuing DM | {"userId":"viral_free","planType":"free","remaining":{"hourly":0,"monthly":800}}

[90mstdout[2m | tests/lib/capacity-simulation.test.ts[2m > [22m[2m≡ƒÜÇ Capacity Simulation: Full System Load Test[2m > [22m[2m≡ƒöÑ Viral Post Burst[2m > [22m[2m1000 comments on a Free user ΓåÆ 200 sent + 800 queued
[22m[39mΓä╣∩╕Å [INFO] Rate limit hit, queuing DM | {"userId":"viral_free","planType":"free","remaining":{"hourly":0,"monthly":800}}

[90mstdout[2m | tests/lib/capacity-simulation.test.ts[2m > [22m[2m≡ƒÜÇ Capacity Simulation: Full System Load Test[2m > [22m[2m≡ƒöÑ Viral Post Burst[2m > [22m[2m1000 comments on a Free user ΓåÆ 200 sent + 800 queued
[22m[39mΓä╣∩╕Å [INFO] Rate limit hit, queuing DM | {"userId":"viral_free","planType":"free","remaining":{"hourly":0,"monthly":800}}

[90mstdout[2m | tests/lib/capacity-simulation.test.ts[2m > [22m[2m≡ƒÜÇ Capacity Simulation: Full System Load Test[2m > [22m[2m≡ƒöÑ Viral Post Burst[2m > [22m[2m1000 comments on a Free user ΓåÆ 200 sent + 800 queued
[22m[39mΓä╣∩╕Å [INFO] Rate limit hit, queuing DM | {"userId":"viral_free","planType":"free","remaining":{"hourly":0,"monthly":800}}

[90mstdout[2m | tests/lib/capacity-simulation.test.ts[2m > [22m[2m≡ƒÜÇ Capacity Simulation: Full System Load Test[2m > [22m[2m≡ƒöÑ Viral Post Burst[2m > [22m[2m1000 comments on a Free user ΓåÆ 200 sent + 800 queued
[22m[39mΓä╣∩╕Å [INFO] Rate limit hit, queuing DM | {"userId":"viral_free","planType":"free","remaining":{"hourly":0,"monthly":800}}

[90mstdout[2m | tests/lib/capacity-simulation.test.ts[2m > [22m[2m≡ƒÜÇ Capacity Simulation: Full System Load Test[2m > [22m[2m≡ƒöÑ Viral Post Burst[2m > [22m[2m1000 comments on a Free user ΓåÆ 200 sent + 800 queued
[22m[39mΓä╣∩╕Å [INFO] Rate limit hit, queuing DM | {"userId":"viral_free","planType":"free","remaining":{"hourly":0,"monthly":800}}

[90mstdout[2m | tests/lib/capacity-simulation.test.ts[2m > [22m[2m≡ƒÜÇ Capacity Simulation: Full System Load Test[2m > [22m[2m≡ƒöÑ Viral Post Burst[2m > [22m[2m1000 comments on a Free user ΓåÆ 200 sent + 800 queued
[22m[39mΓä╣∩╕Å [INFO] Rate limit hit, queuing DM | {"userId":"viral_free","planType":"free","remaining":{"hourly":0,"monthly":800}}

[90mstdout[2m | tests/lib/capacity-simulation.test.ts[2m > [22m[2m≡ƒÜÇ Capacity Simulation: Full System Load Test[2m > [22m[2m≡ƒöÑ Viral Post Burst[2m > [22m[2m1000 comments on a Free user ΓåÆ 200 sent + 800 queued
[22m[39mΓä╣∩╕Å [INFO] Rate limit hit, queuing DM | {"userId":"viral_free","planType":"free","remaining":{"hourly":0,"monthly":800}}

[90mstdout[2m | tests/lib/capacity-simulation.test.ts[2m > [22m[2m≡ƒÜÇ Capacity Simulation: Full System Load Test[2m > [22m[2m≡ƒöÑ Viral Post Burst[2m > [22m[2m1000 comments on a Free user ΓåÆ 200 sent + 800 queued
[22m[39mΓä╣∩╕Å [INFO] Rate limit hit, queuing DM | {"userId":"viral_free","planType":"free","remaining":{"hourly":0,"monthly":800}}

[90mstdout[2m | tests/lib/capacity-simulation.test.ts[2m > [22m[2m≡ƒÜÇ Capacity Simulation: Full System Load Test[2m > [22m[2m≡ƒöÑ Viral Post Burst[2m > [22m[2m1000 comments on a Free user ΓåÆ 200 sent + 800 queued
[22m[39mΓä╣∩╕Å [INFO] Rate limit hit, queuing DM | {"userId":"viral_free","planType":"free","remaining":{"hourly":0,"monthly":800}}

[90mstdout[2m | tests/lib/capacity-simulation.test.ts[2m > [22m[2m≡ƒÜÇ Capacity Simulation: Full System Load Test[2m > [22m[2m≡ƒöÑ Viral Post Burst[2m > [22m[2m1000 comments on a Free user ΓåÆ 200 sent + 800 queued
[22m[39mΓä╣∩╕Å [INFO] Rate limit hit, queuing DM | {"userId":"viral_free","planType":"free","remaining":{"hourly":0,"monthly":800}}

[90mstdout[2m | tests/lib/capacity-simulation.test.ts[2m > [22m[2m≡ƒÜÇ Capacity Simulation: Full System Load Test[2m > [22m[2m≡ƒöÑ Viral Post Burst[2m > [22m[2m1000 comments on a Free user ΓåÆ 200 sent + 800 queued
[22m[39mΓä╣∩╕Å [INFO] Rate limit hit, queuing DM | {"userId":"viral_free","planType":"free","remaining":{"hourly":0,"monthly":800}}

[90mstdout[2m | tests/lib/capacity-simulation.test.ts[2m > [22m[2m≡ƒÜÇ Capacity Simulation: Full System Load Test[2m > [22m[2m≡ƒöÑ Viral Post Burst[2m > [22m[2m1000 comments on a Free user ΓåÆ 200 sent + 800 queued
[22m[39mΓä╣∩╕Å [INFO] Rate limit hit, queuing DM | {"userId":"viral_free","planType":"free","remaining":{"hourly":0,"monthly":800}}

[90mstdout[2m | tests/lib/capacity-simulation.test.ts[2m > [22m[2m≡ƒÜÇ Capacity Simulation: Full System Load Test[2m > [22m[2m≡ƒöÑ Viral Post Burst[2m > [22m[2m1000 comments on a Free user ΓåÆ 200 sent + 800 queued
[22m[39mΓä╣∩╕Å [INFO] Rate limit hit, queuing DM | {"userId":"viral_free","planType":"free","remaining":{"hourly":0,"monthly":800}}

[90mstdout[2m | tests/lib/capacity-simulation.test.ts[2m > [22m[2m≡ƒÜÇ Capacity Simulation: Full System Load Test[2m > [22m[2m≡ƒöÑ Viral Post Burst[2m > [22m[2m1000 comments on a Free user ΓåÆ 200 sent + 800 queued
[22m[39mΓä╣∩╕Å [INFO] Rate limit hit, queuing DM | {"userId":"viral_free","planType":"free","remaining":{"hourly":0,"monthly":800}}

[90mstdout[2m | tests/lib/capacity-simulation.test.ts[2m > [22m[2m≡ƒÜÇ Capacity Simulation: Full System Load Test[2m > [22m[2m≡ƒöÑ Viral Post Burst[2m > [22m[2m1000 comments on a Free user ΓåÆ 200 sent + 800 queued
[22m[39mΓä╣∩╕Å [INFO] Rate limit hit, queuing DM | {"userId":"viral_free","planType":"free","remaining":{"hourly":0,"monthly":800}}

[90mstdout[2m | tests/lib/capacity-simulation.test.ts[2m > [22m[2m≡ƒÜÇ Capacity Simulation: Full System Load Test[2m > [22m[2m≡ƒöÑ Viral Post Burst[2m > [22m[2m1000 comments on a Free user ΓåÆ 200 sent + 800 queued
[22m[39mΓä╣∩╕Å [INFO] Rate limit hit, queuing DM | {"userId":"viral_free","planType":"free","remaining":{"hourly":0,"monthly":800}}

[90mstdout[2m | tests/lib/capacity-simulation.test.ts[2m > [22m[2m≡ƒÜÇ Capacity Simulation: Full System Load Test[2m > [22m[2m≡ƒöÑ Viral Post Burst[2m > [22m[2m1000 comments on a Free user ΓåÆ 200 sent + 800 queued
[22m[39mΓä╣∩╕Å [INFO] Rate limit hit, queuing DM | {"userId":"viral_free","planType":"free","remaining":{"hourly":0,"monthly":800}}

[90mstdout[2m | tests/lib/capacity-simulation.test.ts[2m > [22m[2m≡ƒÜÇ Capacity Simulation: Full System Load Test[2m > [22m[2m≡ƒöÑ Viral Post Burst[2m > [22m[2m1000 comments on a Free user ΓåÆ 200 sent + 800 queued
[22m[39mΓä╣∩╕Å [INFO] Rate limit hit, queuing DM | {"userId":"viral_free","planType":"free","remaining":{"hourly":0,"monthly":800}}

[90mstdout[2m | tests/lib/capacity-simulation.test.ts[2m > [22m[2m≡ƒÜÇ Capacity Simulation: Full System Load Test[2m > [22m[2m≡ƒöÑ Viral Post Burst[2m > [22m[2m1000 comments on a Free user ΓåÆ 200 sent + 800 queued
[22m[39mΓä╣∩╕Å [INFO] Rate limit hit, queuing DM | {"userId":"viral_free","planType":"free","remaining":{"hourly":0,"monthly":800}}

[90mstdout[2m | tests/lib/capacity-simulation.test.ts[2m > [22m[2m≡ƒÜÇ Capacity Simulation: Full System Load Test[2m > [22m[2m≡ƒöÑ Viral Post Burst[2m > [22m[2m1000 comments on a Free user ΓåÆ 200 sent + 800 queued
[22m[39mΓä╣∩╕Å [INFO] Rate limit hit, queuing DM | {"userId":"viral_free","planType":"free","remaining":{"hourly":0,"monthly":800}}

[90mstdout[2m | tests/lib/capacity-simulation.test.ts[2m > [22m[2m≡ƒÜÇ Capacity Simulation: Full System Load Test[2m > [22m[2m≡ƒöÑ Viral Post Burst[2m > [22m[2m1000 comments on a Free user ΓåÆ 200 sent + 800 queued
[22m[39mΓä╣∩╕Å [INFO] Rate limit hit, queuing DM | {"userId":"viral_free","planType":"free","remaining":{"hourly":0,"monthly":800}}

[90mstdout[2m | tests/lib/capacity-simulation.test.ts[2m > [22m[2m≡ƒÜÇ Capacity Simulation: Full System Load Test[2m > [22m[2m≡ƒöÑ Viral Post Burst[2m > [22m[2m1000 comments on a Free user ΓåÆ 200 sent + 800 queued
[22m[39mΓä╣∩╕Å [INFO] Rate limit hit, queuing DM | {"userId":"viral_free","planType":"free","remaining":{"hourly":0,"monthly":800}}

[90mstdout[2m | tests/lib/capacity-simulation.test.ts[2m > [22m[2m≡ƒÜÇ Capacity Simulation: Full System Load Test[2m > [22m[2m≡ƒöÑ Viral Post Burst[2m > [22m[2m1000 comments on a Free user ΓåÆ 200 sent + 800 queued
[22m[39mΓä╣∩╕Å [INFO] Rate limit hit, queuing DM | {"userId":"viral_free","planType":"free","remaining":{"hourly":0,"monthly":800}}

[90mstdout[2m | tests/lib/capacity-simulation.test.ts[2m > [22m[2m≡ƒÜÇ Capacity Simulation: Full System Load Test[2m > [22m[2m≡ƒöÑ Viral Post Burst[2m > [22m[2m1000 comments on a Free user ΓåÆ 200 sent + 800 queued
[22m[39mΓä╣∩╕Å [INFO] Rate limit hit, queuing DM | {"userId":"viral_free","planType":"free","remaining":{"hourly":0,"monthly":800}}

[90mstdout[2m | tests/lib/capacity-simulation.test.ts[2m > [22m[2m≡ƒÜÇ Capacity Simulation: Full System Load Test[2m > [22m[2m≡ƒöÑ Viral Post Burst[2m > [22m[2m1000 comments on a Free user ΓåÆ 200 sent + 800 queued
[22m[39mΓä╣∩╕Å [INFO] Rate limit hit, queuing DM | {"userId":"viral_free","planType":"free","remaining":{"hourly":0,"monthly":800}}

[90mstdout[2m | tests/lib/capacity-simulation.test.ts[2m > [22m[2m≡ƒÜÇ Capacity Simulation: Full System Load Test[2m > [22m[2m≡ƒöÑ Viral Post Burst[2m > [22m[2m1000 comments on a Free user ΓåÆ 200 sent + 800 queued
[22m[39mΓä╣∩╕Å [INFO] Rate limit hit, queuing DM | {"userId":"viral_free","planType":"free","remaining":{"hourly":0,"monthly":800}}

[90mstdout[2m | tests/lib/capacity-simulation.test.ts[2m > [22m[2m≡ƒÜÇ Capacity Simulation: Full System Load Test[2m > [22m[2m≡ƒöÑ Viral Post Burst[2m > [22m[2m1000 comments on a Free user ΓåÆ 200 sent + 800 queued
[22m[39mΓä╣∩╕Å [INFO] Rate limit hit, queuing DM | {"userId":"viral_free","planType":"free","remaining":{"hourly":0,"monthly":800}}

[90mstdout[2m | tests/lib/capacity-simulation.test.ts[2m > [22m[2m≡ƒÜÇ Capacity Simulation: Full System Load Test[2m > [22m[2m≡ƒöÑ Viral Post Burst[2m > [22m[2m1000 comments on a Free user ΓåÆ 200 sent + 800 queued
[22m[39mΓä╣∩╕Å [INFO] Rate limit hit, queuing DM | {"userId":"viral_free","planType":"free","remaining":{"hourly":0,"monthly":800}}

[90mstdout[2m | tests/lib/capacity-simulation.test.ts[2m > [22m[2m≡ƒÜÇ Capacity Simulation: Full System Load Test[2m > [22m[2m≡ƒöÑ Viral Post Burst[2m > [22m[2m1000 comments on a Free user ΓåÆ 200 sent + 800 queued
[22m[39mΓä╣∩╕Å [INFO] Rate limit hit, queuing DM | {"userId":"viral_free","planType":"free","remaining":{"hourly":0,"monthly":800}}

[90mstdout[2m | tests/lib/capacity-simulation.test.ts[2m > [22m[2m≡ƒÜÇ Capacity Simulation: Full System Load Test[2m > [22m[2m≡ƒöÑ Viral Post Burst[2m > [22m[2m1000 comments on a Free user ΓåÆ 200 sent + 800 queued
[22m[39mΓä╣∩╕Å [INFO] Rate limit hit, queuing DM | {"userId":"viral_free","planType":"free","remaining":{"hourly":0,"monthly":800}}

[90mstdout[2m | tests/lib/capacity-simulation.test.ts[2m > [22m[2m≡ƒÜÇ Capacity Simulation: Full System Load Test[2m > [22m[2m≡ƒöÑ Viral Post Burst[2m > [22m[2m1000 comments on a Free user ΓåÆ 200 sent + 800 queued
[22m[39mΓä╣∩╕Å [INFO] Rate limit hit, queuing DM | {"userId":"viral_free","planType":"free","remaining":{"hourly":0,"monthly":800}}

[90mstdout[2m | tests/lib/capacity-simulation.test.ts[2m > [22m[2m≡ƒÜÇ Capacity Simulation: Full System Load Test[2m > [22m[2m≡ƒöÑ Viral Post Burst[2m > [22m[2m1000 comments on a Free user ΓåÆ 200 sent + 800 queued
[22m[39mΓä╣∩╕Å [INFO] Rate limit hit, queuing DM | {"userId":"viral_free","planType":"free","remaining":{"hourly":0,"monthly":800}}

[90mstdout[2m | tests/lib/capacity-simulation.test.ts[2m > [22m[2m≡ƒÜÇ Capacity Simulation: Full System Load Test[2m > [22m[2m≡ƒöÑ Viral Post Burst[2m > [22m[2m1000 comments on a Free user ΓåÆ 200 sent + 800 queued
[22m[39mΓä╣∩╕Å [INFO] Rate limit hit, queuing DM | {"userId":"viral_free","planType":"free","remaining":{"hourly":0,"monthly":800}}

[90mstdout[2m | tests/lib/capacity-simulation.test.ts[2m > [22m[2m≡ƒÜÇ Capacity Simulation: Full System Load Test[2m > [22m[2m≡ƒöÑ Viral Post Burst[2m > [22m[2m1000 comments on a Free user ΓåÆ 200 sent + 800 queued
[22m[39mΓä╣∩╕Å [INFO] Rate limit hit, queuing DM | {"userId":"viral_free","planType":"free","remaining":{"hourly":0,"monthly":800}}

[90mstdout[2m | tests/lib/capacity-simulation.test.ts[2m > [22m[2m≡ƒÜÇ Capacity Simulation: Full System Load Test[2m > [22m[2m≡ƒöÑ Viral Post Burst[2m > [22m[2m1000 comments on a Free user ΓåÆ 200 sent + 800 queued
[22m[39mΓä╣∩╕Å [INFO] Rate limit hit, queuing DM | {"userId":"viral_free","planType":"free","remaining":{"hourly":0,"monthly":800}}

[90mstdout[2m | tests/lib/capacity-simulation.test.ts[2m > [22m[2m≡ƒÜÇ Capacity Simulation: Full System Load Test[2m > [22m[2m≡ƒöÑ Viral Post Burst[2m > [22m[2m1000 comments on a Free user ΓåÆ 200 sent + 800 queued
[22m[39mΓä╣∩╕Å [INFO] Rate limit hit, queuing DM | {"userId":"viral_free","planType":"free","remaining":{"hourly":0,"monthly":800}}

[90mstdout[2m | tests/lib/capacity-simulation.test.ts[2m > [22m[2m≡ƒÜÇ Capacity Simulation: Full System Load Test[2m > [22m[2m≡ƒöÑ Viral Post Burst[2m > [22m[2m1000 comments on a Free user ΓåÆ 200 sent + 800 queued
[22m[39mΓä╣∩╕Å [INFO] Rate limit hit, queuing DM | {"userId":"viral_free","planType":"free","remaining":{"hourly":0,"monthly":800}}

[90mstdout[2m | tests/lib/capacity-simulation.test.ts[2m > [22m[2m≡ƒÜÇ Capacity Simulation: Full System Load Test[2m > [22m[2m≡ƒöÑ Viral Post Burst[2m > [22m[2m1000 comments on a Free user ΓåÆ 200 sent + 800 queued
[22m[39mΓä╣∩╕Å [INFO] Rate limit hit, queuing DM | {"userId":"viral_free","planType":"free","remaining":{"hourly":0,"monthly":800}}

[90mstdout[2m | tests/lib/capacity-simulation.test.ts[2m > [22m[2m≡ƒÜÇ Capacity Simulation: Full System Load Test[2m > [22m[2m≡ƒöÑ Viral Post Burst[2m > [22m[2m1000 comments on a Free user ΓåÆ 200 sent + 800 queued
[22m[39mΓä╣∩╕Å [INFO] Rate limit hit, queuing DM | {"userId":"viral_free","planType":"free","remaining":{"hourly":0,"monthly":800}}

[90mstdout[2m | tests/lib/capacity-simulation.test.ts[2m > [22m[2m≡ƒÜÇ Capacity Simulation: Full System Load Test[2m > [22m[2m≡ƒöÑ Viral Post Burst[2m > [22m[2m1000 comments on a Free user ΓåÆ 200 sent + 800 queued
[22m[39mΓä╣∩╕Å [INFO] Rate limit hit, queuing DM | {"userId":"viral_free","planType":"free","remaining":{"hourly":0,"monthly":800}}

[90mstdout[2m | tests/lib/capacity-simulation.test.ts[2m > [22m[2m≡ƒÜÇ Capacity Simulation: Full System Load Test[2m > [22m[2m≡ƒöÑ Viral Post Burst[2m > [22m[2m1000 comments on a Free user ΓåÆ 200 sent + 800 queued
[22m[39mΓä╣∩╕Å [INFO] Rate limit hit, queuing DM | {"userId":"viral_free","planType":"free","remaining":{"hourly":0,"monthly":800}}

[90mstdout[2m | tests/lib/capacity-simulation.test.ts[2m > [22m[2m≡ƒÜÇ Capacity Simulation: Full System Load Test[2m > [22m[2m≡ƒöÑ Viral Post Burst[2m > [22m[2m1000 comments on a Free user ΓåÆ 200 sent + 800 queued
[22m[39mΓä╣∩╕Å [INFO] Rate limit hit, queuing DM | {"userId":"viral_free","planType":"free","remaining":{"hourly":0,"monthly":800}}

[90mstdout[2m | tests/lib/capacity-simulation.test.ts[2m > [22m[2m≡ƒÜÇ Capacity Simulation: Full System Load Test[2m > [22m[2m≡ƒöÑ Viral Post Burst[2m > [22m[2m1000 comments on a Free user ΓåÆ 200 sent + 800 queued
[22m[39mΓä╣∩╕Å [INFO] Rate limit hit, queuing DM | {"userId":"viral_free","planType":"free","remaining":{"hourly":0,"monthly":800}}

[90mstdout[2m | tests/lib/capacity-simulation.test.ts[2m > [22m[2m≡ƒÜÇ Capacity Simulation: Full System Load Test[2m > [22m[2m≡ƒöÑ Viral Post Burst[2m > [22m[2m1000 comments on a Free user ΓåÆ 200 sent + 800 queued
[22m[39mΓä╣∩╕Å [INFO] Rate limit hit, queuing DM | {"userId":"viral_free","planType":"free","remaining":{"hourly":0,"monthly":800}}

[90mstdout[2m | tests/lib/capacity-simulation.test.ts[2m > [22m[2m≡ƒÜÇ Capacity Simulation: Full System Load Test[2m > [22m[2m≡ƒöÑ Viral Post Burst[2m > [22m[2m1000 comments on a Free user ΓåÆ 200 sent + 800 queued
[22m[39mΓä╣∩╕Å [INFO] Rate limit hit, queuing DM | {"userId":"viral_free","planType":"free","remaining":{"hourly":0,"monthly":800}}

[90mstdout[2m | tests/lib/capacity-simulation.test.ts[2m > [22m[2m≡ƒÜÇ Capacity Simulation: Full System Load Test[2m > [22m[2m≡ƒöÑ Viral Post Burst[2m > [22m[2m1000 comments on a Free user ΓåÆ 200 sent + 800 queued
[22m[39mΓä╣∩╕Å [INFO] Rate limit hit, queuing DM | {"userId":"viral_free","planType":"free","remaining":{"hourly":0,"monthly":800}}

[90mstdout[2m | tests/lib/capacity-simulation.test.ts[2m > [22m[2m≡ƒÜÇ Capacity Simulation: Full System Load Test[2m > [22m[2m≡ƒöÑ Viral Post Burst[2m > [22m[2m1000 comments on a Free user ΓåÆ 200 sent + 800 queued
[22m[39mΓä╣∩╕Å [INFO] Rate limit hit, queuing DM | {"userId":"viral_free","planType":"free","remaining":{"hourly":0,"monthly":800}}

[90mstdout[2m | tests/lib/capacity-simulation.test.ts[2m > [22m[2m≡ƒÜÇ Capacity Simulation: Full System Load Test[2m > [22m[2m≡ƒöÑ Viral Post Burst[2m > [22m[2m1000 comments on a Free user ΓåÆ 200 sent + 800 queued
[22m[39mΓä╣∩╕Å [INFO] Rate limit hit, queuing DM | {"userId":"viral_free","planType":"free","remaining":{"hourly":0,"monthly":800}}

[90mstdout[2m | tests/lib/capacity-simulation.test.ts[2m > [22m[2m≡ƒÜÇ Capacity Simulation: Full System Load Test[2m > [22m[2m≡ƒöÑ Viral Post Burst[2m > [22m[2m1000 comments on a Free user ΓåÆ 200 sent + 800 queued
[22m[39mΓä╣∩╕Å [INFO] Rate limit hit, queuing DM | {"userId":"viral_free","planType":"free","remaining":{"hourly":0,"monthly":800}}

[90mstdout[2m | tests/lib/capacity-simulation.test.ts[2m > [22m[2m≡ƒÜÇ Capacity Simulation: Full System Load Test[2m > [22m[2m≡ƒöÑ Viral Post Burst[2m > [22m[2m1000 comments on a Free user ΓåÆ 200 sent + 800 queued
[22m[39mΓä╣∩╕Å [INFO] Rate limit hit, queuing DM | {"userId":"viral_free","planType":"free","remaining":{"hourly":0,"monthly":800}}

[90mstdout[2m | tests/lib/capacity-simulation.test.ts[2m > [22m[2m≡ƒÜÇ Capacity Simulation: Full System Load Test[2m > [22m[2m≡ƒöÑ Viral Post Burst[2m > [22m[2m1000 comments on a Free user ΓåÆ 200 sent + 800 queued
[22m[39mΓä╣∩╕Å [INFO] Rate limit hit, queuing DM | {"userId":"viral_free","planType":"free","remaining":{"hourly":0,"monthly":800}}

[90mstdout[2m | tests/lib/capacity-simulation.test.ts[2m > [22m[2m≡ƒÜÇ Capacity Simulation: Full System Load Test[2m > [22m[2m≡ƒöÑ Viral Post Burst[2m > [22m[2m1000 comments on a Free user ΓåÆ 200 sent + 800 queued
[22m[39mΓä╣∩╕Å [INFO] Rate limit hit, queuing DM | {"userId":"viral_free","planType":"free","remaining":{"hourly":0,"monthly":800}}

[90mstdout[2m | tests/lib/capacity-simulation.test.ts[2m > [22m[2m≡ƒÜÇ Capacity Simulation: Full System Load Test[2m > [22m[2m≡ƒöÑ Viral Post Burst[2m > [22m[2m1000 comments on a Free user ΓåÆ 200 sent + 800 queued
[22m[39mΓä╣∩╕Å [INFO] Rate limit hit, queuing DM | {"userId":"viral_free","planType":"free","remaining":{"hourly":0,"monthly":800}}

[90mstdout[2m | tests/lib/capacity-simulation.test.ts[2m > [22m[2m≡ƒÜÇ Capacity Simulation: Full System Load Test[2m > [22m[2m≡ƒöÑ Viral Post Burst[2m > [22m[2m1000 comments on a Free user ΓåÆ 200 sent + 800 queued
[22m[39mΓä╣∩╕Å [INFO] Rate limit hit, queuing DM | {"userId":"viral_free","planType":"free","remaining":{"hourly":0,"monthly":800}}

[90mstdout[2m | tests/lib/capacity-simulation.test.ts[2m > [22m[2m≡ƒÜÇ Capacity Simulation: Full System Load Test[2m > [22m[2m≡ƒöÑ Viral Post Burst[2m > [22m[2m1000 comments on a Free user ΓåÆ 200 sent + 800 queued
[22m[39mΓä╣∩╕Å [INFO] Rate limit hit, queuing DM | {"userId":"viral_free","planType":"free","remaining":{"hourly":0,"monthly":800}}

[90mstdout[2m | tests/lib/capacity-simulation.test.ts[2m > [22m[2m≡ƒÜÇ Capacity Simulation: Full System Load Test[2m > [22m[2m≡ƒöÑ Viral Post Burst[2m > [22m[2m1000 comments on a Free user ΓåÆ 200 sent + 800 queued
[22m[39mΓä╣∩╕Å [INFO] Rate limit hit, queuing DM | {"userId":"viral_free","planType":"free","remaining":{"hourly":0,"monthly":800}}

[90mstdout[2m | tests/lib/capacity-simulation.test.ts[2m > [22m[2m≡ƒÜÇ Capacity Simulation: Full System Load Test[2m > [22m[2m≡ƒöÑ Viral Post Burst[2m > [22m[2m1000 comments on a Free user ΓåÆ 200 sent + 800 queued
[22m[39mΓä╣∩╕Å [INFO] Rate limit hit, queuing DM | {"userId":"viral_free","planType":"free","remaining":{"hourly":0,"monthly":800}}

[90mstdout[2m | tests/lib/capacity-simulation.test.ts[2m > [22m[2m≡ƒÜÇ Capacity Simulation: Full System Load Test[2m > [22m[2m≡ƒöÑ Viral Post Burst[2m > [22m[2m1000 comments on a Free user ΓåÆ 200 sent + 800 queued
[22m[39mΓä╣∩╕Å [INFO] Rate limit hit, queuing DM | {"userId":"viral_free","planType":"free","remaining":{"hourly":0,"monthly":800}}

[90mstdout[2m | tests/lib/capacity-simulation.test.ts[2m > [22m[2m≡ƒÜÇ Capacity Simulation: Full System Load Test[2m > [22m[2m≡ƒöÑ Viral Post Burst[2m > [22m[2m1000 comments on a Free user ΓåÆ 200 sent + 800 queued
[22m[39mΓä╣∩╕Å [INFO] Rate limit hit, queuing DM | {"userId":"viral_free","planType":"free","remaining":{"hourly":0,"monthly":800}}

[90mstdout[2m | tests/lib/capacity-simulation.test.ts[2m > [22m[2m≡ƒÜÇ Capacity Simulation: Full System Load Test[2m > [22m[2m≡ƒöÑ Viral Post Burst[2m > [22m[2m1000 comments on a Free user ΓåÆ 200 sent + 800 queued
[22m[39mΓä╣∩╕Å [INFO] Rate limit hit, queuing DM | {"userId":"viral_free","planType":"free","remaining":{"hourly":0,"monthly":800}}

[90mstdout[2m | tests/lib/capacity-simulation.test.ts[2m > [22m[2m≡ƒÜÇ Capacity Simulation: Full System Load Test[2m > [22m[2m≡ƒöÑ Viral Post Burst[2m > [22m[2m1000 comments on a Free user ΓåÆ 200 sent + 800 queued
[22m[39mΓä╣∩╕Å [INFO] Rate limit hit, queuing DM | {"userId":"viral_free","planType":"free","remaining":{"hourly":0,"monthly":800}}

[90mstdout[2m | tests/lib/capacity-simulation.test.ts[2m > [22m[2m≡ƒÜÇ Capacity Simulation: Full System Load Test[2m > [22m[2m≡ƒöÑ Viral Post Burst[2m > [22m[2m1000 comments on a Free user ΓåÆ 200 sent + 800 queued
[22m[39mΓä╣∩╕Å [INFO] Rate limit hit, queuing DM | {"userId":"viral_free","planType":"free","remaining":{"hourly":0,"monthly":800}}

[90mstdout[2m | tests/lib/capacity-simulation.test.ts[2m > [22m[2m≡ƒÜÇ Capacity Simulation: Full System Load Test[2m > [22m[2m≡ƒöÑ Viral Post Burst[2m > [22m[2m1000 comments on a Free user ΓåÆ 200 sent + 800 queued
[22m[39mΓä╣∩╕Å [INFO] Rate limit hit, queuing DM | {"userId":"viral_free","planType":"free","remaining":{"hourly":0,"monthly":800}}

[90mstdout[2m | tests/lib/capacity-simulation.test.ts[2m > [22m[2m≡ƒÜÇ Capacity Simulation: Full System Load Test[2m > [22m[2m≡ƒöÑ Viral Post Burst[2m > [22m[2m1000 comments on a Free user ΓåÆ 200 sent + 800 queued
[22m[39mΓä╣∩╕Å [INFO] Rate limit hit, queuing DM | {"userId":"viral_free","planType":"free","remaining":{"hourly":0,"monthly":800}}

[90mstdout[2m | tests/lib/capacity-simulation.test.ts[2m > [22m[2m≡ƒÜÇ Capacity Simulation: Full System Load Test[2m > [22m[2m≡ƒöÑ Viral Post Burst[2m > [22m[2m1000 comments on a Free user ΓåÆ 200 sent + 800 queued
[22m[39mΓä╣∩╕Å [INFO] Rate limit hit, queuing DM | {"userId":"viral_free","planType":"free","remaining":{"hourly":0,"monthly":800}}

[90mstdout[2m | tests/lib/capacity-simulation.test.ts[2m > [22m[2m≡ƒÜÇ Capacity Simulation: Full System Load Test[2m > [22m[2m≡ƒöÑ Viral Post Burst[2m > [22m[2m1000 comments on a Free user ΓåÆ 200 sent + 800 queued
[22m[39mΓä╣∩╕Å [INFO] Rate limit hit, queuing DM | {"userId":"viral_free","planType":"free","remaining":{"hourly":0,"monthly":800}}

[90mstdout[2m | tests/lib/capacity-simulation.test.ts[2m > [22m[2m≡ƒÜÇ Capacity Simulation: Full System Load Test[2m > [22m[2m≡ƒöÑ Viral Post Burst[2m > [22m[2m1000 comments on a Free user ΓåÆ 200 sent + 800 queued
[22m[39mΓä╣∩╕Å [INFO] Rate limit hit, queuing DM | {"userId":"viral_free","planType":"free","remaining":{"hourly":0,"monthly":800}}

[90mstdout[2m | tests/lib/capacity-simulation.test.ts[2m > [22m[2m≡ƒÜÇ Capacity Simulation: Full System Load Test[2m > [22m[2m≡ƒöÑ Viral Post Burst[2m > [22m[2m1000 comments on a Free user ΓåÆ 200 sent + 800 queued
[22m[39mΓä╣∩╕Å [INFO] Rate limit hit, queuing DM | {"userId":"viral_free","planType":"free","remaining":{"hourly":0,"monthly":800}}

[90mstdout[2m | tests/lib/capacity-simulation.test.ts[2m > [22m[2m≡ƒÜÇ Capacity Simulation: Full System Load Test[2m > [22m[2m≡ƒöÑ Viral Post Burst[2m > [22m[2m1000 comments on a Free user ΓåÆ 200 sent + 800 queued
[22m[39mΓä╣∩╕Å [INFO] Rate limit hit, queuing DM | {"userId":"viral_free","planType":"free","remaining":{"hourly":0,"monthly":800}}

[90mstdout[2m | tests/lib/capacity-simulation.test.ts[2m > [22m[2m≡ƒÜÇ Capacity Simulation: Full System Load Test[2m > [22m[2m≡ƒöÑ Viral Post Burst[2m > [22m[2m1000 comments on a Free user ΓåÆ 200 sent + 800 queued
[22m[39mΓä╣∩╕Å [INFO] Rate limit hit, queuing DM | {"userId":"viral_free","planType":"free","remaining":{"hourly":0,"monthly":800}}

[90mstdout[2m | tests/lib/capacity-simulation.test.ts[2m > [22m[2m≡ƒÜÇ Capacity Simulation: Full System Load Test[2m > [22m[2m≡ƒöÑ Viral Post Burst[2m > [22m[2m1000 comments on a Free user ΓåÆ 200 sent + 800 queued
[22m[39mΓä╣∩╕Å [INFO] Rate limit hit, queuing DM | {"userId":"viral_free","planType":"free","remaining":{"hourly":0,"monthly":800}}

[90mstdout[2m | tests/lib/capacity-simulation.test.ts[2m > [22m[2m≡ƒÜÇ Capacity Simulation: Full System Load Test[2m > [22m[2m≡ƒöÑ Viral Post Burst[2m > [22m[2m1000 comments on a Free user ΓåÆ 200 sent + 800 queued
[22m[39mΓä╣∩╕Å [INFO] Rate limit hit, queuing DM | {"userId":"viral_free","planType":"free","remaining":{"hourly":0,"monthly":800}}

[90mstdout[2m | tests/lib/capacity-simulation.test.ts[2m > [22m[2m≡ƒÜÇ Capacity Simulation: Full System Load Test[2m > [22m[2m≡ƒöÑ Viral Post Burst[2m > [22m[2m1000 comments on a Free user ΓåÆ 200 sent + 800 queued
[22m[39mΓä╣∩╕Å [INFO] Rate limit hit, queuing DM | {"userId":"viral_free","planType":"free","remaining":{"hourly":0,"monthly":800}}

[90mstdout[2m | tests/lib/capacity-simulation.test.ts[2m > [22m[2m≡ƒÜÇ Capacity Simulation: Full System Load Test[2m > [22m[2m≡ƒöÑ Viral Post Burst[2m > [22m[2m1000 comments on a Free user ΓåÆ 200 sent + 800 queued
[22m[39mΓä╣∩╕Å [INFO] Rate limit hit, queuing DM | {"userId":"viral_free","planType":"free","remaining":{"hourly":0,"monthly":800}}

[90mstdout[2m | tests/lib/capacity-simulation.test.ts[2m > [22m[2m≡ƒÜÇ Capacity Simulation: Full System Load Test[2m > [22m[2m≡ƒöÑ Viral Post Burst[2m > [22m[2m1000 comments on a Free user ΓåÆ 200 sent + 800 queued
[22m[39mΓä╣∩╕Å [INFO] Rate limit hit, queuing DM | {"userId":"viral_free","planType":"free","remaining":{"hourly":0,"monthly":800}}

[90mstdout[2m | tests/lib/capacity-simulation.test.ts[2m > [22m[2m≡ƒÜÇ Capacity Simulation: Full System Load Test[2m > [22m[2m≡ƒöÑ Viral Post Burst[2m > [22m[2m1000 comments on a Free user ΓåÆ 200 sent + 800 queued
[22m[39mΓä╣∩╕Å [INFO] Rate limit hit, queuing DM | {"userId":"viral_free","planType":"free","remaining":{"hourly":0,"monthly":800}}

[90mstdout[2m | tests/lib/capacity-simulation.test.ts[2m > [22m[2m≡ƒÜÇ Capacity Simulation: Full System Load Test[2m > [22m[2m≡ƒöÑ Viral Post Burst[2m > [22m[2m1000 comments on a Free user ΓåÆ 200 sent + 800 queued
[22m[39mΓä╣∩╕Å [INFO] Rate limit hit, queuing DM | {"userId":"viral_free","planType":"free","remaining":{"hourly":0,"monthly":800}}

[90mstdout[2m | tests/lib/capacity-simulation.test.ts[2m > [22m[2m≡ƒÜÇ Capacity Simulation: Full System Load Test[2m > [22m[2m≡ƒöÑ Viral Post Burst[2m > [22m[2m1000 comments on a Free user ΓåÆ 200 sent + 800 queued
[22m[39mΓä╣∩╕Å [INFO] Rate limit hit, queuing DM | {"userId":"viral_free","planType":"free","remaining":{"hourly":0,"monthly":800}}

[90mstdout[2m | tests/lib/capacity-simulation.test.ts[2m > [22m[2m≡ƒÜÇ Capacity Simulation: Full System Load Test[2m > [22m[2m≡ƒöÑ Viral Post Burst[2m > [22m[2m1000 comments on a Free user ΓåÆ 200 sent + 800 queued
[22m[39mΓä╣∩╕Å [INFO] Rate limit hit, queuing DM | {"userId":"viral_free","planType":"free","remaining":{"hourly":0,"monthly":800}}

[90mstdout[2m | tests/lib/capacity-simulation.test.ts[2m > [22m[2m≡ƒÜÇ Capacity Simulation: Full System Load Test[2m > [22m[2m≡ƒöÑ Viral Post Burst[2m > [22m[2m1000 comments on a Free user ΓåÆ 200 sent + 800 queued
[22m[39mΓä╣∩╕Å [INFO] Rate limit hit, queuing DM | {"userId":"viral_free","planType":"free","remaining":{"hourly":0,"monthly":800}}

[90mstdout[2m | tests/lib/capacity-simulation.test.ts[2m > [22m[2m≡ƒÜÇ Capacity Simulation: Full System Load Test[2m > [22m[2m≡ƒöÑ Viral Post Burst[2m > [22m[2m1000 comments on a Free user ΓåÆ 200 sent + 800 queued
[22m[39mΓä╣∩╕Å [INFO] Rate limit hit, queuing DM | {"userId":"viral_free","planType":"free","remaining":{"hourly":0,"monthly":800}}

[90mstdout[2m | tests/lib/capacity-simulation.test.ts[2m > [22m[2m≡ƒÜÇ Capacity Simulation: Full System Load Test[2m > [22m[2m≡ƒöÑ Viral Post Burst[2m > [22m[2m1000 comments on a Free user ΓåÆ 200 sent + 800 queued
[22m[39mΓä╣∩╕Å [INFO] Rate limit hit, queuing DM | {"userId":"viral_free","planType":"free","remaining":{"hourly":0,"monthly":800}}

[90mstdout[2m | tests/lib/capacity-simulation.test.ts[2m > [22m[2m≡ƒÜÇ Capacity Simulation: Full System Load Test[2m > [22m[2m≡ƒöÑ Viral Post Burst[2m > [22m[2m1000 comments on a Free user ΓåÆ 200 sent + 800 queued
[22m[39mΓä╣∩╕Å [INFO] Rate limit hit, queuing DM | {"userId":"viral_free","planType":"free","remaining":{"hourly":0,"monthly":800}}

[90mstdout[2m | tests/lib/capacity-simulation.test.ts[2m > [22m[2m≡ƒÜÇ Capacity Simulation: Full System Load Test[2m > [22m[2m≡ƒöÑ Viral Post Burst[2m > [22m[2m1000 comments on a Free user ΓåÆ 200 sent + 800 queued
[22m[39mΓä╣∩╕Å [INFO] Rate limit hit, queuing DM | {"userId":"viral_free","planType":"free","remaining":{"hourly":0,"monthly":800}}

[90mstdout[2m | tests/lib/capacity-simulation.test.ts[2m > [22m[2m≡ƒÜÇ Capacity Simulation: Full System Load Test[2m > [22m[2m≡ƒöÑ Viral Post Burst[2m > [22m[2m1000 comments on a Free user ΓåÆ 200 sent + 800 queued
[22m[39mΓä╣∩╕Å [INFO] Rate limit hit, queuing DM | {"userId":"viral_free","planType":"free","remaining":{"hourly":0,"monthly":800}}

[90mstdout[2m | tests/lib/capacity-simulation.test.ts[2m > [22m[2m≡ƒÜÇ Capacity Simulation: Full System Load Test[2m > [22m[2m≡ƒöÑ Viral Post Burst[2m > [22m[2m1000 comments on a Free user ΓåÆ 200 sent + 800 queued
[22m[39mΓä╣∩╕Å [INFO] Rate limit hit, queuing DM | {"userId":"viral_free","planType":"free","remaining":{"hourly":0,"monthly":800}}

[90mstdout[2m | tests/lib/capacity-simulation.test.ts[2m > [22m[2m≡ƒÜÇ Capacity Simulation: Full System Load Test[2m > [22m[2m≡ƒöÑ Viral Post Burst[2m > [22m[2m1000 comments on a Free user ΓåÆ 200 sent + 800 queued
[22m[39mΓä╣∩╕Å [INFO] Rate limit hit, queuing DM | {"userId":"viral_free","planType":"free","remaining":{"hourly":0,"monthly":800}}

[90mstdout[2m | tests/lib/capacity-simulation.test.ts[2m > [22m[2m≡ƒÜÇ Capacity Simulation: Full System Load Test[2m > [22m[2m≡ƒöÑ Viral Post Burst[2m > [22m[2m1000 comments on a Free user ΓåÆ 200 sent + 800 queued
[22m[39mΓä╣∩╕Å [INFO] Rate limit hit, queuing DM | {"userId":"viral_free","planType":"free","remaining":{"hourly":0,"monthly":800}}

[90mstdout[2m | tests/lib/capacity-simulation.test.ts[2m > [22m[2m≡ƒÜÇ Capacity Simulation: Full System Load Test[2m > [22m[2m≡ƒöÑ Viral Post Burst[2m > [22m[2m1000 comments on a Free user ΓåÆ 200 sent + 800 queued
[22m[39mΓä╣∩╕Å [INFO] Rate limit hit, queuing DM | {"userId":"viral_free","planType":"free","remaining":{"hourly":0,"monthly":800}}

[90mstdout[2m | tests/lib/capacity-simulation.test.ts[2m > [22m[2m≡ƒÜÇ Capacity Simulation: Full System Load Test[2m > [22m[2m≡ƒöÑ Viral Post Burst[2m > [22m[2m1000 comments on a Free user ΓåÆ 200 sent + 800 queued
[22m[39mΓä╣∩╕Å [INFO] Rate limit hit, queuing DM | {"userId":"viral_free","planType":"free","remaining":{"hourly":0,"monthly":800}}

[90mstdout[2m | tests/lib/capacity-simulation.test.ts[2m > [22m[2m≡ƒÜÇ Capacity Simulation: Full System Load Test[2m > [22m[2m≡ƒöÑ Viral Post Burst[2m > [22m[2m1000 comments on a Free user ΓåÆ 200 sent + 800 queued
[22m[39mΓä╣∩╕Å [INFO] Rate limit hit, queuing DM | {"userId":"viral_free","planType":"free","remaining":{"hourly":0,"monthly":800}}

[90mstdout[2m | tests/lib/capacity-simulation.test.ts[2m > [22m[2m≡ƒÜÇ Capacity Simulation: Full System Load Test[2m > [22m[2m≡ƒöÑ Viral Post Burst[2m > [22m[2m1000 comments on a Free user ΓåÆ 200 sent + 800 queued
[22m[39mΓä╣∩╕Å [INFO] Rate limit hit, queuing DM | {"userId":"viral_free","planType":"free","remaining":{"hourly":0,"monthly":800}}

[90mstdout[2m | tests/lib/capacity-simulation.test.ts[2m > [22m[2m≡ƒÜÇ Capacity Simulation: Full System Load Test[2m > [22m[2m≡ƒöÑ Viral Post Burst[2m > [22m[2m1000 comments on a Free user ΓåÆ 200 sent + 800 queued
[22m[39mΓä╣∩╕Å [INFO] Rate limit hit, queuing DM | {"userId":"viral_free","planType":"free","remaining":{"hourly":0,"monthly":800}}

[90mstdout[2m | tests/lib/capacity-simulation.test.ts[2m > [22m[2m≡ƒÜÇ Capacity Simulation: Full System Load Test[2m > [22m[2m≡ƒöÑ Viral Post Burst[2m > [22m[2m1000 comments on a Free user ΓåÆ 200 sent + 800 queued
[22m[39mΓä╣∩╕Å [INFO] Rate limit hit, queuing DM | {"userId":"viral_free","planType":"free","remaining":{"hourly":0,"monthly":800}}

[90mstdout[2m | tests/lib/capacity-simulation.test.ts[2m > [22m[2m≡ƒÜÇ Capacity Simulation: Full System Load Test[2m > [22m[2m≡ƒöÑ Viral Post Burst[2m > [22m[2m1000 comments on a Free user ΓåÆ 200 sent + 800 queued
[22m[39mΓä╣∩╕Å [INFO] Rate limit hit, queuing DM | {"userId":"viral_free","planType":"free","remaining":{"hourly":0,"monthly":800}}

[90mstdout[2m | tests/lib/capacity-simulation.test.ts[2m > [22m[2m≡ƒÜÇ Capacity Simulation: Full System Load Test[2m > [22m[2m≡ƒöÑ Viral Post Burst[2m > [22m[2m1000 comments on a Free user ΓåÆ 200 sent + 800 queued
[22m[39mΓä╣∩╕Å [INFO] Rate limit hit, queuing DM | {"userId":"viral_free","planType":"free","remaining":{"hourly":0,"monthly":800}}

[90mstdout[2m | tests/lib/capacity-simulation.test.ts[2m > [22m[2m≡ƒÜÇ Capacity Simulation: Full System Load Test[2m > [22m[2m≡ƒöÑ Viral Post Burst[2m > [22m[2m1000 comments on a Free user ΓåÆ 200 sent + 800 queued
[22m[39mΓä╣∩╕Å [INFO] Rate limit hit, queuing DM | {"userId":"viral_free","planType":"free","remaining":{"hourly":0,"monthly":800}}

[90mstdout[2m | tests/lib/capacity-simulation.test.ts[2m > [22m[2m≡ƒÜÇ Capacity Simulation: Full System Load Test[2m > [22m[2m≡ƒöÑ Viral Post Burst[2m > [22m[2m1000 comments on a Free user ΓåÆ 200 sent + 800 queued
[22m[39mΓä╣∩╕Å [INFO] Rate limit hit, queuing DM | {"userId":"viral_free","planType":"free","remaining":{"hourly":0,"monthly":800}}

[90mstdout[2m | tests/lib/capacity-simulation.test.ts[2m > [22m[2m≡ƒÜÇ Capacity Simulation: Full System Load Test[2m > [22m[2m≡ƒöÑ Viral Post Burst[2m > [22m[2m1000 comments on a Free user ΓåÆ 200 sent + 800 queued
[22m[39mΓä╣∩╕Å [INFO] Rate limit hit, queuing DM | {"userId":"viral_free","planType":"free","remaining":{"hourly":0,"monthly":800}}

[90mstdout[2m | tests/lib/capacity-simulation.test.ts[2m > [22m[2m≡ƒÜÇ Capacity Simulation: Full System Load Test[2m > [22m[2m≡ƒöÑ Viral Post Burst[2m > [22m[2m1000 comments on a Free user ΓåÆ 200 sent + 800 queued
[22m[39mΓä╣∩╕Å [INFO] Rate limit hit, queuing DM | {"userId":"viral_free","planType":"free","remaining":{"hourly":0,"monthly":800}}

[90mstdout[2m | tests/lib/capacity-simulation.test.ts[2m > [22m[2m≡ƒÜÇ Capacity Simulation: Full System Load Test[2m > [22m[2m≡ƒöÑ Viral Post Burst[2m > [22m[2m1000 comments on a Free user ΓåÆ 200 sent + 800 queued
[22m[39mΓä╣∩╕Å [INFO] Rate limit hit, queuing DM | {"userId":"viral_free","planType":"free","remaining":{"hourly":0,"monthly":800}}

[90mstdout[2m | tests/lib/capacity-simulation.test.ts[2m > [22m[2m≡ƒÜÇ Capacity Simulation: Full System Load Test[2m > [22m[2m≡ƒöÑ Viral Post Burst[2m > [22m[2m1000 comments on a Free user ΓåÆ 200 sent + 800 queued
[22m[39mΓä╣∩╕Å [INFO] Rate limit hit, queuing DM | {"userId":"viral_free","planType":"free","remaining":{"hourly":0,"monthly":800}}

[90mstdout[2m | tests/lib/capacity-simulation.test.ts[2m > [22m[2m≡ƒÜÇ Capacity Simulation: Full System Load Test[2m > [22m[2m≡ƒöÑ Viral Post Burst[2m > [22m[2m1000 comments on a Free user ΓåÆ 200 sent + 800 queued
[22m[39mΓä╣∩╕Å [INFO] Rate limit hit, queuing DM | {"userId":"viral_free","planType":"free","remaining":{"hourly":0,"monthly":800}}

[90mstdout[2m | tests/lib/capacity-simulation.test.ts[2m > [22m[2m≡ƒÜÇ Capacity Simulation: Full System Load Test[2m > [22m[2m≡ƒöÑ Viral Post Burst[2m > [22m[2m1000 comments on a Free user ΓåÆ 200 sent + 800 queued
[22m[39mΓä╣∩╕Å [INFO] Rate limit hit, queuing DM | {"userId":"viral_free","planType":"free","remaining":{"hourly":0,"monthly":800}}

[90mstdout[2m | tests/lib/capacity-simulation.test.ts[2m > [22m[2m≡ƒÜÇ Capacity Simulation: Full System Load Test[2m > [22m[2m≡ƒöÑ Viral Post Burst[2m > [22m[2m1000 comments on a Free user ΓåÆ 200 sent + 800 queued
[22m[39mΓä╣∩╕Å [INFO] Rate limit hit, queuing DM | {"userId":"viral_free","planType":"free","remaining":{"hourly":0,"monthly":800}}

[90mstdout[2m | tests/lib/capacity-simulation.test.ts[2m > [22m[2m≡ƒÜÇ Capacity Simulation: Full System Load Test[2m > [22m[2m≡ƒöÑ Viral Post Burst[2m > [22m[2m1000 comments on a Free user ΓåÆ 200 sent + 800 queued
[22m[39mΓä╣∩╕Å [INFO] Rate limit hit, queuing DM | {"userId":"viral_free","planType":"free","remaining":{"hourly":0,"monthly":800}}

[90mstdout[2m | tests/lib/capacity-simulation.test.ts[2m > [22m[2m≡ƒÜÇ Capacity Simulation: Full System Load Test[2m > [22m[2m≡ƒöÑ Viral Post Burst[2m > [22m[2m1000 comments on a Free user ΓåÆ 200 sent + 800 queued
[22m[39mΓä╣∩╕Å [INFO] Rate limit hit, queuing DM | {"userId":"viral_free","planType":"free","remaining":{"hourly":0,"monthly":800}}

[90mstdout[2m | tests/lib/capacity-simulation.test.ts[2m > [22m[2m≡ƒÜÇ Capacity Simulation: Full System Load Test[2m > [22m[2m≡ƒöÑ Viral Post Burst[2m > [22m[2m1000 comments on a Free user ΓåÆ 200 sent + 800 queued
[22m[39mΓä╣∩╕Å [INFO] Rate limit hit, queuing DM | {"userId":"viral_free","planType":"free","remaining":{"hourly":0,"monthly":800}}

[90mstdout[2m | tests/lib/capacity-simulation.test.ts[2m > [22m[2m≡ƒÜÇ Capacity Simulation: Full System Load Test[2m > [22m[2m≡ƒöÑ Viral Post Burst[2m > [22m[2m1000 comments on a Free user ΓåÆ 200 sent + 800 queued
[22m[39mΓä╣∩╕Å [INFO] Rate limit hit, queuing DM | {"userId":"viral_free","planType":"free","remaining":{"hourly":0,"monthly":800}}

[90mstdout[2m | tests/lib/capacity-simulation.test.ts[2m > [22m[2m≡ƒÜÇ Capacity Simulation: Full System Load Test[2m > [22m[2m≡ƒöÑ Viral Post Burst[2m > [22m[2m1000 comments on a Free user ΓåÆ 200 sent + 800 queued
[22m[39mΓä╣∩╕Å [INFO] Rate limit hit, queuing DM | {"userId":"viral_free","planType":"free","remaining":{"hourly":0,"monthly":800}}

[90mstdout[2m | tests/lib/capacity-simulation.test.ts[2m > [22m[2m≡ƒÜÇ Capacity Simulation: Full System Load Test[2m > [22m[2m≡ƒöÑ Viral Post Burst[2m > [22m[2m1000 comments on a Free user ΓåÆ 200 sent + 800 queued
[22m[39mΓä╣∩╕Å [INFO] Rate limit hit, queuing DM | {"userId":"viral_free","planType":"free","remaining":{"hourly":0,"monthly":800}}

[90mstdout[2m | tests/lib/capacity-simulation.test.ts[2m > [22m[2m≡ƒÜÇ Capacity Simulation: Full System Load Test[2m > [22m[2m≡ƒöÑ Viral Post Burst[2m > [22m[2m1000 comments on a Free user ΓåÆ 200 sent + 800 queued
[22m[39mΓä╣∩╕Å [INFO] Rate limit hit, queuing DM | {"userId":"viral_free","planType":"free","remaining":{"hourly":0,"monthly":800}}

[90mstdout[2m | tests/lib/capacity-simulation.test.ts[2m > [22m[2m≡ƒÜÇ Capacity Simulation: Full System Load Test[2m > [22m[2m≡ƒöÑ Viral Post Burst[2m > [22m[2m1000 comments on a Free user ΓåÆ 200 sent + 800 queued
[22m[39mΓä╣∩╕Å [INFO] Rate limit hit, queuing DM | {"userId":"viral_free","planType":"free","remaining":{"hourly":0,"monthly":800}}

[90mstdout[2m | tests/lib/capacity-simulation.test.ts[2m > [22m[2m≡ƒÜÇ Capacity Simulation: Full System Load Test[2m > [22m[2m≡ƒöÑ Viral Post Burst[2m > [22m[2m1000 comments on a Free user ΓåÆ 200 sent + 800 queued
[22m[39mΓä╣∩╕Å [INFO] Rate limit hit, queuing DM | {"userId":"viral_free","planType":"free","remaining":{"hourly":0,"monthly":800}}

[90mstdout[2m | tests/lib/capacity-simulation.test.ts[2m > [22m[2m≡ƒÜÇ Capacity Simulation: Full System Load Test[2m > [22m[2m≡ƒöÑ Viral Post Burst[2m > [22m[2m1000 comments on a Free user ΓåÆ 200 sent + 800 queued
[22m[39mΓä╣∩╕Å [INFO] Rate limit hit, queuing DM | {"userId":"viral_free","planType":"free","remaining":{"hourly":0,"monthly":800}}

[90mstdout[2m | tests/lib/capacity-simulation.test.ts[2m > [22m[2m≡ƒÜÇ Capacity Simulation: Full System Load Test[2m > [22m[2m≡ƒöÑ Viral Post Burst[2m > [22m[2m1000 comments on a Free user ΓåÆ 200 sent + 800 queued
[22m[39mΓä╣∩╕Å [INFO] Rate limit hit, queuing DM | {"userId":"viral_free","planType":"free","remaining":{"hourly":0,"monthly":800}}

[90mstdout[2m | tests/lib/capacity-simulation.test.ts[2m > [22m[2m≡ƒÜÇ Capacity Simulation: Full System Load Test[2m > [22m[2m≡ƒöÑ Viral Post Burst[2m > [22m[2m1000 comments on a Free user ΓåÆ 200 sent + 800 queued
[22m[39mΓä╣∩╕Å [INFO] Rate limit hit, queuing DM | {"userId":"viral_free","planType":"free","remaining":{"hourly":0,"monthly":800}}

[90mstdout[2m | tests/lib/capacity-simulation.test.ts[2m > [22m[2m≡ƒÜÇ Capacity Simulation: Full System Load Test[2m > [22m[2m≡ƒöÑ Viral Post Burst[2m > [22m[2m1000 comments on a Free user ΓåÆ 200 sent + 800 queued
[22m[39mΓä╣∩╕Å [INFO] Rate limit hit, queuing DM | {"userId":"viral_free","planType":"free","remaining":{"hourly":0,"monthly":800}}

[90mstdout[2m | tests/lib/capacity-simulation.test.ts[2m > [22m[2m≡ƒÜÇ Capacity Simulation: Full System Load Test[2m > [22m[2m≡ƒöÑ Viral Post Burst[2m > [22m[2m1000 comments on a Free user ΓåÆ 200 sent + 800 queued
[22m[39mΓä╣∩╕Å [INFO] Rate limit hit, queuing DM | {"userId":"viral_free","planType":"free","remaining":{"hourly":0,"monthly":800}}

[90mstdout[2m | tests/lib/capacity-simulation.test.ts[2m > [22m[2m≡ƒÜÇ Capacity Simulation: Full System Load Test[2m > [22m[2m≡ƒöÑ Viral Post Burst[2m > [22m[2m1000 comments on a Free user ΓåÆ 200 sent + 800 queued
[22m[39mΓä╣∩╕Å [INFO] Rate limit hit, queuing DM | {"userId":"viral_free","planType":"free","remaining":{"hourly":0,"monthly":800}}

[90mstdout[2m | tests/lib/capacity-simulation.test.ts[2m > [22m[2m≡ƒÜÇ Capacity Simulation: Full System Load Test[2m > [22m[2m≡ƒöÑ Viral Post Burst[2m > [22m[2m1000 comments on a Free user ΓåÆ 200 sent + 800 queued
[22m[39mΓä╣∩╕Å [INFO] Rate limit hit, queuing DM | {"userId":"viral_free","planType":"free","remaining":{"hourly":0,"monthly":800}}

[90mstdout[2m | tests/lib/capacity-simulation.test.ts[2m > [22m[2m≡ƒÜÇ Capacity Simulation: Full System Load Test[2m > [22m[2m≡ƒöÑ Viral Post Burst[2m > [22m[2m1000 comments on a Free user ΓåÆ 200 sent + 800 queued
[22m[39mΓä╣∩╕Å [INFO] Rate limit hit, queuing DM | {"userId":"viral_free","planType":"free","remaining":{"hourly":0,"monthly":800}}

[90mstdout[2m | tests/lib/capacity-simulation.test.ts[2m > [22m[2m≡ƒÜÇ Capacity Simulation: Full System Load Test[2m > [22m[2m≡ƒöÑ Viral Post Burst[2m > [22m[2m1000 comments on a Free user ΓåÆ 200 sent + 800 queued
[22m[39mΓä╣∩╕Å [INFO] Rate limit hit, queuing DM | {"userId":"viral_free","planType":"free","remaining":{"hourly":0,"monthly":800}}

[90mstdout[2m | tests/lib/capacity-simulation.test.ts[2m > [22m[2m≡ƒÜÇ Capacity Simulation: Full System Load Test[2m > [22m[2m≡ƒöÑ Viral Post Burst[2m > [22m[2m1000 comments on a Free user ΓåÆ 200 sent + 800 queued
[22m[39mΓä╣∩╕Å [INFO] Rate limit hit, queuing DM | {"userId":"viral_free","planType":"free","remaining":{"hourly":0,"monthly":800}}

[90mstdout[2m | tests/lib/capacity-simulation.test.ts[2m > [22m[2m≡ƒÜÇ Capacity Simulation: Full System Load Test[2m > [22m[2m≡ƒöÑ Viral Post Burst[2m > [22m[2m1000 comments on a Free user ΓåÆ 200 sent + 800 queued
[22m[39mΓä╣∩╕Å [INFO] Rate limit hit, queuing DM | {"userId":"viral_free","planType":"free","remaining":{"hourly":0,"monthly":800}}

[90mstdout[2m | tests/lib/capacity-simulation.test.ts[2m > [22m[2m≡ƒÜÇ Capacity Simulation: Full System Load Test[2m > [22m[2m≡ƒöÑ Viral Post Burst[2m > [22m[2m1000 comments on a Free user ΓåÆ 200 sent + 800 queued
[22m[39mΓä╣∩╕Å [INFO] Rate limit hit, queuing DM | {"userId":"viral_free","planType":"free","remaining":{"hourly":0,"monthly":800}}

[90mstdout[2m | tests/lib/capacity-simulation.test.ts[2m > [22m[2m≡ƒÜÇ Capacity Simulation: Full System Load Test[2m > [22m[2m≡ƒöÑ Viral Post Burst[2m > [22m[2m1000 comments on a Free user ΓåÆ 200 sent + 800 queued
[22m[39mΓä╣∩╕Å [INFO] Rate limit hit, queuing DM | {"userId":"viral_free","planType":"free","remaining":{"hourly":0,"monthly":800}}

[90mstdout[2m | tests/lib/capacity-simulation.test.ts[2m > [22m[2m≡ƒÜÇ Capacity Simulation: Full System Load Test[2m > [22m[2m≡ƒöÑ Viral Post Burst[2m > [22m[2m1000 comments on a Free user ΓåÆ 200 sent + 800 queued
[22m[39mΓä╣∩╕Å [INFO] Rate limit hit, queuing DM | {"userId":"viral_free","planType":"free","remaining":{"hourly":0,"monthly":800}}

[90mstdout[2m | tests/lib/capacity-simulation.test.ts[2m > [22m[2m≡ƒÜÇ Capacity Simulation: Full System Load Test[2m > [22m[2m≡ƒöÑ Viral Post Burst[2m > [22m[2m1000 comments on a Free user ΓåÆ 200 sent + 800 queued
[22m[39mΓä╣∩╕Å [INFO] Rate limit hit, queuing DM | {"userId":"viral_free","planType":"free","remaining":{"hourly":0,"monthly":800}}

[90mstdout[2m | tests/lib/capacity-simulation.test.ts[2m > [22m[2m≡ƒÜÇ Capacity Simulation: Full System Load Test[2m > [22m[2m≡ƒöÑ Viral Post Burst[2m > [22m[2m1000 comments on a Free user ΓåÆ 200 sent + 800 queued
[22m[39mΓä╣∩╕Å [INFO] Rate limit hit, queuing DM | {"userId":"viral_free","planType":"free","remaining":{"hourly":0,"monthly":800}}

[90mstdout[2m | tests/lib/capacity-simulation.test.ts[2m > [22m[2m≡ƒÜÇ Capacity Simulation: Full System Load Test[2m > [22m[2m≡ƒöÑ Viral Post Burst[2m > [22m[2m1000 comments on a Free user ΓåÆ 200 sent + 800 queued
[22m[39mΓä╣∩╕Å [INFO] Rate limit hit, queuing DM | {"userId":"viral_free","planType":"free","remaining":{"hourly":0,"monthly":800}}

[90mstdout[2m | tests/lib/capacity-simulation.test.ts[2m > [22m[2m≡ƒÜÇ Capacity Simulation: Full System Load Test[2m > [22m[2m≡ƒöÑ Viral Post Burst[2m > [22m[2m1000 comments on a Free user ΓåÆ 200 sent + 800 queued
[22m[39mΓä╣∩╕Å [INFO] Rate limit hit, queuing DM | {"userId":"viral_free","planType":"free","remaining":{"hourly":0,"monthly":800}}

[90mstdout[2m | tests/lib/capacity-simulation.test.ts[2m > [22m[2m≡ƒÜÇ Capacity Simulation: Full System Load Test[2m > [22m[2m≡ƒöÑ Viral Post Burst[2m > [22m[2m1000 comments on a Free user ΓåÆ 200 sent + 800 queued
[22m[39mΓä╣∩╕Å [INFO] Rate limit hit, queuing DM | {"userId":"viral_free","planType":"free","remaining":{"hourly":0,"monthly":800}}

[90mstdout[2m | tests/lib/capacity-simulation.test.ts[2m > [22m[2m≡ƒÜÇ Capacity Simulation: Full System Load Test[2m > [22m[2m≡ƒöÑ Viral Post Burst[2m > [22m[2m1000 comments on a Free user ΓåÆ 200 sent + 800 queued
[22m[39mΓä╣∩╕Å [INFO] Rate limit hit, queuing DM | {"userId":"viral_free","planType":"free","remaining":{"hourly":0,"monthly":800}}

[90mstdout[2m | tests/lib/capacity-simulation.test.ts[2m > [22m[2m≡ƒÜÇ Capacity Simulation: Full System Load Test[2m > [22m[2m≡ƒöÑ Viral Post Burst[2m > [22m[2m1000 comments on a Free user ΓåÆ 200 sent + 800 queued
[22m[39mΓä╣∩╕Å [INFO] Rate limit hit, queuing DM | {"userId":"viral_free","planType":"free","remaining":{"hourly":0,"monthly":800}}

[90mstdout[2m | tests/lib/capacity-simulation.test.ts[2m > [22m[2m≡ƒÜÇ Capacity Simulation: Full System Load Test[2m > [22m[2m≡ƒöÑ Viral Post Burst[2m > [22m[2m1000 comments on a Free user ΓåÆ 200 sent + 800 queued
[22m[39mΓä╣∩╕Å [INFO] Rate limit hit, queuing DM | {"userId":"viral_free","planType":"free","remaining":{"hourly":0,"monthly":800}}

[90mstdout[2m | tests/lib/capacity-simulation.test.ts[2m > [22m[2m≡ƒÜÇ Capacity Simulation: Full System Load Test[2m > [22m[2m≡ƒöÑ Viral Post Burst[2m > [22m[2m1000 comments on a Free user ΓåÆ 200 sent + 800 queued
[22m[39mΓä╣∩╕Å [INFO] Rate limit hit, queuing DM | {"userId":"viral_free","planType":"free","remaining":{"hourly":0,"monthly":800}}

[90mstdout[2m | tests/lib/capacity-simulation.test.ts[2m > [22m[2m≡ƒÜÇ Capacity Simulation: Full System Load Test[2m > [22m[2m≡ƒöÑ Viral Post Burst[2m > [22m[2m1000 comments on a Free user ΓåÆ 200 sent + 800 queued
[22m[39mΓä╣∩╕Å [INFO] Rate limit hit, queuing DM | {"userId":"viral_free","planType":"free","remaining":{"hourly":0,"monthly":800}}

[90mstdout[2m | tests/lib/capacity-simulation.test.ts[2m > [22m[2m≡ƒÜÇ Capacity Simulation: Full System Load Test[2m > [22m[2m≡ƒöÑ Viral Post Burst[2m > [22m[2m1000 comments on a Free user ΓåÆ 200 sent + 800 queued
[22m[39mΓä╣∩╕Å [INFO] Rate limit hit, queuing DM | {"userId":"viral_free","planType":"free","remaining":{"hourly":0,"monthly":800}}

[90mstdout[2m | tests/lib/capacity-simulation.test.ts[2m > [22m[2m≡ƒÜÇ Capacity Simulation: Full System Load Test[2m > [22m[2m≡ƒöÑ Viral Post Burst[2m > [22m[2m1000 comments on a Free user ΓåÆ 200 sent + 800 queued
[22m[39mΓä╣∩╕Å [INFO] Rate limit hit, queuing DM | {"userId":"viral_free","planType":"free","remaining":{"hourly":0,"monthly":800}}

[90mstdout[2m | tests/lib/capacity-simulation.test.ts[2m > [22m[2m≡ƒÜÇ Capacity Simulation: Full System Load Test[2m > [22m[2m≡ƒöÑ Viral Post Burst[2m > [22m[2m1000 comments on a Free user ΓåÆ 200 sent + 800 queued
[22m[39mΓä╣∩╕Å [INFO] Rate limit hit, queuing DM | {"userId":"viral_free","planType":"free","remaining":{"hourly":0,"monthly":800}}

[90mstdout[2m | tests/lib/capacity-simulation.test.ts[2m > [22m[2m≡ƒÜÇ Capacity Simulation: Full System Load Test[2m > [22m[2m≡ƒöÑ Viral Post Burst[2m > [22m[2m1000 comments on a Free user ΓåÆ 200 sent + 800 queued
[22m[39mΓä╣∩╕Å [INFO] Rate limit hit, queuing DM | {"userId":"viral_free","planType":"free","remaining":{"hourly":0,"monthly":800}}

[90mstdout[2m | tests/lib/capacity-simulation.test.ts[2m > [22m[2m≡ƒÜÇ Capacity Simulation: Full System Load Test[2m > [22m[2m≡ƒöÑ Viral Post Burst[2m > [22m[2m1000 comments on a Free user ΓåÆ 200 sent + 800 queued
[22m[39mΓä╣∩╕Å [INFO] Rate limit hit, queuing DM | {"userId":"viral_free","planType":"free","remaining":{"hourly":0,"monthly":800}}

[90mstdout[2m | tests/lib/capacity-simulation.test.ts[2m > [22m[2m≡ƒÜÇ Capacity Simulation: Full System Load Test[2m > [22m[2m≡ƒöÑ Viral Post Burst[2m > [22m[2m1000 comments on a Free user ΓåÆ 200 sent + 800 queued
[22m[39mΓä╣∩╕Å [INFO] Rate limit hit, queuing DM | {"userId":"viral_free","planType":"free","remaining":{"hourly":0,"monthly":800}}

[90mstdout[2m | tests/lib/capacity-simulation.test.ts[2m > [22m[2m≡ƒÜÇ Capacity Simulation: Full System Load Test[2m > [22m[2m≡ƒöÑ Viral Post Burst[2m > [22m[2m1000 comments on a Free user ΓåÆ 200 sent + 800 queued
[22m[39mΓä╣∩╕Å [INFO] Rate limit hit, queuing DM | {"userId":"viral_free","planType":"free","remaining":{"hourly":0,"monthly":800}}

[90mstdout[2m | tests/lib/capacity-simulation.test.ts[2m > [22m[2m≡ƒÜÇ Capacity Simulation: Full System Load Test[2m > [22m[2m≡ƒöÑ Viral Post Burst[2m > [22m[2m1000 comments on a Free user ΓåÆ 200 sent + 800 queued
[22m[39mΓä╣∩╕Å [INFO] Rate limit hit, queuing DM | {"userId":"viral_free","planType":"free","remaining":{"hourly":0,"monthly":800}}

[90mstdout[2m | tests/lib/capacity-simulation.test.ts[2m > [22m[2m≡ƒÜÇ Capacity Simulation: Full System Load Test[2m > [22m[2m≡ƒöÑ Viral Post Burst[2m > [22m[2m1000 comments on a Free user ΓåÆ 200 sent + 800 queued
[22m[39mΓä╣∩╕Å [INFO] Rate limit hit, queuing DM | {"userId":"viral_free","planType":"free","remaining":{"hourly":0,"monthly":800}}

[90mstdout[2m | tests/lib/capacity-simulation.test.ts[2m > [22m[2m≡ƒÜÇ Capacity Simulation: Full System Load Test[2m > [22m[2m≡ƒöÑ Viral Post Burst[2m > [22m[2m1000 comments on a Free user ΓåÆ 200 sent + 800 queued
[22m[39mΓä╣∩╕Å [INFO] Rate limit hit, queuing DM | {"userId":"viral_free","planType":"free","remaining":{"hourly":0,"monthly":800}}

[90mstdout[2m | tests/lib/capacity-simulation.test.ts[2m > [22m[2m≡ƒÜÇ Capacity Simulation: Full System Load Test[2m > [22m[2m≡ƒöÑ Viral Post Burst[2m > [22m[2m1000 comments on a Free user ΓåÆ 200 sent + 800 queued
[22m[39mΓä╣∩╕Å [INFO] Rate limit hit, queuing DM | {"userId":"viral_free","planType":"free","remaining":{"hourly":0,"monthly":800}}

[90mstdout[2m | tests/lib/capacity-simulation.test.ts[2m > [22m[2m≡ƒÜÇ Capacity Simulation: Full System Load Test[2m > [22m[2m≡ƒöÑ Viral Post Burst[2m > [22m[2m1000 comments on a Free user ΓåÆ 200 sent + 800 queued
[22m[39mΓä╣∩╕Å [INFO] Rate limit hit, queuing DM | {"userId":"viral_free","planType":"free","remaining":{"hourly":0,"monthly":800}}

[90mstdout[2m | tests/lib/capacity-simulation.test.ts[2m > [22m[2m≡ƒÜÇ Capacity Simulation: Full System Load Test[2m > [22m[2m≡ƒöÑ Viral Post Burst[2m > [22m[2m1000 comments on a Free user ΓåÆ 200 sent + 800 queued
[22m[39mΓä╣∩╕Å [INFO] Rate limit hit, queuing DM | {"userId":"viral_free","planType":"free","remaining":{"hourly":0,"monthly":800}}

[90mstdout[2m | tests/lib/capacity-simulation.test.ts[2m > [22m[2m≡ƒÜÇ Capacity Simulation: Full System Load Test[2m > [22m[2m≡ƒöÑ Viral Post Burst[2m > [22m[2m1000 comments on a Free user ΓåÆ 200 sent + 800 queued
[22m[39mΓä╣∩╕Å [INFO] Rate limit hit, queuing DM | {"userId":"viral_free","planType":"free","remaining":{"hourly":0,"monthly":800}}

[90mstdout[2m | tests/lib/capacity-simulation.test.ts[2m > [22m[2m≡ƒÜÇ Capacity Simulation: Full System Load Test[2m > [22m[2m≡ƒöÑ Viral Post Burst[2m > [22m[2m1000 comments on a Free user ΓåÆ 200 sent + 800 queued
[22m[39mΓä╣∩╕Å [INFO] Rate limit hit, queuing DM | {"userId":"viral_free","planType":"free","remaining":{"hourly":0,"monthly":800}}

[90mstdout[2m | tests/lib/capacity-simulation.test.ts[2m > [22m[2m≡ƒÜÇ Capacity Simulation: Full System Load Test[2m > [22m[2m≡ƒöÑ Viral Post Burst[2m > [22m[2m1000 comments on a Free user ΓåÆ 200 sent + 800 queued
[22m[39mΓä╣∩╕Å [INFO] Rate limit hit, queuing DM | {"userId":"viral_free","planType":"free","remaining":{"hourly":0,"monthly":800}}

[90mstdout[2m | tests/lib/capacity-simulation.test.ts[2m > [22m[2m≡ƒÜÇ Capacity Simulation: Full System Load Test[2m > [22m[2m≡ƒöÑ Viral Post Burst[2m > [22m[2m1000 comments on a Free user ΓåÆ 200 sent + 800 queued
[22m[39mΓä╣∩╕Å [INFO] Rate limit hit, queuing DM | {"userId":"viral_free","planType":"free","remaining":{"hourly":0,"monthly":800}}

[90mstdout[2m | tests/lib/capacity-simulation.test.ts[2m > [22m[2m≡ƒÜÇ Capacity Simulation: Full System Load Test[2m > [22m[2m≡ƒöÑ Viral Post Burst[2m > [22m[2m1000 comments on a Free user ΓåÆ 200 sent + 800 queued
[22m[39mΓä╣∩╕Å [INFO] Rate limit hit, queuing DM | {"userId":"viral_free","planType":"free","remaining":{"hourly":0,"monthly":800}}

[90mstdout[2m | tests/lib/capacity-simulation.test.ts[2m > [22m[2m≡ƒÜÇ Capacity Simulation: Full System Load Test[2m > [22m[2m≡ƒöÑ Viral Post Burst[2m > [22m[2m1000 comments on a Free user ΓåÆ 200 sent + 800 queued
[22m[39mΓä╣∩╕Å [INFO] Rate limit hit, queuing DM | {"userId":"viral_free","planType":"free","remaining":{"hourly":0,"monthly":800}}

[90mstdout[2m | tests/lib/capacity-simulation.test.ts[2m > [22m[2m≡ƒÜÇ Capacity Simulation: Full System Load Test[2m > [22m[2m≡ƒöÑ Viral Post Burst[2m > [22m[2m1000 comments on a Free user ΓåÆ 200 sent + 800 queued
[22m[39mΓä╣∩╕Å [INFO] Rate limit hit, queuing DM | {"userId":"viral_free","planType":"free","remaining":{"hourly":0,"monthly":800}}

[90mstdout[2m | tests/lib/capacity-simulation.test.ts[2m > [22m[2m≡ƒÜÇ Capacity Simulation: Full System Load Test[2m > [22m[2m≡ƒöÑ Viral Post Burst[2m > [22m[2m1000 comments on a Free user ΓåÆ 200 sent + 800 queued
[22m[39mΓä╣∩╕Å [INFO] Rate limit hit, queuing DM | {"userId":"viral_free","planType":"free","remaining":{"hourly":0,"monthly":800}}

[90mstdout[2m | tests/lib/capacity-simulation.test.ts[2m > [22m[2m≡ƒÜÇ Capacity Simulation: Full System Load Test[2m > [22m[2m≡ƒöÑ Viral Post Burst[2m > [22m[2m1000 comments on a Free user ΓåÆ 200 sent + 800 queued
[22m[39mΓä╣∩╕Å [INFO] Rate limit hit, queuing DM | {"userId":"viral_free","planType":"free","remaining":{"hourly":0,"monthly":800}}

[90mstdout[2m | tests/lib/capacity-simulation.test.ts[2m > [22m[2m≡ƒÜÇ Capacity Simulation: Full System Load Test[2m > [22m[2m≡ƒöÑ Viral Post Burst[2m > [22m[2m1000 comments on a Free user ΓåÆ 200 sent + 800 queued
[22m[39mΓä╣∩╕Å [INFO] Rate limit hit, queuing DM | {"userId":"viral_free","planType":"free","remaining":{"hourly":0,"monthly":800}}

[90mstdout[2m | tests/lib/capacity-simulation.test.ts[2m > [22m[2m≡ƒÜÇ Capacity Simulation: Full System Load Test[2m > [22m[2m≡ƒöÑ Viral Post Burst[2m > [22m[2m1000 comments on a Free user ΓåÆ 200 sent + 800 queued
[22m[39mΓä╣∩╕Å [INFO] Rate limit hit, queuing DM | {"userId":"viral_free","planType":"free","remaining":{"hourly":0,"monthly":800}}

[90mstdout[2m | tests/lib/capacity-simulation.test.ts[2m > [22m[2m≡ƒÜÇ Capacity Simulation: Full System Load Test[2m > [22m[2m≡ƒöÑ Viral Post Burst[2m > [22m[2m1000 comments on a Free user ΓåÆ 200 sent + 800 queued
[22m[39mΓä╣∩╕Å [INFO] Rate limit hit, queuing DM | {"userId":"viral_free","planType":"free","remaining":{"hourly":0,"monthly":800}}

[90mstdout[2m | tests/lib/capacity-simulation.test.ts[2m > [22m[2m≡ƒÜÇ Capacity Simulation: Full System Load Test[2m > [22m[2m≡ƒöÑ Viral Post Burst[2m > [22m[2m1000 comments on a Free user ΓåÆ 200 sent + 800 queued
[22m[39mΓä╣∩╕Å [INFO] Rate limit hit, queuing DM | {"userId":"viral_free","planType":"free","remaining":{"hourly":0,"monthly":800}}

[90mstdout[2m | tests/lib/capacity-simulation.test.ts[2m > [22m[2m≡ƒÜÇ Capacity Simulation: Full System Load Test[2m > [22m[2m≡ƒöÑ Viral Post Burst[2m > [22m[2m1000 comments on a Free user ΓåÆ 200 sent + 800 queued
[22m[39mΓä╣∩╕Å [INFO] Rate limit hit, queuing DM | {"userId":"viral_free","planType":"free","remaining":{"hourly":0,"monthly":800}}

[90mstdout[2m | tests/lib/capacity-simulation.test.ts[2m > [22m[2m≡ƒÜÇ Capacity Simulation: Full System Load Test[2m > [22m[2m≡ƒöÑ Viral Post Burst[2m > [22m[2m1000 comments on a Free user ΓåÆ 200 sent + 800 queued
[22m[39mΓä╣∩╕Å [INFO] Rate limit hit, queuing DM | {"userId":"viral_free","planType":"free","remaining":{"hourly":0,"monthly":800}}

[90mstdout[2m | tests/lib/capacity-simulation.test.ts[2m > [22m[2m≡ƒÜÇ Capacity Simulation: Full System Load Test[2m > [22m[2m≡ƒöÑ Viral Post Burst[2m > [22m[2m1000 comments on a Free user ΓåÆ 200 sent + 800 queued
[22m[39mΓä╣∩╕Å [INFO] Rate limit hit, queuing DM | {"userId":"viral_free","planType":"free","remaining":{"hourly":0,"monthly":800}}

[90mstdout[2m | tests/lib/capacity-simulation.test.ts[2m > [22m[2m≡ƒÜÇ Capacity Simulation: Full System Load Test[2m > [22m[2m≡ƒöÑ Viral Post Burst[2m > [22m[2m1000 comments on a Free user ΓåÆ 200 sent + 800 queued
[22m[39mΓä╣∩╕Å [INFO] Rate limit hit, queuing DM | {"userId":"viral_free","planType":"free","remaining":{"hourly":0,"monthly":800}}

[90mstdout[2m | tests/lib/capacity-simulation.test.ts[2m > [22m[2m≡ƒÜÇ Capacity Simulation: Full System Load Test[2m > [22m[2m≡ƒöÑ Viral Post Burst[2m > [22m[2m1000 comments on a Free user ΓåÆ 200 sent + 800 queued
[22m[39mΓä╣∩╕Å [INFO] Rate limit hit, queuing DM | {"userId":"viral_free","planType":"free","remaining":{"hourly":0,"monthly":800}}

[90mstdout[2m | tests/lib/capacity-simulation.test.ts[2m > [22m[2m≡ƒÜÇ Capacity Simulation: Full System Load Test[2m > [22m[2m≡ƒöÑ Viral Post Burst[2m > [22m[2m1000 comments on a Free user ΓåÆ 200 sent + 800 queued
[22m[39mΓä╣∩╕Å [INFO] Rate limit hit, queuing DM | {"userId":"viral_free","planType":"free","remaining":{"hourly":0,"monthly":800}}

[90mstdout[2m | tests/lib/capacity-simulation.test.ts[2m > [22m[2m≡ƒÜÇ Capacity Simulation: Full System Load Test[2m > [22m[2m≡ƒöÑ Viral Post Burst[2m > [22m[2m1000 comments on a Free user ΓåÆ 200 sent + 800 queued
[22m[39mΓä╣∩╕Å [INFO] Rate limit hit, queuing DM | {"userId":"viral_free","planType":"free","remaining":{"hourly":0,"monthly":800}}

[90mstdout[2m | tests/lib/capacity-simulation.test.ts[2m > [22m[2m≡ƒÜÇ Capacity Simulation: Full System Load Test[2m > [22m[2m≡ƒöÑ Viral Post Burst[2m > [22m[2m1000 comments on a Free user ΓåÆ 200 sent + 800 queued
[22m[39mΓä╣∩╕Å [INFO] Rate limit hit, queuing DM | {"userId":"viral_free","planType":"free","remaining":{"hourly":0,"monthly":800}}

[90mstdout[2m | tests/lib/capacity-simulation.test.ts[2m > [22m[2m≡ƒÜÇ Capacity Simulation: Full System Load Test[2m > [22m[2m≡ƒöÑ Viral Post Burst[2m > [22m[2m1000 comments on a Free user ΓåÆ 200 sent + 800 queued
[22m[39mΓä╣∩╕Å [INFO] Rate limit hit, queuing DM | {"userId":"viral_free","planType":"free","remaining":{"hourly":0,"monthly":800}}

[90mstdout[2m | tests/lib/capacity-simulation.test.ts[2m > [22m[2m≡ƒÜÇ Capacity Simulation: Full System Load Test[2m > [22m[2m≡ƒöÑ Viral Post Burst[2m > [22m[2m1000 comments on a Free user ΓåÆ 200 sent + 800 queued
[22m[39mΓä╣∩╕Å [INFO] Rate limit hit, queuing DM | {"userId":"viral_free","planType":"free","remaining":{"hourly":0,"monthly":800}}

[90mstdout[2m | tests/lib/capacity-simulation.test.ts[2m > [22m[2m≡ƒÜÇ Capacity Simulation: Full System Load Test[2m > [22m[2m≡ƒöÑ Viral Post Burst[2m > [22m[2m1000 comments on a Free user ΓåÆ 200 sent + 800 queued
[22m[39mΓä╣∩╕Å [INFO] Rate limit hit, queuing DM | {"userId":"viral_free","planType":"free","remaining":{"hourly":0,"monthly":800}}

[90mstdout[2m | tests/lib/capacity-simulation.test.ts[2m > [22m[2m≡ƒÜÇ Capacity Simulation: Full System Load Test[2m > [22m[2m≡ƒöÑ Viral Post Burst[2m > [22m[2m1000 comments on a Free user ΓåÆ 200 sent + 800 queued
[22m[39mΓä╣∩╕Å [INFO] Rate limit hit, queuing DM | {"userId":"viral_free","planType":"free","remaining":{"hourly":0,"monthly":800}}

[90mstdout[2m | tests/lib/capacity-simulation.test.ts[2m > [22m[2m≡ƒÜÇ Capacity Simulation: Full System Load Test[2m > [22m[2m≡ƒöÑ Viral Post Burst[2m > [22m[2m1000 comments on a Free user ΓåÆ 200 sent + 800 queued
[22m[39mΓä╣∩╕Å [INFO] Rate limit hit, queuing DM | {"userId":"viral_free","planType":"free","remaining":{"hourly":0,"monthly":800}}

[90mstdout[2m | tests/lib/capacity-simulation.test.ts[2m > [22m[2m≡ƒÜÇ Capacity Simulation: Full System Load Test[2m > [22m[2m≡ƒöÑ Viral Post Burst[2m > [22m[2m1000 comments on a Free user ΓåÆ 200 sent + 800 queued
[22m[39mΓä╣∩╕Å [INFO] Rate limit hit, queuing DM | {"userId":"viral_free","planType":"free","remaining":{"hourly":0,"monthly":800}}

[90mstdout[2m | tests/lib/capacity-simulation.test.ts[2m > [22m[2m≡ƒÜÇ Capacity Simulation: Full System Load Test[2m > [22m[2m≡ƒöÑ Viral Post Burst[2m > [22m[2m1000 comments on a Free user ΓåÆ 200 sent + 800 queued
[22m[39mΓä╣∩╕Å [INFO] Rate limit hit, queuing DM | {"userId":"viral_free","planType":"free","remaining":{"hourly":0,"monthly":800}}

[90mstdout[2m | tests/lib/capacity-simulation.test.ts[2m > [22m[2m≡ƒÜÇ Capacity Simulation: Full System Load Test[2m > [22m[2m≡ƒöÑ Viral Post Burst[2m > [22m[2m1000 comments on a Free user ΓåÆ 200 sent + 800 queued
[22m[39mΓä╣∩╕Å [INFO] Rate limit hit, queuing DM | {"userId":"viral_free","planType":"free","remaining":{"hourly":0,"monthly":800}}

[90mstdout[2m | tests/lib/capacity-simulation.test.ts[2m > [22m[2m≡ƒÜÇ Capacity Simulation: Full System Load Test[2m > [22m[2m≡ƒöÑ Viral Post Burst[2m > [22m[2m1000 comments on a Free user ΓåÆ 200 sent + 800 queued
[22m[39mΓä╣∩╕Å [INFO] Rate limit hit, queuing DM | {"userId":"viral_free","planType":"free","remaining":{"hourly":0,"monthly":800}}

[90mstdout[2m | tests/lib/capacity-simulation.test.ts[2m > [22m[2m≡ƒÜÇ Capacity Simulation: Full System Load Test[2m > [22m[2m≡ƒöÑ Viral Post Burst[2m > [22m[2m1000 comments on a Free user ΓåÆ 200 sent + 800 queued
[22m[39mΓä╣∩╕Å [INFO] Rate limit hit, queuing DM | {"userId":"viral_free","planType":"free","remaining":{"hourly":0,"monthly":800}}

[90mstdout[2m | tests/lib/capacity-simulation.test.ts[2m > [22m[2m≡ƒÜÇ Capacity Simulation: Full System Load Test[2m > [22m[2m≡ƒöÑ Viral Post Burst[2m > [22m[2m1000 comments on a Free user ΓåÆ 200 sent + 800 queued
[22m[39mΓä╣∩╕Å [INFO] Rate limit hit, queuing DM | {"userId":"viral_free","planType":"free","remaining":{"hourly":0,"monthly":800}}

[90mstdout[2m | tests/lib/capacity-simulation.test.ts[2m > [22m[2m≡ƒÜÇ Capacity Simulation: Full System Load Test[2m > [22m[2m≡ƒöÑ Viral Post Burst[2m > [22m[2m1000 comments on a Free user ΓåÆ 200 sent + 800 queued
[22m[39mΓä╣∩╕Å [INFO] Rate limit hit, queuing DM | {"userId":"viral_free","planType":"free","remaining":{"hourly":0,"monthly":800}}

[90mstdout[2m | tests/lib/capacity-simulation.test.ts[2m > [22m[2m≡ƒÜÇ Capacity Simulation: Full System Load Test[2m > [22m[2m≡ƒöÑ Viral Post Burst[2m > [22m[2m1000 comments on a Free user ΓåÆ 200 sent + 800 queued
[22m[39mΓä╣∩╕Å [INFO] Rate limit hit, queuing DM | {"userId":"viral_free","planType":"free","remaining":{"hourly":0,"monthly":800}}

[90mstdout[2m | tests/lib/capacity-simulation.test.ts[2m > [22m[2m≡ƒÜÇ Capacity Simulation: Full System Load Test[2m > [22m[2m≡ƒöÑ Viral Post Burst[2m > [22m[2m1000 comments on a Free user ΓåÆ 200 sent + 800 queued
[22m[39mΓä╣∩╕Å [INFO] Rate limit hit, queuing DM | {"userId":"viral_free","planType":"free","remaining":{"hourly":0,"monthly":800}}

[90mstdout[2m | tests/lib/capacity-simulation.test.ts[2m > [22m[2m≡ƒÜÇ Capacity Simulation: Full System Load Test[2m > [22m[2m≡ƒöÑ Viral Post Burst[2m > [22m[2m1000 comments on a Free user ΓåÆ 200 sent + 800 queued
[22m[39mΓä╣∩╕Å [INFO] Rate limit hit, queuing DM | {"userId":"viral_free","planType":"free","remaining":{"hourly":0,"monthly":800}}

[90mstdout[2m | tests/lib/capacity-simulation.test.ts[2m > [22m[2m≡ƒÜÇ Capacity Simulation: Full System Load Test[2m > [22m[2m≡ƒöÑ Viral Post Burst[2m > [22m[2m1000 comments on a Free user ΓåÆ 200 sent + 800 queued
[22m[39mΓä╣∩╕Å [INFO] Rate limit hit, queuing DM | {"userId":"viral_free","planType":"free","remaining":{"hourly":0,"monthly":800}}

[90mstdout[2m | tests/lib/capacity-simulation.test.ts[2m > [22m[2m≡ƒÜÇ Capacity Simulation: Full System Load Test[2m > [22m[2m≡ƒöÑ Viral Post Burst[2m > [22m[2m1000 comments on a Free user ΓåÆ 200 sent + 800 queued
[22m[39mΓä╣∩╕Å [INFO] Rate limit hit, queuing DM | {"userId":"viral_free","planType":"free","remaining":{"hourly":0,"monthly":800}}

[90mstdout[2m | tests/lib/capacity-simulation.test.ts[2m > [22m[2m≡ƒÜÇ Capacity Simulation: Full System Load Test[2m > [22m[2m≡ƒöÑ Viral Post Burst[2m > [22m[2m1000 comments on a Free user ΓåÆ 200 sent + 800 queued
[22m[39mΓä╣∩╕Å [INFO] Rate limit hit, queuing DM | {"userId":"viral_free","planType":"free","remaining":{"hourly":0,"monthly":800}}

[90mstdout[2m | tests/lib/capacity-simulation.test.ts[2m > [22m[2m≡ƒÜÇ Capacity Simulation: Full System Load Test[2m > [22m[2m≡ƒöÑ Viral Post Burst[2m > [22m[2m1000 comments on a Free user ΓåÆ 200 sent + 800 queued
[22m[39mΓä╣∩╕Å [INFO] Rate limit hit, queuing DM | {"userId":"viral_free","planType":"free","remaining":{"hourly":0,"monthly":800}}

[90mstdout[2m | tests/lib/capacity-simulation.test.ts[2m > [22m[2m≡ƒÜÇ Capacity Simulation: Full System Load Test[2m > [22m[2m≡ƒöÑ Viral Post Burst[2m > [22m[2m1000 comments on a Free user ΓåÆ 200 sent + 800 queued
[22m[39mΓä╣∩╕Å [INFO] Rate limit hit, queuing DM | {"userId":"viral_free","planType":"free","remaining":{"hourly":0,"monthly":800}}

[90mstdout[2m | tests/lib/capacity-simulation.test.ts[2m > [22m[2m≡ƒÜÇ Capacity Simulation: Full System Load Test[2m > [22m[2m≡ƒöÑ Viral Post Burst[2m > [22m[2m1000 comments on a Free user ΓåÆ 200 sent + 800 queued
[22m[39mΓä╣∩╕Å [INFO] Rate limit hit, queuing DM | {"userId":"viral_free","planType":"free","remaining":{"hourly":0,"monthly":800}}

[90mstdout[2m | tests/lib/capacity-simulation.test.ts[2m > [22m[2m≡ƒÜÇ Capacity Simulation: Full System Load Test[2m > [22m[2m≡ƒöÑ Viral Post Burst[2m > [22m[2m1000 comments on a Free user ΓåÆ 200 sent + 800 queued
[22m[39mΓä╣∩╕Å [INFO] Rate limit hit, queuing DM | {"userId":"viral_free","planType":"free","remaining":{"hourly":0,"monthly":800}}

[90mstdout[2m | tests/lib/capacity-simulation.test.ts[2m > [22m[2m≡ƒÜÇ Capacity Simulation: Full System Load Test[2m > [22m[2m≡ƒöÑ Viral Post Burst[2m > [22m[2m1000 comments on a Free user ΓåÆ 200 sent + 800 queued
[22m[39mΓä╣∩╕Å [INFO] Rate limit hit, queuing DM | {"userId":"viral_free","planType":"free","remaining":{"hourly":0,"monthly":800}}

[90mstdout[2m | tests/lib/capacity-simulation.test.ts[2m > [22m[2m≡ƒÜÇ Capacity Simulation: Full System Load Test[2m > [22m[2m≡ƒöÑ Viral Post Burst[2m > [22m[2m1000 comments on a Free user ΓåÆ 200 sent + 800 queued
[22m[39mΓä╣∩╕Å [INFO] Rate limit hit, queuing DM | {"userId":"viral_free","planType":"free","remaining":{"hourly":0,"monthly":800}}

[90mstdout[2m | tests/lib/capacity-simulation.test.ts[2m > [22m[2m≡ƒÜÇ Capacity Simulation: Full System Load Test[2m > [22m[2m≡ƒöÑ Viral Post Burst[2m > [22m[2m1000 comments on a Free user ΓåÆ 200 sent + 800 queued
[22m[39mΓä╣∩╕Å [INFO] Rate limit hit, queuing DM | {"userId":"viral_free","planType":"free","remaining":{"hourly":0,"monthly":800}}

[90mstdout[2m | tests/lib/capacity-simulation.test.ts[2m > [22m[2m≡ƒÜÇ Capacity Simulation: Full System Load Test[2m > [22m[2m≡ƒöÑ Viral Post Burst[2m > [22m[2m1000 comments on a Free user ΓåÆ 200 sent + 800 queued
[22m[39mΓä╣∩╕Å [INFO] Rate limit hit, queuing DM | {"userId":"viral_free","planType":"free","remaining":{"hourly":0,"monthly":800}}

[90mstdout[2m | tests/lib/capacity-simulation.test.ts[2m > [22m[2m≡ƒÜÇ Capacity Simulation: Full System Load Test[2m > [22m[2m≡ƒöÑ Viral Post Burst[2m > [22m[2m1000 comments on a Free user ΓåÆ 200 sent + 800 queued
[22m[39mΓä╣∩╕Å [INFO] Rate limit hit, queuing DM | {"userId":"viral_free","planType":"free","remaining":{"hourly":0,"monthly":800}}

[90mstdout[2m | tests/lib/capacity-simulation.test.ts[2m > [22m[2m≡ƒÜÇ Capacity Simulation: Full System Load Test[2m > [22m[2m≡ƒöÑ Viral Post Burst[2m > [22m[2m1000 comments on a Free user ΓåÆ 200 sent + 800 queued
[22m[39mΓä╣∩╕Å [INFO] Rate limit hit, queuing DM | {"userId":"viral_free","planType":"free","remaining":{"hourly":0,"monthly":800}}

[90mstdout[2m | tests/lib/capacity-simulation.test.ts[2m > [22m[2m≡ƒÜÇ Capacity Simulation: Full System Load Test[2m > [22m[2m≡ƒöÑ Viral Post Burst[2m > [22m[2m1000 comments on a Free user ΓåÆ 200 sent + 800 queued
[22m[39mΓä╣∩╕Å [INFO] Rate limit hit, queuing DM | {"userId":"viral_free","planType":"free","remaining":{"hourly":0,"monthly":800}}

[90mstdout[2m | tests/lib/capacity-simulation.test.ts[2m > [22m[2m≡ƒÜÇ Capacity Simulation: Full System Load Test[2m > [22m[2m≡ƒöÑ Viral Post Burst[2m > [22m[2m1000 comments on a Free user ΓåÆ 200 sent + 800 queued
[22m[39mΓä╣∩╕Å [INFO] Rate limit hit, queuing DM | {"userId":"viral_free","planType":"free","remaining":{"hourly":0,"monthly":800}}

[90mstdout[2m | tests/lib/capacity-simulation.test.ts[2m > [22m[2m≡ƒÜÇ Capacity Simulation: Full System Load Test[2m > [22m[2m≡ƒöÑ Viral Post Burst[2m > [22m[2m1000 comments on a Free user ΓåÆ 200 sent + 800 queued
[22m[39mΓä╣∩╕Å [INFO] Rate limit hit, queuing DM | {"userId":"viral_free","planType":"free","remaining":{"hourly":0,"monthly":800}}

[90mstdout[2m | tests/lib/capacity-simulation.test.ts[2m > [22m[2m≡ƒÜÇ Capacity Simulation: Full System Load Test[2m > [22m[2m≡ƒöÑ Viral Post Burst[2m > [22m[2m1000 comments on a Free user ΓåÆ 200 sent + 800 queued
[22m[39mΓä╣∩╕Å [INFO] Rate limit hit, queuing DM | {"userId":"viral_free","planType":"free","remaining":{"hourly":0,"monthly":800}}

[90mstdout[2m | tests/lib/capacity-simulation.test.ts[2m > [22m[2m≡ƒÜÇ Capacity Simulation: Full System Load Test[2m > [22m[2m≡ƒöÑ Viral Post Burst[2m > [22m[2m1000 comments on a Free user ΓåÆ 200 sent + 800 queued
[22m[39mΓä╣∩╕Å [INFO] Rate limit hit, queuing DM | {"userId":"viral_free","planType":"free","remaining":{"hourly":0,"monthly":800}}

[90mstdout[2m | tests/lib/capacity-simulation.test.ts[2m > [22m[2m≡ƒÜÇ Capacity Simulation: Full System Load Test[2m > [22m[2m≡ƒöÑ Viral Post Burst[2m > [22m[2m1000 comments on a Free user ΓåÆ 200 sent + 800 queued
[22m[39mΓä╣∩╕Å [INFO] Rate limit hit, queuing DM | {"userId":"viral_free","planType":"free","remaining":{"hourly":0,"monthly":800}}

[90mstdout[2m | tests/lib/capacity-simulation.test.ts[2m > [22m[2m≡ƒÜÇ Capacity Simulation: Full System Load Test[2m > [22m[2m≡ƒöÑ Viral Post Burst[2m > [22m[2m1000 comments on a Free user ΓåÆ 200 sent + 800 queued
[22m[39mΓä╣∩╕Å [INFO] Rate limit hit, queuing DM | {"userId":"viral_free","planType":"free","remaining":{"hourly":0,"monthly":800}}

[90mstdout[2m | tests/lib/capacity-simulation.test.ts[2m > [22m[2m≡ƒÜÇ Capacity Simulation: Full System Load Test[2m > [22m[2m≡ƒöÑ Viral Post Burst[2m > [22m[2m1000 comments on a Free user ΓåÆ 200 sent + 800 queued
[22m[39mΓä╣∩╕Å [INFO] Rate limit hit, queuing DM | {"userId":"viral_free","planType":"free","remaining":{"hourly":0,"monthly":800}}

[90mstdout[2m | tests/lib/capacity-simulation.test.ts[2m > [22m[2m≡ƒÜÇ Capacity Simulation: Full System Load Test[2m > [22m[2m≡ƒöÑ Viral Post Burst[2m > [22m[2m1000 comments on a Free user ΓåÆ 200 sent + 800 queued
[22m[39mΓä╣∩╕Å [INFO] Rate limit hit, queuing DM | {"userId":"viral_free","planType":"free","remaining":{"hourly":0,"monthly":800}}

[90mstdout[2m | tests/lib/capacity-simulation.test.ts[2m > [22m[2m≡ƒÜÇ Capacity Simulation: Full System Load Test[2m > [22m[2m≡ƒöÑ Viral Post Burst[2m > [22m[2m1000 comments on a Free user ΓåÆ 200 sent + 800 queued
[22m[39mΓä╣∩╕Å [INFO] Rate limit hit, queuing DM | {"userId":"viral_free","planType":"free","remaining":{"hourly":0,"monthly":800}}

[90mstdout[2m | tests/lib/capacity-simulation.test.ts[2m > [22m[2m≡ƒÜÇ Capacity Simulation: Full System Load Test[2m > [22m[2m≡ƒöÑ Viral Post Burst[2m > [22m[2m1000 comments on a Free user ΓåÆ 200 sent + 800 queued
[22m[39mΓä╣∩╕Å [INFO] Rate limit hit, queuing DM | {"userId":"viral_free","planType":"free","remaining":{"hourly":0,"monthly":800}}

[90mstdout[2m | tests/lib/capacity-simulation.test.ts[2m > [22m[2m≡ƒÜÇ Capacity Simulation: Full System Load Test[2m > [22m[2m≡ƒöÑ Viral Post Burst[2m > [22m[2m1000 comments on a Free user ΓåÆ 200 sent + 800 queued
[22m[39mΓä╣∩╕Å [INFO] Rate limit hit, queuing DM | {"userId":"viral_free","planType":"free","remaining":{"hourly":0,"monthly":800}}

[90mstdout[2m | tests/lib/capacity-simulation.test.ts[2m > [22m[2m≡ƒÜÇ Capacity Simulation: Full System Load Test[2m > [22m[2m≡ƒöÑ Viral Post Burst[2m > [22m[2m1000 comments on a Free user ΓåÆ 200 sent + 800 queued
[22m[39mΓä╣∩╕Å [INFO] Rate limit hit, queuing DM | {"userId":"viral_free","planType":"free","remaining":{"hourly":0,"monthly":800}}

[90mstdout[2m | tests/lib/capacity-simulation.test.ts[2m > [22m[2m≡ƒÜÇ Capacity Simulation: Full System Load Test[2m > [22m[2m≡ƒöÑ Viral Post Burst[2m > [22m[2m1000 comments on a Free user ΓåÆ 200 sent + 800 queued
[22m[39mΓä╣∩╕Å [INFO] Rate limit hit, queuing DM | {"userId":"viral_free","planType":"free","remaining":{"hourly":0,"monthly":800}}

[90mstdout[2m | tests/lib/capacity-simulation.test.ts[2m > [22m[2m≡ƒÜÇ Capacity Simulation: Full System Load Test[2m > [22m[2m≡ƒöÑ Viral Post Burst[2m > [22m[2m1000 comments on a Free user ΓåÆ 200 sent + 800 queued
[22m[39mΓä╣∩╕Å [INFO] Rate limit hit, queuing DM | {"userId":"viral_free","planType":"free","remaining":{"hourly":0,"monthly":800}}

[90mstdout[2m | tests/lib/capacity-simulation.test.ts[2m > [22m[2m≡ƒÜÇ Capacity Simulation: Full System Load Test[2m > [22m[2m≡ƒöÑ Viral Post Burst[2m > [22m[2m1000 comments on a Free user ΓåÆ 200 sent + 800 queued
[22m[39mΓä╣∩╕Å [INFO] Rate limit hit, queuing DM | {"userId":"viral_free","planType":"free","remaining":{"hourly":0,"monthly":800}}

[90mstdout[2m | tests/lib/capacity-simulation.test.ts[2m > [22m[2m≡ƒÜÇ Capacity Simulation: Full System Load Test[2m > [22m[2m≡ƒöÑ Viral Post Burst[2m > [22m[2m1000 comments on a Free user ΓåÆ 200 sent + 800 queued
[22m[39mΓä╣∩╕Å [INFO] Rate limit hit, queuing DM | {"userId":"viral_free","planType":"free","remaining":{"hourly":0,"monthly":800}}

[90mstdout[2m | tests/lib/capacity-simulation.test.ts[2m > [22m[2m≡ƒÜÇ Capacity Simulation: Full System Load Test[2m > [22m[2m≡ƒöÑ Viral Post Burst[2m > [22m[2m1000 comments on a Free user ΓåÆ 200 sent + 800 queued
[22m[39mΓä╣∩╕Å [INFO] Rate limit hit, queuing DM | {"userId":"viral_free","planType":"free","remaining":{"hourly":0,"monthly":800}}

[90mstdout[2m | tests/lib/capacity-simulation.test.ts[2m > [22m[2m≡ƒÜÇ Capacity Simulation: Full System Load Test[2m > [22m[2m≡ƒöÑ Viral Post Burst[2m > [22m[2m1000 comments on a Free user ΓåÆ 200 sent + 800 queued
[22m[39mΓä╣∩╕Å [INFO] Rate limit hit, queuing DM | {"userId":"viral_free","planType":"free","remaining":{"hourly":0,"monthly":800}}

[90mstdout[2m | tests/lib/capacity-simulation.test.ts[2m > [22m[2m≡ƒÜÇ Capacity Simulation: Full System Load Test[2m > [22m[2m≡ƒöÑ Viral Post Burst[2m > [22m[2m1000 comments on a Free user ΓåÆ 200 sent + 800 queued
[22m[39mΓä╣∩╕Å [INFO] Rate limit hit, queuing DM | {"userId":"viral_free","planType":"free","remaining":{"hourly":0,"monthly":800}}

[90mstdout[2m | tests/lib/capacity-simulation.test.ts[2m > [22m[2m≡ƒÜÇ Capacity Simulation: Full System Load Test[2m > [22m[2m≡ƒöÑ Viral Post Burst[2m > [22m[2m1000 comments on a Free user ΓåÆ 200 sent + 800 queued
[22m[39mΓä╣∩╕Å [INFO] Rate limit hit, queuing DM | {"userId":"viral_free","planType":"free","remaining":{"hourly":0,"monthly":800}}

[90mstdout[2m | tests/lib/capacity-simulation.test.ts[2m > [22m[2m≡ƒÜÇ Capacity Simulation: Full System Load Test[2m > [22m[2m≡ƒöÑ Viral Post Burst[2m > [22m[2m1000 comments on a Free user ΓåÆ 200 sent + 800 queued
[22m[39mΓä╣∩╕Å [INFO] Rate limit hit, queuing DM | {"userId":"viral_free","planType":"free","remaining":{"hourly":0,"monthly":800}}

[90mstdout[2m | tests/lib/capacity-simulation.test.ts[2m > [22m[2m≡ƒÜÇ Capacity Simulation: Full System Load Test[2m > [22m[2m≡ƒöÑ Viral Post Burst[2m > [22m[2m1000 comments on a Free user ΓåÆ 200 sent + 800 queued
[22m[39mΓä╣∩╕Å [INFO] Rate limit hit, queuing DM | {"userId":"viral_free","planType":"free","remaining":{"hourly":0,"monthly":800}}

[90mstdout[2m | tests/lib/capacity-simulation.test.ts[2m > [22m[2m≡ƒÜÇ Capacity Simulation: Full System Load Test[2m > [22m[2m≡ƒöÑ Viral Post Burst[2m > [22m[2m1000 comments on a Free user ΓåÆ 200 sent + 800 queued
[22m[39mΓä╣∩╕Å [INFO] Rate limit hit, queuing DM | {"userId":"viral_free","planType":"free","remaining":{"hourly":0,"monthly":800}}

[90mstdout[2m | tests/lib/capacity-simulation.test.ts[2m > [22m[2m≡ƒÜÇ Capacity Simulation: Full System Load Test[2m > [22m[2m≡ƒöÑ Viral Post Burst[2m > [22m[2m1000 comments on a Free user ΓåÆ 200 sent + 800 queued
[22m[39mΓä╣∩╕Å [INFO] Rate limit hit, queuing DM | {"userId":"viral_free","planType":"free","remaining":{"hourly":0,"monthly":800}}

[90mstdout[2m | tests/lib/capacity-simulation.test.ts[2m > [22m[2m≡ƒÜÇ Capacity Simulation: Full System Load Test[2m > [22m[2m≡ƒöÑ Viral Post Burst[2m > [22m[2m1000 comments on a Free user ΓåÆ 200 sent + 800 queued
[22m[39mΓä╣∩╕Å [INFO] Rate limit hit, queuing DM | {"userId":"viral_free","planType":"free","remaining":{"hourly":0,"monthly":800}}

[90mstdout[2m | tests/lib/capacity-simulation.test.ts[2m > [22m[2m≡ƒÜÇ Capacity Simulation: Full System Load Test[2m > [22m[2m≡ƒöÑ Viral Post Burst[2m > [22m[2m1000 comments on a Free user ΓåÆ 200 sent + 800 queued
[22m[39mΓä╣∩╕Å [INFO] Rate limit hit, queuing DM | {"userId":"viral_free","planType":"free","remaining":{"hourly":0,"monthly":800}}

[90mstdout[2m | tests/lib/capacity-simulation.test.ts[2m > [22m[2m≡ƒÜÇ Capacity Simulation: Full System Load Test[2m > [22m[2m≡ƒöÑ Viral Post Burst[2m > [22m[2m1000 comments on a Free user ΓåÆ 200 sent + 800 queued
[22m[39mΓä╣∩╕Å [INFO] Rate limit hit, queuing DM | {"userId":"viral_free","planType":"free","remaining":{"hourly":0,"monthly":800}}

[90mstdout[2m | tests/lib/capacity-simulation.test.ts[2m > [22m[2m≡ƒÜÇ Capacity Simulation: Full System Load Test[2m > [22m[2m≡ƒöÑ Viral Post Burst[2m > [22m[2m1000 comments on a Free user ΓåÆ 200 sent + 800 queued
[22m[39mΓä╣∩╕Å [INFO] Rate limit hit, queuing DM | {"userId":"viral_free","planType":"free","remaining":{"hourly":0,"monthly":800}}

[90mstdout[2m | tests/lib/capacity-simulation.test.ts[2m > [22m[2m≡ƒÜÇ Capacity Simulation: Full System Load Test[2m > [22m[2m≡ƒöÑ Viral Post Burst[2m > [22m[2m1000 comments on a Free user ΓåÆ 200 sent + 800 queued
[22m[39mΓä╣∩╕Å [INFO] Rate limit hit, queuing DM | {"userId":"viral_free","planType":"free","remaining":{"hourly":0,"monthly":800}}

[90mstdout[2m | tests/lib/capacity-simulation.test.ts[2m > [22m[2m≡ƒÜÇ Capacity Simulation: Full System Load Test[2m > [22m[2m≡ƒöÑ Viral Post Burst[2m > [22m[2m1000 comments on a Free user ΓåÆ 200 sent + 800 queued
[22m[39mΓä╣∩╕Å [INFO] Rate limit hit, queuing DM | {"userId":"viral_free","planType":"free","remaining":{"hourly":0,"monthly":800}}

[90mstdout[2m | tests/lib/capacity-simulation.test.ts[2m > [22m[2m≡ƒÜÇ Capacity Simulation: Full System Load Test[2m > [22m[2m≡ƒöÑ Viral Post Burst[2m > [22m[2m1000 comments on a Free user ΓåÆ 200 sent + 800 queued
[22m[39mΓä╣∩╕Å [INFO] Rate limit hit, queuing DM | {"userId":"viral_free","planType":"free","remaining":{"hourly":0,"monthly":800}}

[90mstdout[2m | tests/lib/capacity-simulation.test.ts[2m > [22m[2m≡ƒÜÇ Capacity Simulation: Full System Load Test[2m > [22m[2m≡ƒöÑ Viral Post Burst[2m > [22m[2m1000 comments on a Free user ΓåÆ 200 sent + 800 queued
[22m[39mΓä╣∩╕Å [INFO] Rate limit hit, queuing DM | {"userId":"viral_free","planType":"free","remaining":{"hourly":0,"monthly":800}}

[90mstdout[2m | tests/lib/capacity-simulation.test.ts[2m > [22m[2m≡ƒÜÇ Capacity Simulation: Full System Load Test[2m > [22m[2m≡ƒöÑ Viral Post Burst[2m > [22m[2m1000 comments on a Free user ΓåÆ 200 sent + 800 queued
[22m[39mΓä╣∩╕Å [INFO] Rate limit hit, queuing DM | {"userId":"viral_free","planType":"free","remaining":{"hourly":0,"monthly":800}}

[90mstdout[2m | tests/lib/capacity-simulation.test.ts[2m > [22m[2m≡ƒÜÇ Capacity Simulation: Full System Load Test[2m > [22m[2m≡ƒöÑ Viral Post Burst[2m > [22m[2m1000 comments on a Free user ΓåÆ 200 sent + 800 queued
[22m[39mΓä╣∩╕Å [INFO] Rate limit hit, queuing DM | {"userId":"viral_free","planType":"free","remaining":{"hourly":0,"monthly":800}}

[90mstdout[2m | tests/lib/capacity-simulation.test.ts[2m > [22m[2m≡ƒÜÇ Capacity Simulation: Full System Load Test[2m > [22m[2m≡ƒöÑ Viral Post Burst[2m > [22m[2m1000 comments on a Free user ΓåÆ 200 sent + 800 queued
[22m[39mΓä╣∩╕Å [INFO] Rate limit hit, queuing DM | {"userId":"viral_free","planType":"free","remaining":{"hourly":0,"monthly":800}}

[90mstdout[2m | tests/lib/capacity-simulation.test.ts[2m > [22m[2m≡ƒÜÇ Capacity Simulation: Full System Load Test[2m > [22m[2m≡ƒöÑ Viral Post Burst[2m > [22m[2m1000 comments on a Free user ΓåÆ 200 sent + 800 queued
[22m[39mΓä╣∩╕Å [INFO] Rate limit hit, queuing DM | {"userId":"viral_free","planType":"free","remaining":{"hourly":0,"monthly":800}}

[90mstdout[2m | tests/lib/capacity-simulation.test.ts[2m > [22m[2m≡ƒÜÇ Capacity Simulation: Full System Load Test[2m > [22m[2m≡ƒöÑ Viral Post Burst[2m > [22m[2m1000 comments on a Free user ΓåÆ 200 sent + 800 queued
[22m[39mΓä╣∩╕Å [INFO] Rate limit hit, queuing DM | {"userId":"viral_free","planType":"free","remaining":{"hourly":0,"monthly":800}}

[90mstdout[2m | tests/lib/capacity-simulation.test.ts[2m > [22m[2m≡ƒÜÇ Capacity Simulation: Full System Load Test[2m > [22m[2m≡ƒöÑ Viral Post Burst[2m > [22m[2m1000 comments on a Free user ΓåÆ 200 sent + 800 queued
[22m[39mΓä╣∩╕Å [INFO] Rate limit hit, queuing DM | {"userId":"viral_free","planType":"free","remaining":{"hourly":0,"monthly":800}}

[90mstdout[2m | tests/lib/capacity-simulation.test.ts[2m > [22m[2m≡ƒÜÇ Capacity Simulation: Full System Load Test[2m > [22m[2m≡ƒöÑ Viral Post Burst[2m > [22m[2m1000 comments on a Free user ΓåÆ 200 sent + 800 queued
[22m[39mΓä╣∩╕Å [INFO] Rate limit hit, queuing DM | {"userId":"viral_free","planType":"free","remaining":{"hourly":0,"monthly":800}}

[90mstdout[2m | tests/lib/capacity-simulation.test.ts[2m > [22m[2m≡ƒÜÇ Capacity Simulation: Full System Load Test[2m > [22m[2m≡ƒöÑ Viral Post Burst[2m > [22m[2m1000 comments on a Free user ΓåÆ 200 sent + 800 queued
[22m[39mΓä╣∩╕Å [INFO] Rate limit hit, queuing DM | {"userId":"viral_free","planType":"free","remaining":{"hourly":0,"monthly":800}}

[90mstdout[2m | tests/lib/capacity-simulation.test.ts[2m > [22m[2m≡ƒÜÇ Capacity Simulation: Full System Load Test[2m > [22m[2m≡ƒöÑ Viral Post Burst[2m > [22m[2m1000 comments on a Free user ΓåÆ 200 sent + 800 queued
[22m[39mΓä╣∩╕Å [INFO] Rate limit hit, queuing DM | {"userId":"viral_free","planType":"free","remaining":{"hourly":0,"monthly":800}}

[90mstdout[2m | tests/lib/capacity-simulation.test.ts[2m > [22m[2m≡ƒÜÇ Capacity Simulation: Full System Load Test[2m > [22m[2m≡ƒöÑ Viral Post Burst[2m > [22m[2m1000 comments on a Free user ΓåÆ 200 sent + 800 queued
[22m[39mΓä╣∩╕Å [INFO] Rate limit hit, queuing DM | {"userId":"viral_free","planType":"free","remaining":{"hourly":0,"monthly":800}}

[90mstdout[2m | tests/lib/capacity-simulation.test.ts[2m > [22m[2m≡ƒÜÇ Capacity Simulation: Full System Load Test[2m > [22m[2m≡ƒöÑ Viral Post Burst[2m > [22m[2m1000 comments on a Free user ΓåÆ 200 sent + 800 queued
[22m[39mΓä╣∩╕Å [INFO] Rate limit hit, queuing DM | {"userId":"viral_free","planType":"free","remaining":{"hourly":0,"monthly":800}}

[90mstdout[2m | tests/lib/capacity-simulation.test.ts[2m > [22m[2m≡ƒÜÇ Capacity Simulation: Full System Load Test[2m > [22m[2m≡ƒöÑ Viral Post Burst[2m > [22m[2m1000 comments on a Free user ΓåÆ 200 sent + 800 queued
[22m[39mΓä╣∩╕Å [INFO] Rate limit hit, queuing DM | {"userId":"viral_free","planType":"free","remaining":{"hourly":0,"monthly":800}}

[90mstdout[2m | tests/lib/capacity-simulation.test.ts[2m > [22m[2m≡ƒÜÇ Capacity Simulation: Full System Load Test[2m > [22m[2m≡ƒöÑ Viral Post Burst[2m > [22m[2m1000 comments on a Free user ΓåÆ 200 sent + 800 queued
[22m[39mΓä╣∩╕Å [INFO] Rate limit hit, queuing DM | {"userId":"viral_free","planType":"free","remaining":{"hourly":0,"monthly":800}}

[90mstdout[2m | tests/lib/capacity-simulation.test.ts[2m > [22m[2m≡ƒÜÇ Capacity Simulation: Full System Load Test[2m > [22m[2m≡ƒöÑ Viral Post Burst[2m > [22m[2m1000 comments on a Free user ΓåÆ 200 sent + 800 queued
[22m[39mΓä╣∩╕Å [INFO] Rate limit hit, queuing DM | {"userId":"viral_free","planType":"free","remaining":{"hourly":0,"monthly":800}}

[90mstdout[2m | tests/lib/capacity-simulation.test.ts[2m > [22m[2m≡ƒÜÇ Capacity Simulation: Full System Load Test[2m > [22m[2m≡ƒöÑ Viral Post Burst[2m > [22m[2m1000 comments on a Free user ΓåÆ 200 sent + 800 queued
[22m[39mΓä╣∩╕Å [INFO] Rate limit hit, queuing DM | {"userId":"viral_free","planType":"free","remaining":{"hourly":0,"monthly":800}}

[90mstdout[2m | tests/lib/capacity-simulation.test.ts[2m > [22m[2m≡ƒÜÇ Capacity Simulation: Full System Load Test[2m > [22m[2m≡ƒöÑ Viral Post Burst[2m > [22m[2m1000 comments on a Free user ΓåÆ 200 sent + 800 queued
[22m[39mΓä╣∩╕Å [INFO] Rate limit hit, queuing DM | {"userId":"viral_free","planType":"free","remaining":{"hourly":0,"monthly":800}}

[90mstdout[2m | tests/lib/capacity-simulation.test.ts[2m > [22m[2m≡ƒÜÇ Capacity Simulation: Full System Load Test[2m > [22m[2m≡ƒöÑ Viral Post Burst[2m > [22m[2m1000 comments on a Free user ΓåÆ 200 sent + 800 queued
[22m[39mΓä╣∩╕Å [INFO] Rate limit hit, queuing DM | {"userId":"viral_free","planType":"free","remaining":{"hourly":0,"monthly":800}}

[90mstdout[2m | tests/lib/capacity-simulation.test.ts[2m > [22m[2m≡ƒÜÇ Capacity Simulation: Full System Load Test[2m > [22m[2m≡ƒöÑ Viral Post Burst[2m > [22m[2m1000 comments on a Free user ΓåÆ 200 sent + 800 queued
[22m[39mΓä╣∩╕Å [INFO] Rate limit hit, queuing DM | {"userId":"viral_free","planType":"free","remaining":{"hourly":0,"monthly":800}}

[90mstdout[2m | tests/lib/capacity-simulation.test.ts[2m > [22m[2m≡ƒÜÇ Capacity Simulation: Full System Load Test[2m > [22m[2m≡ƒöÑ Viral Post Burst[2m > [22m[2m1000 comments on a Free user ΓåÆ 200 sent + 800 queued
[22m[39mΓä╣∩╕Å [INFO] Rate limit hit, queuing DM | {"userId":"viral_free","planType":"free","remaining":{"hourly":0,"monthly":800}}

[90mstdout[2m | tests/lib/capacity-simulation.test.ts[2m > [22m[2m≡ƒÜÇ Capacity Simulation: Full System Load Test[2m > [22m[2m≡ƒöÑ Viral Post Burst[2m > [22m[2m1000 comments on a Free user ΓåÆ 200 sent + 800 queued
[22m[39mΓä╣∩╕Å [INFO] Rate limit hit, queuing DM | {"userId":"viral_free","planType":"free","remaining":{"hourly":0,"monthly":800}}

[90mstdout[2m | tests/lib/capacity-simulation.test.ts[2m > [22m[2m≡ƒÜÇ Capacity Simulation: Full System Load Test[2m > [22m[2m≡ƒöÑ Viral Post Burst[2m > [22m[2m1000 comments on a Free user ΓåÆ 200 sent + 800 queued
[22m[39mΓä╣∩╕Å [INFO] Rate limit hit, queuing DM | {"userId":"viral_free","planType":"free","remaining":{"hourly":0,"monthly":800}}

[90mstdout[2m | tests/lib/capacity-simulation.test.ts[2m > [22m[2m≡ƒÜÇ Capacity Simulation: Full System Load Test[2m > [22m[2m≡ƒöÑ Viral Post Burst[2m > [22m[2m1000 comments on a Free user ΓåÆ 200 sent + 800 queued
[22m[39mΓä╣∩╕Å [INFO] Rate limit hit, queuing DM | {"userId":"viral_free","planType":"free","remaining":{"hourly":0,"monthly":800}}

[90mstdout[2m | tests/lib/capacity-simulation.test.ts[2m > [22m[2m≡ƒÜÇ Capacity Simulation: Full System Load Test[2m > [22m[2m≡ƒöÑ Viral Post Burst[2m > [22m[2m1000 comments on a Free user ΓåÆ 200 sent + 800 queued
[22m[39mΓä╣∩╕Å [INFO] Rate limit hit, queuing DM | {"userId":"viral_free","planType":"free","remaining":{"hourly":0,"monthly":800}}

[90mstdout[2m | tests/lib/capacity-simulation.test.ts[2m > [22m[2m≡ƒÜÇ Capacity Simulation: Full System Load Test[2m > [22m[2m≡ƒöÑ Viral Post Burst[2m > [22m[2m1000 comments on a Free user ΓåÆ 200 sent + 800 queued
[22m[39mΓä╣∩╕Å [INFO] Rate limit hit, queuing DM | {"userId":"viral_free","planType":"free","remaining":{"hourly":0,"monthly":800}}

[90mstdout[2m | tests/lib/capacity-simulation.test.ts[2m > [22m[2m≡ƒÜÇ Capacity Simulation: Full System Load Test[2m > [22m[2m≡ƒöÑ Viral Post Burst[2m > [22m[2m1000 comments on a Free user ΓåÆ 200 sent + 800 queued
[22m[39mΓä╣∩╕Å [INFO] Rate limit hit, queuing DM | {"userId":"viral_free","planType":"free","remaining":{"hourly":0,"monthly":800}}

[90mstdout[2m | tests/lib/capacity-simulation.test.ts[2m > [22m[2m≡ƒÜÇ Capacity Simulation: Full System Load Test[2m > [22m[2m≡ƒöÑ Viral Post Burst[2m > [22m[2m1000 comments on a Free user ΓåÆ 200 sent + 800 queued
[22m[39mΓä╣∩╕Å [INFO] Rate limit hit, queuing DM | {"userId":"viral_free","planType":"free","remaining":{"hourly":0,"monthly":800}}

[90mstdout[2m | tests/lib/capacity-simulation.test.ts[2m > [22m[2m≡ƒÜÇ Capacity Simulation: Full System Load Test[2m > [22m[2m≡ƒöÑ Viral Post Burst[2m > [22m[2m1000 comments on a Free user ΓåÆ 200 sent + 800 queued
[22m[39mΓä╣∩╕Å [INFO] Rate limit hit, queuing DM | {"userId":"viral_free","planType":"free","remaining":{"hourly":0,"monthly":800}}

[90mstdout[2m | tests/lib/capacity-simulation.test.ts[2m > [22m[2m≡ƒÜÇ Capacity Simulation: Full System Load Test[2m > [22m[2m≡ƒöÑ Viral Post Burst[2m > [22m[2m1000 comments on a Free user ΓåÆ 200 sent + 800 queued
[22m[39mΓä╣∩╕Å [INFO] Rate limit hit, queuing DM | {"userId":"viral_free","planType":"free","remaining":{"hourly":0,"monthly":800}}

[90mstdout[2m | tests/lib/capacity-simulation.test.ts[2m > [22m[2m≡ƒÜÇ Capacity Simulation: Full System Load Test[2m > [22m[2m≡ƒöÑ Viral Post Burst[2m > [22m[2m1000 comments on a Free user ΓåÆ 200 sent + 800 queued
[22m[39mΓä╣∩╕Å [INFO] Rate limit hit, queuing DM | {"userId":"viral_free","planType":"free","remaining":{"hourly":0,"monthly":800}}

[90mstdout[2m | tests/lib/capacity-simulation.test.ts[2m > [22m[2m≡ƒÜÇ Capacity Simulation: Full System Load Test[2m > [22m[2m≡ƒöÑ Viral Post Burst[2m > [22m[2m1000 comments on a Free user ΓåÆ 200 sent + 800 queued
[22m[39mΓä╣∩╕Å [INFO] Rate limit hit, queuing DM | {"userId":"viral_free","planType":"free","remaining":{"hourly":0,"monthly":800}}

[90mstdout[2m | tests/lib/capacity-simulation.test.ts[2m > [22m[2m≡ƒÜÇ Capacity Simulation: Full System Load Test[2m > [22m[2m≡ƒöÑ Viral Post Burst[2m > [22m[2m1000 comments on a Free user ΓåÆ 200 sent + 800 queued
[22m[39mΓä╣∩╕Å [INFO] Rate limit hit, queuing DM | {"userId":"viral_free","planType":"free","remaining":{"hourly":0,"monthly":800}}

[90mstdout[2m | tests/lib/capacity-simulation.test.ts[2m > [22m[2m≡ƒÜÇ Capacity Simulation: Full System Load Test[2m > [22m[2m≡ƒöÑ Viral Post Burst[2m > [22m[2m1000 comments on a Free user ΓåÆ 200 sent + 800 queued
[22m[39mΓä╣∩╕Å [INFO] Rate limit hit, queuing DM | {"userId":"viral_free","planType":"free","remaining":{"hourly":0,"monthly":800}}

[90mstdout[2m | tests/lib/capacity-simulation.test.ts[2m > [22m[2m≡ƒÜÇ Capacity Simulation: Full System Load Test[2m > [22m[2m≡ƒöÑ Viral Post Burst[2m > [22m[2m1000 comments on a Free user ΓåÆ 200 sent + 800 queued
[22m[39mΓä╣∩╕Å [INFO] Rate limit hit, queuing DM | {"userId":"viral_free","planType":"free","remaining":{"hourly":0,"monthly":800}}

[90mstdout[2m | tests/lib/capacity-simulation.test.ts[2m > [22m[2m≡ƒÜÇ Capacity Simulation: Full System Load Test[2m > [22m[2m≡ƒöÑ Viral Post Burst[2m > [22m[2m1000 comments on a Free user ΓåÆ 200 sent + 800 queued
[22m[39mΓä╣∩╕Å [INFO] Rate limit hit, queuing DM | {"userId":"viral_free","planType":"free","remaining":{"hourly":0,"monthly":800}}

[90mstdout[2m | tests/lib/capacity-simulation.test.ts[2m > [22m[2m≡ƒÜÇ Capacity Simulation: Full System Load Test[2m > [22m[2m≡ƒöÑ Viral Post Burst[2m > [22m[2m1000 comments on a Free user ΓåÆ 200 sent + 800 queued
[22m[39mΓä╣∩╕Å [INFO] Rate limit hit, queuing DM | {"userId":"viral_free","planType":"free","remaining":{"hourly":0,"monthly":800}}

[90mstdout[2m | tests/lib/capacity-simulation.test.ts[2m > [22m[2m≡ƒÜÇ Capacity Simulation: Full System Load Test[2m > [22m[2m≡ƒöÑ Viral Post Burst[2m > [22m[2m1000 comments on a Free user ΓåÆ 200 sent + 800 queued
[22m[39mΓä╣∩╕Å [INFO] Rate limit hit, queuing DM | {"userId":"viral_free","planType":"free","remaining":{"hourly":0,"monthly":800}}

[90mstdout[2m | tests/lib/capacity-simulation.test.ts[2m > [22m[2m≡ƒÜÇ Capacity Simulation: Full System Load Test[2m > [22m[2m≡ƒöÑ Viral Post Burst[2m > [22m[2m1000 comments on a Free user ΓåÆ 200 sent + 800 queued
[22m[39mΓä╣∩╕Å [INFO] Rate limit hit, queuing DM | {"userId":"viral_free","planType":"free","remaining":{"hourly":0,"monthly":800}}

[90mstdout[2m | tests/lib/capacity-simulation.test.ts[2m > [22m[2m≡ƒÜÇ Capacity Simulation: Full System Load Test[2m > [22m[2m≡ƒöÑ Viral Post Burst[2m > [22m[2m1000 comments on a Free user ΓåÆ 200 sent + 800 queued
[22m[39mΓä╣∩╕Å [INFO] Rate limit hit, queuing DM | {"userId":"viral_free","planType":"free","remaining":{"hourly":0,"monthly":800}}

[90mstdout[2m | tests/lib/capacity-simulation.test.ts[2m > [22m[2m≡ƒÜÇ Capacity Simulation: Full System Load Test[2m > [22m[2m≡ƒöÑ Viral Post Burst[2m > [22m[2m1000 comments on a Free user ΓåÆ 200 sent + 800 queued
[22m[39mΓä╣∩╕Å [INFO] Rate limit hit, queuing DM | {"userId":"viral_free","planType":"free","remaining":{"hourly":0,"monthly":800}}

[90mstdout[2m | tests/lib/capacity-simulation.test.ts[2m > [22m[2m≡ƒÜÇ Capacity Simulation: Full System Load Test[2m > [22m[2m≡ƒöÑ Viral Post Burst[2m > [22m[2m1000 comments on a Free user ΓåÆ 200 sent + 800 queued
[22m[39mΓä╣∩╕Å [INFO] Rate limit hit, queuing DM | {"userId":"viral_free","planType":"free","remaining":{"hourly":0,"monthly":800}}

[90mstdout[2m | tests/lib/capacity-simulation.test.ts[2m > [22m[2m≡ƒÜÇ Capacity Simulation: Full System Load Test[2m > [22m[2m≡ƒöÑ Viral Post Burst[2m > [22m[2m1000 comments on a Free user ΓåÆ 200 sent + 800 queued
[22m[39mΓä╣∩╕Å [INFO] Rate limit hit, queuing DM | {"userId":"viral_free","planType":"free","remaining":{"hourly":0,"monthly":800}}

[90mstdout[2m | tests/lib/capacity-simulation.test.ts[2m > [22m[2m≡ƒÜÇ Capacity Simulation: Full System Load Test[2m > [22m[2m≡ƒöÑ Viral Post Burst[2m > [22m[2m1000 comments on a Free user ΓåÆ 200 sent + 800 queued
[22m[39mΓä╣∩╕Å [INFO] Rate limit hit, queuing DM | {"userId":"viral_free","planType":"free","remaining":{"hourly":0,"monthly":800}}

[90mstdout[2m | tests/lib/capacity-simulation.test.ts[2m > [22m[2m≡ƒÜÇ Capacity Simulation: Full System Load Test[2m > [22m[2m≡ƒöÑ Viral Post Burst[2m > [22m[2m1000 comments on a Free user ΓåÆ 200 sent + 800 queued
[22m[39mΓä╣∩╕Å [INFO] Rate limit hit, queuing DM | {"userId":"viral_free","planType":"free","remaining":{"hourly":0,"monthly":800}}

[90mstdout[2m | tests/lib/capacity-simulation.test.ts[2m > [22m[2m≡ƒÜÇ Capacity Simulation: Full System Load Test[2m > [22m[2m≡ƒöÑ Viral Post Burst[2m > [22m[2m1000 comments on a Free user ΓåÆ 200 sent + 800 queued
[22m[39mΓä╣∩╕Å [INFO] Rate limit hit, queuing DM | {"userId":"viral_free","planType":"free","remaining":{"hourly":0,"monthly":800}}

[90mstdout[2m | tests/lib/capacity-simulation.test.ts[2m > [22m[2m≡ƒÜÇ Capacity Simulation: Full System Load Test[2m > [22m[2m≡ƒöÑ Viral Post Burst[2m > [22m[2m1000 comments on a Free user ΓåÆ 200 sent + 800 queued
[22m[39mΓä╣∩╕Å [INFO] Rate limit hit, queuing DM | {"userId":"viral_free","planType":"free","remaining":{"hourly":0,"monthly":800}}

[90mstdout[2m | tests/lib/capacity-simulation.test.ts[2m > [22m[2m≡ƒÜÇ Capacity Simulation: Full System Load Test[2m > [22m[2m≡ƒöÑ Viral Post Burst[2m > [22m[2m1000 comments on a Free user ΓåÆ 200 sent + 800 queued
[22m[39mΓä╣∩╕Å [INFO] Rate limit hit, queuing DM | {"userId":"viral_free","planType":"free","remaining":{"hourly":0,"monthly":800}}

[90mstdout[2m | tests/lib/capacity-simulation.test.ts[2m > [22m[2m≡ƒÜÇ Capacity Simulation: Full System Load Test[2m > [22m[2m≡ƒöÑ Viral Post Burst[2m > [22m[2m1000 comments on a Free user ΓåÆ 200 sent + 800 queued
[22m[39mΓä╣∩╕Å [INFO] Rate limit hit, queuing DM | {"userId":"viral_free","planType":"free","remaining":{"hourly":0,"monthly":800}}

[90mstdout[2m | tests/lib/capacity-simulation.test.ts[2m > [22m[2m≡ƒÜÇ Capacity Simulation: Full System Load Test[2m > [22m[2m≡ƒöÑ Viral Post Burst[2m > [22m[2m1000 comments on a Free user ΓåÆ 200 sent + 800 queued
[22m[39mΓä╣∩╕Å [INFO] Rate limit hit, queuing DM | {"userId":"viral_free","planType":"free","remaining":{"hourly":0,"monthly":800}}

[90mstdout[2m | tests/lib/capacity-simulation.test.ts[2m > [22m[2m≡ƒÜÇ Capacity Simulation: Full System Load Test[2m > [22m[2m≡ƒöÑ Viral Post Burst[2m > [22m[2m1000 comments on a Free user ΓåÆ 200 sent + 800 queued
[22m[39mΓä╣∩╕Å [INFO] Rate limit hit, queuing DM | {"userId":"viral_free","planType":"free","remaining":{"hourly":0,"monthly":800}}

[90mstdout[2m | tests/lib/capacity-simulation.test.ts[2m > [22m[2m≡ƒÜÇ Capacity Simulation: Full System Load Test[2m > [22m[2m≡ƒöÑ Viral Post Burst[2m > [22m[2m1000 comments on a Free user ΓåÆ 200 sent + 800 queued
[22m[39mΓä╣∩╕Å [INFO] Rate limit hit, queuing DM | {"userId":"viral_free","planType":"free","remaining":{"hourly":0,"monthly":800}}

[90mstdout[2m | tests/lib/capacity-simulation.test.ts[2m > [22m[2m≡ƒÜÇ Capacity Simulation: Full System Load Test[2m > [22m[2m≡ƒöÑ Viral Post Burst[2m > [22m[2m1000 comments on a Free user ΓåÆ 200 sent + 800 queued
[22m[39mΓä╣∩╕Å [INFO] Rate limit hit, queuing DM | {"userId":"viral_free","planType":"free","remaining":{"hourly":0,"monthly":800}}

[90mstdout[2m | tests/lib/capacity-simulation.test.ts[2m > [22m[2m≡ƒÜÇ Capacity Simulation: Full System Load Test[2m > [22m[2m≡ƒöÑ Viral Post Burst[2m > [22m[2m1000 comments on a Free user ΓåÆ 200 sent + 800 queued
[22m[39mΓä╣∩╕Å [INFO] Rate limit hit, queuing DM | {"userId":"viral_free","planType":"free","remaining":{"hourly":0,"monthly":800}}

[90mstdout[2m | tests/lib/capacity-simulation.test.ts[2m > [22m[2m≡ƒÜÇ Capacity Simulation: Full System Load Test[2m > [22m[2m≡ƒöÑ Viral Post Burst[2m > [22m[2m1000 comments on a Free user ΓåÆ 200 sent + 800 queued
[22m[39mΓä╣∩╕Å [INFO] Rate limit hit, queuing DM | {"userId":"viral_free","planType":"free","remaining":{"hourly":0,"monthly":800}}

[90mstdout[2m | tests/lib/capacity-simulation.test.ts[2m > [22m[2m≡ƒÜÇ Capacity Simulation: Full System Load Test[2m > [22m[2m≡ƒöÑ Viral Post Burst[2m > [22m[2m1000 comments on a Free user ΓåÆ 200 sent + 800 queued
[22m[39mΓä╣∩╕Å [INFO] Rate limit hit, queuing DM | {"userId":"viral_free","planType":"free","remaining":{"hourly":0,"monthly":800}}

[90mstdout[2m | tests/lib/capacity-simulation.test.ts[2m > [22m[2m≡ƒÜÇ Capacity Simulation: Full System Load Test[2m > [22m[2m≡ƒöÑ Viral Post Burst[2m > [22m[2m1000 comments on a Free user ΓåÆ 200 sent + 800 queued
[22m[39mΓä╣∩╕Å [INFO] Rate limit hit, queuing DM | {"userId":"viral_free","planType":"free","remaining":{"hourly":0,"monthly":800}}

[90mstdout[2m | tests/lib/capacity-simulation.test.ts[2m > [22m[2m≡ƒÜÇ Capacity Simulation: Full System Load Test[2m > [22m[2m≡ƒöÑ Viral Post Burst[2m > [22m[2m1000 comments on a Free user ΓåÆ 200 sent + 800 queued
[22m[39mΓä╣∩╕Å [INFO] Rate limit hit, queuing DM | {"userId":"viral_free","planType":"free","remaining":{"hourly":0,"monthly":800}}

[90mstdout[2m | tests/lib/capacity-simulation.test.ts[2m > [22m[2m≡ƒÜÇ Capacity Simulation: Full System Load Test[2m > [22m[2m≡ƒöÑ Viral Post Burst[2m > [22m[2m1000 comments on a Free user ΓåÆ 200 sent + 800 queued
[22m[39mΓä╣∩╕Å [INFO] Rate limit hit, queuing DM | {"userId":"viral_free","planType":"free","remaining":{"hourly":0,"monthly":800}}

[90mstdout[2m | tests/lib/capacity-simulation.test.ts[2m > [22m[2m≡ƒÜÇ Capacity Simulation: Full System Load Test[2m > [22m[2m≡ƒöÑ Viral Post Burst[2m > [22m[2m1000 comments on a Free user ΓåÆ 200 sent + 800 queued
[22m[39mΓä╣∩╕Å [INFO] Rate limit hit, queuing DM | {"userId":"viral_free","planType":"free","remaining":{"hourly":0,"monthly":800}}

[90mstdout[2m | tests/lib/capacity-simulation.test.ts[2m > [22m[2m≡ƒÜÇ Capacity Simulation: Full System Load Test[2m > [22m[2m≡ƒöÑ Viral Post Burst[2m > [22m[2m1000 comments on a Free user ΓåÆ 200 sent + 800 queued
[22m[39mΓä╣∩╕Å [INFO] Rate limit hit, queuing DM | {"userId":"viral_free","planType":"free","remaining":{"hourly":0,"monthly":800}}

[90mstdout[2m | tests/lib/capacity-simulation.test.ts[2m > [22m[2m≡ƒÜÇ Capacity Simulation: Full System Load Test[2m > [22m[2m≡ƒöÑ Viral Post Burst[2m > [22m[2m1000 comments on a Free user ΓåÆ 200 sent + 800 queued
[22m[39mΓä╣∩╕Å [INFO] Rate limit hit, queuing DM | {"userId":"viral_free","planType":"free","remaining":{"hourly":0,"monthly":800}}

[90mstdout[2m | tests/lib/capacity-simulation.test.ts[2m > [22m[2m≡ƒÜÇ Capacity Simulation: Full System Load Test[2m > [22m[2m≡ƒöÑ Viral Post Burst[2m > [22m[2m1000 comments on a Free user ΓåÆ 200 sent + 800 queued
[22m[39mΓä╣∩╕Å [INFO] Rate limit hit, queuing DM | {"userId":"viral_free","planType":"free","remaining":{"hourly":0,"monthly":800}}

[90mstdout[2m | tests/lib/capacity-simulation.test.ts[2m > [22m[2m≡ƒÜÇ Capacity Simulation: Full System Load Test[2m > [22m[2m≡ƒöÑ Viral Post Burst[2m > [22m[2m1000 comments on a Free user ΓåÆ 200 sent + 800 queued
[22m[39mΓä╣∩╕Å [INFO] Rate limit hit, queuing DM | {"userId":"viral_free","planType":"free","remaining":{"hourly":0,"monthly":800}}

[90mstdout[2m | tests/lib/capacity-simulation.test.ts[2m > [22m[2m≡ƒÜÇ Capacity Simulation: Full System Load Test[2m > [22m[2m≡ƒöÑ Viral Post Burst[2m > [22m[2m1000 comments on a Free user ΓåÆ 200 sent + 800 queued
[22m[39mΓä╣∩╕Å [INFO] Rate limit hit, queuing DM | {"userId":"viral_free","planType":"free","remaining":{"hourly":0,"monthly":800}}

[90mstdout[2m | tests/lib/capacity-simulation.test.ts[2m > [22m[2m≡ƒÜÇ Capacity Simulation: Full System Load Test[2m > [22m[2m≡ƒöÑ Viral Post Burst[2m > [22m[2m1000 comments on a Free user ΓåÆ 200 sent + 800 queued
[22m[39mΓä╣∩╕Å [INFO] Rate limit hit, queuing DM | {"userId":"viral_free","planType":"free","remaining":{"hourly":0,"monthly":800}}

[90mstdout[2m | tests/lib/capacity-simulation.test.ts[2m > [22m[2m≡ƒÜÇ Capacity Simulation: Full System Load Test[2m > [22m[2m≡ƒöÑ Viral Post Burst[2m > [22m[2m1000 comments on a Free user ΓåÆ 200 sent + 800 queued
[22m[39mΓä╣∩╕Å [INFO] Rate limit hit, queuing DM | {"userId":"viral_free","planType":"free","remaining":{"hourly":0,"monthly":800}}

[90mstdout[2m | tests/lib/capacity-simulation.test.ts[2m > [22m[2m≡ƒÜÇ Capacity Simulation: Full System Load Test[2m > [22m[2m≡ƒöÑ Viral Post Burst[2m > [22m[2m1000 comments on a Free user ΓåÆ 200 sent + 800 queued
[22m[39mΓä╣∩╕Å [INFO] Rate limit hit, queuing DM | {"userId":"viral_free","planType":"free","remaining":{"hourly":0,"monthly":800}}

[90mstdout[2m | tests/lib/capacity-simulation.test.ts[2m > [22m[2m≡ƒÜÇ Capacity Simulation: Full System Load Test[2m > [22m[2m≡ƒöÑ Viral Post Burst[2m > [22m[2m1000 comments on a Free user ΓåÆ 200 sent + 800 queued
[22m[39mΓä╣∩╕Å [INFO] Rate limit hit, queuing DM | {"userId":"viral_free","planType":"free","remaining":{"hourly":0,"monthly":800}}

[90mstdout[2m | tests/lib/capacity-simulation.test.ts[2m > [22m[2m≡ƒÜÇ Capacity Simulation: Full System Load Test[2m > [22m[2m≡ƒöÑ Viral Post Burst[2m > [22m[2m1000 comments on a Free user ΓåÆ 200 sent + 800 queued
[22m[39mΓä╣∩╕Å [INFO] Rate limit hit, queuing DM | {"userId":"viral_free","planType":"free","remaining":{"hourly":0,"monthly":800}}

[90mstdout[2m | tests/lib/capacity-simulation.test.ts[2m > [22m[2m≡ƒÜÇ Capacity Simulation: Full System Load Test[2m > [22m[2m≡ƒöÑ Viral Post Burst[2m > [22m[2m1000 comments on a Free user ΓåÆ 200 sent + 800 queued
[22m[39mΓä╣∩╕Å [INFO] Rate limit hit, queuing DM | {"userId":"viral_free","planType":"free","remaining":{"hourly":0,"monthly":800}}

[90mstdout[2m | tests/lib/capacity-simulation.test.ts[2m > [22m[2m≡ƒÜÇ Capacity Simulation: Full System Load Test[2m > [22m[2m≡ƒöÑ Viral Post Burst[2m > [22m[2m1000 comments on a Free user ΓåÆ 200 sent + 800 queued
[22m[39mΓä╣∩╕Å [INFO] Rate limit hit, queuing DM | {"userId":"viral_free","planType":"free","remaining":{"hourly":0,"monthly":800}}

[90mstdout[2m | tests/lib/capacity-simulation.test.ts[2m > [22m[2m≡ƒÜÇ Capacity Simulation: Full System Load Test[2m > [22m[2m≡ƒöÑ Viral Post Burst[2m > [22m[2m1000 comments on a Free user ΓåÆ 200 sent + 800 queued
[22m[39mΓä╣∩╕Å [INFO] Rate limit hit, queuing DM | {"userId":"viral_free","planType":"free","remaining":{"hourly":0,"monthly":800}}

[90mstdout[2m | tests/lib/capacity-simulation.test.ts[2m > [22m[2m≡ƒÜÇ Capacity Simulation: Full System Load Test[2m > [22m[2m≡ƒöÑ Viral Post Burst[2m > [22m[2m1000 comments on a Free user ΓåÆ 200 sent + 800 queued
[22m[39mΓä╣∩╕Å [INFO] Rate limit hit, queuing DM | {"userId":"viral_free","planType":"free","remaining":{"hourly":0,"monthly":800}}

[90mstdout[2m | tests/lib/capacity-simulation.test.ts[2m > [22m[2m≡ƒÜÇ Capacity Simulation: Full System Load Test[2m > [22m[2m≡ƒöÑ Viral Post Burst[2m > [22m[2m1000 comments on a Free user ΓåÆ 200 sent + 800 queued
[22m[39mΓä╣∩╕Å [INFO] Rate limit hit, queuing DM | {"userId":"viral_free","planType":"free","remaining":{"hourly":0,"monthly":800}}

[90mstdout[2m | tests/lib/capacity-simulation.test.ts[2m > [22m[2m≡ƒÜÇ Capacity Simulation: Full System Load Test[2m > [22m[2m≡ƒöÑ Viral Post Burst[2m > [22m[2m1000 comments on a Free user ΓåÆ 200 sent + 800 queued
[22m[39mΓä╣∩╕Å [INFO] Rate limit hit, queuing DM | {"userId":"viral_free","planType":"free","remaining":{"hourly":0,"monthly":800}}

[90mstdout[2m | tests/lib/capacity-simulation.test.ts[2m > [22m[2m≡ƒÜÇ Capacity Simulation: Full System Load Test[2m > [22m[2m≡ƒöÑ Viral Post Burst[2m > [22m[2m1000 comments on a Free user ΓåÆ 200 sent + 800 queued
[22m[39mΓä╣∩╕Å [INFO] Rate limit hit, queuing DM | {"userId":"viral_free","planType":"free","remaining":{"hourly":0,"monthly":800}}

[90mstdout[2m | tests/lib/capacity-simulation.test.ts[2m > [22m[2m≡ƒÜÇ Capacity Simulation: Full System Load Test[2m > [22m[2m≡ƒöÑ Viral Post Burst[2m > [22m[2m1000 comments on a Free user ΓåÆ 200 sent + 800 queued
[22m[39mΓä╣∩╕Å [INFO] Rate limit hit, queuing DM | {"userId":"viral_free","planType":"free","remaining":{"hourly":0,"monthly":800}}

[90mstdout[2m | tests/lib/capacity-simulation.test.ts[2m > [22m[2m≡ƒÜÇ Capacity Simulation: Full System Load Test[2m > [22m[2m≡ƒöÑ Viral Post Burst[2m > [22m[2m1000 comments on a Free user ΓåÆ 200 sent + 800 queued
[22m[39mΓä╣∩╕Å [INFO] Rate limit hit, queuing DM | {"userId":"viral_free","planType":"free","remaining":{"hourly":0,"monthly":800}}

[90mstdout[2m | tests/lib/capacity-simulation.test.ts[2m > [22m[2m≡ƒÜÇ Capacity Simulation: Full System Load Test[2m > [22m[2m≡ƒöÑ Viral Post Burst[2m > [22m[2m1000 comments on a Free user ΓåÆ 200 sent + 800 queued
[22m[39mΓä╣∩╕Å [INFO] Rate limit hit, queuing DM | {"userId":"viral_free","planType":"free","remaining":{"hourly":0,"monthly":800}}

[90mstdout[2m | tests/lib/capacity-simulation.test.ts[2m > [22m[2m≡ƒÜÇ Capacity Simulation: Full System Load Test[2m > [22m[2m≡ƒöÑ Viral Post Burst[2m > [22m[2m1000 comments on a Free user ΓåÆ 200 sent + 800 queued
[22m[39mΓä╣∩╕Å [INFO] Rate limit hit, queuing DM | {"userId":"viral_free","planType":"free","remaining":{"hourly":0,"monthly":800}}

[90mstdout[2m | tests/lib/capacity-simulation.test.ts[2m > [22m[2m≡ƒÜÇ Capacity Simulation: Full System Load Test[2m > [22m[2m≡ƒöÑ Viral Post Burst[2m > [22m[2m1000 comments on a Free user ΓåÆ 200 sent + 800 queued
[22m[39mΓä╣∩╕Å [INFO] Rate limit hit, queuing DM | {"userId":"viral_free","planType":"free","remaining":{"hourly":0,"monthly":800}}

[90mstdout[2m | tests/lib/capacity-simulation.test.ts[2m > [22m[2m≡ƒÜÇ Capacity Simulation: Full System Load Test[2m > [22m[2m≡ƒöÑ Viral Post Burst[2m > [22m[2m1000 comments on a Free user ΓåÆ 200 sent + 800 queued
[22m[39mΓä╣∩╕Å [INFO] Rate limit hit, queuing DM | {"userId":"viral_free","planType":"free","remaining":{"hourly":0,"monthly":800}}

[90mstdout[2m | tests/lib/capacity-simulation.test.ts[2m > [22m[2m≡ƒÜÇ Capacity Simulation: Full System Load Test[2m > [22m[2m≡ƒöÑ Viral Post Burst[2m > [22m[2m1000 comments on a Free user ΓåÆ 200 sent + 800 queued
[22m[39mΓä╣∩╕Å [INFO] Rate limit hit, queuing DM | {"userId":"viral_free","planType":"free","remaining":{"hourly":0,"monthly":800}}

[90mstdout[2m | tests/lib/capacity-simulation.test.ts[2m > [22m[2m≡ƒÜÇ Capacity Simulation: Full System Load Test[2m > [22m[2m≡ƒöÑ Viral Post Burst[2m > [22m[2m1000 comments on a Free user ΓåÆ 200 sent + 800 queued
[22m[39mΓä╣∩╕Å [INFO] Rate limit hit, queuing DM | {"userId":"viral_free","planType":"free","remaining":{"hourly":0,"monthly":800}}

[90mstdout[2m | tests/lib/capacity-simulation.test.ts[2m > [22m[2m≡ƒÜÇ Capacity Simulation: Full System Load Test[2m > [22m[2m≡ƒöÑ Viral Post Burst[2m > [22m[2m1000 comments on a Free user ΓåÆ 200 sent + 800 queued
[22m[39mΓä╣∩╕Å [INFO] Rate limit hit, queuing DM | {"userId":"viral_free","planType":"free","remaining":{"hourly":0,"monthly":800}}

[90mstdout[2m | tests/lib/capacity-simulation.test.ts[2m > [22m[2m≡ƒÜÇ Capacity Simulation: Full System Load Test[2m > [22m[2m≡ƒöÑ Viral Post Burst[2m > [22m[2m1000 comments on a Free user ΓåÆ 200 sent + 800 queued
[22m[39mΓä╣∩╕Å [INFO] Rate limit hit, queuing DM | {"userId":"viral_free","planType":"free","remaining":{"hourly":0,"monthly":800}}

[90mstdout[2m | tests/lib/capacity-simulation.test.ts[2m > [22m[2m≡ƒÜÇ Capacity Simulation: Full System Load Test[2m > [22m[2m≡ƒöÑ Viral Post Burst[2m > [22m[2m1000 comments on a Free user ΓåÆ 200 sent + 800 queued
[22m[39mΓä╣∩╕Å [INFO] Rate limit hit, queuing DM | {"userId":"viral_free","planType":"free","remaining":{"hourly":0,"monthly":800}}

[90mstdout[2m | tests/lib/capacity-simulation.test.ts[2m > [22m[2m≡ƒÜÇ Capacity Simulation: Full System Load Test[2m > [22m[2m≡ƒöÑ Viral Post Burst[2m > [22m[2m1000 comments on a Free user ΓåÆ 200 sent + 800 queued
[22m[39mΓä╣∩╕Å [INFO] Rate limit hit, queuing DM | {"userId":"viral_free","planType":"free","remaining":{"hourly":0,"monthly":800}}

[90mstdout[2m | tests/lib/capacity-simulation.test.ts[2m > [22m[2m≡ƒÜÇ Capacity Simulation: Full System Load Test[2m > [22m[2m≡ƒöÑ Viral Post Burst[2m > [22m[2m1000 comments on a Free user ΓåÆ 200 sent + 800 queued
[22m[39mΓä╣∩╕Å [INFO] Rate limit hit, queuing DM | {"userId":"viral_free","planType":"free","remaining":{"hourly":0,"monthly":800}}

[90mstdout[2m | tests/lib/capacity-simulation.test.ts[2m > [22m[2m≡ƒÜÇ Capacity Simulation: Full System Load Test[2m > [22m[2m≡ƒöÑ Viral Post Burst[2m > [22m[2m1000 comments on a Free user ΓåÆ 200 sent + 800 queued
[22m[39mΓä╣∩╕Å [INFO] Rate limit hit, queuing DM | {"userId":"viral_free","planType":"free","remaining":{"hourly":0,"monthly":800}}

[90mstdout[2m | tests/lib/capacity-simulation.test.ts[2m > [22m[2m≡ƒÜÇ Capacity Simulation: Full System Load Test[2m > [22m[2m≡ƒöÑ Viral Post Burst[2m > [22m[2m1000 comments on a Free user ΓåÆ 200 sent + 800 queued
[22m[39mΓä╣∩╕Å [INFO] Rate limit hit, queuing DM | {"userId":"viral_free","planType":"free","remaining":{"hourly":0,"monthly":800}}

[90mstdout[2m | tests/lib/capacity-simulation.test.ts[2m > [22m[2m≡ƒÜÇ Capacity Simulation: Full System Load Test[2m > [22m[2m≡ƒöÑ Viral Post Burst[2m > [22m[2m1000 comments on a Free user ΓåÆ 200 sent + 800 queued
[22m[39mΓä╣∩╕Å [INFO] Rate limit hit, queuing DM | {"userId":"viral_free","planType":"free","remaining":{"hourly":0,"monthly":800}}

[90mstdout[2m | tests/lib/capacity-simulation.test.ts[2m > [22m[2m≡ƒÜÇ Capacity Simulation: Full System Load Test[2m > [22m[2m≡ƒöÑ Viral Post Burst[2m > [22m[2m1000 comments on a Free user ΓåÆ 200 sent + 800 queued
[22m[39mΓä╣∩╕Å [INFO] Rate limit hit, queuing DM | {"userId":"viral_free","planType":"free","remaining":{"hourly":0,"monthly":800}}

[90mstdout[2m | tests/lib/capacity-simulation.test.ts[2m > [22m[2m≡ƒÜÇ Capacity Simulation: Full System Load Test[2m > [22m[2m≡ƒöÑ Viral Post Burst[2m > [22m[2m1000 comments on a Free user ΓåÆ 200 sent + 800 queued
[22m[39mΓä╣∩╕Å [INFO] Rate limit hit, queuing DM | {"userId":"viral_free","planType":"free","remaining":{"hourly":0,"monthly":800}}

[90mstdout[2m | tests/lib/capacity-simulation.test.ts[2m > [22m[2m≡ƒÜÇ Capacity Simulation: Full System Load Test[2m > [22m[2m≡ƒöÑ Viral Post Burst[2m > [22m[2m1000 comments on a Free user ΓåÆ 200 sent + 800 queued
[22m[39mΓä╣∩╕Å [INFO] Rate limit hit, queuing DM | {"userId":"viral_free","planType":"free","remaining":{"hourly":0,"monthly":800}}

[90mstdout[2m | tests/lib/capacity-simulation.test.ts[2m > [22m[2m≡ƒÜÇ Capacity Simulation: Full System Load Test[2m > [22m[2m≡ƒöÑ Viral Post Burst[2m > [22m[2m1000 comments on a Free user ΓåÆ 200 sent + 800 queued
[22m[39mΓä╣∩╕Å [INFO] Rate limit hit, queuing DM | {"userId":"viral_free","planType":"free","remaining":{"hourly":0,"monthly":800}}

[90mstdout[2m | tests/lib/capacity-simulation.test.ts[2m > [22m[2m≡ƒÜÇ Capacity Simulation: Full System Load Test[2m > [22m[2m≡ƒöÑ Viral Post Burst[2m > [22m[2m1000 comments on a Free user ΓåÆ 200 sent + 800 queued
[22m[39mΓä╣∩╕Å [INFO] Rate limit hit, queuing DM | {"userId":"viral_free","planType":"free","remaining":{"hourly":0,"monthly":800}}

[90mstdout[2m | tests/lib/capacity-simulation.test.ts[2m > [22m[2m≡ƒÜÇ Capacity Simulation: Full System Load Test[2m > [22m[2m≡ƒöÑ Viral Post Burst[2m > [22m[2m1000 comments on a Free user ΓåÆ 200 sent + 800 queued
[22m[39mΓä╣∩╕Å [INFO] Rate limit hit, queuing DM | {"userId":"viral_free","planType":"free","remaining":{"hourly":0,"monthly":800}}

[90mstdout[2m | tests/lib/capacity-simulation.test.ts[2m > [22m[2m≡ƒÜÇ Capacity Simulation: Full System Load Test[2m > [22m[2m≡ƒöÑ Viral Post Burst[2m > [22m[2m1000 comments on a Free user ΓåÆ 200 sent + 800 queued
[22m[39mΓä╣∩╕Å [INFO] Rate limit hit, queuing DM | {"userId":"viral_free","planType":"free","remaining":{"hourly":0,"monthly":800}}

[90mstdout[2m | tests/lib/capacity-simulation.test.ts[2m > [22m[2m≡ƒÜÇ Capacity Simulation: Full System Load Test[2m > [22m[2m≡ƒöÑ Viral Post Burst[2m > [22m[2m1000 comments on a Free user ΓåÆ 200 sent + 800 queued
[22m[39mΓä╣∩╕Å [INFO] Rate limit hit, queuing DM | {"userId":"viral_free","planType":"free","remaining":{"hourly":0,"monthly":800}}

[90mstdout[2m | tests/lib/capacity-simulation.test.ts[2m > [22m[2m≡ƒÜÇ Capacity Simulation: Full System Load Test[2m > [22m[2m≡ƒöÑ Viral Post Burst[2m > [22m[2m1000 comments on a Free user ΓåÆ 200 sent + 800 queued
[22m[39mΓä╣∩╕Å [INFO] Rate limit hit, queuing DM | {"userId":"viral_free","planType":"free","remaining":{"hourly":0,"monthly":800}}

[90mstdout[2m | tests/lib/capacity-simulation.test.ts[2m > [22m[2m≡ƒÜÇ Capacity Simulation: Full System Load Test[2m > [22m[2m≡ƒöÑ Viral Post Burst[2m > [22m[2m1000 comments on a Free user ΓåÆ 200 sent + 800 queued
[22m[39mΓä╣∩╕Å [INFO] Rate limit hit, queuing DM | {"userId":"viral_free","planType":"free","remaining":{"hourly":0,"monthly":800}}

[90mstdout[2m | tests/lib/capacity-simulation.test.ts[2m > [22m[2m≡ƒÜÇ Capacity Simulation: Full System Load Test[2m > [22m[2m≡ƒöÑ Viral Post Burst[2m > [22m[2m1000 comments on a Free user ΓåÆ 200 sent + 800 queued
[22m[39mΓä╣∩╕Å [INFO] Rate limit hit, queuing DM | {"userId":"viral_free","planType":"free","remaining":{"hourly":0,"monthly":800}}

[90mstdout[2m | tests/lib/capacity-simulation.test.ts[2m > [22m[2m≡ƒÜÇ Capacity Simulation: Full System Load Test[2m > [22m[2m≡ƒöÑ Viral Post Burst[2m > [22m[2m1000 comments on a Free user ΓåÆ 200 sent + 800 queued
[22m[39mΓä╣∩╕Å [INFO] Rate limit hit, queuing DM | {"userId":"viral_free","planType":"free","remaining":{"hourly":0,"monthly":800}}

[90mstdout[2m | tests/lib/capacity-simulation.test.ts[2m > [22m[2m≡ƒÜÇ Capacity Simulation: Full System Load Test[2m > [22m[2m≡ƒöÑ Viral Post Burst[2m > [22m[2m1000 comments on a Free user ΓåÆ 200 sent + 800 queued
[22m[39mΓä╣∩╕Å [INFO] Rate limit hit, queuing DM | {"userId":"viral_free","planType":"free","remaining":{"hourly":0,"monthly":800}}

[90mstdout[2m | tests/lib/capacity-simulation.test.ts[2m > [22m[2m≡ƒÜÇ Capacity Simulation: Full System Load Test[2m > [22m[2m≡ƒöÑ Viral Post Burst[2m > [22m[2m1000 comments on a Free user ΓåÆ 200 sent + 800 queued
[22m[39mΓä╣∩╕Å [INFO] Rate limit hit, queuing DM | {"userId":"viral_free","planType":"free","remaining":{"hourly":0,"monthly":800}}

[90mstdout[2m | tests/lib/capacity-simulation.test.ts[2m > [22m[2m≡ƒÜÇ Capacity Simulation: Full System Load Test[2m > [22m[2m≡ƒöÑ Viral Post Burst[2m > [22m[2m1000 comments on a Free user ΓåÆ 200 sent + 800 queued
[22m[39mΓä╣∩╕Å [INFO] Rate limit hit, queuing DM | {"userId":"viral_free","planType":"free","remaining":{"hourly":0,"monthly":800}}

[90mstdout[2m | tests/lib/capacity-simulation.test.ts[2m > [22m[2m≡ƒÜÇ Capacity Simulation: Full System Load Test[2m > [22m[2m≡ƒöÑ Viral Post Burst[2m > [22m[2m1000 comments on a Free user ΓåÆ 200 sent + 800 queued
[22m[39mΓä╣∩╕Å [INFO] Rate limit hit, queuing DM | {"userId":"viral_free","planType":"free","remaining":{"hourly":0,"monthly":800}}

[90mstdout[2m | tests/lib/capacity-simulation.test.ts[2m > [22m[2m≡ƒÜÇ Capacity Simulation: Full System Load Test[2m > [22m[2m≡ƒöÑ Viral Post Burst[2m > [22m[2m1000 comments on a Free user ΓåÆ 200 sent + 800 queued
[22m[39mΓä╣∩╕Å [INFO] Rate limit hit, queuing DM | {"userId":"viral_free","planType":"free","remaining":{"hourly":0,"monthly":800}}

[90mstdout[2m | tests/lib/capacity-simulation.test.ts[2m > [22m[2m≡ƒÜÇ Capacity Simulation: Full System Load Test[2m > [22m[2m≡ƒöÑ Viral Post Burst[2m > [22m[2m1000 comments on a Free user ΓåÆ 200 sent + 800 queued
[22m[39mΓä╣∩╕Å [INFO] Rate limit hit, queuing DM | {"userId":"viral_free","planType":"free","remaining":{"hourly":0,"monthly":800}}

[90mstdout[2m | tests/lib/capacity-simulation.test.ts[2m > [22m[2m≡ƒÜÇ Capacity Simulation: Full System Load Test[2m > [22m[2m≡ƒöÑ Viral Post Burst[2m > [22m[2m1000 comments on a Free user ΓåÆ 200 sent + 800 queued
[22m[39mΓä╣∩╕Å [INFO] Rate limit hit, queuing DM | {"userId":"viral_free","planType":"free","remaining":{"hourly":0,"monthly":800}}

[90mstdout[2m | tests/lib/capacity-simulation.test.ts[2m > [22m[2m≡ƒÜÇ Capacity Simulation: Full System Load Test[2m > [22m[2m≡ƒöÑ Viral Post Burst[2m > [22m[2m1000 comments on a Free user ΓåÆ 200 sent + 800 queued
[22m[39mΓä╣∩╕Å [INFO] Rate limit hit, queuing DM | {"userId":"viral_free","planType":"free","remaining":{"hourly":0,"monthly":800}}

[90mstdout[2m | tests/lib/capacity-simulation.test.ts[2m > [22m[2m≡ƒÜÇ Capacity Simulation: Full System Load Test[2m > [22m[2m≡ƒöÑ Viral Post Burst[2m > [22m[2m1000 comments on a Free user ΓåÆ 200 sent + 800 queued
[22m[39mΓä╣∩╕Å [INFO] Rate limit hit, queuing DM | {"userId":"viral_free","planType":"free","remaining":{"hourly":0,"monthly":800}}

[90mstdout[2m | tests/lib/capacity-simulation.test.ts[2m > [22m[2m≡ƒÜÇ Capacity Simulation: Full System Load Test[2m > [22m[2m≡ƒöÑ Viral Post Burst[2m > [22m[2m1000 comments on a Free user ΓåÆ 200 sent + 800 queued
[22m[39mΓä╣∩╕Å [INFO] Rate limit hit, queuing DM | {"userId":"viral_free","planType":"free","remaining":{"hourly":0,"monthly":800}}

[90mstdout[2m | tests/lib/capacity-simulation.test.ts[2m > [22m[2m≡ƒÜÇ Capacity Simulation: Full System Load Test[2m > [22m[2m≡ƒöÑ Viral Post Burst[2m > [22m[2m1000 comments on a Free user ΓåÆ 200 sent + 800 queued
[22m[39mΓä╣∩╕Å [INFO] Rate limit hit, queuing DM | {"userId":"viral_free","planType":"free","remaining":{"hourly":0,"monthly":800}}

[90mstdout[2m | tests/lib/capacity-simulation.test.ts[2m > [22m[2m≡ƒÜÇ Capacity Simulation: Full System Load Test[2m > [22m[2m≡ƒöÑ Viral Post Burst[2m > [22m[2m1000 comments on a Free user ΓåÆ 200 sent + 800 queued
[22m[39mΓä╣∩╕Å [INFO] Rate limit hit, queuing DM | {"userId":"viral_free","planType":"free","remaining":{"hourly":0,"monthly":800}}

[90mstdout[2m | tests/lib/capacity-simulation.test.ts[2m > [22m[2m≡ƒÜÇ Capacity Simulation: Full System Load Test[2m > [22m[2m≡ƒöÑ Viral Post Burst[2m > [22m[2m1000 comments on a Free user ΓåÆ 200 sent + 800 queued
[22m[39mΓä╣∩╕Å [INFO] Rate limit hit, queuing DM | {"userId":"viral_free","planType":"free","remaining":{"hourly":0,"monthly":800}}

[90mstdout[2m | tests/lib/capacity-simulation.test.ts[2m > [22m[2m≡ƒÜÇ Capacity Simulation: Full System Load Test[2m > [22m[2m≡ƒöÑ Viral Post Burst[2m > [22m[2m1000 comments on a Free user ΓåÆ 200 sent + 800 queued
[22m[39mΓä╣∩╕Å [INFO] Rate limit hit, queuing DM | {"userId":"viral_free","planType":"free","remaining":{"hourly":0,"monthly":800}}

[90mstdout[2m | tests/lib/capacity-simulation.test.ts[2m > [22m[2m≡ƒÜÇ Capacity Simulation: Full System Load Test[2m > [22m[2m≡ƒöÑ Viral Post Burst[2m > [22m[2m1000 comments on a Free user ΓåÆ 200 sent + 800 queued
[22m[39mΓä╣∩╕Å [INFO] Rate limit hit, queuing DM | {"userId":"viral_free","planType":"free","remaining":{"hourly":0,"monthly":800}}

[90mstdout[2m | tests/lib/capacity-simulation.test.ts[2m > [22m[2m≡ƒÜÇ Capacity Simulation: Full System Load Test[2m > [22m[2m≡ƒöÑ Viral Post Burst[2m > [22m[2m1000 comments on a Free user ΓåÆ 200 sent + 800 queued
[22m[39mΓä╣∩╕Å [INFO] Rate limit hit, queuing DM | {"userId":"viral_free","planType":"free","remaining":{"hourly":0,"monthly":800}}

[90mstdout[2m | tests/lib/capacity-simulation.test.ts[2m > [22m[2m≡ƒÜÇ Capacity Simulation: Full System Load Test[2m > [22m[2m≡ƒöÑ Viral Post Burst[2m > [22m[2m1000 comments on a Free user ΓåÆ 200 sent + 800 queued
[22m[39mΓä╣∩╕Å [INFO] Rate limit hit, queuing DM | {"userId":"viral_free","planType":"free","remaining":{"hourly":0,"monthly":800}}

[90mstdout[2m | tests/lib/capacity-simulation.test.ts[2m > [22m[2m≡ƒÜÇ Capacity Simulation: Full System Load Test[2m > [22m[2m≡ƒöÑ Viral Post Burst[2m > [22m[2m1000 comments on a Free user ΓåÆ 200 sent + 800 queued
[22m[39mΓä╣∩╕Å [INFO] Rate limit hit, queuing DM | {"userId":"viral_free","planType":"free","remaining":{"hourly":0,"monthly":800}}

[90mstdout[2m | tests/lib/capacity-simulation.test.ts[2m > [22m[2m≡ƒÜÇ Capacity Simulation: Full System Load Test[2m > [22m[2m≡ƒöÑ Viral Post Burst[2m > [22m[2m1000 comments on a Free user ΓåÆ 200 sent + 800 queued
[22m[39mΓä╣∩╕Å [INFO] Rate limit hit, queuing DM | {"userId":"viral_free","planType":"free","remaining":{"hourly":0,"monthly":800}}

[90mstdout[2m | tests/lib/capacity-simulation.test.ts[2m > [22m[2m≡ƒÜÇ Capacity Simulation: Full System Load Test[2m > [22m[2m≡ƒöÑ Viral Post Burst[2m > [22m[2m1000 comments on a Free user ΓåÆ 200 sent + 800 queued
[22m[39mΓä╣∩╕Å [INFO] Rate limit hit, queuing DM | {"userId":"viral_free","planType":"free","remaining":{"hourly":0,"monthly":800}}

[90mstdout[2m | tests/lib/capacity-simulation.test.ts[2m > [22m[2m≡ƒÜÇ Capacity Simulation: Full System Load Test[2m > [22m[2m≡ƒöÑ Viral Post Burst[2m > [22m[2m1000 comments on a Free user ΓåÆ 200 sent + 800 queued
[22m[39mΓä╣∩╕Å [INFO] Rate limit hit, queuing DM | {"userId":"viral_free","planType":"free","remaining":{"hourly":0,"monthly":800}}

[90mstdout[2m | tests/lib/capacity-simulation.test.ts[2m > [22m[2m≡ƒÜÇ Capacity Simulation: Full System Load Test[2m > [22m[2m≡ƒöÑ Viral Post Burst[2m > [22m[2m1000 comments on a Free user ΓåÆ 200 sent + 800 queued
[22m[39mΓä╣∩╕Å [INFO] Rate limit hit, queuing DM | {"userId":"viral_free","planType":"free","remaining":{"hourly":0,"monthly":800}}

[90mstdout[2m | tests/lib/capacity-simulation.test.ts[2m > [22m[2m≡ƒÜÇ Capacity Simulation: Full System Load Test[2m > [22m[2m≡ƒöÑ Viral Post Burst[2m > [22m[2m1000 comments on a Free user ΓåÆ 200 sent + 800 queued
[22m[39mΓä╣∩╕Å [INFO] Rate limit hit, queuing DM | {"userId":"viral_free","planType":"free","remaining":{"hourly":0,"monthly":800}}

[90mstdout[2m | tests/lib/capacity-simulation.test.ts[2m > [22m[2m≡ƒÜÇ Capacity Simulation: Full System Load Test[2m > [22m[2m≡ƒöÑ Viral Post Burst[2m > [22m[2m1000 comments on a Free user ΓåÆ 200 sent + 800 queued
[22m[39mΓä╣∩╕Å [INFO] Rate limit hit, queuing DM | {"userId":"viral_free","planType":"free","remaining":{"hourly":0,"monthly":800}}

[90mstdout[2m | tests/lib/capacity-simulation.test.ts[2m > [22m[2m≡ƒÜÇ Capacity Simulation: Full System Load Test[2m > [22m[2m≡ƒöÑ Viral Post Burst[2m > [22m[2m1000 comments on a Free user ΓåÆ 200 sent + 800 queued
[22m[39mΓä╣∩╕Å [INFO] Rate limit hit, queuing DM | {"userId":"viral_free","planType":"free","remaining":{"hourly":0,"monthly":800}}

[90mstdout[2m | tests/lib/capacity-simulation.test.ts[2m > [22m[2m≡ƒÜÇ Capacity Simulation: Full System Load Test[2m > [22m[2m≡ƒöÑ Viral Post Burst[2m > [22m[2m1000 comments on a Free user ΓåÆ 200 sent + 800 queued
[22m[39mΓä╣∩╕Å [INFO] Rate limit hit, queuing DM | {"userId":"viral_free","planType":"free","remaining":{"hourly":0,"monthly":800}}

[90mstdout[2m | tests/lib/capacity-simulation.test.ts[2m > [22m[2m≡ƒÜÇ Capacity Simulation: Full System Load Test[2m > [22m[2m≡ƒöÑ Viral Post Burst[2m > [22m[2m1000 comments on a Free user ΓåÆ 200 sent + 800 queued
[22m[39mΓä╣∩╕Å [INFO] Rate limit hit, queuing DM | {"userId":"viral_free","planType":"free","remaining":{"hourly":0,"monthly":800}}

[90mstdout[2m | tests/lib/capacity-simulation.test.ts[2m > [22m[2m≡ƒÜÇ Capacity Simulation: Full System Load Test[2m > [22m[2m≡ƒöÑ Viral Post Burst[2m > [22m[2m1000 comments on a Free user ΓåÆ 200 sent + 800 queued
[22m[39mΓä╣∩╕Å [INFO] Rate limit hit, queuing DM | {"userId":"viral_free","planType":"free","remaining":{"hourly":0,"monthly":800}}

[90mstdout[2m | tests/lib/capacity-simulation.test.ts[2m > [22m[2m≡ƒÜÇ Capacity Simulation: Full System Load Test[2m > [22m[2m≡ƒöÑ Viral Post Burst[2m > [22m[2m1000 comments on a Free user ΓåÆ 200 sent + 800 queued
[22m[39mΓä╣∩╕Å [INFO] Rate limit hit, queuing DM | {"userId":"viral_free","planType":"free","remaining":{"hourly":0,"monthly":800}}

[90mstdout[2m | tests/lib/capacity-simulation.test.ts[2m > [22m[2m≡ƒÜÇ Capacity Simulation: Full System Load Test[2m > [22m[2m≡ƒöÑ Viral Post Burst[2m > [22m[2m1000 comments on a Free user ΓåÆ 200 sent + 800 queued
[22m[39mΓä╣∩╕Å [INFO] Rate limit hit, queuing DM | {"userId":"viral_free","planType":"free","remaining":{"hourly":0,"monthly":800}}

[90mstdout[2m | tests/lib/capacity-simulation.test.ts[2m > [22m[2m≡ƒÜÇ Capacity Simulation: Full System Load Test[2m > [22m[2m≡ƒöÑ Viral Post Burst[2m > [22m[2m1000 comments on a Free user ΓåÆ 200 sent + 800 queued
[22m[39mΓä╣∩╕Å [INFO] Rate limit hit, queuing DM | {"userId":"viral_free","planType":"free","remaining":{"hourly":0,"monthly":800}}

[90mstdout[2m | tests/lib/capacity-simulation.test.ts[2m > [22m[2m≡ƒÜÇ Capacity Simulation: Full System Load Test[2m > [22m[2m≡ƒöÑ Viral Post Burst[2m > [22m[2m1000 comments on a Free user ΓåÆ 200 sent + 800 queued
[22m[39mΓä╣∩╕Å [INFO] Rate limit hit, queuing DM | {"userId":"viral_free","planType":"free","remaining":{"hourly":0,"monthly":800}}

[90mstdout[2m | tests/lib/capacity-simulation.test.ts[2m > [22m[2m≡ƒÜÇ Capacity Simulation: Full System Load Test[2m > [22m[2m≡ƒöÑ Viral Post Burst[2m > [22m[2m1000 comments on a Free user ΓåÆ 200 sent + 800 queued
[22m[39mΓä╣∩╕Å [INFO] Rate limit hit, queuing DM | {"userId":"viral_free","planType":"free","remaining":{"hourly":0,"monthly":800}}

[90mstdout[2m | tests/lib/capacity-simulation.test.ts[2m > [22m[2m≡ƒÜÇ Capacity Simulation: Full System Load Test[2m > [22m[2m≡ƒöÑ Viral Post Burst[2m > [22m[2m1000 comments on a Free user ΓåÆ 200 sent + 800 queued
[22m[39mΓä╣∩╕Å [INFO] Rate limit hit, queuing DM | {"userId":"viral_free","planType":"free","remaining":{"hourly":0,"monthly":800}}

[90mstdout[2m | tests/lib/capacity-simulation.test.ts[2m > [22m[2m≡ƒÜÇ Capacity Simulation: Full System Load Test[2m > [22m[2m≡ƒöÑ Viral Post Burst[2m > [22m[2m1000 comments on a Free user ΓåÆ 200 sent + 800 queued
[22m[39mΓä╣∩╕Å [INFO] Rate limit hit, queuing DM | {"userId":"viral_free","planType":"free","remaining":{"hourly":0,"monthly":800}}

[90mstdout[2m | tests/lib/capacity-simulation.test.ts[2m > [22m[2m≡ƒÜÇ Capacity Simulation: Full System Load Test[2m > [22m[2m≡ƒöÑ Viral Post Burst[2m > [22m[2m1000 comments on a Free user ΓåÆ 200 sent + 800 queued
[22m[39mΓä╣∩╕Å [INFO] Rate limit hit, queuing DM | {"userId":"viral_free","planType":"free","remaining":{"hourly":0,"monthly":800}}

[90mstdout[2m | tests/lib/capacity-simulation.test.ts[2m > [22m[2m≡ƒÜÇ Capacity Simulation: Full System Load Test[2m > [22m[2m≡ƒöÑ Viral Post Burst[2m > [22m[2m1000 comments on a Free user ΓåÆ 200 sent + 800 queued
[22m[39mΓä╣∩╕Å [INFO] Rate limit hit, queuing DM | {"userId":"viral_free","planType":"free","remaining":{"hourly":0,"monthly":800}}

[90mstdout[2m | tests/lib/capacity-simulation.test.ts[2m > [22m[2m≡ƒÜÇ Capacity Simulation: Full System Load Test[2m > [22m[2m≡ƒöÑ Viral Post Burst[2m > [22m[2m1000 comments on a Free user ΓåÆ 200 sent + 800 queued
[22m[39mΓä╣∩╕Å [INFO] Rate limit hit, queuing DM | {"userId":"viral_free","planType":"free","remaining":{"hourly":0,"monthly":800}}

[90mstdout[2m | tests/lib/capacity-simulation.test.ts[2m > [22m[2m≡ƒÜÇ Capacity Simulation: Full System Load Test[2m > [22m[2m≡ƒöÑ Viral Post Burst[2m > [22m[2m1000 comments on a Free user ΓåÆ 200 sent + 800 queued
[22m[39mΓä╣∩╕Å [INFO] Rate limit hit, queuing DM | {"userId":"viral_free","planType":"free","remaining":{"hourly":0,"monthly":800}}

[90mstdout[2m | tests/lib/capacity-simulation.test.ts[2m > [22m[2m≡ƒÜÇ Capacity Simulation: Full System Load Test[2m > [22m[2m≡ƒöÑ Viral Post Burst[2m > [22m[2m1000 comments on a Free user ΓåÆ 200 sent + 800 queued
[22m[39mΓä╣∩╕Å [INFO] Rate limit hit, queuing DM | {"userId":"viral_free","planType":"free","remaining":{"hourly":0,"monthly":800}}

[90mstdout[2m | tests/lib/capacity-simulation.test.ts[2m > [22m[2m≡ƒÜÇ Capacity Simulation: Full System Load Test[2m > [22m[2m≡ƒöÑ Viral Post Burst[2m > [22m[2m1000 comments on a Free user ΓåÆ 200 sent + 800 queued
[22m[39mΓä╣∩╕Å [INFO] Rate limit hit, queuing DM | {"userId":"viral_free","planType":"free","remaining":{"hourly":0,"monthly":800}}

[90mstdout[2m | tests/lib/capacity-simulation.test.ts[2m > [22m[2m≡ƒÜÇ Capacity Simulation: Full System Load Test[2m > [22m[2m≡ƒöÑ Viral Post Burst[2m > [22m[2m1000 comments on a Free user ΓåÆ 200 sent + 800 queued
[22m[39mΓä╣∩╕Å [INFO] Rate limit hit, queuing DM | {"userId":"viral_free","planType":"free","remaining":{"hourly":0,"monthly":800}}

[90mstdout[2m | tests/lib/capacity-simulation.test.ts[2m > [22m[2m≡ƒÜÇ Capacity Simulation: Full System Load Test[2m > [22m[2m≡ƒöÑ Viral Post Burst[2m > [22m[2m1000 comments on a Free user ΓåÆ 200 sent + 800 queued
[22m[39mΓä╣∩╕Å [INFO] Rate limit hit, queuing DM | {"userId":"viral_free","planType":"free","remaining":{"hourly":0,"monthly":800}}

[90mstdout[2m | tests/lib/capacity-simulation.test.ts[2m > [22m[2m≡ƒÜÇ Capacity Simulation: Full System Load Test[2m > [22m[2m≡ƒöÑ Viral Post Burst[2m > [22m[2m1000 comments on a Free user ΓåÆ 200 sent + 800 queued
[22m[39mΓä╣∩╕Å [INFO] Rate limit hit, queuing DM | {"userId":"viral_free","planType":"free","remaining":{"hourly":0,"monthly":800}}

[90mstdout[2m | tests/lib/capacity-simulation.test.ts[2m > [22m[2m≡ƒÜÇ Capacity Simulation: Full System Load Test[2m > [22m[2m≡ƒöÑ Viral Post Burst[2m > [22m[2m1000 comments on a Free user ΓåÆ 200 sent + 800 queued
[22m[39mΓä╣∩╕Å [INFO] Rate limit hit, queuing DM | {"userId":"viral_free","planType":"free","remaining":{"hourly":0,"monthly":800}}

[90mstdout[2m | tests/lib/capacity-simulation.test.ts[2m > [22m[2m≡ƒÜÇ Capacity Simulation: Full System Load Test[2m > [22m[2m≡ƒöÑ Viral Post Burst[2m > [22m[2m1000 comments on a Free user ΓåÆ 200 sent + 800 queued
[22m[39mΓä╣∩╕Å [INFO] Rate limit hit, queuing DM | {"userId":"viral_free","planType":"free","remaining":{"hourly":0,"monthly":800}}

[90mstdout[2m | tests/lib/capacity-simulation.test.ts[2m > [22m[2m≡ƒÜÇ Capacity Simulation: Full System Load Test[2m > [22m[2m≡ƒöÑ Viral Post Burst[2m > [22m[2m1000 comments on a Free user ΓåÆ 200 sent + 800 queued
[22m[39mΓä╣∩╕Å [INFO] Rate limit hit, queuing DM | {"userId":"viral_free","planType":"free","remaining":{"hourly":0,"monthly":800}}

[90mstdout[2m | tests/lib/capacity-simulation.test.ts[2m > [22m[2m≡ƒÜÇ Capacity Simulation: Full System Load Test[2m > [22m[2m≡ƒöÑ Viral Post Burst[2m > [22m[2m1000 comments on a Free user ΓåÆ 200 sent + 800 queued
[22m[39mΓä╣∩╕Å [INFO] Rate limit hit, queuing DM | {"userId":"viral_free","planType":"free","remaining":{"hourly":0,"monthly":800}}

[90mstdout[2m | tests/lib/capacity-simulation.test.ts[2m > [22m[2m≡ƒÜÇ Capacity Simulation: Full System Load Test[2m > [22m[2m≡ƒöÑ Viral Post Burst[2m > [22m[2m1000 comments on a Free user ΓåÆ 200 sent + 800 queued
[22m[39mΓä╣∩╕Å [INFO] Rate limit hit, queuing DM | {"userId":"viral_free","planType":"free","remaining":{"hourly":0,"monthly":800}}

[90mstdout[2m | tests/lib/capacity-simulation.test.ts[2m > [22m[2m≡ƒÜÇ Capacity Simulation: Full System Load Test[2m > [22m[2m≡ƒöÑ Viral Post Burst[2m > [22m[2m1000 comments on a Free user ΓåÆ 200 sent + 800 queued
[22m[39mΓä╣∩╕Å [INFO] Rate limit hit, queuing DM | {"userId":"viral_free","planType":"free","remaining":{"hourly":0,"monthly":800}}

[90mstdout[2m | tests/lib/capacity-simulation.test.ts[2m > [22m[2m≡ƒÜÇ Capacity Simulation: Full System Load Test[2m > [22m[2m≡ƒöÑ Viral Post Burst[2m > [22m[2m1000 comments on a Free user ΓåÆ 200 sent + 800 queued
[22m[39mΓä╣∩╕Å [INFO] Rate limit hit, queuing DM | {"userId":"viral_free","planType":"free","remaining":{"hourly":0,"monthly":800}}

[90mstdout[2m | tests/lib/capacity-simulation.test.ts[2m > [22m[2m≡ƒÜÇ Capacity Simulation: Full System Load Test[2m > [22m[2m≡ƒöÑ Viral Post Burst[2m > [22m[2m1000 comments on a Free user ΓåÆ 200 sent + 800 queued
[22m[39mΓä╣∩╕Å [INFO] Rate limit hit, queuing DM | {"userId":"viral_free","planType":"free","remaining":{"hourly":0,"monthly":800}}

[90mstdout[2m | tests/lib/capacity-simulation.test.ts[2m > [22m[2m≡ƒÜÇ Capacity Simulation: Full System Load Test[2m > [22m[2m≡ƒöÑ Viral Post Burst[2m > [22m[2m1000 comments on a Free user ΓåÆ 200 sent + 800 queued
[22m[39mΓä╣∩╕Å [INFO] Rate limit hit, queuing DM | {"userId":"viral_free","planType":"free","remaining":{"hourly":0,"monthly":800}}

[90mstdout[2m | tests/lib/capacity-simulation.test.ts[2m > [22m[2m≡ƒÜÇ Capacity Simulation: Full System Load Test[2m > [22m[2m≡ƒöÑ Viral Post Burst[2m > [22m[2m1000 comments on a Free user ΓåÆ 200 sent + 800 queued
[22m[39mΓä╣∩╕Å [INFO] Rate limit hit, queuing DM | {"userId":"viral_free","planType":"free","remaining":{"hourly":0,"monthly":800}}

[90mstdout[2m | tests/lib/capacity-simulation.test.ts[2m > [22m[2m≡ƒÜÇ Capacity Simulation: Full System Load Test[2m > [22m[2m≡ƒöÑ Viral Post Burst[2m > [22m[2m1000 comments on a Free user ΓåÆ 200 sent + 800 queued
[22m[39mΓä╣∩╕Å [INFO] Rate limit hit, queuing DM | {"userId":"viral_free","planType":"free","remaining":{"hourly":0,"monthly":800}}

[90mstdout[2m | tests/lib/capacity-simulation.test.ts[2m > [22m[2m≡ƒÜÇ Capacity Simulation: Full System Load Test[2m > [22m[2m≡ƒöÑ Viral Post Burst[2m > [22m[2m1000 comments on a Free user ΓåÆ 200 sent + 800 queued
[22m[39mΓä╣∩╕Å [INFO] Rate limit hit, queuing DM | {"userId":"viral_free","planType":"free","remaining":{"hourly":0,"monthly":800}}

[90mstdout[2m | tests/lib/capacity-simulation.test.ts[2m > [22m[2m≡ƒÜÇ Capacity Simulation: Full System Load Test[2m > [22m[2m≡ƒöÑ Viral Post Burst[2m > [22m[2m1000 comments on a Free user ΓåÆ 200 sent + 800 queued
[22m[39mΓä╣∩╕Å [INFO] Rate limit hit, queuing DM | {"userId":"viral_free","planType":"free","remaining":{"hourly":0,"monthly":800}}

[90mstdout[2m | tests/lib/capacity-simulation.test.ts[2m > [22m[2m≡ƒÜÇ Capacity Simulation: Full System Load Test[2m > [22m[2m≡ƒöÑ Viral Post Burst[2m > [22m[2m1000 comments on a Free user ΓåÆ 200 sent + 800 queued
[22m[39mΓä╣∩╕Å [INFO] Rate limit hit, queuing DM | {"userId":"viral_free","planType":"free","remaining":{"hourly":0,"monthly":800}}

[90mstdout[2m | tests/lib/capacity-simulation.test.ts[2m > [22m[2m≡ƒÜÇ Capacity Simulation: Full System Load Test[2m > [22m[2m≡ƒöÑ Viral Post Burst[2m > [22m[2m1000 comments on a Free user ΓåÆ 200 sent + 800 queued
[22m[39mΓä╣∩╕Å [INFO] Rate limit hit, queuing DM | {"userId":"viral_free","planType":"free","remaining":{"hourly":0,"monthly":800}}

[90mstdout[2m | tests/lib/capacity-simulation.test.ts[2m > [22m[2m≡ƒÜÇ Capacity Simulation: Full System Load Test[2m > [22m[2m≡ƒöÑ Viral Post Burst[2m > [22m[2m1000 comments on a Free user ΓåÆ 200 sent + 800 queued
[22m[39mΓä╣∩╕Å [INFO] Rate limit hit, queuing DM | {"userId":"viral_free","planType":"free","remaining":{"hourly":0,"monthly":800}}

[90mstdout[2m | tests/lib/capacity-simulation.test.ts[2m > [22m[2m≡ƒÜÇ Capacity Simulation: Full System Load Test[2m > [22m[2m≡ƒöÑ Viral Post Burst[2m > [22m[2m1000 comments on a Free user ΓåÆ 200 sent + 800 queued
[22m[39mΓä╣∩╕Å [INFO] Rate limit hit, queuing DM | {"userId":"viral_free","planType":"free","remaining":{"hourly":0,"monthly":800}}

[90mstdout[2m | tests/lib/capacity-simulation.test.ts[2m > [22m[2m≡ƒÜÇ Capacity Simulation: Full System Load Test[2m > [22m[2m≡ƒöÑ Viral Post Burst[2m > [22m[2m1000 comments on a Free user ΓåÆ 200 sent + 800 queued
[22m[39mΓä╣∩╕Å [INFO] Rate limit hit, queuing DM | {"userId":"viral_free","planType":"free","remaining":{"hourly":0,"monthly":800}}

[90mstdout[2m | tests/lib/capacity-simulation.test.ts[2m > [22m[2m≡ƒÜÇ Capacity Simulation: Full System Load Test[2m > [22m[2m≡ƒöÑ Viral Post Burst[2m > [22m[2m1000 comments on a Free user ΓåÆ 200 sent + 800 queued
[22m[39mΓä╣∩╕Å [INFO] Rate limit hit, queuing DM | {"userId":"viral_free","planType":"free","remaining":{"hourly":0,"monthly":800}}

[90mstdout[2m | tests/lib/capacity-simulation.test.ts[2m > [22m[2m≡ƒÜÇ Capacity Simulation: Full System Load Test[2m > [22m[2m≡ƒöÑ Viral Post Burst[2m > [22m[2m1000 comments on a Free user ΓåÆ 200 sent + 800 queued
[22m[39mΓä╣∩╕Å [INFO] Rate limit hit, queuing DM | {"userId":"viral_free","planType":"free","remaining":{"hourly":0,"monthly":800}}

[90mstdout[2m | tests/lib/capacity-simulation.test.ts[2m > [22m[2m≡ƒÜÇ Capacity Simulation: Full System Load Test[2m > [22m[2m≡ƒöÑ Viral Post Burst[2m > [22m[2m1000 comments on a Free user ΓåÆ 200 sent + 800 queued
[22m[39mΓä╣∩╕Å [INFO] Rate limit hit, queuing DM | {"userId":"viral_free","planType":"free","remaining":{"hourly":0,"monthly":800}}

[90mstdout[2m | tests/lib/capacity-simulation.test.ts[2m > [22m[2m≡ƒÜÇ Capacity Simulation: Full System Load Test[2m > [22m[2m≡ƒöÑ Viral Post Burst[2m > [22m[2m1000 comments on a Free user ΓåÆ 200 sent + 800 queued
[22m[39mΓä╣∩╕Å [INFO] Rate limit hit, queuing DM | {"userId":"viral_free","planType":"free","remaining":{"hourly":0,"monthly":800}}

[90mstdout[2m | tests/lib/capacity-simulation.test.ts[2m > [22m[2m≡ƒÜÇ Capacity Simulation: Full System Load Test[2m > [22m[2m≡ƒöÑ Viral Post Burst[2m > [22m[2m1000 comments on a Free user ΓåÆ 200 sent + 800 queued
[22m[39mΓä╣∩╕Å [INFO] Rate limit hit, queuing DM | {"userId":"viral_free","planType":"free","remaining":{"hourly":0,"monthly":800}}

[90mstdout[2m | tests/lib/capacity-simulation.test.ts[2m > [22m[2m≡ƒÜÇ Capacity Simulation: Full System Load Test[2m > [22m[2m≡ƒöÑ Viral Post Burst[2m > [22m[2m1000 comments on a Free user ΓåÆ 200 sent + 800 queued
[22m[39mΓä╣∩╕Å [INFO] Rate limit hit, queuing DM | {"userId":"viral_free","planType":"free","remaining":{"hourly":0,"monthly":800}}

[90mstdout[2m | tests/lib/capacity-simulation.test.ts[2m > [22m[2m≡ƒÜÇ Capacity Simulation: Full System Load Test[2m > [22m[2m≡ƒöÑ Viral Post Burst[2m > [22m[2m1000 comments on a Free user ΓåÆ 200 sent + 800 queued
[22m[39mΓä╣∩╕Å [INFO] Rate limit hit, queuing DM | {"userId":"viral_free","planType":"free","remaining":{"hourly":0,"monthly":800}}

[90mstdout[2m | tests/lib/capacity-simulation.test.ts[2m > [22m[2m≡ƒÜÇ Capacity Simulation: Full System Load Test[2m > [22m[2m≡ƒöÑ Viral Post Burst[2m > [22m[2m1000 comments on a Free user ΓåÆ 200 sent + 800 queued
[22m[39mΓä╣∩╕Å [INFO] Rate limit hit, queuing DM | {"userId":"viral_free","planType":"free","remaining":{"hourly":0,"monthly":800}}

[90mstdout[2m | tests/lib/capacity-simulation.test.ts[2m > [22m[2m≡ƒÜÇ Capacity Simulation: Full System Load Test[2m > [22m[2m≡ƒöÑ Viral Post Burst[2m > [22m[2m1000 comments on a Free user ΓåÆ 200 sent + 800 queued
[22m[39mΓä╣∩╕Å [INFO] Rate limit hit, queuing DM | {"userId":"viral_free","planType":"free","remaining":{"hourly":0,"monthly":800}}

[90mstdout[2m | tests/lib/capacity-simulation.test.ts[2m > [22m[2m≡ƒÜÇ Capacity Simulation: Full System Load Test[2m > [22m[2m≡ƒöÑ Viral Post Burst[2m > [22m[2m1000 comments on a Free user ΓåÆ 200 sent + 800 queued
[22m[39mΓä╣∩╕Å [INFO] Rate limit hit, queuing DM | {"userId":"viral_free","planType":"free","remaining":{"hourly":0,"monthly":800}}

[90mstdout[2m | tests/lib/capacity-simulation.test.ts[2m > [22m[2m≡ƒÜÇ Capacity Simulation: Full System Load Test[2m > [22m[2m≡ƒöÑ Viral Post Burst[2m > [22m[2m1000 comments on a Free user ΓåÆ 200 sent + 800 queued
[22m[39mΓä╣∩╕Å [INFO] Rate limit hit, queuing DM | {"userId":"viral_free","planType":"free","remaining":{"hourly":0,"monthly":800}}

[90mstdout[2m | tests/lib/capacity-simulation.test.ts[2m > [22m[2m≡ƒÜÇ Capacity Simulation: Full System Load Test[2m > [22m[2m≡ƒöÑ Viral Post Burst[2m > [22m[2m1000 comments on a Free user ΓåÆ 200 sent + 800 queued
[22m[39mΓä╣∩╕Å [INFO] Rate limit hit, queuing DM | {"userId":"viral_free","planType":"free","remaining":{"hourly":0,"monthly":800}}

[90mstdout[2m | tests/lib/capacity-simulation.test.ts[2m > [22m[2m≡ƒÜÇ Capacity Simulation: Full System Load Test[2m > [22m[2m≡ƒöÑ Viral Post Burst[2m > [22m[2m1000 comments on a Free user ΓåÆ 200 sent + 800 queued
[22m[39mΓä╣∩╕Å [INFO] Rate limit hit, queuing DM | {"userId":"viral_free","planType":"free","remaining":{"hourly":0,"monthly":800}}

[90mstdout[2m | tests/lib/capacity-simulation.test.ts[2m > [22m[2m≡ƒÜÇ Capacity Simulation: Full System Load Test[2m > [22m[2m≡ƒöÑ Viral Post Burst[2m > [22m[2m1000 comments on a Free user ΓåÆ 200 sent + 800 queued
[22m[39mΓä╣∩╕Å [INFO] Rate limit hit, queuing DM | {"userId":"viral_free","planType":"free","remaining":{"hourly":0,"monthly":800}}

[90mstdout[2m | tests/lib/capacity-simulation.test.ts[2m > [22m[2m≡ƒÜÇ Capacity Simulation: Full System Load Test[2m > [22m[2m≡ƒöÑ Viral Post Burst[2m > [22m[2m1000 comments on a Free user ΓåÆ 200 sent + 800 queued
[22m[39mΓä╣∩╕Å [INFO] Rate limit hit, queuing DM | {"userId":"viral_free","planType":"free","remaining":{"hourly":0,"monthly":800}}

[90mstdout[2m | tests/lib/capacity-simulation.test.ts[2m > [22m[2m≡ƒÜÇ Capacity Simulation: Full System Load Test[2m > [22m[2m≡ƒöÑ Viral Post Burst[2m > [22m[2m1000 comments on a Free user ΓåÆ 200 sent + 800 queued
[22m[39mΓä╣∩╕Å [INFO] Rate limit hit, queuing DM | {"userId":"viral_free","planType":"free","remaining":{"hourly":0,"monthly":800}}

[90mstdout[2m | tests/lib/capacity-simulation.test.ts[2m > [22m[2m≡ƒÜÇ Capacity Simulation: Full System Load Test[2m > [22m[2m≡ƒöÑ Viral Post Burst[2m > [22m[2m1000 comments on a Free user ΓåÆ 200 sent + 800 queued
[22m[39mΓä╣∩╕Å [INFO] Rate limit hit, queuing DM | {"userId":"viral_free","planType":"free","remaining":{"hourly":0,"monthly":800}}

[90mstdout[2m | tests/lib/capacity-simulation.test.ts[2m > [22m[2m≡ƒÜÇ Capacity Simulation: Full System Load Test[2m > [22m[2m≡ƒöÑ Viral Post Burst[2m > [22m[2m1000 comments on a Free user ΓåÆ 200 sent + 800 queued
[22m[39mΓä╣∩╕Å [INFO] Rate limit hit, queuing DM | {"userId":"viral_free","planType":"free","remaining":{"hourly":0,"monthly":800}}

[90mstdout[2m | tests/lib/capacity-simulation.test.ts[2m > [22m[2m≡ƒÜÇ Capacity Simulation: Full System Load Test[2m > [22m[2m≡ƒöÑ Viral Post Burst[2m > [22m[2m1000 comments on a Free user ΓåÆ 200 sent + 800 queued
[22m[39mΓä╣∩╕Å [INFO] Rate limit hit, queuing DM | {"userId":"viral_free","planType":"free","remaining":{"hourly":0,"monthly":800}}

[90mstdout[2m | tests/lib/capacity-simulation.test.ts[2m > [22m[2m≡ƒÜÇ Capacity Simulation: Full System Load Test[2m > [22m[2m≡ƒöÑ Viral Post Burst[2m > [22m[2m1000 comments on a Free user ΓåÆ 200 sent + 800 queued
[22m[39mΓä╣∩╕Å [INFO] Rate limit hit, queuing DM | {"userId":"viral_free","planType":"free","remaining":{"hourly":0,"monthly":800}}

[90mstdout[2m | tests/lib/capacity-simulation.test.ts[2m > [22m[2m≡ƒÜÇ Capacity Simulation: Full System Load Test[2m > [22m[2m≡ƒöÑ Viral Post Burst[2m > [22m[2m1000 comments on a Free user ΓåÆ 200 sent + 800 queued
[22m[39mΓä╣∩╕Å [INFO] Rate limit hit, queuing DM | {"userId":"viral_free","planType":"free","remaining":{"hourly":0,"monthly":800}}

[90mstdout[2m | tests/lib/capacity-simulation.test.ts[2m > [22m[2m≡ƒÜÇ Capacity Simulation: Full System Load Test[2m > [22m[2m≡ƒöÑ Viral Post Burst[2m > [22m[2m1000 comments on a Free user ΓåÆ 200 sent + 800 queued
[22m[39mΓä╣∩╕Å [INFO] Rate limit hit, queuing DM | {"userId":"viral_free","planType":"free","remaining":{"hourly":0,"monthly":800}}

[90mstdout[2m | tests/lib/capacity-simulation.test.ts[2m > [22m[2m≡ƒÜÇ Capacity Simulation: Full System Load Test[2m > [22m[2m≡ƒöÑ Viral Post Burst[2m > [22m[2m1000 comments on a Free user ΓåÆ 200 sent + 800 queued
[22m[39mΓä╣∩╕Å [INFO] Rate limit hit, queuing DM | {"userId":"viral_free","planType":"free","remaining":{"hourly":0,"monthly":800}}

[90mstdout[2m | tests/lib/capacity-simulation.test.ts[2m > [22m[2m≡ƒÜÇ Capacity Simulation: Full System Load Test[2m > [22m[2m≡ƒöÑ Viral Post Burst[2m > [22m[2m1000 comments on a Free user ΓåÆ 200 sent + 800 queued
[22m[39mΓä╣∩╕Å [INFO] Rate limit hit, queuing DM | {"userId":"viral_free","planType":"free","remaining":{"hourly":0,"monthly":800}}

[90mstdout[2m | tests/lib/capacity-simulation.test.ts[2m > [22m[2m≡ƒÜÇ Capacity Simulation: Full System Load Test[2m > [22m[2m≡ƒöÑ Viral Post Burst[2m > [22m[2m1000 comments on a Free user ΓåÆ 200 sent + 800 queued
[22m[39mΓä╣∩╕Å [INFO] Rate limit hit, queuing DM | {"userId":"viral_free","planType":"free","remaining":{"hourly":0,"monthly":800}}

[90mstdout[2m | tests/lib/capacity-simulation.test.ts[2m > [22m[2m≡ƒÜÇ Capacity Simulation: Full System Load Test[2m > [22m[2m≡ƒöÑ Viral Post Burst[2m > [22m[2m1000 comments on a Free user ΓåÆ 200 sent + 800 queued
[22m[39mΓä╣∩╕Å [INFO] Rate limit hit, queuing DM | {"userId":"viral_free","planType":"free","remaining":{"hourly":0,"monthly":800}}

[90mstdout[2m | tests/lib/capacity-simulation.test.ts[2m > [22m[2m≡ƒÜÇ Capacity Simulation: Full System Load Test[2m > [22m[2m≡ƒöÑ Viral Post Burst[2m > [22m[2m1000 comments on a Free user ΓåÆ 200 sent + 800 queued
[22m[39mΓä╣∩╕Å [INFO] Rate limit hit, queuing DM | {"userId":"viral_free","planType":"free","remaining":{"hourly":0,"monthly":800}}

[90mstdout[2m | tests/lib/capacity-simulation.test.ts[2m > [22m[2m≡ƒÜÇ Capacity Simulation: Full System Load Test[2m > [22m[2m≡ƒöÑ Viral Post Burst[2m > [22m[2m1000 comments on a Free user ΓåÆ 200 sent + 800 queued
[22m[39mΓä╣∩╕Å [INFO] Rate limit hit, queuing DM | {"userId":"viral_free","planType":"free","remaining":{"hourly":0,"monthly":800}}

[90mstdout[2m | tests/lib/capacity-simulation.test.ts[2m > [22m[2m≡ƒÜÇ Capacity Simulation: Full System Load Test[2m > [22m[2m≡ƒöÑ Viral Post Burst[2m > [22m[2m1000 comments on a Free user ΓåÆ 200 sent + 800 queued
[22m[39mΓä╣∩╕Å [INFO] Rate limit hit, queuing DM | {"userId":"viral_free","planType":"free","remaining":{"hourly":0,"monthly":800}}

[90mstdout[2m | tests/lib/capacity-simulation.test.ts[2m > [22m[2m≡ƒÜÇ Capacity Simulation: Full System Load Test[2m > [22m[2m≡ƒöÑ Viral Post Burst[2m > [22m[2m1000 comments on a Free user ΓåÆ 200 sent + 800 queued
[22m[39mΓä╣∩╕Å [INFO] Rate limit hit, queuing DM | {"userId":"viral_free","planType":"free","remaining":{"hourly":0,"monthly":800}}

[90mstdout[2m | tests/lib/capacity-simulation.test.ts[2m > [22m[2m≡ƒÜÇ Capacity Simulation: Full System Load Test[2m > [22m[2m≡ƒöÑ Viral Post Burst[2m > [22m[2m1000 comments on a Free user ΓåÆ 200 sent + 800 queued
[22m[39mΓä╣∩╕Å [INFO] Rate limit hit, queuing DM | {"userId":"viral_free","planType":"free","remaining":{"hourly":0,"monthly":800}}

[90mstdout[2m | tests/lib/capacity-simulation.test.ts[2m > [22m[2m≡ƒÜÇ Capacity Simulation: Full System Load Test[2m > [22m[2m≡ƒöÑ Viral Post Burst[2m > [22m[2m1000 comments on a Free user ΓåÆ 200 sent + 800 queued
[22m[39mΓä╣∩╕Å [INFO] Rate limit hit, queuing DM | {"userId":"viral_free","planType":"free","remaining":{"hourly":0,"monthly":800}}

[90mstdout[2m | tests/lib/capacity-simulation.test.ts[2m > [22m[2m≡ƒÜÇ Capacity Simulation: Full System Load Test[2m > [22m[2m≡ƒöÑ Viral Post Burst[2m > [22m[2m1000 comments on a Free user ΓåÆ 200 sent + 800 queued
[22m[39mΓä╣∩╕Å [INFO] Rate limit hit, queuing DM | {"userId":"viral_free","planType":"free","remaining":{"hourly":0,"monthly":800}}

[90mstdout[2m | tests/lib/capacity-simulation.test.ts[2m > [22m[2m≡ƒÜÇ Capacity Simulation: Full System Load Test[2m > [22m[2m≡ƒöÑ Viral Post Burst[2m > [22m[2m1000 comments on a Free user ΓåÆ 200 sent + 800 queued
[22m[39mΓä╣∩╕Å [INFO] Rate limit hit, queuing DM | {"userId":"viral_free","planType":"free","remaining":{"hourly":0,"monthly":800}}

[90mstdout[2m | tests/lib/capacity-simulation.test.ts[2m > [22m[2m≡ƒÜÇ Capacity Simulation: Full System Load Test[2m > [22m[2m≡ƒöÑ Viral Post Burst[2m > [22m[2m1000 comments on a Free user ΓåÆ 200 sent + 800 queued
[22m[39mΓä╣∩╕Å [INFO] Rate limit hit, queuing DM | {"userId":"viral_free","planType":"free","remaining":{"hourly":0,"monthly":800}}

[90mstdout[2m | tests/lib/capacity-simulation.test.ts[2m > [22m[2m≡ƒÜÇ Capacity Simulation: Full System Load Test[2m > [22m[2m≡ƒöÑ Viral Post Burst[2m > [22m[2m1000 comments on a Free user ΓåÆ 200 sent + 800 queued
[22m[39mΓä╣∩╕Å [INFO] Rate limit hit, queuing DM | {"userId":"viral_free","planType":"free","remaining":{"hourly":0,"monthly":800}}

[90mstdout[2m | tests/lib/capacity-simulation.test.ts[2m > [22m[2m≡ƒÜÇ Capacity Simulation: Full System Load Test[2m > [22m[2m≡ƒöÑ Viral Post Burst[2m > [22m[2m1000 comments on a Free user ΓåÆ 200 sent + 800 queued
[22m[39mΓä╣∩╕Å [INFO] Rate limit hit, queuing DM | {"userId":"viral_free","planType":"free","remaining":{"hourly":0,"monthly":800}}

[90mstdout[2m | tests/lib/capacity-simulation.test.ts[2m > [22m[2m≡ƒÜÇ Capacity Simulation: Full System Load Test[2m > [22m[2m≡ƒöÑ Viral Post Burst[2m > [22m[2m1000 comments on a Free user ΓåÆ 200 sent + 800 queued
[22m[39mΓä╣∩╕Å [INFO] Rate limit hit, queuing DM | {"userId":"viral_free","planType":"free","remaining":{"hourly":0,"monthly":800}}

[90mstdout[2m | tests/lib/capacity-simulation.test.ts[2m > [22m[2m≡ƒÜÇ Capacity Simulation: Full System Load Test[2m > [22m[2m≡ƒöÑ Viral Post Burst[2m > [22m[2m1000 comments on a Free user ΓåÆ 200 sent + 800 queued
[22m[39mΓä╣∩╕Å [INFO] Rate limit hit, queuing DM | {"userId":"viral_free","planType":"free","remaining":{"hourly":0,"monthly":800}}

[90mstdout[2m | tests/lib/capacity-simulation.test.ts[2m > [22m[2m≡ƒÜÇ Capacity Simulation: Full System Load Test[2m > [22m[2m≡ƒöÑ Viral Post Burst[2m > [22m[2m1000 comments on a Free user ΓåÆ 200 sent + 800 queued
[22m[39mΓä╣∩╕Å [INFO] Rate limit hit, queuing DM | {"userId":"viral_free","planType":"free","remaining":{"hourly":0,"monthly":800}}

[90mstdout[2m | tests/lib/capacity-simulation.test.ts[2m > [22m[2m≡ƒÜÇ Capacity Simulation: Full System Load Test[2m > [22m[2m≡ƒöÑ Viral Post Burst[2m > [22m[2m1000 comments on a Free user ΓåÆ 200 sent + 800 queued
[22m[39mΓä╣∩╕Å [INFO] Rate limit hit, queuing DM | {"userId":"viral_free","planType":"free","remaining":{"hourly":0,"monthly":800}}

[90mstdout[2m | tests/lib/capacity-simulation.test.ts[2m > [22m[2m≡ƒÜÇ Capacity Simulation: Full System Load Test[2m > [22m[2m≡ƒöÑ Viral Post Burst[2m > [22m[2m1000 comments on a Free user ΓåÆ 200 sent + 800 queued
[22m[39mΓä╣∩╕Å [INFO] Rate limit hit, queuing DM | {"userId":"viral_free","planType":"free","remaining":{"hourly":0,"monthly":800}}

[90mstdout[2m | tests/lib/capacity-simulation.test.ts[2m > [22m[2m≡ƒÜÇ Capacity Simulation: Full System Load Test[2m > [22m[2m≡ƒöÑ Viral Post Burst[2m > [22m[2m1000 comments on a Free user ΓåÆ 200 sent + 800 queued
[22m[39mΓä╣∩╕Å [INFO] Rate limit hit, queuing DM | {"userId":"viral_free","planType":"free","remaining":{"hourly":0,"monthly":800}}

[90mstdout[2m | tests/lib/capacity-simulation.test.ts[2m > [22m[2m≡ƒÜÇ Capacity Simulation: Full System Load Test[2m > [22m[2m≡ƒöÑ Viral Post Burst[2m > [22m[2m1000 comments on a Free user ΓåÆ 200 sent + 800 queued
[22m[39mΓä╣∩╕Å [INFO] Rate limit hit, queuing DM | {"userId":"viral_free","planType":"free","remaining":{"hourly":0,"monthly":800}}

[90mstdout[2m | tests/lib/capacity-simulation.test.ts[2m > [22m[2m≡ƒÜÇ Capacity Simulation: Full System Load Test[2m > [22m[2m≡ƒöÑ Viral Post Burst[2m > [22m[2m1000 comments on a Free user ΓåÆ 200 sent + 800 queued
[22m[39mΓä╣∩╕Å [INFO] Rate limit hit, queuing DM | {"userId":"viral_free","planType":"free","remaining":{"hourly":0,"monthly":800}}

[90mstdout[2m | tests/lib/capacity-simulation.test.ts[2m > [22m[2m≡ƒÜÇ Capacity Simulation: Full System Load Test[2m > [22m[2m≡ƒöÑ Viral Post Burst[2m > [22m[2m1000 comments on a Free user ΓåÆ 200 sent + 800 queued
[22m[39mΓä╣∩╕Å [INFO] Rate limit hit, queuing DM | {"userId":"viral_free","planType":"free","remaining":{"hourly":0,"monthly":800}}

[90mstdout[2m | tests/lib/capacity-simulation.test.ts[2m > [22m[2m≡ƒÜÇ Capacity Simulation: Full System Load Test[2m > [22m[2m≡ƒöÑ Viral Post Burst[2m > [22m[2m1000 comments on a Free user ΓåÆ 200 sent + 800 queued
[22m[39mΓä╣∩╕Å [INFO] Rate limit hit, queuing DM | {"userId":"viral_free","planType":"free","remaining":{"hourly":0,"monthly":800}}

[90mstdout[2m | tests/lib/capacity-simulation.test.ts[2m > [22m[2m≡ƒÜÇ Capacity Simulation: Full System Load Test[2m > [22m[2m≡ƒöÑ Viral Post Burst[2m > [22m[2m1000 comments on a Free user ΓåÆ 200 sent + 800 queued
[22m[39mΓä╣∩╕Å [INFO] Rate limit hit, queuing DM | {"userId":"viral_free","planType":"free","remaining":{"hourly":0,"monthly":800}}

[90mstdout[2m | tests/lib/capacity-simulation.test.ts[2m > [22m[2m≡ƒÜÇ Capacity Simulation: Full System Load Test[2m > [22m[2m≡ƒöÑ Viral Post Burst[2m > [22m[2m1000 comments on a Free user ΓåÆ 200 sent + 800 queued
[22m[39mΓä╣∩╕Å [INFO] Rate limit hit, queuing DM | {"userId":"viral_free","planType":"free","remaining":{"hourly":0,"monthly":800}}

[90mstdout[2m | tests/lib/capacity-simulation.test.ts[2m > [22m[2m≡ƒÜÇ Capacity Simulation: Full System Load Test[2m > [22m[2m≡ƒöÑ Viral Post Burst[2m > [22m[2m1000 comments on a Free user ΓåÆ 200 sent + 800 queued
[22m[39mΓä╣∩╕Å [INFO] Rate limit hit, queuing DM | {"userId":"viral_free","planType":"free","remaining":{"hourly":0,"monthly":800}}

[90mstdout[2m | tests/lib/capacity-simulation.test.ts[2m > [22m[2m≡ƒÜÇ Capacity Simulation: Full System Load Test[2m > [22m[2m≡ƒöÑ Viral Post Burst[2m > [22m[2m1000 comments on a Free user ΓåÆ 200 sent + 800 queued
[22m[39mΓä╣∩╕Å [INFO] Rate limit hit, queuing DM | {"userId":"viral_free","planType":"free","remaining":{"hourly":0,"monthly":800}}

[90mstdout[2m | tests/lib/capacity-simulation.test.ts[2m > [22m[2m≡ƒÜÇ Capacity Simulation: Full System Load Test[2m > [22m[2m≡ƒöÑ Viral Post Burst[2m > [22m[2m1000 comments on a Free user ΓåÆ 200 sent + 800 queued
[22m[39mΓä╣∩╕Å [INFO] Rate limit hit, queuing DM | {"userId":"viral_free","planType":"free","remaining":{"hourly":0,"monthly":800}}

[90mstdout[2m | tests/lib/capacity-simulation.test.ts[2m > [22m[2m≡ƒÜÇ Capacity Simulation: Full System Load Test[2m > [22m[2m≡ƒöÑ Viral Post Burst[2m > [22m[2m1000 comments on a Free user ΓåÆ 200 sent + 800 queued
[22m[39mΓä╣∩╕Å [INFO] Rate limit hit, queuing DM | {"userId":"viral_free","planType":"free","remaining":{"hourly":0,"monthly":800}}

[90mstdout[2m | tests/lib/capacity-simulation.test.ts[2m > [22m[2m≡ƒÜÇ Capacity Simulation: Full System Load Test[2m > [22m[2m≡ƒöÑ Viral Post Burst[2m > [22m[2m1000 comments on a Free user ΓåÆ 200 sent + 800 queued
[22m[39mΓä╣∩╕Å [INFO] Rate limit hit, queuing DM | {"userId":"viral_free","planType":"free","remaining":{"hourly":0,"monthly":800}}

[90mstdout[2m | tests/lib/capacity-simulation.test.ts[2m > [22m[2m≡ƒÜÇ Capacity Simulation: Full System Load Test[2m > [22m[2m≡ƒöÑ Viral Post Burst[2m > [22m[2m1000 comments on a Free user ΓåÆ 200 sent + 800 queued
[22m[39mΓä╣∩╕Å [INFO] Rate limit hit, queuing DM | {"userId":"viral_free","planType":"free","remaining":{"hourly":0,"monthly":800}}

[90mstdout[2m | tests/lib/capacity-simulation.test.ts[2m > [22m[2m≡ƒÜÇ Capacity Simulation: Full System Load Test[2m > [22m[2m≡ƒöÑ Viral Post Burst[2m > [22m[2m1000 comments on a Free user ΓåÆ 200 sent + 800 queued
[22m[39mΓä╣∩╕Å [INFO] Rate limit hit, queuing DM | {"userId":"viral_free","planType":"free","remaining":{"hourly":0,"monthly":800}}

[90mstdout[2m | tests/lib/capacity-simulation.test.ts[2m > [22m[2m≡ƒÜÇ Capacity Simulation: Full System Load Test[2m > [22m[2m≡ƒöÑ Viral Post Burst[2m > [22m[2m1000 comments on a Free user ΓåÆ 200 sent + 800 queued
[22m[39mΓä╣∩╕Å [INFO] Rate limit hit, queuing DM | {"userId":"viral_free","planType":"free","remaining":{"hourly":0,"monthly":800}}

[90mstdout[2m | tests/lib/capacity-simulation.test.ts[2m > [22m[2m≡ƒÜÇ Capacity Simulation: Full System Load Test[2m > [22m[2m≡ƒöÑ Viral Post Burst[2m > [22m[2m1000 comments on a Free user ΓåÆ 200 sent + 800 queued
[22m[39mΓä╣∩╕Å [INFO] Rate limit hit, queuing DM | {"userId":"viral_free","planType":"free","remaining":{"hourly":0,"monthly":800}}

[90mstdout[2m | tests/lib/capacity-simulation.test.ts[2m > [22m[2m≡ƒÜÇ Capacity Simulation: Full System Load Test[2m > [22m[2m≡ƒöÑ Viral Post Burst[2m > [22m[2m1000 comments on a Free user ΓåÆ 200 sent + 800 queued
[22m[39mΓä╣∩╕Å [INFO] Rate limit hit, queuing DM | {"userId":"viral_free","planType":"free","remaining":{"hourly":0,"monthly":800}}

[90mstdout[2m | tests/lib/capacity-simulation.test.ts[2m > [22m[2m≡ƒÜÇ Capacity Simulation: Full System Load Test[2m > [22m[2m≡ƒöÑ Viral Post Burst[2m > [22m[2m1000 comments on a Free user ΓåÆ 200 sent + 800 queued
[22m[39mΓä╣∩╕Å [INFO] Rate limit hit, queuing DM | {"userId":"viral_free","planType":"free","remaining":{"hourly":0,"monthly":800}}

[90mstdout[2m | tests/lib/capacity-simulation.test.ts[2m > [22m[2m≡ƒÜÇ Capacity Simulation: Full System Load Test[2m > [22m[2m≡ƒöÑ Viral Post Burst[2m > [22m[2m1000 comments on a Free user ΓåÆ 200 sent + 800 queued
[22m[39mΓä╣∩╕Å [INFO] Rate limit hit, queuing DM | {"userId":"viral_free","planType":"free","remaining":{"hourly":0,"monthly":800}}

[90mstdout[2m | tests/lib/capacity-simulation.test.ts[2m > [22m[2m≡ƒÜÇ Capacity Simulation: Full System Load Test[2m > [22m[2m≡ƒöÑ Viral Post Burst[2m > [22m[2m1000 comments on a Free user ΓåÆ 200 sent + 800 queued
[22m[39mΓä╣∩╕Å [INFO] Rate limit hit, queuing DM | {"userId":"viral_free","planType":"free","remaining":{"hourly":0,"monthly":800}}

[90mstdout[2m | tests/lib/capacity-simulation.test.ts[2m > [22m[2m≡ƒÜÇ Capacity Simulation: Full System Load Test[2m > [22m[2m≡ƒöÑ Viral Post Burst[2m > [22m[2m1000 comments on a Free user ΓåÆ 200 sent + 800 queued
[22m[39mΓä╣∩╕Å [INFO] Rate limit hit, queuing DM | {"userId":"viral_free","planType":"free","remaining":{"hourly":0,"monthly":800}}

[90mstdout[2m | tests/lib/capacity-simulation.test.ts[2m > [22m[2m≡ƒÜÇ Capacity Simulation: Full System Load Test[2m > [22m[2m≡ƒöÑ Viral Post Burst[2m > [22m[2m1000 comments on a Free user ΓåÆ 200 sent + 800 queued
[22m[39mΓä╣∩╕Å [INFO] Rate limit hit, queuing DM | {"userId":"viral_free","planType":"free","remaining":{"hourly":0,"monthly":800}}

[90mstdout[2m | tests/lib/capacity-simulation.test.ts[2m > [22m[2m≡ƒÜÇ Capacity Simulation: Full System Load Test[2m > [22m[2m≡ƒöÑ Viral Post Burst[2m > [22m[2m1000 comments on a Free user ΓåÆ 200 sent + 800 queued
[22m[39mΓä╣∩╕Å [INFO] Rate limit hit, queuing DM | {"userId":"viral_free","planType":"free","remaining":{"hourly":0,"monthly":800}}

[90mstdout[2m | tests/lib/capacity-simulation.test.ts[2m > [22m[2m≡ƒÜÇ Capacity Simulation: Full System Load Test[2m > [22m[2m≡ƒöÑ Viral Post Burst[2m > [22m[2m1000 comments on a Free user ΓåÆ 200 sent + 800 queued
[22m[39mΓä╣∩╕Å [INFO] Rate limit hit, queuing DM | {"userId":"viral_free","planType":"free","remaining":{"hourly":0,"monthly":800}}

[90mstdout[2m | tests/lib/capacity-simulation.test.ts[2m > [22m[2m≡ƒÜÇ Capacity Simulation: Full System Load Test[2m > [22m[2m≡ƒöÑ Viral Post Burst[2m > [22m[2m1000 comments on a Free user ΓåÆ 200 sent + 800 queued
[22m[39mΓä╣∩╕Å [INFO] Rate limit hit, queuing DM | {"userId":"viral_free","planType":"free","remaining":{"hourly":0,"monthly":800}}

[90mstdout[2m | tests/lib/capacity-simulation.test.ts[2m > [22m[2m≡ƒÜÇ Capacity Simulation: Full System Load Test[2m > [22m[2m≡ƒöÑ Viral Post Burst[2m > [22m[2m1000 comments on a Free user ΓåÆ 200 sent + 800 queued
[22m[39mΓä╣∩╕Å [INFO] Rate limit hit, queuing DM | {"userId":"viral_free","planType":"free","remaining":{"hourly":0,"monthly":800}}

[90mstdout[2m | tests/lib/capacity-simulation.test.ts[2m > [22m[2m≡ƒÜÇ Capacity Simulation: Full System Load Test[2m > [22m[2m≡ƒöÑ Viral Post Burst[2m > [22m[2m1000 comments on a Free user ΓåÆ 200 sent + 800 queued
[22m[39mΓä╣∩╕Å [INFO] Rate limit hit, queuing DM | {"userId":"viral_free","planType":"free","remaining":{"hourly":0,"monthly":800}}

[90mstdout[2m | tests/lib/capacity-simulation.test.ts[2m > [22m[2m≡ƒÜÇ Capacity Simulation: Full System Load Test[2m > [22m[2m≡ƒöÑ Viral Post Burst[2m > [22m[2m1000 comments on a Free user ΓåÆ 200 sent + 800 queued
[22m[39mΓä╣∩╕Å [INFO] Rate limit hit, queuing DM | {"userId":"viral_free","planType":"free","remaining":{"hourly":0,"monthly":800}}

[90mstdout[2m | tests/lib/capacity-simulation.test.ts[2m > [22m[2m≡ƒÜÇ Capacity Simulation: Full System Load Test[2m > [22m[2m≡ƒöÑ Viral Post Burst[2m > [22m[2m1000 comments on a Free user ΓåÆ 200 sent + 800 queued
[22m[39mΓä╣∩╕Å [INFO] Rate limit hit, queuing DM | {"userId":"viral_free","planType":"free","remaining":{"hourly":0,"monthly":800}}

[90mstdout[2m | tests/lib/capacity-simulation.test.ts[2m > [22m[2m≡ƒÜÇ Capacity Simulation: Full System Load Test[2m > [22m[2m≡ƒöÑ Viral Post Burst[2m > [22m[2m1000 comments on a Free user ΓåÆ 200 sent + 800 queued
[22m[39mΓä╣∩╕Å [INFO] Rate limit hit, queuing DM | {"userId":"viral_free","planType":"free","remaining":{"hourly":0,"monthly":800}}

[90mstdout[2m | tests/lib/capacity-simulation.test.ts[2m > [22m[2m≡ƒÜÇ Capacity Simulation: Full System Load Test[2m > [22m[2m≡ƒöÑ Viral Post Burst[2m > [22m[2m1000 comments on a Free user ΓåÆ 200 sent + 800 queued
[22m[39mΓä╣∩╕Å [INFO] Rate limit hit, queuing DM | {"userId":"viral_free","planType":"free","remaining":{"hourly":0,"monthly":800}}

[90mstdout[2m | tests/lib/capacity-simulation.test.ts[2m > [22m[2m≡ƒÜÇ Capacity Simulation: Full System Load Test[2m > [22m[2m≡ƒöÑ Viral Post Burst[2m > [22m[2m1000 comments on a Free user ΓåÆ 200 sent + 800 queued
[22m[39mΓä╣∩╕Å [INFO] Rate limit hit, queuing DM | {"userId":"viral_free","planType":"free","remaining":{"hourly":0,"monthly":800}}

[90mstdout[2m | tests/lib/capacity-simulation.test.ts[2m > [22m[2m≡ƒÜÇ Capacity Simulation: Full System Load Test[2m > [22m[2m≡ƒöÑ Viral Post Burst[2m > [22m[2m1000 comments on a Free user ΓåÆ 200 sent + 800 queued
[22m[39mΓä╣∩╕Å [INFO] Rate limit hit, queuing DM | {"userId":"viral_free","planType":"free","remaining":{"hourly":0,"monthly":800}}

[90mstdout[2m | tests/lib/capacity-simulation.test.ts[2m > [22m[2m≡ƒÜÇ Capacity Simulation: Full System Load Test[2m > [22m[2m≡ƒöÑ Viral Post Burst[2m > [22m[2m1000 comments on a Free user ΓåÆ 200 sent + 800 queued
[22m[39mΓä╣∩╕Å [INFO] Rate limit hit, queuing DM | {"userId":"viral_free","planType":"free","remaining":{"hourly":0,"monthly":800}}

[90mstdout[2m | tests/lib/capacity-simulation.test.ts[2m > [22m[2m≡ƒÜÇ Capacity Simulation: Full System Load Test[2m > [22m[2m≡ƒöÑ Viral Post Burst[2m > [22m[2m1000 comments on a Free user ΓåÆ 200 sent + 800 queued
[22m[39mΓä╣∩╕Å [INFO] Rate limit hit, queuing DM | {"userId":"viral_free","planType":"free","remaining":{"hourly":0,"monthly":800}}

[90mstdout[2m | tests/lib/capacity-simulation.test.ts[2m > [22m[2m≡ƒÜÇ Capacity Simulation: Full System Load Test[2m > [22m[2m≡ƒöÑ Viral Post Burst[2m > [22m[2m1000 comments on a Free user ΓåÆ 200 sent + 800 queued
[22m[39mΓä╣∩╕Å [INFO] Rate limit hit, queuing DM | {"userId":"viral_free","planType":"free","remaining":{"hourly":0,"monthly":800}}

[90mstdout[2m | tests/lib/capacity-simulation.test.ts[2m > [22m[2m≡ƒÜÇ Capacity Simulation: Full System Load Test[2m > [22m[2m≡ƒöÑ Viral Post Burst[2m > [22m[2m1000 comments on a Free user ΓåÆ 200 sent + 800 queued
[22m[39mΓä╣∩╕Å [INFO] Rate limit hit, queuing DM | {"userId":"viral_free","planType":"free","remaining":{"hourly":0,"monthly":800}}

[90mstdout[2m | tests/lib/capacity-simulation.test.ts[2m > [22m[2m≡ƒÜÇ Capacity Simulation: Full System Load Test[2m > [22m[2m≡ƒöÑ Viral Post Burst[2m > [22m[2m1000 comments on a Free user ΓåÆ 200 sent + 800 queued
[22m[39mΓä╣∩╕Å [INFO] Rate limit hit, queuing DM | {"userId":"viral_free","planType":"free","remaining":{"hourly":0,"monthly":800}}

[90mstdout[2m | tests/lib/capacity-simulation.test.ts[2m > [22m[2m≡ƒÜÇ Capacity Simulation: Full System Load Test[2m > [22m[2m≡ƒöÑ Viral Post Burst[2m > [22m[2m1000 comments on a Free user ΓåÆ 200 sent + 800 queued
[22m[39mΓä╣∩╕Å [INFO] Rate limit hit, queuing DM | {"userId":"viral_free","planType":"free","remaining":{"hourly":0,"monthly":800}}

[90mstdout[2m | tests/lib/capacity-simulation.test.ts[2m > [22m[2m≡ƒÜÇ Capacity Simulation: Full System Load Test[2m > [22m[2m≡ƒöÑ Viral Post Burst[2m > [22m[2m1000 comments on a Free user ΓåÆ 200 sent + 800 queued
[22m[39mΓä╣∩╕Å [INFO] Rate limit hit, queuing DM | {"userId":"viral_free","planType":"free","remaining":{"hourly":0,"monthly":800}}

[90mstdout[2m | tests/lib/capacity-simulation.test.ts[2m > [22m[2m≡ƒÜÇ Capacity Simulation: Full System Load Test[2m > [22m[2m≡ƒöÑ Viral Post Burst[2m > [22m[2m1000 comments on a Free user ΓåÆ 200 sent + 800 queued
[22m[39mΓä╣∩╕Å [INFO] Rate limit hit, queuing DM | {"userId":"viral_free","planType":"free","remaining":{"hourly":0,"monthly":800}}

[90mstdout[2m | tests/lib/capacity-simulation.test.ts[2m > [22m[2m≡ƒÜÇ Capacity Simulation: Full System Load Test[2m > [22m[2m≡ƒöÑ Viral Post Burst[2m > [22m[2m1000 comments on a Free user ΓåÆ 200 sent + 800 queued
[22m[39mΓä╣∩╕Å [INFO] Rate limit hit, queuing DM | {"userId":"viral_free","planType":"free","remaining":{"hourly":0,"monthly":800}}

[90mstdout[2m | tests/lib/capacity-simulation.test.ts[2m > [22m[2m≡ƒÜÇ Capacity Simulation: Full System Load Test[2m > [22m[2m≡ƒöÑ Viral Post Burst[2m > [22m[2m1000 comments on a Free user ΓåÆ 200 sent + 800 queued
[22m[39mΓä╣∩╕Å [INFO] Rate limit hit, queuing DM | {"userId":"viral_free","planType":"free","remaining":{"hourly":0,"monthly":800}}

[90mstdout[2m | tests/lib/capacity-simulation.test.ts[2m > [22m[2m≡ƒÜÇ Capacity Simulation: Full System Load Test[2m > [22m[2m≡ƒöÑ Viral Post Burst[2m > [22m[2m1000 comments on a Free user ΓåÆ 200 sent + 800 queued
[22m[39mΓä╣∩╕Å [INFO] Rate limit hit, queuing DM | {"userId":"viral_free","planType":"free","remaining":{"hourly":0,"monthly":800}}

[90mstdout[2m | tests/lib/capacity-simulation.test.ts[2m > [22m[2m≡ƒÜÇ Capacity Simulation: Full System Load Test[2m > [22m[2m≡ƒöÑ Viral Post Burst[2m > [22m[2m1000 comments on a Free user ΓåÆ 200 sent + 800 queued
[22m[39mΓä╣∩╕Å [INFO] Rate limit hit, queuing DM | {"userId":"viral_free","planType":"free","remaining":{"hourly":0,"monthly":800}}

[90mstdout[2m | tests/lib/capacity-simulation.test.ts[2m > [22m[2m≡ƒÜÇ Capacity Simulation: Full System Load Test[2m > [22m[2m≡ƒöÑ Viral Post Burst[2m > [22m[2m1000 comments on a Free user ΓåÆ 200 sent + 800 queued
[22m[39mΓä╣∩╕Å [INFO] Rate limit hit, queuing DM | {"userId":"viral_free","planType":"free","remaining":{"hourly":0,"monthly":800}}

[90mstdout[2m | tests/lib/capacity-simulation.test.ts[2m > [22m[2m≡ƒÜÇ Capacity Simulation: Full System Load Test[2m > [22m[2m≡ƒöÑ Viral Post Burst[2m > [22m[2m1000 comments on a Free user ΓåÆ 200 sent + 800 queued
[22m[39mΓä╣∩╕Å [INFO] Rate limit hit, queuing DM | {"userId":"viral_free","planType":"free","remaining":{"hourly":0,"monthly":800}}

[90mstdout[2m | tests/lib/capacity-simulation.test.ts[2m > [22m[2m≡ƒÜÇ Capacity Simulation: Full System Load Test[2m > [22m[2m≡ƒöÑ Viral Post Burst[2m > [22m[2m1000 comments on a Free user ΓåÆ 200 sent + 800 queued
[22m[39mΓä╣∩╕Å [INFO] Rate limit hit, queuing DM | {"userId":"viral_free","planType":"free","remaining":{"hourly":0,"monthly":800}}

[90mstdout[2m | tests/lib/capacity-simulation.test.ts[2m > [22m[2m≡ƒÜÇ Capacity Simulation: Full System Load Test[2m > [22m[2m≡ƒöÑ Viral Post Burst[2m > [22m[2m1000 comments on a Free user ΓåÆ 200 sent + 800 queued
[22m[39mΓä╣∩╕Å [INFO] Rate limit hit, queuing DM | {"userId":"viral_free","planType":"free","remaining":{"hourly":0,"monthly":800}}

[90mstdout[2m | tests/lib/capacity-simulation.test.ts[2m > [22m[2m≡ƒÜÇ Capacity Simulation: Full System Load Test[2m > [22m[2m≡ƒöÑ Viral Post Burst[2m > [22m[2m1000 comments on a Free user ΓåÆ 200 sent + 800 queued
[22m[39mΓä╣∩╕Å [INFO] Rate limit hit, queuing DM | {"userId":"viral_free","planType":"free","remaining":{"hourly":0,"monthly":800}}

[90mstdout[2m | tests/lib/capacity-simulation.test.ts[2m > [22m[2m≡ƒÜÇ Capacity Simulation: Full System Load Test[2m > [22m[2m≡ƒöÑ Viral Post Burst[2m > [22m[2m1000 comments on a Free user ΓåÆ 200 sent + 800 queued
[22m[39mΓä╣∩╕Å [INFO] Rate limit hit, queuing DM | {"userId":"viral_free","planType":"free","remaining":{"hourly":0,"monthly":800}}

[90mstdout[2m | tests/lib/capacity-simulation.test.ts[2m > [22m[2m≡ƒÜÇ Capacity Simulation: Full System Load Test[2m > [22m[2m≡ƒöÑ Viral Post Burst[2m > [22m[2m1000 comments on a Free user ΓåÆ 200 sent + 800 queued
[22m[39mΓä╣∩╕Å [INFO] Rate limit hit, queuing DM | {"userId":"viral_free","planType":"free","remaining":{"hourly":0,"monthly":800}}

[90mstdout[2m | tests/lib/capacity-simulation.test.ts[2m > [22m[2m≡ƒÜÇ Capacity Simulation: Full System Load Test[2m > [22m[2m≡ƒöÑ Viral Post Burst[2m > [22m[2m1000 comments on a Free user ΓåÆ 200 sent + 800 queued
[22m[39mΓä╣∩╕Å [INFO] Rate limit hit, queuing DM | {"userId":"viral_free","planType":"free","remaining":{"hourly":0,"monthly":800}}

[90mstdout[2m | tests/lib/capacity-simulation.test.ts[2m > [22m[2m≡ƒÜÇ Capacity Simulation: Full System Load Test[2m > [22m[2m≡ƒöÑ Viral Post Burst[2m > [22m[2m1000 comments on a Free user ΓåÆ 200 sent + 800 queued
[22m[39mΓä╣∩╕Å [INFO] Rate limit hit, queuing DM | {"userId":"viral_free","planType":"free","remaining":{"hourly":0,"monthly":800}}

[90mstdout[2m | tests/lib/capacity-simulation.test.ts[2m > [22m[2m≡ƒÜÇ Capacity Simulation: Full System Load Test[2m > [22m[2m≡ƒöÑ Viral Post Burst[2m > [22m[2m1000 comments on a Free user ΓåÆ 200 sent + 800 queued
[22m[39mΓä╣∩╕Å [INFO] Rate limit hit, queuing DM | {"userId":"viral_free","planType":"free","remaining":{"hourly":0,"monthly":800}}

[90mstdout[2m | tests/lib/capacity-simulation.test.ts[2m > [22m[2m≡ƒÜÇ Capacity Simulation: Full System Load Test[2m > [22m[2m≡ƒöÑ Viral Post Burst[2m > [22m[2m1000 comments on a Free user ΓåÆ 200 sent + 800 queued
[22m[39mΓä╣∩╕Å [INFO] Rate limit hit, queuing DM | {"userId":"viral_free","planType":"free","remaining":{"hourly":0,"monthly":800}}

[90mstdout[2m | tests/lib/capacity-simulation.test.ts[2m > [22m[2m≡ƒÜÇ Capacity Simulation: Full System Load Test[2m > [22m[2m≡ƒöÑ Viral Post Burst[2m > [22m[2m1000 comments on a Free user ΓåÆ 200 sent + 800 queued
[22m[39mΓä╣∩╕Å [INFO] Rate limit hit, queuing DM | {"userId":"viral_free","planType":"free","remaining":{"hourly":0,"monthly":800}}

[90mstdout[2m | tests/lib/capacity-simulation.test.ts[2m > [22m[2m≡ƒÜÇ Capacity Simulation: Full System Load Test[2m > [22m[2m≡ƒöÑ Viral Post Burst[2m > [22m[2m1000 comments on a Free user ΓåÆ 200 sent + 800 queued
[22m[39mΓä╣∩╕Å [INFO] Rate limit hit, queuing DM | {"userId":"viral_free","planType":"free","remaining":{"hourly":0,"monthly":800}}

[90mstdout[2m | tests/lib/capacity-simulation.test.ts[2m > [22m[2m≡ƒÜÇ Capacity Simulation: Full System Load Test[2m > [22m[2m≡ƒöÑ Viral Post Burst[2m > [22m[2m1000 comments on a Free user ΓåÆ 200 sent + 800 queued
[22m[39mΓä╣∩╕Å [INFO] Rate limit hit, queuing DM | {"userId":"viral_free","planType":"free","remaining":{"hourly":0,"monthly":800}}

[90mstdout[2m | tests/lib/capacity-simulation.test.ts[2m > [22m[2m≡ƒÜÇ Capacity Simulation: Full System Load Test[2m > [22m[2m≡ƒöÑ Viral Post Burst[2m > [22m[2m1000 comments on a Free user ΓåÆ 200 sent + 800 queued
[22m[39mΓä╣∩╕Å [INFO] Rate limit hit, queuing DM | {"userId":"viral_free","planType":"free","remaining":{"hourly":0,"monthly":800}}

[90mstdout[2m | tests/lib/capacity-simulation.test.ts[2m > [22m[2m≡ƒÜÇ Capacity Simulation: Full System Load Test[2m > [22m[2m≡ƒöÑ Viral Post Burst[2m > [22m[2m1000 comments on a Free user ΓåÆ 200 sent + 800 queued
[22m[39mΓä╣∩╕Å [INFO] Rate limit hit, queuing DM | {"userId":"viral_free","planType":"free","remaining":{"hourly":0,"monthly":800}}

[90mstdout[2m | tests/lib/capacity-simulation.test.ts[2m > [22m[2m≡ƒÜÇ Capacity Simulation: Full System Load Test[2m > [22m[2m≡ƒöÑ Viral Post Burst[2m > [22m[2m1000 comments on a Free user ΓåÆ 200 sent + 800 queued
[22m[39mΓä╣∩╕Å [INFO] Rate limit hit, queuing DM | {"userId":"viral_free","planType":"free","remaining":{"hourly":0,"monthly":800}}

[90mstdout[2m | tests/lib/capacity-simulation.test.ts[2m > [22m[2m≡ƒÜÇ Capacity Simulation: Full System Load Test[2m > [22m[2m≡ƒöÑ Viral Post Burst[2m > [22m[2m1000 comments on a Free user ΓåÆ 200 sent + 800 queued
[22m[39mΓä╣∩╕Å [INFO] Rate limit hit, queuing DM | {"userId":"viral_free","planType":"free","remaining":{"hourly":0,"monthly":800}}

[90mstdout[2m | tests/lib/capacity-simulation.test.ts[2m > [22m[2m≡ƒÜÇ Capacity Simulation: Full System Load Test[2m > [22m[2m≡ƒöÑ Viral Post Burst[2m > [22m[2m1000 comments on a Free user ΓåÆ 200 sent + 800 queued
[22m[39mΓä╣∩╕Å [INFO] Rate limit hit, queuing DM | {"userId":"viral_free","planType":"free","remaining":{"hourly":0,"monthly":800}}

[90mstdout[2m | tests/lib/capacity-simulation.test.ts[2m > [22m[2m≡ƒÜÇ Capacity Simulation: Full System Load Test[2m > [22m[2m≡ƒöÑ Viral Post Burst[2m > [22m[2m1000 comments on a Free user ΓåÆ 200 sent + 800 queued
[22m[39mΓä╣∩╕Å [INFO] Rate limit hit, queuing DM | {"userId":"viral_free","planType":"free","remaining":{"hourly":0,"monthly":800}}

[90mstdout[2m | tests/lib/capacity-simulation.test.ts[2m > [22m[2m≡ƒÜÇ Capacity Simulation: Full System Load Test[2m > [22m[2m≡ƒöÑ Viral Post Burst[2m > [22m[2m1000 comments on a Free user ΓåÆ 200 sent + 800 queued
[22m[39mΓä╣∩╕Å [INFO] Rate limit hit, queuing DM | {"userId":"viral_free","planType":"free","remaining":{"hourly":0,"monthly":800}}

[90mstdout[2m | tests/lib/capacity-simulation.test.ts[2m > [22m[2m≡ƒÜÇ Capacity Simulation: Full System Load Test[2m > [22m[2m≡ƒöÑ Viral Post Burst[2m > [22m[2m1000 comments on a Free user ΓåÆ 200 sent + 800 queued
[22m[39mΓä╣∩╕Å [INFO] Rate limit hit, queuing DM | {"userId":"viral_free","planType":"free","remaining":{"hourly":0,"monthly":800}}

[90mstdout[2m | tests/lib/capacity-simulation.test.ts[2m > [22m[2m≡ƒÜÇ Capacity Simulation: Full System Load Test[2m > [22m[2m≡ƒöÑ Viral Post Burst[2m > [22m[2m1000 comments on a Free user ΓåÆ 200 sent + 800 queued
[22m[39mΓä╣∩╕Å [INFO] Rate limit hit, queuing DM | {"userId":"viral_free","planType":"free","remaining":{"hourly":0,"monthly":800}}

[90mstdout[2m | tests/lib/capacity-simulation.test.ts[2m > [22m[2m≡ƒÜÇ Capacity Simulation: Full System Load Test[2m > [22m[2m≡ƒöÑ Viral Post Burst[2m > [22m[2m1000 comments on a Free user ΓåÆ 200 sent + 800 queued
[22m[39mΓä╣∩╕Å [INFO] Rate limit hit, queuing DM | {"userId":"viral_free","planType":"free","remaining":{"hourly":0,"monthly":800}}

[90mstdout[2m | tests/lib/capacity-simulation.test.ts[2m > [22m[2m≡ƒÜÇ Capacity Simulation: Full System Load Test[2m > [22m[2m≡ƒöÑ Viral Post Burst[2m > [22m[2m1000 comments on a Free user ΓåÆ 200 sent + 800 queued
[22m[39mΓä╣∩╕Å [INFO] Rate limit hit, queuing DM | {"userId":"viral_free","planType":"free","remaining":{"hourly":0,"monthly":800}}

[90mstdout[2m | tests/lib/capacity-simulation.test.ts[2m > [22m[2m≡ƒÜÇ Capacity Simulation: Full System Load Test[2m > [22m[2m≡ƒöÑ Viral Post Burst[2m > [22m[2m1000 comments on a Free user ΓåÆ 200 sent + 800 queued
[22m[39mΓä╣∩╕Å [INFO] Rate limit hit, queuing DM | {"userId":"viral_free","planType":"free","remaining":{"hourly":0,"monthly":800}}

[90mstdout[2m | tests/lib/capacity-simulation.test.ts[2m > [22m[2m≡ƒÜÇ Capacity Simulation: Full System Load Test[2m > [22m[2m≡ƒöÑ Viral Post Burst[2m > [22m[2m1000 comments on a Free user ΓåÆ 200 sent + 800 queued
[22m[39mΓä╣∩╕Å [INFO] Rate limit hit, queuing DM | {"userId":"viral_free","planType":"free","remaining":{"hourly":0,"monthly":800}}

[90mstdout[2m | tests/lib/capacity-simulation.test.ts[2m > [22m[2m≡ƒÜÇ Capacity Simulation: Full System Load Test[2m > [22m[2m≡ƒöÑ Viral Post Burst[2m > [22m[2m1000 comments on a Free user ΓåÆ 200 sent + 800 queued
[22m[39mΓä╣∩╕Å [INFO] Rate limit hit, queuing DM | {"userId":"viral_free","planType":"free","remaining":{"hourly":0,"monthly":800}}

[90mstdout[2m | tests/lib/capacity-simulation.test.ts[2m > [22m[2m≡ƒÜÇ Capacity Simulation: Full System Load Test[2m > [22m[2m≡ƒöÑ Viral Post Burst[2m > [22m[2m1000 comments on a Free user ΓåÆ 200 sent + 800 queued
[22m[39mΓä╣∩╕Å [INFO] Rate limit hit, queuing DM | {"userId":"viral_free","planType":"free","remaining":{"hourly":0,"monthly":800}}

[90mstdout[2m | tests/lib/capacity-simulation.test.ts[2m > [22m[2m≡ƒÜÇ Capacity Simulation: Full System Load Test[2m > [22m[2m≡ƒöÑ Viral Post Burst[2m > [22m[2m1000 comments on a Free user ΓåÆ 200 sent + 800 queued
[22m[39mΓä╣∩╕Å [INFO] Rate limit hit, queuing DM | {"userId":"viral_free","planType":"free","remaining":{"hourly":0,"monthly":800}}

[90mstdout[2m | tests/lib/capacity-simulation.test.ts[2m > [22m[2m≡ƒÜÇ Capacity Simulation: Full System Load Test[2m > [22m[2m≡ƒöÑ Viral Post Burst[2m > [22m[2m1000 comments on a Free user ΓåÆ 200 sent + 800 queued
[22m[39mΓä╣∩╕Å [INFO] Rate limit hit, queuing DM | {"userId":"viral_free","planType":"free","remaining":{"hourly":0,"monthly":800}}

[90mstdout[2m | tests/lib/capacity-simulation.test.ts[2m > [22m[2m≡ƒÜÇ Capacity Simulation: Full System Load Test[2m > [22m[2m≡ƒöÑ Viral Post Burst[2m > [22m[2m1000 comments on a Free user ΓåÆ 200 sent + 800 queued
[22m[39mΓä╣∩╕Å [INFO] Rate limit hit, queuing DM | {"userId":"viral_free","planType":"free","remaining":{"hourly":0,"monthly":800}}

[90mstdout[2m | tests/lib/capacity-simulation.test.ts[2m > [22m[2m≡ƒÜÇ Capacity Simulation: Full System Load Test[2m > [22m[2m≡ƒöÑ Viral Post Burst[2m > [22m[2m1000 comments on a Free user ΓåÆ 200 sent + 800 queued
[22m[39mΓä╣∩╕Å [INFO] Rate limit hit, queuing DM | {"userId":"viral_free","planType":"free","remaining":{"hourly":0,"monthly":800}}

[90mstdout[2m | tests/lib/capacity-simulation.test.ts[2m > [22m[2m≡ƒÜÇ Capacity Simulation: Full System Load Test[2m > [22m[2m≡ƒöÑ Viral Post Burst[2m > [22m[2m1000 comments on a Free user ΓåÆ 200 sent + 800 queued
[22m[39mΓä╣∩╕Å [INFO] Rate limit hit, queuing DM | {"userId":"viral_free","planType":"free","remaining":{"hourly":0,"monthly":800}}

[90mstdout[2m | tests/lib/capacity-simulation.test.ts[2m > [22m[2m≡ƒÜÇ Capacity Simulation: Full System Load Test[2m > [22m[2m≡ƒöÑ Viral Post Burst[2m > [22m[2m1000 comments on a Free user ΓåÆ 200 sent + 800 queued
[22m[39mΓä╣∩╕Å [INFO] Rate limit hit, queuing DM | {"userId":"viral_free","planType":"free","remaining":{"hourly":0,"monthly":800}}

[90mstdout[2m | tests/lib/capacity-simulation.test.ts[2m > [22m[2m≡ƒÜÇ Capacity Simulation: Full System Load Test[2m > [22m[2m≡ƒöÑ Viral Post Burst[2m > [22m[2m1000 comments on a Free user ΓåÆ 200 sent + 800 queued
[22m[39mΓä╣∩╕Å [INFO] Rate limit hit, queuing DM | {"userId":"viral_free","planType":"free","remaining":{"hourly":0,"monthly":800}}

[90mstdout[2m | tests/lib/capacity-simulation.test.ts[2m > [22m[2m≡ƒÜÇ Capacity Simulation: Full System Load Test[2m > [22m[2m≡ƒöÑ Viral Post Burst[2m > [22m[2m1000 comments on a Free user ΓåÆ 200 sent + 800 queued
[22m[39mΓä╣∩╕Å [INFO] Rate limit hit, queuing DM | {"userId":"viral_free","planType":"free","remaining":{"hourly":0,"monthly":800}}

[90mstdout[2m | tests/lib/capacity-simulation.test.ts[2m > [22m[2m≡ƒÜÇ Capacity Simulation: Full System Load Test[2m > [22m[2m≡ƒöÑ Viral Post Burst[2m > [22m[2m1000 comments on a Free user ΓåÆ 200 sent + 800 queued
[22m[39mΓä╣∩╕Å [INFO] Rate limit hit, queuing DM | {"userId":"viral_free","planType":"free","remaining":{"hourly":0,"monthly":800}}

[90mstdout[2m | tests/lib/capacity-simulation.test.ts[2m > [22m[2m≡ƒÜÇ Capacity Simulation: Full System Load Test[2m > [22m[2m≡ƒöÑ Viral Post Burst[2m > [22m[2m1000 comments on a Free user ΓåÆ 200 sent + 800 queued
[22m[39mΓä╣∩╕Å [INFO] Rate limit hit, queuing DM | {"userId":"viral_free","planType":"free","remaining":{"hourly":0,"monthly":800}}

[90mstdout[2m | tests/lib/capacity-simulation.test.ts[2m > [22m[2m≡ƒÜÇ Capacity Simulation: Full System Load Test[2m > [22m[2m≡ƒöÑ Viral Post Burst[2m > [22m[2m1000 comments on a Free user ΓåÆ 200 sent + 800 queued
[22m[39mΓä╣∩╕Å [INFO] Rate limit hit, queuing DM | {"userId":"viral_free","planType":"free","remaining":{"hourly":0,"monthly":800}}

[90mstdout[2m | tests/lib/capacity-simulation.test.ts[2m > [22m[2m≡ƒÜÇ Capacity Simulation: Full System Load Test[2m > [22m[2m≡ƒöÑ Viral Post Burst[2m > [22m[2m1000 comments on a Free user ΓåÆ 200 sent + 800 queued
[22m[39mΓä╣∩╕Å [INFO] Rate limit hit, queuing DM | {"userId":"viral_free","planType":"free","remaining":{"hourly":0,"monthly":800}}

[90mstdout[2m | tests/lib/capacity-simulation.test.ts[2m > [22m[2m≡ƒÜÇ Capacity Simulation: Full System Load Test[2m > [22m[2m≡ƒöÑ Viral Post Burst[2m > [22m[2m1000 comments on a Free user ΓåÆ 200 sent + 800 queued
[22m[39mΓä╣∩╕Å [INFO] Rate limit hit, queuing DM | {"userId":"viral_free","planType":"free","remaining":{"hourly":0,"monthly":800}}

[90mstdout[2m | tests/lib/capacity-simulation.test.ts[2m > [22m[2m≡ƒÜÇ Capacity Simulation: Full System Load Test[2m > [22m[2m≡ƒöÑ Viral Post Burst[2m > [22m[2m1000 comments on a Free user ΓåÆ 200 sent + 800 queued
[22m[39mΓä╣∩╕Å [INFO] Rate limit hit, queuing DM | {"userId":"viral_free","planType":"free","remaining":{"hourly":0,"monthly":800}}

[90mstdout[2m | tests/lib/capacity-simulation.test.ts[2m > [22m[2m≡ƒÜÇ Capacity Simulation: Full System Load Test[2m > [22m[2m≡ƒöÑ Viral Post Burst[2m > [22m[2m1000 comments on a Free user ΓåÆ 200 sent + 800 queued
[22m[39mΓä╣∩╕Å [INFO] Rate limit hit, queuing DM | {"userId":"viral_free","planType":"free","remaining":{"hourly":0,"monthly":800}}

[90mstdout[2m | tests/lib/capacity-simulation.test.ts[2m > [22m[2m≡ƒÜÇ Capacity Simulation: Full System Load Test[2m > [22m[2m≡ƒöÑ Viral Post Burst[2m > [22m[2m1000 comments on a Free user ΓåÆ 200 sent + 800 queued
[22m[39mΓä╣∩╕Å [INFO] Rate limit hit, queuing DM | {"userId":"viral_free","planType":"free","remaining":{"hourly":0,"monthly":800}}

[90mstdout[2m | tests/lib/capacity-simulation.test.ts[2m > [22m[2m≡ƒÜÇ Capacity Simulation: Full System Load Test[2m > [22m[2m≡ƒöÑ Viral Post Burst[2m > [22m[2m1000 comments on a Free user ΓåÆ 200 sent + 800 queued
[22m[39mΓä╣∩╕Å [INFO] Rate limit hit, queuing DM | {"userId":"viral_free","planType":"free","remaining":{"hourly":0,"monthly":800}}

[90mstdout[2m | tests/lib/capacity-simulation.test.ts[2m > [22m[2m≡ƒÜÇ Capacity Simulation: Full System Load Test[2m > [22m[2m≡ƒöÑ Viral Post Burst[2m > [22m[2m1000 comments on a Free user ΓåÆ 200 sent + 800 queued
[22m[39mΓä╣∩╕Å [INFO] Rate limit hit, queuing DM | {"userId":"viral_free","planType":"free","remaining":{"hourly":0,"monthly":800}}

[90mstdout[2m | tests/lib/capacity-simulation.test.ts[2m > [22m[2m≡ƒÜÇ Capacity Simulation: Full System Load Test[2m > [22m[2m≡ƒöÑ Viral Post Burst[2m > [22m[2m1000 comments on a Free user ΓåÆ 200 sent + 800 queued
[22m[39mΓä╣∩╕Å [INFO] Rate limit hit, queuing DM | {"userId":"viral_free","planType":"free","remaining":{"hourly":0,"monthly":800}}

[90mstdout[2m | tests/lib/capacity-simulation.test.ts[2m > [22m[2m≡ƒÜÇ Capacity Simulation: Full System Load Test[2m > [22m[2m≡ƒöÑ Viral Post Burst[2m > [22m[2m1000 comments on a Free user ΓåÆ 200 sent + 800 queued
[22m[39mΓä╣∩╕Å [INFO] Rate limit hit, queuing DM | {"userId":"viral_free","planType":"free","remaining":{"hourly":0,"monthly":800}}

[90mstdout[2m | tests/lib/capacity-simulation.test.ts[2m > [22m[2m≡ƒÜÇ Capacity Simulation: Full System Load Test[2m > [22m[2m≡ƒöÑ Viral Post Burst[2m > [22m[2m1000 comments on a Free user ΓåÆ 200 sent + 800 queued
[22m[39mΓä╣∩╕Å [INFO] Rate limit hit, queuing DM | {"userId":"viral_free","planType":"free","remaining":{"hourly":0,"monthly":800}}

[90mstdout[2m | tests/lib/capacity-simulation.test.ts[2m > [22m[2m≡ƒÜÇ Capacity Simulation: Full System Load Test[2m > [22m[2m≡ƒöÑ Viral Post Burst[2m > [22m[2m1000 comments on a Free user ΓåÆ 200 sent + 800 queued
[22m[39mΓä╣∩╕Å [INFO] Rate limit hit, queuing DM | {"userId":"viral_free","planType":"free","remaining":{"hourly":0,"monthly":800}}

[90mstdout[2m | tests/lib/capacity-simulation.test.ts[2m > [22m[2m≡ƒÜÇ Capacity Simulation: Full System Load Test[2m > [22m[2m≡ƒöÑ Viral Post Burst[2m > [22m[2m1000 comments on a Free user ΓåÆ 200 sent + 800 queued
[22m[39mΓä╣∩╕Å [INFO] Rate limit hit, queuing DM | {"userId":"viral_free","planType":"free","remaining":{"hourly":0,"monthly":800}}

[90mstdout[2m | tests/lib/capacity-simulation.test.ts[2m > [22m[2m≡ƒÜÇ Capacity Simulation: Full System Load Test[2m > [22m[2m≡ƒöÑ Viral Post Burst[2m > [22m[2m1000 comments on a Free user ΓåÆ 200 sent + 800 queued
[22m[39mΓä╣∩╕Å [INFO] Rate limit hit, queuing DM | {"userId":"viral_free","planType":"free","remaining":{"hourly":0,"monthly":800}}

[90mstdout[2m | tests/lib/capacity-simulation.test.ts[2m > [22m[2m≡ƒÜÇ Capacity Simulation: Full System Load Test[2m > [22m[2m≡ƒöÑ Viral Post Burst[2m > [22m[2m1000 comments on a Free user ΓåÆ 200 sent + 800 queued
[22m[39mΓä╣∩╕Å [INFO] Rate limit hit, queuing DM | {"userId":"viral_free","planType":"free","remaining":{"hourly":0,"monthly":800}}

[90mstdout[2m | tests/lib/capacity-simulation.test.ts[2m > [22m[2m≡ƒÜÇ Capacity Simulation: Full System Load Test[2m > [22m[2m≡ƒöÑ Viral Post Burst[2m > [22m[2m1000 comments on a Free user ΓåÆ 200 sent + 800 queued
[22m[39mΓä╣∩╕Å [INFO] Rate limit hit, queuing DM | {"userId":"viral_free","planType":"free","remaining":{"hourly":0,"monthly":800}}

[90mstdout[2m | tests/lib/capacity-simulation.test.ts[2m > [22m[2m≡ƒÜÇ Capacity Simulation: Full System Load Test[2m > [22m[2m≡ƒöÑ Viral Post Burst[2m > [22m[2m1000 comments on a Free user ΓåÆ 200 sent + 800 queued
[22m[39mΓä╣∩╕Å [INFO] Rate limit hit, queuing DM | {"userId":"viral_free","planType":"free","remaining":{"hourly":0,"monthly":800}}

[90mstdout[2m | tests/lib/capacity-simulation.test.ts[2m > [22m[2m≡ƒÜÇ Capacity Simulation: Full System Load Test[2m > [22m[2m≡ƒöÑ Viral Post Burst[2m > [22m[2m1000 comments on a Free user ΓåÆ 200 sent + 800 queued
[22m[39mΓä╣∩╕Å [INFO] Rate limit hit, queuing DM | {"userId":"viral_free","planType":"free","remaining":{"hourly":0,"monthly":800}}

[90mstdout[2m | tests/lib/capacity-simulation.test.ts[2m > [22m[2m≡ƒÜÇ Capacity Simulation: Full System Load Test[2m > [22m[2m≡ƒöÑ Viral Post Burst[2m > [22m[2m1000 comments on a Free user ΓåÆ 200 sent + 800 queued
[22m[39mΓä╣∩╕Å [INFO] Rate limit hit, queuing DM | {"userId":"viral_free","planType":"free","remaining":{"hourly":0,"monthly":800}}

[90mstdout[2m | tests/lib/capacity-simulation.test.ts[2m > [22m[2m≡ƒÜÇ Capacity Simulation: Full System Load Test[2m > [22m[2m≡ƒöÑ Viral Post Burst[2m > [22m[2m1000 comments on a Free user ΓåÆ 200 sent + 800 queued
[22m[39mΓä╣∩╕Å [INFO] Rate limit hit, queuing DM | {"userId":"viral_free","planType":"free","remaining":{"hourly":0,"monthly":800}}

[90mstdout[2m | tests/lib/capacity-simulation.test.ts[2m > [22m[2m≡ƒÜÇ Capacity Simulation: Full System Load Test[2m > [22m[2m≡ƒöÑ Viral Post Burst[2m > [22m[2m1000 comments on a Free user ΓåÆ 200 sent + 800 queued
[22m[39mΓä╣∩╕Å [INFO] Rate limit hit, queuing DM | {"userId":"viral_free","planType":"free","remaining":{"hourly":0,"monthly":800}}

[90mstdout[2m | tests/lib/capacity-simulation.test.ts[2m > [22m[2m≡ƒÜÇ Capacity Simulation: Full System Load Test[2m > [22m[2m≡ƒöÑ Viral Post Burst[2m > [22m[2m1000 comments on a Free user ΓåÆ 200 sent + 800 queued
[22m[39mΓä╣∩╕Å [INFO] Rate limit hit, queuing DM | {"userId":"viral_free","planType":"free","remaining":{"hourly":0,"monthly":800}}

[90mstdout[2m | tests/lib/capacity-simulation.test.ts[2m > [22m[2m≡ƒÜÇ Capacity Simulation: Full System Load Test[2m > [22m[2m≡ƒöÑ Viral Post Burst[2m > [22m[2m1000 comments on a Free user ΓåÆ 200 sent + 800 queued
[22m[39mΓä╣∩╕Å [INFO] Rate limit hit, queuing DM | {"userId":"viral_free","planType":"free","remaining":{"hourly":0,"monthly":800}}

[90mstdout[2m | tests/lib/capacity-simulation.test.ts[2m > [22m[2m≡ƒÜÇ Capacity Simulation: Full System Load Test[2m > [22m[2m≡ƒöÑ Viral Post Burst[2m > [22m[2m1000 comments on a Free user ΓåÆ 200 sent + 800 queued
[22m[39mΓä╣∩╕Å [INFO] Rate limit hit, queuing DM | {"userId":"viral_free","planType":"free","remaining":{"hourly":0,"monthly":800}}

[90mstdout[2m | tests/lib/capacity-simulation.test.ts[2m > [22m[2m≡ƒÜÇ Capacity Simulation: Full System Load Test[2m > [22m[2m≡ƒöÑ Viral Post Burst[2m > [22m[2m1000 comments on a Free user ΓåÆ 200 sent + 800 queued
[22m[39mΓä╣∩╕Å [INFO] Rate limit hit, queuing DM | {"userId":"viral_free","planType":"free","remaining":{"hourly":0,"monthly":800}}

[90mstdout[2m | tests/lib/capacity-simulation.test.ts[2m > [22m[2m≡ƒÜÇ Capacity Simulation: Full System Load Test[2m > [22m[2m≡ƒöÑ Viral Post Burst[2m > [22m[2m1000 comments on a Free user ΓåÆ 200 sent + 800 queued
[22m[39mΓä╣∩╕Å [INFO] Rate limit hit, queuing DM | {"userId":"viral_free","planType":"free","remaining":{"hourly":0,"monthly":800}}

[90mstdout[2m | tests/lib/capacity-simulation.test.ts[2m > [22m[2m≡ƒÜÇ Capacity Simulation: Full System Load Test[2m > [22m[2m≡ƒöÑ Viral Post Burst[2m > [22m[2m1000 comments on a Free user ΓåÆ 200 sent + 800 queued
[22m[39mΓä╣∩╕Å [INFO] Rate limit hit, queuing DM | {"userId":"viral_free","planType":"free","remaining":{"hourly":0,"monthly":800}}

[90mstdout[2m | tests/lib/capacity-simulation.test.ts[2m > [22m[2m≡ƒÜÇ Capacity Simulation: Full System Load Test[2m > [22m[2m≡ƒöÑ Viral Post Burst[2m > [22m[2m1000 comments on a Free user ΓåÆ 200 sent + 800 queued
[22m[39mΓä╣∩╕Å [INFO] Rate limit hit, queuing DM | {"userId":"viral_free","planType":"free","remaining":{"hourly":0,"monthly":800}}

[90mstdout[2m | tests/lib/capacity-simulation.test.ts[2m > [22m[2m≡ƒÜÇ Capacity Simulation: Full System Load Test[2m > [22m[2m≡ƒöÑ Viral Post Burst[2m > [22m[2m1000 comments on a Free user ΓåÆ 200 sent + 800 queued
[22m[39mΓä╣∩╕Å [INFO] Rate limit hit, queuing DM | {"userId":"viral_free","planType":"free","remaining":{"hourly":0,"monthly":800}}

[90mstdout[2m | tests/lib/capacity-simulation.test.ts[2m > [22m[2m≡ƒÜÇ Capacity Simulation: Full System Load Test[2m > [22m[2m≡ƒöÑ Viral Post Burst[2m > [22m[2m1000 comments on a Free user ΓåÆ 200 sent + 800 queued
[22m[39mΓä╣∩╕Å [INFO] Rate limit hit, queuing DM | {"userId":"viral_free","planType":"free","remaining":{"hourly":0,"monthly":800}}

[90mstdout[2m | tests/lib/capacity-simulation.test.ts[2m > [22m[2m≡ƒÜÇ Capacity Simulation: Full System Load Test[2m > [22m[2m≡ƒöÑ Viral Post Burst[2m > [22m[2m1000 comments on a Free user ΓåÆ 200 sent + 800 queued
[22m[39mΓä╣∩╕Å [INFO] Rate limit hit, queuing DM | {"userId":"viral_free","planType":"free","remaining":{"hourly":0,"monthly":800}}

[90mstdout[2m | tests/lib/capacity-simulation.test.ts[2m > [22m[2m≡ƒÜÇ Capacity Simulation: Full System Load Test[2m > [22m[2m≡ƒöÑ Viral Post Burst[2m > [22m[2m1000 comments on a Free user ΓåÆ 200 sent + 800 queued
[22m[39mΓä╣∩╕Å [INFO] Rate limit hit, queuing DM | {"userId":"viral_free","planType":"free","remaining":{"hourly":0,"monthly":800}}

[90mstdout[2m | tests/lib/capacity-simulation.test.ts[2m > [22m[2m≡ƒÜÇ Capacity Simulation: Full System Load Test[2m > [22m[2m≡ƒöÑ Viral Post Burst[2m > [22m[2m1000 comments on a Free user ΓåÆ 200 sent + 800 queued
[22m[39mΓä╣∩╕Å [INFO] Rate limit hit, queuing DM | {"userId":"viral_free","planType":"free","remaining":{"hourly":0,"monthly":800}}

[90mstdout[2m | tests/lib/capacity-simulation.test.ts[2m > [22m[2m≡ƒÜÇ Capacity Simulation: Full System Load Test[2m > [22m[2m≡ƒöÑ Viral Post Burst[2m > [22m[2m1000 comments on a Free user ΓåÆ 200 sent + 800 queued
[22m[39mΓä╣∩╕Å [INFO] Rate limit hit, queuing DM | {"userId":"viral_free","planType":"free","remaining":{"hourly":0,"monthly":800}}

[90mstdout[2m | tests/lib/capacity-simulation.test.ts[2m > [22m[2m≡ƒÜÇ Capacity Simulation: Full System Load Test[2m > [22m[2m≡ƒöÑ Viral Post Burst[2m > [22m[2m1000 comments on a Free user ΓåÆ 200 sent + 800 queued
[22m[39mΓä╣∩╕Å [INFO] Rate limit hit, queuing DM | {"userId":"viral_free","planType":"free","remaining":{"hourly":0,"monthly":800}}

[90mstdout[2m | tests/lib/capacity-simulation.test.ts[2m > [22m[2m≡ƒÜÇ Capacity Simulation: Full System Load Test[2m > [22m[2m≡ƒöÑ Viral Post Burst[2m > [22m[2m1000 comments on a Free user ΓåÆ 200 sent + 800 queued
[22m[39mΓä╣∩╕Å [INFO] Rate limit hit, queuing DM | {"userId":"viral_free","planType":"free","remaining":{"hourly":0,"monthly":800}}

[90mstdout[2m | tests/lib/capacity-simulation.test.ts[2m > [22m[2m≡ƒÜÇ Capacity Simulation: Full System Load Test[2m > [22m[2m≡ƒöÑ Viral Post Burst[2m > [22m[2m1000 comments on a Free user ΓåÆ 200 sent + 800 queued
[22m[39mΓä╣∩╕Å [INFO] Rate limit hit, queuing DM | {"userId":"viral_free","planType":"free","remaining":{"hourly":0,"monthly":800}}

[90mstdout[2m | tests/lib/capacity-simulation.test.ts[2m > [22m[2m≡ƒÜÇ Capacity Simulation: Full System Load Test[2m > [22m[2m≡ƒöÑ Viral Post Burst[2m > [22m[2m1000 comments on a Free user ΓåÆ 200 sent + 800 queued
[22m[39mΓä╣∩╕Å [INFO] Rate limit hit, queuing DM | {"userId":"viral_free","planType":"free","remaining":{"hourly":0,"monthly":800}}

[90mstdout[2m | tests/lib/capacity-simulation.test.ts[2m > [22m[2m≡ƒÜÇ Capacity Simulation: Full System Load Test[2m > [22m[2m≡ƒöÑ Viral Post Burst[2m > [22m[2m1000 comments on a Free user ΓåÆ 200 sent + 800 queued
[22m[39mΓä╣∩╕Å [INFO] Rate limit hit, queuing DM | {"userId":"viral_free","planType":"free","remaining":{"hourly":0,"monthly":800}}

[90mstdout[2m | tests/lib/capacity-simulation.test.ts[2m > [22m[2m≡ƒÜÇ Capacity Simulation: Full System Load Test[2m > [22m[2m≡ƒöÑ Viral Post Burst[2m > [22m[2m1000 comments on a Free user ΓåÆ 200 sent + 800 queued
[22m[39mΓä╣∩╕Å [INFO] Rate limit hit, queuing DM | {"userId":"viral_free","planType":"free","remaining":{"hourly":0,"monthly":800}}

[90mstdout[2m | tests/lib/capacity-simulation.test.ts[2m > [22m[2m≡ƒÜÇ Capacity Simulation: Full System Load Test[2m > [22m[2m≡ƒöÑ Viral Post Burst[2m > [22m[2m1000 comments on a Free user ΓåÆ 200 sent + 800 queued
[22m[39mΓä╣∩╕Å [INFO] Rate limit hit, queuing DM | {"userId":"viral_free","planType":"free","remaining":{"hourly":0,"monthly":800}}

[90mstdout[2m | tests/lib/capacity-simulation.test.ts[2m > [22m[2m≡ƒÜÇ Capacity Simulation: Full System Load Test[2m > [22m[2m≡ƒöÑ Viral Post Burst[2m > [22m[2m1000 comments on a Free user ΓåÆ 200 sent + 800 queued
[22m[39mΓä╣∩╕Å [INFO] Rate limit hit, queuing DM | {"userId":"viral_free","planType":"free","remaining":{"hourly":0,"monthly":800}}

[90mstdout[2m | tests/lib/capacity-simulation.test.ts[2m > [22m[2m≡ƒÜÇ Capacity Simulation: Full System Load Test[2m > [22m[2m≡ƒöÑ Viral Post Burst[2m > [22m[2m1000 comments on a Free user ΓåÆ 200 sent + 800 queued
[22m[39mΓä╣∩╕Å [INFO] Rate limit hit, queuing DM | {"userId":"viral_free","planType":"free","remaining":{"hourly":0,"monthly":800}}

[90mstdout[2m | tests/lib/capacity-simulation.test.ts[2m > [22m[2m≡ƒÜÇ Capacity Simulation: Full System Load Test[2m > [22m[2m≡ƒöÑ Viral Post Burst[2m > [22m[2m1000 comments on a Free user ΓåÆ 200 sent + 800 queued
[22m[39mΓä╣∩╕Å [INFO] Rate limit hit, queuing DM | {"userId":"viral_free","planType":"free","remaining":{"hourly":0,"monthly":800}}

[90mstdout[2m | tests/lib/capacity-simulation.test.ts[2m > [22m[2m≡ƒÜÇ Capacity Simulation: Full System Load Test[2m > [22m[2m≡ƒöÑ Viral Post Burst[2m > [22m[2m1000 comments on a Free user ΓåÆ 200 sent + 800 queued
[22m[39mΓä╣∩╕Å [INFO] Rate limit hit, queuing DM | {"userId":"viral_free","planType":"free","remaining":{"hourly":0,"monthly":800}}

[90mstdout[2m | tests/lib/capacity-simulation.test.ts[2m > [22m[2m≡ƒÜÇ Capacity Simulation: Full System Load Test[2m > [22m[2m≡ƒöÑ Viral Post Burst[2m > [22m[2m1000 comments on a Free user ΓåÆ 200 sent + 800 queued
[22m[39mΓä╣∩╕Å [INFO] Rate limit hit, queuing DM | {"userId":"viral_free","planType":"free","remaining":{"hourly":0,"monthly":800}}

[90mstdout[2m | tests/lib/capacity-simulation.test.ts[2m > [22m[2m≡ƒÜÇ Capacity Simulation: Full System Load Test[2m > [22m[2m≡ƒöÑ Viral Post Burst[2m > [22m[2m1000 comments on a Free user ΓåÆ 200 sent + 800 queued
[22m[39mΓä╣∩╕Å [INFO] Rate limit hit, queuing DM | {"userId":"viral_free","planType":"free","remaining":{"hourly":0,"monthly":800}}

[90mstdout[2m | tests/lib/capacity-simulation.test.ts[2m > [22m[2m≡ƒÜÇ Capacity Simulation: Full System Load Test[2m > [22m[2m≡ƒöÑ Viral Post Burst[2m > [22m[2m1000 comments on a Free user ΓåÆ 200 sent + 800 queued
[22m[39mΓä╣∩╕Å [INFO] Rate limit hit, queuing DM | {"userId":"viral_free","planType":"free","remaining":{"hourly":0,"monthly":800}}

[90mstdout[2m | tests/lib/capacity-simulation.test.ts[2m > [22m[2m≡ƒÜÇ Capacity Simulation: Full System Load Test[2m > [22m[2m≡ƒöÑ Viral Post Burst[2m > [22m[2m1000 comments on a Free user ΓåÆ 200 sent + 800 queued
[22m[39mΓä╣∩╕Å [INFO] Rate limit hit, queuing DM | {"userId":"viral_free","planType":"free","remaining":{"hourly":0,"monthly":800}}

[90mstdout[2m | tests/lib/capacity-simulation.test.ts[2m > [22m[2m≡ƒÜÇ Capacity Simulation: Full System Load Test[2m > [22m[2m≡ƒöÑ Viral Post Burst[2m > [22m[2m1000 comments on a Free user ΓåÆ 200 sent + 800 queued
[22m[39mΓä╣∩╕Å [INFO] Rate limit hit, queuing DM | {"userId":"viral_free","planType":"free","remaining":{"hourly":0,"monthly":800}}

[90mstdout[2m | tests/lib/capacity-simulation.test.ts[2m > [22m[2m≡ƒÜÇ Capacity Simulation: Full System Load Test[2m > [22m[2m≡ƒöÑ Viral Post Burst[2m > [22m[2m1000 comments on a Free user ΓåÆ 200 sent + 800 queued
[22m[39mΓä╣∩╕Å [INFO] Rate limit hit, queuing DM | {"userId":"viral_free","planType":"free","remaining":{"hourly":0,"monthly":800}}

[90mstdout[2m | tests/lib/capacity-simulation.test.ts[2m > [22m[2m≡ƒÜÇ Capacity Simulation: Full System Load Test[2m > [22m[2m≡ƒöÑ Viral Post Burst[2m > [22m[2m1000 comments on a Free user ΓåÆ 200 sent + 800 queued
[22m[39mΓä╣∩╕Å [INFO] Rate limit hit, queuing DM | {"userId":"viral_free","planType":"free","remaining":{"hourly":0,"monthly":800}}

[90mstdout[2m | tests/lib/capacity-simulation.test.ts[2m > [22m[2m≡ƒÜÇ Capacity Simulation: Full System Load Test[2m > [22m[2m≡ƒöÑ Viral Post Burst[2m > [22m[2m1000 comments on a Free user ΓåÆ 200 sent + 800 queued
[22m[39mΓä╣∩╕Å [INFO] Rate limit hit, queuing DM | {"userId":"viral_free","planType":"free","remaining":{"hourly":0,"monthly":800}}

[90mstdout[2m | tests/lib/capacity-simulation.test.ts[2m > [22m[2m≡ƒÜÇ Capacity Simulation: Full System Load Test[2m > [22m[2m≡ƒöÑ Viral Post Burst[2m > [22m[2m1000 comments on a Free user ΓåÆ 200 sent + 800 queued
[22m[39mΓä╣∩╕Å [INFO] Rate limit hit, queuing DM | {"userId":"viral_free","planType":"free","remaining":{"hourly":0,"monthly":800}}

[90mstdout[2m | tests/lib/capacity-simulation.test.ts[2m > [22m[2m≡ƒÜÇ Capacity Simulation: Full System Load Test[2m > [22m[2m≡ƒöÑ Viral Post Burst[2m > [22m[2m1000 comments on a Free user ΓåÆ 200 sent + 800 queued
[22m[39mΓä╣∩╕Å [INFO] Rate limit hit, queuing DM | {"userId":"viral_free","planType":"free","remaining":{"hourly":0,"monthly":800}}

[90mstdout[2m | tests/lib/capacity-simulation.test.ts[2m > [22m[2m≡ƒÜÇ Capacity Simulation: Full System Load Test[2m > [22m[2m≡ƒöÑ Viral Post Burst[2m > [22m[2m1000 comments on a Free user ΓåÆ 200 sent + 800 queued
[22m[39mΓä╣∩╕Å [INFO] Rate limit hit, queuing DM | {"userId":"viral_free","planType":"free","remaining":{"hourly":0,"monthly":800}}

[90mstdout[2m | tests/lib/capacity-simulation.test.ts[2m > [22m[2m≡ƒÜÇ Capacity Simulation: Full System Load Test[2m > [22m[2m≡ƒöÑ Viral Post Burst[2m > [22m[2m1000 comments on a Free user ΓåÆ 200 sent + 800 queued
[22m[39mΓä╣∩╕Å [INFO] Rate limit hit, queuing DM | {"userId":"viral_free","planType":"free","remaining":{"hourly":0,"monthly":800}}

[90mstdout[2m | tests/lib/capacity-simulation.test.ts[2m > [22m[2m≡ƒÜÇ Capacity Simulation: Full System Load Test[2m > [22m[2m≡ƒöÑ Viral Post Burst[2m > [22m[2m1000 comments on a Free user ΓåÆ 200 sent + 800 queued
[22m[39mΓä╣∩╕Å [INFO] Rate limit hit, queuing DM | {"userId":"viral_free","planType":"free","remaining":{"hourly":0,"monthly":800}}

[90mstdout[2m | tests/lib/capacity-simulation.test.ts[2m > [22m[2m≡ƒÜÇ Capacity Simulation: Full System Load Test[2m > [22m[2m≡ƒöÑ Viral Post Burst[2m > [22m[2m1000 comments on a Free user ΓåÆ 200 sent + 800 queued
[22m[39mΓä╣∩╕Å [INFO] Rate limit hit, queuing DM | {"userId":"viral_free","planType":"free","remaining":{"hourly":0,"monthly":800}}

[90mstdout[2m | tests/lib/capacity-simulation.test.ts[2m > [22m[2m≡ƒÜÇ Capacity Simulation: Full System Load Test[2m > [22m[2m≡ƒöÑ Viral Post Burst[2m > [22m[2m1000 comments on a Free user ΓåÆ 200 sent + 800 queued
[22m[39mΓä╣∩╕Å [INFO] Rate limit hit, queuing DM | {"userId":"viral_free","planType":"free","remaining":{"hourly":0,"monthly":800}}

[90mstdout[2m | tests/lib/capacity-simulation.test.ts[2m > [22m[2m≡ƒÜÇ Capacity Simulation: Full System Load Test[2m > [22m[2m≡ƒöÑ Viral Post Burst[2m > [22m[2m1000 comments on a Free user ΓåÆ 200 sent + 800 queued
[22m[39mΓä╣∩╕Å [INFO] Rate limit hit, queuing DM | {"userId":"viral_free","planType":"free","remaining":{"hourly":0,"monthly":800}}

[90mstdout[2m | tests/lib/capacity-simulation.test.ts[2m > [22m[2m≡ƒÜÇ Capacity Simulation: Full System Load Test[2m > [22m[2m≡ƒöÑ Viral Post Burst[2m > [22m[2m1000 comments on a Free user ΓåÆ 200 sent + 800 queued
[22m[39mΓä╣∩╕Å [INFO] Rate limit hit, queuing DM | {"userId":"viral_free","planType":"free","remaining":{"hourly":0,"monthly":800}}

[90mstdout[2m | tests/lib/capacity-simulation.test.ts[2m > [22m[2m≡ƒÜÇ Capacity Simulation: Full System Load Test[2m > [22m[2m≡ƒöÑ Viral Post Burst[2m > [22m[2m1000 comments on a Free user ΓåÆ 200 sent + 800 queued
[22m[39mΓä╣∩╕Å [INFO] Rate limit hit, queuing DM | {"userId":"viral_free","planType":"free","remaining":{"hourly":0,"monthly":800}}

[90mstdout[2m | tests/lib/capacity-simulation.test.ts[2m > [22m[2m≡ƒÜÇ Capacity Simulation: Full System Load Test[2m > [22m[2m≡ƒöÑ Viral Post Burst[2m > [22m[2m1000 comments on a Free user ΓåÆ 200 sent + 800 queued
[22m[39mΓä╣∩╕Å [INFO] Rate limit hit, queuing DM | {"userId":"viral_free","planType":"free","remaining":{"hourly":0,"monthly":800}}

[90mstdout[2m | tests/lib/capacity-simulation.test.ts[2m > [22m[2m≡ƒÜÇ Capacity Simulation: Full System Load Test[2m > [22m[2m≡ƒöÑ Viral Post Burst[2m > [22m[2m1000 comments on a Free user ΓåÆ 200 sent + 800 queued
[22m[39mΓä╣∩╕Å [INFO] Rate limit hit, queuing DM | {"userId":"viral_free","planType":"free","remaining":{"hourly":0,"monthly":800}}

[90mstdout[2m | tests/lib/capacity-simulation.test.ts[2m > [22m[2m≡ƒÜÇ Capacity Simulation: Full System Load Test[2m > [22m[2m≡ƒöÑ Viral Post Burst[2m > [22m[2m1000 comments on a Free user ΓåÆ 200 sent + 800 queued
[22m[39mΓä╣∩╕Å [INFO] Rate limit hit, queuing DM | {"userId":"viral_free","planType":"free","remaining":{"hourly":0,"monthly":800}}

[90mstdout[2m | tests/lib/capacity-simulation.test.ts[2m > [22m[2m≡ƒÜÇ Capacity Simulation: Full System Load Test[2m > [22m[2m≡ƒöÑ Viral Post Burst[2m > [22m[2m1000 comments on a Free user ΓåÆ 200 sent + 800 queued
[22m[39mΓä╣∩╕Å [INFO] Rate limit hit, queuing DM | {"userId":"viral_free","planType":"free","remaining":{"hourly":0,"monthly":800}}

[90mstdout[2m | tests/lib/capacity-simulation.test.ts[2m > [22m[2m≡ƒÜÇ Capacity Simulation: Full System Load Test[2m > [22m[2m≡ƒöÑ Viral Post Burst[2m > [22m[2m1000 comments on a Free user ΓåÆ 200 sent + 800 queued
[22m[39mΓä╣∩╕Å [INFO] Rate limit hit, queuing DM | {"userId":"viral_free","planType":"free","remaining":{"hourly":0,"monthly":800}}

[90mstdout[2m | tests/lib/capacity-simulation.test.ts[2m > [22m[2m≡ƒÜÇ Capacity Simulation: Full System Load Test[2m > [22m[2m≡ƒöÑ Viral Post Burst[2m > [22m[2m1000 comments on a Free user ΓåÆ 200 sent + 800 queued
[22m[39mΓä╣∩╕Å [INFO] Rate limit hit, queuing DM | {"userId":"viral_free","planType":"free","remaining":{"hourly":0,"monthly":800}}

[90mstdout[2m | tests/lib/capacity-simulation.test.ts[2m > [22m[2m≡ƒÜÇ Capacity Simulation: Full System Load Test[2m > [22m[2m≡ƒöÑ Viral Post Burst[2m > [22m[2m1000 comments on a Free user ΓåÆ 200 sent + 800 queued
[22m[39mΓä╣∩╕Å [INFO] Rate limit hit, queuing DM | {"userId":"viral_free","planType":"free","remaining":{"hourly":0,"monthly":800}}

[90mstdout[2m | tests/lib/capacity-simulation.test.ts[2m > [22m[2m≡ƒÜÇ Capacity Simulation: Full System Load Test[2m > [22m[2m≡ƒöÑ Viral Post Burst[2m > [22m[2m1000 comments on a Free user ΓåÆ 200 sent + 800 queued
[22m[39mΓä╣∩╕Å [INFO] Rate limit hit, queuing DM | {"userId":"viral_free","planType":"free","remaining":{"hourly":0,"monthly":800}}

[90mstdout[2m | tests/lib/capacity-simulation.test.ts[2m > [22m[2m≡ƒÜÇ Capacity Simulation: Full System Load Test[2m > [22m[2m≡ƒöÑ Viral Post Burst[2m > [22m[2m1000 comments on a Free user ΓåÆ 200 sent + 800 queued
[22m[39mΓä╣∩╕Å [INFO] Rate limit hit, queuing DM | {"userId":"viral_free","planType":"free","remaining":{"hourly":0,"monthly":800}}

[90mstdout[2m | tests/lib/capacity-simulation.test.ts[2m > [22m[2m≡ƒÜÇ Capacity Simulation: Full System Load Test[2m > [22m[2m≡ƒöÑ Viral Post Burst[2m > [22m[2m1000 comments on a Free user ΓåÆ 200 sent + 800 queued
[22m[39mΓä╣∩╕Å [INFO] Rate limit hit, queuing DM | {"userId":"viral_free","planType":"free","remaining":{"hourly":0,"monthly":800}}

[90mstdout[2m | tests/lib/capacity-simulation.test.ts[2m > [22m[2m≡ƒÜÇ Capacity Simulation: Full System Load Test[2m > [22m[2m≡ƒöÑ Viral Post Burst[2m > [22m[2m1000 comments on a Free user ΓåÆ 200 sent + 800 queued
[22m[39mΓä╣∩╕Å [INFO] Rate limit hit, queuing DM | {"userId":"viral_free","planType":"free","remaining":{"hourly":0,"monthly":800}}

[90mstdout[2m | tests/lib/capacity-simulation.test.ts[2m > [22m[2m≡ƒÜÇ Capacity Simulation: Full System Load Test[2m > [22m[2m≡ƒöÑ Viral Post Burst[2m > [22m[2m1000 comments on a Free user ΓåÆ 200 sent + 800 queued
[22m[39mΓä╣∩╕Å [INFO] Rate limit hit, queuing DM | {"userId":"viral_free","planType":"free","remaining":{"hourly":0,"monthly":800}}

[90mstdout[2m | tests/lib/capacity-simulation.test.ts[2m > [22m[2m≡ƒÜÇ Capacity Simulation: Full System Load Test[2m > [22m[2m≡ƒöÑ Viral Post Burst[2m > [22m[2m1000 comments on a Free user ΓåÆ 200 sent + 800 queued
[22m[39mΓä╣∩╕Å [INFO] Rate limit hit, queuing DM | {"userId":"viral_free","planType":"free","remaining":{"hourly":0,"monthly":800}}

[90mstdout[2m | tests/lib/capacity-simulation.test.ts[2m > [22m[2m≡ƒÜÇ Capacity Simulation: Full System Load Test[2m > [22m[2m≡ƒöÑ Viral Post Burst[2m > [22m[2m1000 comments on a Free user ΓåÆ 200 sent + 800 queued
[22m[39mΓä╣∩╕Å [INFO] Rate limit hit, queuing DM | {"userId":"viral_free","planType":"free","remaining":{"hourly":0,"monthly":800}}

[90mstdout[2m | tests/lib/capacity-simulation.test.ts[2m > [22m[2m≡ƒÜÇ Capacity Simulation: Full System Load Test[2m > [22m[2m≡ƒöÑ Viral Post Burst[2m > [22m[2m1000 comments on a Free user ΓåÆ 200 sent + 800 queued
[22m[39mΓä╣∩╕Å [INFO] Rate limit hit, queuing DM | {"userId":"viral_free","planType":"free","remaining":{"hourly":0,"monthly":800}}

[90mstdout[2m | tests/lib/capacity-simulation.test.ts[2m > [22m[2m≡ƒÜÇ Capacity Simulation: Full System Load Test[2m > [22m[2m≡ƒöÑ Viral Post Burst[2m > [22m[2m1000 comments on a Free user ΓåÆ 200 sent + 800 queued
[22m[39mΓä╣∩╕Å [INFO] Rate limit hit, queuing DM | {"userId":"viral_free","planType":"free","remaining":{"hourly":0,"monthly":800}}

[90mstdout[2m | tests/lib/capacity-simulation.test.ts[2m > [22m[2m≡ƒÜÇ Capacity Simulation: Full System Load Test[2m > [22m[2m≡ƒöÑ Viral Post Burst[2m > [22m[2m1000 comments on a Free user ΓåÆ 200 sent + 800 queued
[22m[39mΓä╣∩╕Å [INFO] Rate limit hit, queuing DM | {"userId":"viral_free","planType":"free","remaining":{"hourly":0,"monthly":800}}

[90mstdout[2m | tests/lib/capacity-simulation.test.ts[2m > [22m[2m≡ƒÜÇ Capacity Simulation: Full System Load Test[2m > [22m[2m≡ƒöÑ Viral Post Burst[2m > [22m[2m1000 comments on a Free user ΓåÆ 200 sent + 800 queued
[22m[39mΓä╣∩╕Å [INFO] Rate limit hit, queuing DM | {"userId":"viral_free","planType":"free","remaining":{"hourly":0,"monthly":800}}

[90mstdout[2m | tests/lib/capacity-simulation.test.ts[2m > [22m[2m≡ƒÜÇ Capacity Simulation: Full System Load Test[2m > [22m[2m≡ƒöÑ Viral Post Burst[2m > [22m[2m1000 comments on a Free user ΓåÆ 200 sent + 800 queued
[22m[39mΓä╣∩╕Å [INFO] Rate limit hit, queuing DM | {"userId":"viral_free","planType":"free","remaining":{"hourly":0,"monthly":800}}

[90mstdout[2m | tests/lib/capacity-simulation.test.ts[2m > [22m[2m≡ƒÜÇ Capacity Simulation: Full System Load Test[2m > [22m[2m≡ƒöÑ Viral Post Burst[2m > [22m[2m1000 comments on a Free user ΓåÆ 200 sent + 800 queued
[22m[39mΓä╣∩╕Å [INFO] Rate limit hit, queuing DM | {"userId":"viral_free","planType":"free","remaining":{"hourly":0,"monthly":800}}

[90mstdout[2m | tests/lib/capacity-simulation.test.ts[2m > [22m[2m≡ƒÜÇ Capacity Simulation: Full System Load Test[2m > [22m[2m≡ƒöÑ Viral Post Burst[2m > [22m[2m1000 comments on a Free user ΓåÆ 200 sent + 800 queued
[22m[39mΓä╣∩╕Å [INFO] Rate limit hit, queuing DM | {"userId":"viral_free","planType":"free","remaining":{"hourly":0,"monthly":800}}

[90mstdout[2m | tests/lib/capacity-simulation.test.ts[2m > [22m[2m≡ƒÜÇ Capacity Simulation: Full System Load Test[2m > [22m[2m≡ƒöÑ Viral Post Burst[2m > [22m[2m1000 comments on a Free user ΓåÆ 200 sent + 800 queued
[22m[39mΓä╣∩╕Å [INFO] Rate limit hit, queuing DM | {"userId":"viral_free","planType":"free","remaining":{"hourly":0,"monthly":800}}

[90mstdout[2m | tests/lib/capacity-simulation.test.ts[2m > [22m[2m≡ƒÜÇ Capacity Simulation: Full System Load Test[2m > [22m[2m≡ƒöÑ Viral Post Burst[2m > [22m[2m1000 comments on a Free user ΓåÆ 200 sent + 800 queued
[22m[39mΓä╣∩╕Å [INFO] Rate limit hit, queuing DM | {"userId":"viral_free","planType":"free","remaining":{"hourly":0,"monthly":800}}

[90mstdout[2m | tests/lib/capacity-simulation.test.ts[2m > [22m[2m≡ƒÜÇ Capacity Simulation: Full System Load Test[2m > [22m[2m≡ƒöÑ Viral Post Burst[2m > [22m[2m1000 comments on a Free user ΓåÆ 200 sent + 800 queued
[22m[39mΓä╣∩╕Å [INFO] Rate limit hit, queuing DM | {"userId":"viral_free","planType":"free","remaining":{"hourly":0,"monthly":800}}

[90mstdout[2m | tests/lib/capacity-simulation.test.ts[2m > [22m[2m≡ƒÜÇ Capacity Simulation: Full System Load Test[2m > [22m[2m≡ƒöÑ Viral Post Burst[2m > [22m[2m1000 comments on a Free user ΓåÆ 200 sent + 800 queued
[22m[39mΓä╣∩╕Å [INFO] Rate limit hit, queuing DM | {"userId":"viral_free","planType":"free","remaining":{"hourly":0,"monthly":800}}

[90mstdout[2m | tests/lib/capacity-simulation.test.ts[2m > [22m[2m≡ƒÜÇ Capacity Simulation: Full System Load Test[2m > [22m[2m≡ƒöÑ Viral Post Burst[2m > [22m[2m1000 comments on a Free user ΓåÆ 200 sent + 800 queued
[22m[39mΓä╣∩╕Å [INFO] Rate limit hit, queuing DM | {"userId":"viral_free","planType":"free","remaining":{"hourly":0,"monthly":800}}

[90mstdout[2m | tests/lib/capacity-simulation.test.ts[2m > [22m[2m≡ƒÜÇ Capacity Simulation: Full System Load Test[2m > [22m[2m≡ƒöÑ Viral Post Burst[2m > [22m[2m1000 comments on a Free user ΓåÆ 200 sent + 800 queued
[22m[39mΓä╣∩╕Å [INFO] Rate limit hit, queuing DM | {"userId":"viral_free","planType":"free","remaining":{"hourly":0,"monthly":800}}

[90mstdout[2m | tests/lib/capacity-simulation.test.ts[2m > [22m[2m≡ƒÜÇ Capacity Simulation: Full System Load Test[2m > [22m[2m≡ƒöÑ Viral Post Burst[2m > [22m[2m1000 comments on a Free user ΓåÆ 200 sent + 800 queued
[22m[39mΓä╣∩╕Å [INFO] Rate limit hit, queuing DM | {"userId":"viral_free","planType":"free","remaining":{"hourly":0,"monthly":800}}

[90mstdout[2m | tests/lib/capacity-simulation.test.ts[2m > [22m[2m≡ƒÜÇ Capacity Simulation: Full System Load Test[2m > [22m[2m≡ƒöÑ Viral Post Burst[2m > [22m[2m1000 comments on a Free user ΓåÆ 200 sent + 800 queued
[22m[39mΓä╣∩╕Å [INFO] Rate limit hit, queuing DM | {"userId":"viral_free","planType":"free","remaining":{"hourly":0,"monthly":800}}

[90mstdout[2m | tests/lib/capacity-simulation.test.ts[2m > [22m[2m≡ƒÜÇ Capacity Simulation: Full System Load Test[2m > [22m[2m≡ƒöÑ Viral Post Burst[2m > [22m[2m1000 comments on a Free user ΓåÆ 200 sent + 800 queued
[22m[39mΓä╣∩╕Å [INFO] Rate limit hit, queuing DM | {"userId":"viral_free","planType":"free","remaining":{"hourly":0,"monthly":800}}

[90mstdout[2m | tests/lib/capacity-simulation.test.ts[2m > [22m[2m≡ƒÜÇ Capacity Simulation: Full System Load Test[2m > [22m[2m≡ƒöÑ Viral Post Burst[2m > [22m[2m1000 comments on a Free user ΓåÆ 200 sent + 800 queued
[22m[39mΓä╣∩╕Å [INFO] Rate limit hit, queuing DM | {"userId":"viral_free","planType":"free","remaining":{"hourly":0,"monthly":800}}

[90mstdout[2m | tests/lib/capacity-simulation.test.ts[2m > [22m[2m≡ƒÜÇ Capacity Simulation: Full System Load Test[2m > [22m[2m≡ƒöÑ Viral Post Burst[2m > [22m[2m1000 comments on a Free user ΓåÆ 200 sent + 800 queued
[22m[39mΓä╣∩╕Å [INFO] Rate limit hit, queuing DM | {"userId":"viral_free","planType":"free","remaining":{"hourly":0,"monthly":800}}

[90mstdout[2m | tests/lib/capacity-simulation.test.ts[2m > [22m[2m≡ƒÜÇ Capacity Simulation: Full System Load Test[2m > [22m[2m≡ƒöÑ Viral Post Burst[2m > [22m[2m1000 comments on a Free user ΓåÆ 200 sent + 800 queued
[22m[39mΓä╣∩╕Å [INFO] Rate limit hit, queuing DM | {"userId":"viral_free","planType":"free","remaining":{"hourly":0,"monthly":800}}

[90mstdout[2m | tests/lib/capacity-simulation.test.ts[2m > [22m[2m≡ƒÜÇ Capacity Simulation: Full System Load Test[2m > [22m[2m≡ƒöÑ Viral Post Burst[2m > [22m[2m1000 comments on a Free user ΓåÆ 200 sent + 800 queued
[22m[39mΓä╣∩╕Å [INFO] Rate limit hit, queuing DM | {"userId":"viral_free","planType":"free","remaining":{"hourly":0,"monthly":800}}

[90mstdout[2m | tests/lib/capacity-simulation.test.ts[2m > [22m[2m≡ƒÜÇ Capacity Simulation: Full System Load Test[2m > [22m[2m≡ƒöÑ Viral Post Burst[2m > [22m[2m1000 comments on a Free user ΓåÆ 200 sent + 800 queued
[22m[39mΓä╣∩╕Å [INFO] Rate limit hit, queuing DM | {"userId":"viral_free","planType":"free","remaining":{"hourly":0,"monthly":800}}

[90mstdout[2m | tests/lib/capacity-simulation.test.ts[2m > [22m[2m≡ƒÜÇ Capacity Simulation: Full System Load Test[2m > [22m[2m≡ƒöÑ Viral Post Burst[2m > [22m[2m1000 comments on a Free user ΓåÆ 200 sent + 800 queued
[22m[39mΓä╣∩╕Å [INFO] Rate limit hit, queuing DM | {"userId":"viral_free","planType":"free","remaining":{"hourly":0,"monthly":800}}

[90mstdout[2m | tests/lib/capacity-simulation.test.ts[2m > [22m[2m≡ƒÜÇ Capacity Simulation: Full System Load Test[2m > [22m[2m≡ƒöÑ Viral Post Burst[2m > [22m[2m1000 comments on a Free user ΓåÆ 200 sent + 800 queued
[22m[39mΓä╣∩╕Å [INFO] Rate limit hit, queuing DM | {"userId":"viral_free","planType":"free","remaining":{"hourly":0,"monthly":800}}

[90mstdout[2m | tests/lib/capacity-simulation.test.ts[2m > [22m[2m≡ƒÜÇ Capacity Simulation: Full System Load Test[2m > [22m[2m≡ƒöÑ Viral Post Burst[2m > [22m[2m1000 comments on a Free user ΓåÆ 200 sent + 800 queued
[22m[39mΓä╣∩╕Å [INFO] Rate limit hit, queuing DM | {"userId":"viral_free","planType":"free","remaining":{"hourly":0,"monthly":800}}

[90mstdout[2m | tests/lib/capacity-simulation.test.ts[2m > [22m[2m≡ƒÜÇ Capacity Simulation: Full System Load Test[2m > [22m[2m≡ƒöÑ Viral Post Burst[2m > [22m[2m1000 comments on a Free user ΓåÆ 200 sent + 800 queued
[22m[39mΓä╣∩╕Å [INFO] Rate limit hit, queuing DM | {"userId":"viral_free","planType":"free","remaining":{"hourly":0,"monthly":800}}

[90mstdout[2m | tests/lib/capacity-simulation.test.ts[2m > [22m[2m≡ƒÜÇ Capacity Simulation: Full System Load Test[2m > [22m[2m≡ƒöÑ Viral Post Burst[2m > [22m[2m1000 comments on a Free user ΓåÆ 200 sent + 800 queued
[22m[39mΓä╣∩╕Å [INFO] Rate limit hit, queuing DM | {"userId":"viral_free","planType":"free","remaining":{"hourly":0,"monthly":800}}

[90mstdout[2m | tests/lib/capacity-simulation.test.ts[2m > [22m[2m≡ƒÜÇ Capacity Simulation: Full System Load Test[2m > [22m[2m≡ƒöÑ Viral Post Burst[2m > [22m[2m1000 comments on a Free user ΓåÆ 200 sent + 800 queued
[22m[39mΓä╣∩╕Å [INFO] Rate limit hit, queuing DM | {"userId":"viral_free","planType":"free","remaining":{"hourly":0,"monthly":800}}

[90mstdout[2m | tests/lib/capacity-simulation.test.ts[2m > [22m[2m≡ƒÜÇ Capacity Simulation: Full System Load Test[2m > [22m[2m≡ƒöÑ Viral Post Burst[2m > [22m[2m1000 comments on a Free user ΓåÆ 200 sent + 800 queued
[22m[39mΓä╣∩╕Å [INFO] Rate limit hit, queuing DM | {"userId":"viral_free","planType":"free","remaining":{"hourly":0,"monthly":800}}

[90mstdout[2m | tests/lib/capacity-simulation.test.ts[2m > [22m[2m≡ƒÜÇ Capacity Simulation: Full System Load Test[2m > [22m[2m≡ƒöÑ Viral Post Burst[2m > [22m[2m1000 comments on a Free user ΓåÆ 200 sent + 800 queued
[22m[39mΓä╣∩╕Å [INFO] Rate limit hit, queuing DM | {"userId":"viral_free","planType":"free","remaining":{"hourly":0,"monthly":800}}

[90mstdout[2m | tests/lib/capacity-simulation.test.ts[2m > [22m[2m≡ƒÜÇ Capacity Simulation: Full System Load Test[2m > [22m[2m≡ƒöÑ Viral Post Burst[2m > [22m[2m1000 comments on a Free user ΓåÆ 200 sent + 800 queued
[22m[39mΓä╣∩╕Å [INFO] Rate limit hit, queuing DM | {"userId":"viral_free","planType":"free","remaining":{"hourly":0,"monthly":800}}

[90mstdout[2m | tests/lib/capacity-simulation.test.ts[2m > [22m[2m≡ƒÜÇ Capacity Simulation: Full System Load Test[2m > [22m[2m≡ƒöÑ Viral Post Burst[2m > [22m[2m1000 comments on a Free user ΓåÆ 200 sent + 800 queued
[22m[39mΓä╣∩╕Å [INFO] Rate limit hit, queuing DM | {"userId":"viral_free","planType":"free","remaining":{"hourly":0,"monthly":800}}

[90mstdout[2m | tests/lib/capacity-simulation.test.ts[2m > [22m[2m≡ƒÜÇ Capacity Simulation: Full System Load Test[2m > [22m[2m≡ƒöÑ Viral Post Burst[2m > [22m[2m1000 comments on a Free user ΓåÆ 200 sent + 800 queued
[22m[39mΓä╣∩╕Å [INFO] Rate limit hit, queuing DM | {"userId":"viral_free","planType":"free","remaining":{"hourly":0,"monthly":800}}

[90mstdout[2m | tests/lib/capacity-simulation.test.ts[2m > [22m[2m≡ƒÜÇ Capacity Simulation: Full System Load Test[2m > [22m[2m≡ƒöÑ Viral Post Burst[2m > [22m[2m1000 comments on a Free user ΓåÆ 200 sent + 800 queued
[22m[39mΓä╣∩╕Å [INFO] Rate limit hit, queuing DM | {"userId":"viral_free","planType":"free","remaining":{"hourly":0,"monthly":800}}

[90mstdout[2m | tests/lib/capacity-simulation.test.ts[2m > [22m[2m≡ƒÜÇ Capacity Simulation: Full System Load Test[2m > [22m[2m≡ƒöÑ Viral Post Burst[2m > [22m[2m1000 comments on a Free user ΓåÆ 200 sent + 800 queued
[22m[39mΓä╣∩╕Å [INFO] Rate limit hit, queuing DM | {"userId":"viral_free","planType":"free","remaining":{"hourly":0,"monthly":800}}

[90mstdout[2m | tests/lib/capacity-simulation.test.ts[2m > [22m[2m≡ƒÜÇ Capacity Simulation: Full System Load Test[2m > [22m[2m≡ƒöÑ Viral Post Burst[2m > [22m[2m1000 comments on a Free user ΓåÆ 200 sent + 800 queued
[22m[39mΓä╣∩╕Å [INFO] Rate limit hit, queuing DM | {"userId":"viral_free","planType":"free","remaining":{"hourly":0,"monthly":800}}

[90mstdout[2m | tests/lib/capacity-simulation.test.ts[2m > [22m[2m≡ƒÜÇ Capacity Simulation: Full System Load Test[2m > [22m[2m≡ƒöÑ Viral Post Burst[2m > [22m[2m1000 comments on a Free user ΓåÆ 200 sent + 800 queued
[22m[39mΓä╣∩╕Å [INFO] Rate limit hit, queuing DM | {"userId":"viral_free","planType":"free","remaining":{"hourly":0,"monthly":800}}

[90mstdout[2m | tests/lib/capacity-simulation.test.ts[2m > [22m[2m≡ƒÜÇ Capacity Simulation: Full System Load Test[2m > [22m[2m≡ƒöÑ Viral Post Burst[2m > [22m[2m1000 comments on a Free user ΓåÆ 200 sent + 800 queued
[22m[39mΓä╣∩╕Å [INFO] Rate limit hit, queuing DM | {"userId":"viral_free","planType":"free","remaining":{"hourly":0,"monthly":800}}

[90mstdout[2m | tests/lib/capacity-simulation.test.ts[2m > [22m[2m≡ƒÜÇ Capacity Simulation: Full System Load Test[2m > [22m[2m≡ƒöÑ Viral Post Burst[2m > [22m[2m1000 comments on a Free user ΓåÆ 200 sent + 800 queued
[22m[39mΓä╣∩╕Å [INFO] Rate limit hit, queuing DM | {"userId":"viral_free","planType":"free","remaining":{"hourly":0,"monthly":800}}

[90mstdout[2m | tests/lib/capacity-simulation.test.ts[2m > [22m[2m≡ƒÜÇ Capacity Simulation: Full System Load Test[2m > [22m[2m≡ƒöÑ Viral Post Burst[2m > [22m[2m1000 comments on a Free user ΓåÆ 200 sent + 800 queued
[22m[39mΓä╣∩╕Å [INFO] Rate limit hit, queuing DM | {"userId":"viral_free","planType":"free","remaining":{"hourly":0,"monthly":800}}

[90mstdout[2m | tests/lib/capacity-simulation.test.ts[2m > [22m[2m≡ƒÜÇ Capacity Simulation: Full System Load Test[2m > [22m[2m≡ƒöÑ Viral Post Burst[2m > [22m[2m1000 comments on a Free user ΓåÆ 200 sent + 800 queued
[22m[39mΓä╣∩╕Å [INFO] Rate limit hit, queuing DM | {"userId":"viral_free","planType":"free","remaining":{"hourly":0,"monthly":800}}

[90mstdout[2m | tests/lib/capacity-simulation.test.ts[2m > [22m[2m≡ƒÜÇ Capacity Simulation: Full System Load Test[2m > [22m[2m≡ƒöÑ Viral Post Burst[2m > [22m[2m1000 comments on a Free user ΓåÆ 200 sent + 800 queued
[22m[39mΓä╣∩╕Å [INFO] Rate limit hit, queuing DM | {"userId":"viral_free","planType":"free","remaining":{"hourly":0,"monthly":800}}

[90mstdout[2m | tests/lib/capacity-simulation.test.ts[2m > [22m[2m≡ƒÜÇ Capacity Simulation: Full System Load Test[2m > [22m[2m≡ƒöÑ Viral Post Burst[2m > [22m[2m1000 comments on a Free user ΓåÆ 200 sent + 800 queued
[22m[39mΓä╣∩╕Å [INFO] Rate limit hit, queuing DM | {"userId":"viral_free","planType":"free","remaining":{"hourly":0,"monthly":800}}

[90mstdout[2m | tests/lib/capacity-simulation.test.ts[2m > [22m[2m≡ƒÜÇ Capacity Simulation: Full System Load Test[2m > [22m[2m≡ƒöÑ Viral Post Burst[2m > [22m[2m1000 comments on a Free user ΓåÆ 200 sent + 800 queued
[22m[39mΓä╣∩╕Å [INFO] Rate limit hit, queuing DM | {"userId":"viral_free","planType":"free","remaining":{"hourly":0,"monthly":800}}

[90mstdout[2m | tests/lib/capacity-simulation.test.ts[2m > [22m[2m≡ƒÜÇ Capacity Simulation: Full System Load Test[2m > [22m[2m≡ƒöÑ Viral Post Burst[2m > [22m[2m1000 comments on a Free user ΓåÆ 200 sent + 800 queued
[22m[39mΓä╣∩╕Å [INFO] Rate limit hit, queuing DM | {"userId":"viral_free","planType":"free","remaining":{"hourly":0,"monthly":800}}

[90mstdout[2m | tests/lib/capacity-simulation.test.ts[2m > [22m[2m≡ƒÜÇ Capacity Simulation: Full System Load Test[2m > [22m[2m≡ƒöÑ Viral Post Burst[2m > [22m[2m1000 comments on a Free user ΓåÆ 200 sent + 800 queued
[22m[39mΓä╣∩╕Å [INFO] Rate limit hit, queuing DM | {"userId":"viral_free","planType":"free","remaining":{"hourly":0,"monthly":800}}

[90mstdout[2m | tests/lib/capacity-simulation.test.ts[2m > [22m[2m≡ƒÜÇ Capacity Simulation: Full System Load Test[2m > [22m[2m≡ƒöÑ Viral Post Burst[2m > [22m[2m1000 comments on a Free user ΓåÆ 200 sent + 800 queued
[22m[39mΓä╣∩╕Å [INFO] Rate limit hit, queuing DM | {"userId":"viral_free","planType":"free","remaining":{"hourly":0,"monthly":800}}

[90mstdout[2m | tests/lib/capacity-simulation.test.ts[2m > [22m[2m≡ƒÜÇ Capacity Simulation: Full System Load Test[2m > [22m[2m≡ƒöÑ Viral Post Burst[2m > [22m[2m1000 comments on a Free user ΓåÆ 200 sent + 800 queued
[22m[39mΓä╣∩╕Å [INFO] Rate limit hit, queuing DM | {"userId":"viral_free","planType":"free","remaining":{"hourly":0,"monthly":800}}

[90mstdout[2m | tests/lib/capacity-simulation.test.ts[2m > [22m[2m≡ƒÜÇ Capacity Simulation: Full System Load Test[2m > [22m[2m≡ƒöÑ Viral Post Burst[2m > [22m[2m1000 comments on a Free user ΓåÆ 200 sent + 800 queued
[22m[39mΓä╣∩╕Å [INFO] Rate limit hit, queuing DM | {"userId":"viral_free","planType":"free","remaining":{"hourly":0,"monthly":800}}

[90mstdout[2m | tests/lib/capacity-simulation.test.ts[2m > [22m[2m≡ƒÜÇ Capacity Simulation: Full System Load Test[2m > [22m[2m≡ƒöÑ Viral Post Burst[2m > [22m[2m1000 comments on a Free user ΓåÆ 200 sent + 800 queued
[22m[39mΓä╣∩╕Å [INFO] Rate limit hit, queuing DM | {"userId":"viral_free","planType":"free","remaining":{"hourly":0,"monthly":800}}

[90mstdout[2m | tests/lib/capacity-simulation.test.ts[2m > [22m[2m≡ƒÜÇ Capacity Simulation: Full System Load Test[2m > [22m[2m≡ƒöÑ Viral Post Burst[2m > [22m[2m1000 comments on a Free user ΓåÆ 200 sent + 800 queued
[22m[39mΓä╣∩╕Å [INFO] Rate limit hit, queuing DM | {"userId":"viral_free","planType":"free","remaining":{"hourly":0,"monthly":800}}

[90mstdout[2m | tests/lib/capacity-simulation.test.ts[2m > [22m[2m≡ƒÜÇ Capacity Simulation: Full System Load Test[2m > [22m[2m≡ƒöÑ Viral Post Burst[2m > [22m[2m1000 comments on a Free user ΓåÆ 200 sent + 800 queued
[22m[39mΓä╣∩╕Å [INFO] Rate limit hit, queuing DM | {"userId":"viral_free","planType":"free","remaining":{"hourly":0,"monthly":800}}

[90mstdout[2m | tests/lib/capacity-simulation.test.ts[2m > [22m[2m≡ƒÜÇ Capacity Simulation: Full System Load Test[2m > [22m[2m≡ƒöÑ Viral Post Burst[2m > [22m[2m1000 comments on a Free user ΓåÆ 200 sent + 800 queued
[22m[39mΓä╣∩╕Å [INFO] Rate limit hit, queuing DM | {"userId":"viral_free","planType":"free","remaining":{"hourly":0,"monthly":800}}

[90mstdout[2m | tests/lib/capacity-simulation.test.ts[2m > [22m[2m≡ƒÜÇ Capacity Simulation: Full System Load Test[2m > [22m[2m≡ƒöÑ Viral Post Burst[2m > [22m[2m1000 comments on a Free user ΓåÆ 200 sent + 800 queued
[22m[39mΓä╣∩╕Å [INFO] Rate limit hit, queuing DM | {"userId":"viral_free","planType":"free","remaining":{"hourly":0,"monthly":800}}

[90mstdout[2m | tests/lib/capacity-simulation.test.ts[2m > [22m[2m≡ƒÜÇ Capacity Simulation: Full System Load Test[2m > [22m[2m≡ƒöÑ Viral Post Burst[2m > [22m[2m1000 comments on a Free user ΓåÆ 200 sent + 800 queued
[22m[39mΓä╣∩╕Å [INFO] Rate limit hit, queuing DM | {"userId":"viral_free","planType":"free","remaining":{"hourly":0,"monthly":800}}

[90mstdout[2m | tests/lib/capacity-simulation.test.ts[2m > [22m[2m≡ƒÜÇ Capacity Simulation: Full System Load Test[2m > [22m[2m≡ƒöÑ Viral Post Burst[2m > [22m[2m1000 comments on a Free user ΓåÆ 200 sent + 800 queued
[22m[39mΓä╣∩╕Å [INFO] Rate limit hit, queuing DM | {"userId":"viral_free","planType":"free","remaining":{"hourly":0,"monthly":800}}

[90mstdout[2m | tests/lib/capacity-simulation.test.ts[2m > [22m[2m≡ƒÜÇ Capacity Simulation: Full System Load Test[2m > [22m[2m≡ƒöÑ Viral Post Burst[2m > [22m[2m1000 comments on a Free user ΓåÆ 200 sent + 800 queued
[22m[39mΓä╣∩╕Å [INFO] Rate limit hit, queuing DM | {"userId":"viral_free","planType":"free","remaining":{"hourly":0,"monthly":800}}

[90mstdout[2m | tests/lib/capacity-simulation.test.ts[2m > [22m[2m≡ƒÜÇ Capacity Simulation: Full System Load Test[2m > [22m[2m≡ƒöÑ Viral Post Burst[2m > [22m[2m1000 comments on a Free user ΓåÆ 200 sent + 800 queued
[22m[39mΓä╣∩╕Å [INFO] Rate limit hit, queuing DM | {"userId":"viral_free","planType":"free","remaining":{"hourly":0,"monthly":800}}

[90mstdout[2m | tests/lib/capacity-simulation.test.ts[2m > [22m[2m≡ƒÜÇ Capacity Simulation: Full System Load Test[2m > [22m[2m≡ƒöÑ Viral Post Burst[2m > [22m[2m1000 comments on a Free user ΓåÆ 200 sent + 800 queued
[22m[39mΓä╣∩╕Å [INFO] Rate limit hit, queuing DM | {"userId":"viral_free","planType":"free","remaining":{"hourly":0,"monthly":800}}

[90mstdout[2m | tests/lib/capacity-simulation.test.ts[2m > [22m[2m≡ƒÜÇ Capacity Simulation: Full System Load Test[2m > [22m[2m≡ƒöÑ Viral Post Burst[2m > [22m[2m1000 comments on a Free user ΓåÆ 200 sent + 800 queued
[22m[39mΓä╣∩╕Å [INFO] Rate limit hit, queuing DM | {"userId":"viral_free","planType":"free","remaining":{"hourly":0,"monthly":800}}

[90mstdout[2m | tests/lib/capacity-simulation.test.ts[2m > [22m[2m≡ƒÜÇ Capacity Simulation: Full System Load Test[2m > [22m[2m≡ƒöÑ Viral Post Burst[2m > [22m[2m1000 comments on a Free user ΓåÆ 200 sent + 800 queued
[22m[39mΓä╣∩╕Å [INFO] Rate limit hit, queuing DM | {"userId":"viral_free","planType":"free","remaining":{"hourly":0,"monthly":800}}

[90mstdout[2m | tests/lib/capacity-simulation.test.ts[2m > [22m[2m≡ƒÜÇ Capacity Simulation: Full System Load Test[2m > [22m[2m≡ƒöÑ Viral Post Burst[2m > [22m[2m1000 comments on a Free user ΓåÆ 200 sent + 800 queued
[22m[39mΓä╣∩╕Å [INFO] Rate limit hit, queuing DM | {"userId":"viral_free","planType":"free","remaining":{"hourly":0,"monthly":800}}

[90mstdout[2m | tests/lib/capacity-simulation.test.ts[2m > [22m[2m≡ƒÜÇ Capacity Simulation: Full System Load Test[2m > [22m[2m≡ƒöÑ Viral Post Burst[2m > [22m[2m1000 comments on a Free user ΓåÆ 200 sent + 800 queued
[22m[39mΓä╣∩╕Å [INFO] Rate limit hit, queuing DM | {"userId":"viral_free","planType":"free","remaining":{"hourly":0,"monthly":800}}

[90mstdout[2m | tests/lib/capacity-simulation.test.ts[2m > [22m[2m≡ƒÜÇ Capacity Simulation: Full System Load Test[2m > [22m[2m≡ƒöÑ Viral Post Burst[2m > [22m[2m1000 comments on a Free user ΓåÆ 200 sent + 800 queued
[22m[39mΓä╣∩╕Å [INFO] Rate limit hit, queuing DM | {"userId":"viral_free","planType":"free","remaining":{"hourly":0,"monthly":800}}

[90mstdout[2m | tests/lib/capacity-simulation.test.ts[2m > [22m[2m≡ƒÜÇ Capacity Simulation: Full System Load Test[2m > [22m[2m≡ƒöÑ Viral Post Burst[2m > [22m[2m1000 comments on a Free user ΓåÆ 200 sent + 800 queued
[22m[39mΓä╣∩╕Å [INFO] Rate limit hit, queuing DM | {"userId":"viral_free","planType":"free","remaining":{"hourly":0,"monthly":800}}

[90mstdout[2m | tests/lib/capacity-simulation.test.ts[2m > [22m[2m≡ƒÜÇ Capacity Simulation: Full System Load Test[2m > [22m[2m≡ƒöÑ Viral Post Burst[2m > [22m[2m1000 comments on a Free user ΓåÆ 200 sent + 800 queued
[22m[39mΓä╣∩╕Å [INFO] Rate limit hit, queuing DM | {"userId":"viral_free","planType":"free","remaining":{"hourly":0,"monthly":800}}

[90mstdout[2m | tests/lib/capacity-simulation.test.ts[2m > [22m[2m≡ƒÜÇ Capacity Simulation: Full System Load Test[2m > [22m[2m≡ƒöÑ Viral Post Burst[2m > [22m[2m1000 comments on a Free user ΓåÆ 200 sent + 800 queued
[22m[39mΓä╣∩╕Å [INFO] Rate limit hit, queuing DM | {"userId":"viral_free","planType":"free","remaining":{"hourly":0,"monthly":800}}

[90mstdout[2m | tests/lib/capacity-simulation.test.ts[2m > [22m[2m≡ƒÜÇ Capacity Simulation: Full System Load Test[2m > [22m[2m≡ƒöÑ Viral Post Burst[2m > [22m[2m1000 comments on a Free user ΓåÆ 200 sent + 800 queued
[22m[39mΓä╣∩╕Å [INFO] Rate limit hit, queuing DM | {"userId":"viral_free","planType":"free","remaining":{"hourly":0,"monthly":800}}

[90mstdout[2m | tests/lib/capacity-simulation.test.ts[2m > [22m[2m≡ƒÜÇ Capacity Simulation: Full System Load Test[2m > [22m[2m≡ƒöÑ Viral Post Burst[2m > [22m[2m1000 comments on a Free user ΓåÆ 200 sent + 800 queued
[22m[39mΓä╣∩╕Å [INFO] Rate limit hit, queuing DM | {"userId":"viral_free","planType":"free","remaining":{"hourly":0,"monthly":800}}

[90mstdout[2m | tests/lib/capacity-simulation.test.ts[2m > [22m[2m≡ƒÜÇ Capacity Simulation: Full System Load Test[2m > [22m[2m≡ƒöÑ Viral Post Burst[2m > [22m[2m1000 comments on a Free user ΓåÆ 200 sent + 800 queued
[22m[39mΓä╣∩╕Å [INFO] Rate limit hit, queuing DM | {"userId":"viral_free","planType":"free","remaining":{"hourly":0,"monthly":800}}

[90mstdout[2m | tests/lib/capacity-simulation.test.ts[2m > [22m[2m≡ƒÜÇ Capacity Simulation: Full System Load Test[2m > [22m[2m≡ƒöÑ Viral Post Burst[2m > [22m[2m1000 comments on a Free user ΓåÆ 200 sent + 800 queued
[22m[39mΓä╣∩╕Å [INFO] Rate limit hit, queuing DM | {"userId":"viral_free","planType":"free","remaining":{"hourly":0,"monthly":800}}

[90mstdout[2m | tests/lib/capacity-simulation.test.ts[2m > [22m[2m≡ƒÜÇ Capacity Simulation: Full System Load Test[2m > [22m[2m≡ƒöÑ Viral Post Burst[2m > [22m[2m1000 comments on a Free user ΓåÆ 200 sent + 800 queued
[22m[39mΓä╣∩╕Å [INFO] Rate limit hit, queuing DM | {"userId":"viral_free","planType":"free","remaining":{"hourly":0,"monthly":800}}

[90mstdout[2m | tests/lib/capacity-simulation.test.ts[2m > [22m[2m≡ƒÜÇ Capacity Simulation: Full System Load Test[2m > [22m[2m≡ƒöÑ Viral Post Burst[2m > [22m[2m1000 comments on a Free user ΓåÆ 200 sent + 800 queued
[22m[39mΓä╣∩╕Å [INFO] Rate limit hit, queuing DM | {"userId":"viral_free","planType":"free","remaining":{"hourly":0,"monthly":800}}

[90mstdout[2m | tests/lib/capacity-simulation.test.ts[2m > [22m[2m≡ƒÜÇ Capacity Simulation: Full System Load Test[2m > [22m[2m≡ƒöÑ Viral Post Burst[2m > [22m[2m1000 comments on a Free user ΓåÆ 200 sent + 800 queued
[22m[39mΓä╣∩╕Å [INFO] Rate limit hit, queuing DM | {"userId":"viral_free","planType":"free","remaining":{"hourly":0,"monthly":800}}

[90mstdout[2m | tests/lib/capacity-simulation.test.ts[2m > [22m[2m≡ƒÜÇ Capacity Simulation: Full System Load Test[2m > [22m[2m≡ƒöÑ Viral Post Burst[2m > [22m[2m1000 comments on a Free user ΓåÆ 200 sent + 800 queued
[22m[39mΓä╣∩╕Å [INFO] Rate limit hit, queuing DM | {"userId":"viral_free","planType":"free","remaining":{"hourly":0,"monthly":800}}

[90mstdout[2m | tests/lib/capacity-simulation.test.ts[2m > [22m[2m≡ƒÜÇ Capacity Simulation: Full System Load Test[2m > [22m[2m≡ƒöÑ Viral Post Burst[2m > [22m[2m1000 comments on a Free user ΓåÆ 200 sent + 800 queued
[22m[39mΓä╣∩╕Å [INFO] Rate limit hit, queuing DM | {"userId":"viral_free","planType":"free","remaining":{"hourly":0,"monthly":800}}

[90mstdout[2m | tests/lib/capacity-simulation.test.ts[2m > [22m[2m≡ƒÜÇ Capacity Simulation: Full System Load Test[2m > [22m[2m≡ƒöÑ Viral Post Burst[2m > [22m[2m1000 comments on a Free user ΓåÆ 200 sent + 800 queued
[22m[39mΓä╣∩╕Å [INFO] Rate limit hit, queuing DM | {"userId":"viral_free","planType":"free","remaining":{"hourly":0,"monthly":800}}

[90mstdout[2m | tests/lib/capacity-simulation.test.ts[2m > [22m[2m≡ƒÜÇ Capacity Simulation: Full System Load Test[2m > [22m[2m≡ƒöÑ Viral Post Burst[2m > [22m[2m1000 comments on a Free user ΓåÆ 200 sent + 800 queued
[22m[39mΓä╣∩╕Å [INFO] Rate limit hit, queuing DM | {"userId":"viral_free","planType":"free","remaining":{"hourly":0,"monthly":800}}

[90mstdout[2m | tests/lib/capacity-simulation.test.ts[2m > [22m[2m≡ƒÜÇ Capacity Simulation: Full System Load Test[2m > [22m[2m≡ƒöÑ Viral Post Burst[2m > [22m[2m1000 comments on a Free user ΓåÆ 200 sent + 800 queued
[22m[39mΓä╣∩╕Å [INFO] Rate limit hit, queuing DM | {"userId":"viral_free","planType":"free","remaining":{"hourly":0,"monthly":800}}

[90mstdout[2m | tests/lib/capacity-simulation.test.ts[2m > [22m[2m≡ƒÜÇ Capacity Simulation: Full System Load Test[2m > [22m[2m≡ƒöÑ Viral Post Burst[2m > [22m[2m1000 comments on a Free user ΓåÆ 200 sent + 800 queued
[22m[39mΓä╣∩╕Å [INFO] Rate limit hit, queuing DM | {"userId":"viral_free","planType":"free","remaining":{"hourly":0,"monthly":800}}

[90mstdout[2m | tests/lib/capacity-simulation.test.ts[2m > [22m[2m≡ƒÜÇ Capacity Simulation: Full System Load Test[2m > [22m[2m≡ƒöÑ Viral Post Burst[2m > [22m[2m1000 comments on a Free user ΓåÆ 200 sent + 800 queued
[22m[39mΓä╣∩╕Å [INFO] Rate limit hit, queuing DM | {"userId":"viral_free","planType":"free","remaining":{"hourly":0,"monthly":800}}

[90mstdout[2m | tests/lib/capacity-simulation.test.ts[2m > [22m[2m≡ƒÜÇ Capacity Simulation: Full System Load Test[2m > [22m[2m≡ƒöÑ Viral Post Burst[2m > [22m[2m1000 comments on a Free user ΓåÆ 200 sent + 800 queued
[22m[39mΓä╣∩╕Å [INFO] Rate limit hit, queuing DM | {"userId":"viral_free","planType":"free","remaining":{"hourly":0,"monthly":800}}

[90mstdout[2m | tests/lib/capacity-simulation.test.ts[2m > [22m[2m≡ƒÜÇ Capacity Simulation: Full System Load Test[2m > [22m[2m≡ƒöÑ Viral Post Burst[2m > [22m[2m1000 comments on a Free user ΓåÆ 200 sent + 800 queued
[22m[39mΓä╣∩╕Å [INFO] Rate limit hit, queuing DM | {"userId":"viral_free","planType":"free","remaining":{"hourly":0,"monthly":800}}

[90mstdout[2m | tests/lib/capacity-simulation.test.ts[2m > [22m[2m≡ƒÜÇ Capacity Simulation: Full System Load Test[2m > [22m[2m≡ƒöÑ Viral Post Burst[2m > [22m[2m1000 comments on a Free user ΓåÆ 200 sent + 800 queued
[22m[39mΓä╣∩╕Å [INFO] Rate limit hit, queuing DM | {"userId":"viral_free","planType":"free","remaining":{"hourly":0,"monthly":800}}

[90mstdout[2m | tests/lib/capacity-simulation.test.ts[2m > [22m[2m≡ƒÜÇ Capacity Simulation: Full System Load Test[2m > [22m[2m≡ƒöÑ Viral Post Burst[2m > [22m[2m1000 comments on a Free user ΓåÆ 200 sent + 800 queued
[22m[39mΓä╣∩╕Å [INFO] Rate limit hit, queuing DM | {"userId":"viral_free","planType":"free","remaining":{"hourly":0,"monthly":800}}

[90mstdout[2m | tests/lib/capacity-simulation.test.ts[2m > [22m[2m≡ƒÜÇ Capacity Simulation: Full System Load Test[2m > [22m[2m≡ƒöÑ Viral Post Burst[2m > [22m[2m1000 comments on a Free user ΓåÆ 200 sent + 800 queued
[22m[39mΓä╣∩╕Å [INFO] Rate limit hit, queuing DM | {"userId":"viral_free","planType":"free","remaining":{"hourly":0,"monthly":800}}

[90mstdout[2m | tests/lib/capacity-simulation.test.ts[2m > [22m[2m≡ƒÜÇ Capacity Simulation: Full System Load Test[2m > [22m[2m≡ƒöÑ Viral Post Burst[2m > [22m[2m1000 comments on a Free user ΓåÆ 200 sent + 800 queued
[22m[39mΓä╣∩╕Å [INFO] Rate limit hit, queuing DM | {"userId":"viral_free","planType":"free","remaining":{"hourly":0,"monthly":800}}

[90mstdout[2m | tests/lib/capacity-simulation.test.ts[2m > [22m[2m≡ƒÜÇ Capacity Simulation: Full System Load Test[2m > [22m[2m≡ƒöÑ Viral Post Burst[2m > [22m[2m1000 comments on a Free user ΓåÆ 200 sent + 800 queued
[22m[39mΓä╣∩╕Å [INFO] Rate limit hit, queuing DM | {"userId":"viral_free","planType":"free","remaining":{"hourly":0,"monthly":800}}

[90mstdout[2m | tests/lib/capacity-simulation.test.ts[2m > [22m[2m≡ƒÜÇ Capacity Simulation: Full System Load Test[2m > [22m[2m≡ƒöÑ Viral Post Burst[2m > [22m[2m1000 comments on a Free user ΓåÆ 200 sent + 800 queued
[22m[39mΓä╣∩╕Å [INFO] Rate limit hit, queuing DM | {"userId":"viral_free","planType":"free","remaining":{"hourly":0,"monthly":800}}

[90mstdout[2m | tests/lib/capacity-simulation.test.ts[2m > [22m[2m≡ƒÜÇ Capacity Simulation: Full System Load Test[2m > [22m[2m≡ƒöÑ Viral Post Burst[2m > [22m[2m1000 comments on a Free user ΓåÆ 200 sent + 800 queued
[22m[39mΓä╣∩╕Å [INFO] Rate limit hit, queuing DM | {"userId":"viral_free","planType":"free","remaining":{"hourly":0,"monthly":800}}

[90mstdout[2m | tests/lib/capacity-simulation.test.ts[2m > [22m[2m≡ƒÜÇ Capacity Simulation: Full System Load Test[2m > [22m[2m≡ƒöÑ Viral Post Burst[2m > [22m[2m1000 comments on a Free user ΓåÆ 200 sent + 800 queued
[22m[39mΓä╣∩╕Å [INFO] Rate limit hit, queuing DM | {"userId":"viral_free","planType":"free","remaining":{"hourly":0,"monthly":800}}

[90mstdout[2m | tests/lib/capacity-simulation.test.ts[2m > [22m[2m≡ƒÜÇ Capacity Simulation: Full System Load Test[2m > [22m[2m≡ƒöÑ Viral Post Burst[2m > [22m[2m1000 comments on a Free user ΓåÆ 200 sent + 800 queued
[22m[39mΓä╣∩╕Å [INFO] Rate limit hit, queuing DM | {"userId":"viral_free","planType":"free","remaining":{"hourly":0,"monthly":800}}

[90mstdout[2m | tests/lib/capacity-simulation.test.ts[2m > [22m[2m≡ƒÜÇ Capacity Simulation: Full System Load Test[2m > [22m[2m≡ƒöÑ Viral Post Burst[2m > [22m[2m1000 comments on a Free user ΓåÆ 200 sent + 800 queued
[22m[39mΓä╣∩╕Å [INFO] Rate limit hit, queuing DM | {"userId":"viral_free","planType":"free","remaining":{"hourly":0,"monthly":800}}

[90mstdout[2m | tests/lib/capacity-simulation.test.ts[2m > [22m[2m≡ƒÜÇ Capacity Simulation: Full System Load Test[2m > [22m[2m≡ƒöÑ Viral Post Burst[2m > [22m[2m1000 comments on a Free user ΓåÆ 200 sent + 800 queued
[22m[39mΓä╣∩╕Å [INFO] Rate limit hit, queuing DM | {"userId":"viral_free","planType":"free","remaining":{"hourly":0,"monthly":800}}

[90mstdout[2m | tests/lib/capacity-simulation.test.ts[2m > [22m[2m≡ƒÜÇ Capacity Simulation: Full System Load Test[2m > [22m[2m≡ƒöÑ Viral Post Burst[2m > [22m[2m1000 comments on a Free user ΓåÆ 200 sent + 800 queued
[22m[39mΓä╣∩╕Å [INFO] Rate limit hit, queuing DM | {"userId":"viral_free","planType":"free","remaining":{"hourly":0,"monthly":800}}

[90mstdout[2m | tests/lib/capacity-simulation.test.ts[2m > [22m[2m≡ƒÜÇ Capacity Simulation: Full System Load Test[2m > [22m[2m≡ƒöÑ Viral Post Burst[2m > [22m[2m1000 comments on a Free user ΓåÆ 200 sent + 800 queued
[22m[39mΓä╣∩╕Å [INFO] Rate limit hit, queuing DM | {"userId":"viral_free","planType":"free","remaining":{"hourly":0,"monthly":800}}

[90mstdout[2m | tests/lib/capacity-simulation.test.ts[2m > [22m[2m≡ƒÜÇ Capacity Simulation: Full System Load Test[2m > [22m[2m≡ƒöÑ Viral Post Burst[2m > [22m[2m1000 comments on a Free user ΓåÆ 200 sent + 800 queued
[22m[39mΓä╣∩╕Å [INFO] Rate limit hit, queuing DM | {"userId":"viral_free","planType":"free","remaining":{"hourly":0,"monthly":800}}

[90mstdout[2m | tests/lib/capacity-simulation.test.ts[2m > [22m[2m≡ƒÜÇ Capacity Simulation: Full System Load Test[2m > [22m[2m≡ƒöÑ Viral Post Burst[2m > [22m[2m1000 comments on a Free user ΓåÆ 200 sent + 800 queued
[22m[39mΓä╣∩╕Å [INFO] Rate limit hit, queuing DM | {"userId":"viral_free","planType":"free","remaining":{"hourly":0,"monthly":800}}

[90mstdout[2m | tests/lib/capacity-simulation.test.ts[2m > [22m[2m≡ƒÜÇ Capacity Simulation: Full System Load Test[2m > [22m[2m≡ƒöÑ Viral Post Burst[2m > [22m[2m1000 comments on a Free user ΓåÆ 200 sent + 800 queued
[22m[39mΓä╣∩╕Å [INFO] Rate limit hit, queuing DM | {"userId":"viral_free","planType":"free","remaining":{"hourly":0,"monthly":800}}

[90mstdout[2m | tests/lib/capacity-simulation.test.ts[2m > [22m[2m≡ƒÜÇ Capacity Simulation: Full System Load Test[2m > [22m[2m≡ƒöÑ Viral Post Burst[2m > [22m[2m1000 comments on a Free user ΓåÆ 200 sent + 800 queued
[22m[39mΓä╣∩╕Å [INFO] Rate limit hit, queuing DM | {"userId":"viral_free","planType":"free","remaining":{"hourly":0,"monthly":800}}

[90mstdout[2m | tests/lib/capacity-simulation.test.ts[2m > [22m[2m≡ƒÜÇ Capacity Simulation: Full System Load Test[2m > [22m[2m≡ƒöÑ Viral Post Burst[2m > [22m[2m1000 comments on a Free user ΓåÆ 200 sent + 800 queued
[22m[39mΓä╣∩╕Å [INFO] Rate limit hit, queuing DM | {"userId":"viral_free","planType":"free","remaining":{"hourly":0,"monthly":800}}

[90mstdout[2m | tests/lib/capacity-simulation.test.ts[2m > [22m[2m≡ƒÜÇ Capacity Simulation: Full System Load Test[2m > [22m[2m≡ƒöÑ Viral Post Burst[2m > [22m[2m1000 comments on a Free user ΓåÆ 200 sent + 800 queued
[22m[39mΓä╣∩╕Å [INFO] Rate limit hit, queuing DM | {"userId":"viral_free","planType":"free","remaining":{"hourly":0,"monthly":800}}

[90mstdout[2m | tests/lib/capacity-simulation.test.ts[2m > [22m[2m≡ƒÜÇ Capacity Simulation: Full System Load Test[2m > [22m[2m≡ƒöÑ Viral Post Burst[2m > [22m[2m1000 comments on a Free user ΓåÆ 200 sent + 800 queued
[22m[39mΓä╣∩╕Å [INFO] Rate limit hit, queuing DM | {"userId":"viral_free","planType":"free","remaining":{"hourly":0,"monthly":800}}

[90mstdout[2m | tests/lib/capacity-simulation.test.ts[2m > [22m[2m≡ƒÜÇ Capacity Simulation: Full System Load Test[2m > [22m[2m≡ƒöÑ Viral Post Burst[2m > [22m[2m1000 comments on a Free user ΓåÆ 200 sent + 800 queued
[22m[39mΓä╣∩╕Å [INFO] Rate limit hit, queuing DM | {"userId":"viral_free","planType":"free","remaining":{"hourly":0,"monthly":800}}

[90mstdout[2m | tests/lib/capacity-simulation.test.ts[2m > [22m[2m≡ƒÜÇ Capacity Simulation: Full System Load Test[2m > [22m[2m≡ƒöÑ Viral Post Burst[2m > [22m[2m1000 comments on a Free user ΓåÆ 200 sent + 800 queued
[22m[39mΓä╣∩╕Å [INFO] Rate limit hit, queuing DM | {"userId":"viral_free","planType":"free","remaining":{"hourly":0,"monthly":800}}

[90mstdout[2m | tests/lib/capacity-simulation.test.ts[2m > [22m[2m≡ƒÜÇ Capacity Simulation: Full System Load Test[2m > [22m[2m≡ƒöÑ Viral Post Burst[2m > [22m[2m1000 comments on a Free user ΓåÆ 200 sent + 800 queued
[22m[39mΓä╣∩╕Å [INFO] Rate limit hit, queuing DM | {"userId":"viral_free","planType":"free","remaining":{"hourly":0,"monthly":800}}

[90mstdout[2m | tests/lib/capacity-simulation.test.ts[2m > [22m[2m≡ƒÜÇ Capacity Simulation: Full System Load Test[2m > [22m[2m≡ƒöÑ Viral Post Burst[2m > [22m[2m1000 comments on a Free user ΓåÆ 200 sent + 800 queued
[22m[39mΓä╣∩╕Å [INFO] Rate limit hit, queuing DM | {"userId":"viral_free","planType":"free","remaining":{"hourly":0,"monthly":800}}

[90mstdout[2m | tests/lib/capacity-simulation.test.ts[2m > [22m[2m≡ƒÜÇ Capacity Simulation: Full System Load Test[2m > [22m[2m≡ƒöÑ Viral Post Burst[2m > [22m[2m1000 comments on a Free user ΓåÆ 200 sent + 800 queued
[22m[39mΓä╣∩╕Å [INFO] Rate limit hit, queuing DM | {"userId":"viral_free","planType":"free","remaining":{"hourly":0,"monthly":800}}

[90mstdout[2m | tests/lib/capacity-simulation.test.ts[2m > [22m[2m≡ƒÜÇ Capacity Simulation: Full System Load Test[2m > [22m[2m≡ƒöÑ Viral Post Burst[2m > [22m[2m1000 comments on a Free user ΓåÆ 200 sent + 800 queued
[22m[39mΓä╣∩╕Å [INFO] Rate limit hit, queuing DM | {"userId":"viral_free","planType":"free","remaining":{"hourly":0,"monthly":800}}

[90mstdout[2m | tests/lib/capacity-simulation.test.ts[2m > [22m[2m≡ƒÜÇ Capacity Simulation: Full System Load Test[2m > [22m[2m≡ƒöÑ Viral Post Burst[2m > [22m[2m1000 comments on a Free user ΓåÆ 200 sent + 800 queued
[22m[39mΓä╣∩╕Å [INFO] Rate limit hit, queuing DM | {"userId":"viral_free","planType":"free","remaining":{"hourly":0,"monthly":800}}

[90mstdout[2m | tests/lib/capacity-simulation.test.ts[2m > [22m[2m≡ƒÜÇ Capacity Simulation: Full System Load Test[2m > [22m[2m≡ƒöÑ Viral Post Burst[2m > [22m[2m1000 comments on a Free user ΓåÆ 200 sent + 800 queued
[22m[39mΓä╣∩╕Å [INFO] Rate limit hit, queuing DM | {"userId":"viral_free","planType":"free","remaining":{"hourly":0,"monthly":800}}

[90mstdout[2m | tests/lib/capacity-simulation.test.ts[2m > [22m[2m≡ƒÜÇ Capacity Simulation: Full System Load Test[2m > [22m[2m≡ƒöÑ Viral Post Burst[2m > [22m[2m1000 comments on a Free user ΓåÆ 200 sent + 800 queued
[22m[39mΓä╣∩╕Å [INFO] Rate limit hit, queuing DM | {"userId":"viral_free","planType":"free","remaining":{"hourly":0,"monthly":800}}

[90mstdout[2m | tests/lib/capacity-simulation.test.ts[2m > [22m[2m≡ƒÜÇ Capacity Simulation: Full System Load Test[2m > [22m[2m≡ƒöÑ Viral Post Burst[2m > [22m[2m1000 comments on a Free user ΓåÆ 200 sent + 800 queued
[22m[39mΓä╣∩╕Å [INFO] Rate limit hit, queuing DM | {"userId":"viral_free","planType":"free","remaining":{"hourly":0,"monthly":800}}

[90mstdout[2m | tests/lib/capacity-simulation.test.ts[2m > [22m[2m≡ƒÜÇ Capacity Simulation: Full System Load Test[2m > [22m[2m≡ƒöÑ Viral Post Burst[2m > [22m[2m1000 comments on a Free user ΓåÆ 200 sent + 800 queued
[22m[39mΓä╣∩╕Å [INFO] Rate limit hit, queuing DM | {"userId":"viral_free","planType":"free","remaining":{"hourly":0,"monthly":800}}

[90mstdout[2m | tests/lib/capacity-simulation.test.ts[2m > [22m[2m≡ƒÜÇ Capacity Simulation: Full System Load Test[2m > [22m[2m≡ƒöÑ Viral Post Burst[2m > [22m[2m1000 comments on a Free user ΓåÆ 200 sent + 800 queued
[22m[39mΓä╣∩╕Å [INFO] Rate limit hit, queuing DM | {"userId":"viral_free","planType":"free","remaining":{"hourly":0,"monthly":800}}

[90mstdout[2m | tests/lib/capacity-simulation.test.ts[2m > [22m[2m≡ƒÜÇ Capacity Simulation: Full System Load Test[2m > [22m[2m≡ƒöÑ Viral Post Burst[2m > [22m[2m1000 comments on a Free user ΓåÆ 200 sent + 800 queued
[22m[39mΓä╣∩╕Å [INFO] Rate limit hit, queuing DM | {"userId":"viral_free","planType":"free","remaining":{"hourly":0,"monthly":800}}

[90mstdout[2m | tests/lib/capacity-simulation.test.ts[2m > [22m[2m≡ƒÜÇ Capacity Simulation: Full System Load Test[2m > [22m[2m≡ƒöÑ Viral Post Burst[2m > [22m[2m1000 comments on a Free user ΓåÆ 200 sent + 800 queued
[22m[39mΓä╣∩╕Å [INFO] Rate limit hit, queuing DM | {"userId":"viral_free","planType":"free","remaining":{"hourly":0,"monthly":800}}

[90mstdout[2m | tests/lib/capacity-simulation.test.ts[2m > [22m[2m≡ƒÜÇ Capacity Simulation: Full System Load Test[2m > [22m[2m≡ƒöÑ Viral Post Burst[2m > [22m[2m1000 comments on a Free user ΓåÆ 200 sent + 800 queued
[22m[39mΓä╣∩╕Å [INFO] Rate limit hit, queuing DM | {"userId":"viral_free","planType":"free","remaining":{"hourly":0,"monthly":800}}

[90mstdout[2m | tests/lib/capacity-simulation.test.ts[2m > [22m[2m≡ƒÜÇ Capacity Simulation: Full System Load Test[2m > [22m[2m≡ƒöÑ Viral Post Burst[2m > [22m[2m1000 comments on a Free user ΓåÆ 200 sent + 800 queued
[22m[39mΓä╣∩╕Å [INFO] Rate limit hit, queuing DM | {"userId":"viral_free","planType":"free","remaining":{"hourly":0,"monthly":800}}

[90mstdout[2m | tests/lib/capacity-simulation.test.ts[2m > [22m[2m≡ƒÜÇ Capacity Simulation: Full System Load Test[2m > [22m[2m≡ƒöÑ Viral Post Burst[2m > [22m[2m1000 comments on a Free user ΓåÆ 200 sent + 800 queued
[22m[39mΓä╣∩╕Å [INFO] Rate limit hit, queuing DM | {"userId":"viral_free","planType":"free","remaining":{"hourly":0,"monthly":800}}

[90mstdout[2m | tests/lib/capacity-simulation.test.ts[2m > [22m[2m≡ƒÜÇ Capacity Simulation: Full System Load Test[2m > [22m[2m≡ƒöÑ Viral Post Burst[2m > [22m[2m1000 comments on a Free user ΓåÆ 200 sent + 800 queued
[22m[39mΓä╣∩╕Å [INFO] Rate limit hit, queuing DM | {"userId":"viral_free","planType":"free","remaining":{"hourly":0,"monthly":800}}

[90mstdout[2m | tests/lib/capacity-simulation.test.ts[2m > [22m[2m≡ƒÜÇ Capacity Simulation: Full System Load Test[2m > [22m[2m≡ƒöÑ Viral Post Burst[2m > [22m[2m1000 comments on a Free user ΓåÆ 200 sent + 800 queued
[22m[39mΓä╣∩╕Å [INFO] Rate limit hit, queuing DM | {"userId":"viral_free","planType":"free","remaining":{"hourly":0,"monthly":800}}

[90mstdout[2m | tests/lib/capacity-simulation.test.ts[2m > [22m[2m≡ƒÜÇ Capacity Simulation: Full System Load Test[2m > [22m[2m≡ƒöÑ Viral Post Burst[2m > [22m[2m1000 comments on a Free user ΓåÆ 200 sent + 800 queued
[22m[39mΓä╣∩╕Å [INFO] Rate limit hit, queuing DM | {"userId":"viral_free","planType":"free","remaining":{"hourly":0,"monthly":800}}

[90mstdout[2m | tests/lib/capacity-simulation.test.ts[2m > [22m[2m≡ƒÜÇ Capacity Simulation: Full System Load Test[2m > [22m[2m≡ƒöÑ Viral Post Burst[2m > [22m[2m1000 comments on a Free user ΓåÆ 200 sent + 800 queued
[22m[39mΓä╣∩╕Å [INFO] Rate limit hit, queuing DM | {"userId":"viral_free","planType":"free","remaining":{"hourly":0,"monthly":800}}

[90mstdout[2m | tests/lib/capacity-simulation.test.ts[2m > [22m[2m≡ƒÜÇ Capacity Simulation: Full System Load Test[2m > [22m[2m≡ƒöÑ Viral Post Burst[2m > [22m[2m1000 comments on a Free user ΓåÆ 200 sent + 800 queued
[22m[39mΓä╣∩╕Å [INFO] Rate limit hit, queuing DM | {"userId":"viral_free","planType":"free","remaining":{"hourly":0,"monthly":800}}

[90mstdout[2m | tests/lib/capacity-simulation.test.ts[2m > [22m[2m≡ƒÜÇ Capacity Simulation: Full System Load Test[2m > [22m[2m≡ƒöÑ Viral Post Burst[2m > [22m[2m1000 comments on a Free user ΓåÆ 200 sent + 800 queued
[22m[39mΓä╣∩╕Å [INFO] Rate limit hit, queuing DM | {"userId":"viral_free","planType":"free","remaining":{"hourly":0,"monthly":800}}

[90mstdout[2m | tests/lib/capacity-simulation.test.ts[2m > [22m[2m≡ƒÜÇ Capacity Simulation: Full System Load Test[2m > [22m[2m≡ƒöÑ Viral Post Burst[2m > [22m[2m1000 comments on a Free user ΓåÆ 200 sent + 800 queued
[22m[39mΓä╣∩╕Å [INFO] Rate limit hit, queuing DM | {"userId":"viral_free","planType":"free","remaining":{"hourly":0,"monthly":800}}

[90mstdout[2m | tests/lib/capacity-simulation.test.ts[2m > [22m[2m≡ƒÜÇ Capacity Simulation: Full System Load Test[2m > [22m[2m≡ƒöÑ Viral Post Burst[2m > [22m[2m1000 comments on a Free user ΓåÆ 200 sent + 800 queued
[22m[39mΓä╣∩╕Å [INFO] Rate limit hit, queuing DM | {"userId":"viral_free","planType":"free","remaining":{"hourly":0,"monthly":800}}

[90mstdout[2m | tests/lib/capacity-simulation.test.ts[2m > [22m[2m≡ƒÜÇ Capacity Simulation: Full System Load Test[2m > [22m[2m≡ƒöÑ Viral Post Burst[2m > [22m[2m1000 comments on a Free user ΓåÆ 200 sent + 800 queued
[22m[39mΓä╣∩╕Å [INFO] Rate limit hit, queuing DM | {"userId":"viral_free","planType":"free","remaining":{"hourly":0,"monthly":800}}

[90mstdout[2m | tests/lib/capacity-simulation.test.ts[2m > [22m[2m≡ƒÜÇ Capacity Simulation: Full System Load Test[2m > [22m[2m≡ƒöÑ Viral Post Burst[2m > [22m[2m1000 comments on a Free user ΓåÆ 200 sent + 800 queued
[22m[39mΓä╣∩╕Å [INFO] Rate limit hit, queuing DM | {"userId":"viral_free","planType":"free","remaining":{"hourly":0,"monthly":800}}

[90mstdout[2m | tests/lib/capacity-simulation.test.ts[2m > [22m[2m≡ƒÜÇ Capacity Simulation: Full System Load Test[2m > [22m[2m≡ƒöÑ Viral Post Burst[2m > [22m[2m1000 comments on a Free user ΓåÆ 200 sent + 800 queued
[22m[39mΓä╣∩╕Å [INFO] Rate limit hit, queuing DM | {"userId":"viral_free","planType":"free","remaining":{"hourly":0,"monthly":800}}

[90mstdout[2m | tests/lib/capacity-simulation.test.ts[2m > [22m[2m≡ƒÜÇ Capacity Simulation: Full System Load Test[2m > [22m[2m≡ƒöÑ Viral Post Burst[2m > [22m[2m1000 comments on a Free user ΓåÆ 200 sent + 800 queued
[22m[39mΓä╣∩╕Å [INFO] Rate limit hit, queuing DM | {"userId":"viral_free","planType":"free","remaining":{"hourly":0,"monthly":800}}

[90mstdout[2m | tests/lib/capacity-simulation.test.ts[2m > [22m[2m≡ƒÜÇ Capacity Simulation: Full System Load Test[2m > [22m[2m≡ƒöÑ Viral Post Burst[2m > [22m[2m1000 comments on a Free user ΓåÆ 200 sent + 800 queued
[22m[39mΓä╣∩╕Å [INFO] Rate limit hit, queuing DM | {"userId":"viral_free","planType":"free","remaining":{"hourly":0,"monthly":800}}

[90mstdout[2m | tests/lib/capacity-simulation.test.ts[2m > [22m[2m≡ƒÜÇ Capacity Simulation: Full System Load Test[2m > [22m[2m≡ƒöÑ Viral Post Burst[2m > [22m[2m1000 comments on a Free user ΓåÆ 200 sent + 800 queued
[22m[39mΓä╣∩╕Å [INFO] Rate limit hit, queuing DM | {"userId":"viral_free","planType":"free","remaining":{"hourly":0,"monthly":800}}

[90mstdout[2m | tests/lib/capacity-simulation.test.ts[2m > [22m[2m≡ƒÜÇ Capacity Simulation: Full System Load Test[2m > [22m[2m≡ƒöÑ Viral Post Burst[2m > [22m[2m1000 comments on a Free user ΓåÆ 200 sent + 800 queued
[22m[39mΓä╣∩╕Å [INFO] Rate limit hit, queuing DM | {"userId":"viral_free","planType":"free","remaining":{"hourly":0,"monthly":800}}

[90mstdout[2m | tests/lib/capacity-simulation.test.ts[2m > [22m[2m≡ƒÜÇ Capacity Simulation: Full System Load Test[2m > [22m[2m≡ƒöÑ Viral Post Burst[2m > [22m[2m1000 comments on a Free user ΓåÆ 200 sent + 800 queued
[22m[39mΓä╣∩╕Å [INFO] Rate limit hit, queuing DM | {"userId":"viral_free","planType":"free","remaining":{"hourly":0,"monthly":800}}

[90mstdout[2m | tests/lib/capacity-simulation.test.ts[2m > [22m[2m≡ƒÜÇ Capacity Simulation: Full System Load Test[2m > [22m[2m≡ƒöÑ Viral Post Burst[2m > [22m[2m1000 comments on a Free user ΓåÆ 200 sent + 800 queued
[22m[39mΓä╣∩╕Å [INFO] Rate limit hit, queuing DM | {"userId":"viral_free","planType":"free","remaining":{"hourly":0,"monthly":800}}

[90mstdout[2m | tests/lib/capacity-simulation.test.ts[2m > [22m[2m≡ƒÜÇ Capacity Simulation: Full System Load Test[2m > [22m[2m≡ƒöÑ Viral Post Burst[2m > [22m[2m1000 comments on a Free user ΓåÆ 200 sent + 800 queued
[22m[39mΓä╣∩╕Å [INFO] Rate limit hit, queuing DM | {"userId":"viral_free","planType":"free","remaining":{"hourly":0,"monthly":800}}

[90mstdout[2m | tests/lib/capacity-simulation.test.ts[2m > [22m[2m≡ƒÜÇ Capacity Simulation: Full System Load Test[2m > [22m[2m≡ƒöÑ Viral Post Burst[2m > [22m[2m1000 comments on a Free user ΓåÆ 200 sent + 800 queued
[22m[39mΓä╣∩╕Å [INFO] Rate limit hit, queuing DM | {"userId":"viral_free","planType":"free","remaining":{"hourly":0,"monthly":800}}

[90mstdout[2m | tests/lib/capacity-simulation.test.ts[2m > [22m[2m≡ƒÜÇ Capacity Simulation: Full System Load Test[2m > [22m[2m≡ƒöÑ Viral Post Burst[2m > [22m[2m1000 comments on a Free user ΓåÆ 200 sent + 800 queued
[22m[39mΓä╣∩╕Å [INFO] Rate limit hit, queuing DM | {"userId":"viral_free","planType":"free","remaining":{"hourly":0,"monthly":800}}

[90mstdout[2m | tests/lib/capacity-simulation.test.ts[2m > [22m[2m≡ƒÜÇ Capacity Simulation: Full System Load Test[2m > [22m[2m≡ƒöÑ Viral Post Burst[2m > [22m[2m1000 comments on a Free user ΓåÆ 200 sent + 800 queued
[22m[39mΓä╣∩╕Å [INFO] Rate limit hit, queuing DM | {"userId":"viral_free","planType":"free","remaining":{"hourly":0,"monthly":800}}

[90mstdout[2m | tests/lib/capacity-simulation.test.ts[2m > [22m[2m≡ƒÜÇ Capacity Simulation: Full System Load Test[2m > [22m[2m≡ƒöÑ Viral Post Burst[2m > [22m[2m1000 comments on a Free user ΓåÆ 200 sent + 800 queued
[22m[39mΓä╣∩╕Å [INFO] Rate limit hit, queuing DM | {"userId":"viral_free","planType":"free","remaining":{"hourly":0,"monthly":800}}

[90mstdout[2m | tests/lib/capacity-simulation.test.ts[2m > [22m[2m≡ƒÜÇ Capacity Simulation: Full System Load Test[2m > [22m[2m≡ƒöÑ Viral Post Burst[2m > [22m[2m1000 comments on a Free user ΓåÆ 200 sent + 800 queued
[22m[39mΓä╣∩╕Å [INFO] Rate limit hit, queuing DM | {"userId":"viral_free","planType":"free","remaining":{"hourly":0,"monthly":800}}

[90mstdout[2m | tests/lib/capacity-simulation.test.ts[2m > [22m[2m≡ƒÜÇ Capacity Simulation: Full System Load Test[2m > [22m[2m≡ƒöÑ Viral Post Burst[2m > [22m[2m1000 comments on a Free user ΓåÆ 200 sent + 800 queued
[22m[39mΓä╣∩╕Å [INFO] Rate limit hit, queuing DM | {"userId":"viral_free","planType":"free","remaining":{"hourly":0,"monthly":800}}

[90mstdout[2m | tests/lib/capacity-simulation.test.ts[2m > [22m[2m≡ƒÜÇ Capacity Simulation: Full System Load Test[2m > [22m[2m≡ƒöÑ Viral Post Burst[2m > [22m[2m1000 comments on a Free user ΓåÆ 200 sent + 800 queued
[22m[39mΓä╣∩╕Å [INFO] Rate limit hit, queuing DM | {"userId":"viral_free","planType":"free","remaining":{"hourly":0,"monthly":800}}

[90mstdout[2m | tests/lib/capacity-simulation.test.ts[2m > [22m[2m≡ƒÜÇ Capacity Simulation: Full System Load Test[2m > [22m[2m≡ƒöÑ Viral Post Burst[2m > [22m[2m1000 comments on a Free user ΓåÆ 200 sent + 800 queued
[22m[39mΓä╣∩╕Å [INFO] Rate limit hit, queuing DM | {"userId":"viral_free","planType":"free","remaining":{"hourly":0,"monthly":800}}

[90mstdout[2m | tests/lib/capacity-simulation.test.ts[2m > [22m[2m≡ƒÜÇ Capacity Simulation: Full System Load Test[2m > [22m[2m≡ƒöÑ Viral Post Burst[2m > [22m[2m1000 comments on a Free user ΓåÆ 200 sent + 800 queued
[22m[39mΓä╣∩╕Å [INFO] Rate limit hit, queuing DM | {"userId":"viral_free","planType":"free","remaining":{"hourly":0,"monthly":800}}

[90mstdout[2m | tests/lib/capacity-simulation.test.ts[2m > [22m[2m≡ƒÜÇ Capacity Simulation: Full System Load Test[2m > [22m[2m≡ƒöÑ Viral Post Burst[2m > [22m[2m1000 comments on a Free user ΓåÆ 200 sent + 800 queued
[22m[39mΓä╣∩╕Å [INFO] Rate limit hit, queuing DM | {"userId":"viral_free","planType":"free","remaining":{"hourly":0,"monthly":800}}

[90mstdout[2m | tests/lib/capacity-simulation.test.ts[2m > [22m[2m≡ƒÜÇ Capacity Simulation: Full System Load Test[2m > [22m[2m≡ƒöÑ Viral Post Burst[2m > [22m[2m1000 comments on a Free user ΓåÆ 200 sent + 800 queued
[22m[39mΓä╣∩╕Å [INFO] Rate limit hit, queuing DM | {"userId":"viral_free","planType":"free","remaining":{"hourly":0,"monthly":800}}

[90mstdout[2m | tests/lib/capacity-simulation.test.ts[2m > [22m[2m≡ƒÜÇ Capacity Simulation: Full System Load Test[2m > [22m[2m≡ƒöÑ Viral Post Burst[2m > [22m[2m1000 comments on a Free user ΓåÆ 200 sent + 800 queued
[22m[39mΓä╣∩╕Å [INFO] Rate limit hit, queuing DM | {"userId":"viral_free","planType":"free","remaining":{"hourly":0,"monthly":800}}

[90mstdout[2m | tests/lib/capacity-simulation.test.ts[2m > [22m[2m≡ƒÜÇ Capacity Simulation: Full System Load Test[2m > [22m[2m≡ƒöÑ Viral Post Burst[2m > [22m[2m1000 comments on a Free user ΓåÆ 200 sent + 800 queued
[22m[39mΓä╣∩╕Å [INFO] Rate limit hit, queuing DM | {"userId":"viral_free","planType":"free","remaining":{"hourly":0,"monthly":800}}

[90mstdout[2m | tests/lib/capacity-simulation.test.ts[2m > [22m[2m≡ƒÜÇ Capacity Simulation: Full System Load Test[2m > [22m[2m≡ƒöÑ Viral Post Burst[2m > [22m[2m1000 comments on a Free user ΓåÆ 200 sent + 800 queued
[22m[39mΓä╣∩╕Å [INFO] Rate limit hit, queuing DM | {"userId":"viral_free","planType":"free","remaining":{"hourly":0,"monthly":800}}

[90mstdout[2m | tests/lib/capacity-simulation.test.ts[2m > [22m[2m≡ƒÜÇ Capacity Simulation: Full System Load Test[2m > [22m[2m≡ƒöÑ Viral Post Burst[2m > [22m[2m1000 comments on a Free user ΓåÆ 200 sent + 800 queued
[22m[39mΓä╣∩╕Å [INFO] Rate limit hit, queuing DM | {"userId":"viral_free","planType":"free","remaining":{"hourly":0,"monthly":800}}

[90mstdout[2m | tests/lib/capacity-simulation.test.ts[2m > [22m[2m≡ƒÜÇ Capacity Simulation: Full System Load Test[2m > [22m[2m≡ƒöÑ Viral Post Burst[2m > [22m[2m1000 comments on a Free user ΓåÆ 200 sent + 800 queued
[22m[39mΓä╣∩╕Å [INFO] Rate limit hit, queuing DM | {"userId":"viral_free","planType":"free","remaining":{"hourly":0,"monthly":800}}

[90mstdout[2m | tests/lib/capacity-simulation.test.ts[2m > [22m[2m≡ƒÜÇ Capacity Simulation: Full System Load Test[2m > [22m[2m≡ƒöÑ Viral Post Burst[2m > [22m[2m1000 comments on a Free user ΓåÆ 200 sent + 800 queued
[22m[39mΓä╣∩╕Å [INFO] Rate limit hit, queuing DM | {"userId":"viral_free","planType":"free","remaining":{"hourly":0,"monthly":800}}

[90mstdout[2m | tests/lib/capacity-simulation.test.ts[2m > [22m[2m≡ƒÜÇ Capacity Simulation: Full System Load Test[2m > [22m[2m≡ƒöÑ Viral Post Burst[2m > [22m[2m1000 comments on a Free user ΓåÆ 200 sent + 800 queued
[22m[39mΓä╣∩╕Å [INFO] Rate limit hit, queuing DM | {"userId":"viral_free","planType":"free","remaining":{"hourly":0,"monthly":800}}

[90mstdout[2m | tests/lib/capacity-simulation.test.ts[2m > [22m[2m≡ƒÜÇ Capacity Simulation: Full System Load Test[2m > [22m[2m≡ƒöÑ Viral Post Burst[2m > [22m[2m1000 comments on a Free user ΓåÆ 200 sent + 800 queued
[22m[39mΓä╣∩╕Å [INFO] Rate limit hit, queuing DM | {"userId":"viral_free","planType":"free","remaining":{"hourly":0,"monthly":800}}

[90mstdout[2m | tests/lib/capacity-simulation.test.ts[2m > [22m[2m≡ƒÜÇ Capacity Simulation: Full System Load Test[2m > [22m[2m≡ƒöÑ Viral Post Burst[2m > [22m[2m1000 comments on a Free user ΓåÆ 200 sent + 800 queued
[22m[39mΓä╣∩╕Å [INFO] Rate limit hit, queuing DM | {"userId":"viral_free","planType":"free","remaining":{"hourly":0,"monthly":800}}

[90mstdout[2m | tests/lib/capacity-simulation.test.ts[2m > [22m[2m≡ƒÜÇ Capacity Simulation: Full System Load Test[2m > [22m[2m≡ƒöÑ Viral Post Burst[2m > [22m[2m1000 comments on a Free user ΓåÆ 200 sent + 800 queued
[22m[39mΓä╣∩╕Å [INFO] Rate limit hit, queuing DM | {"userId":"viral_free","planType":"free","remaining":{"hourly":0,"monthly":800}}

[90mstdout[2m | tests/lib/capacity-simulation.test.ts[2m > [22m[2m≡ƒÜÇ Capacity Simulation: Full System Load Test[2m > [22m[2m≡ƒöÑ Viral Post Burst[2m > [22m[2m1000 comments on a Free user ΓåÆ 200 sent + 800 queued
[22m[39mΓä╣∩╕Å [INFO] Rate limit hit, queuing DM | {"userId":"viral_free","planType":"free","remaining":{"hourly":0,"monthly":800}}

[90mstdout[2m | tests/lib/capacity-simulation.test.ts[2m > [22m[2m≡ƒÜÇ Capacity Simulation: Full System Load Test[2m > [22m[2m≡ƒöÑ Viral Post Burst[2m > [22m[2m1000 comments on a Free user ΓåÆ 200 sent + 800 queued
[22m[39mΓä╣∩╕Å [INFO] Rate limit hit, queuing DM | {"userId":"viral_free","planType":"free","remaining":{"hourly":0,"monthly":800}}

[90mstdout[2m | tests/lib/capacity-simulation.test.ts[2m > [22m[2m≡ƒÜÇ Capacity Simulation: Full System Load Test[2m > [22m[2m≡ƒöÑ Viral Post Burst[2m > [22m[2m1000 comments on a Free user ΓåÆ 200 sent + 800 queued
[22m[39mΓä╣∩╕Å [INFO] Rate limit hit, queuing DM | {"userId":"viral_free","planType":"free","remaining":{"hourly":0,"monthly":800}}

[90mstdout[2m | tests/lib/capacity-simulation.test.ts[2m > [22m[2m≡ƒÜÇ Capacity Simulation: Full System Load Test[2m > [22m[2m≡ƒöÑ Viral Post Burst[2m > [22m[2m1000 comments on a Free user ΓåÆ 200 sent + 800 queued
[22m[39mΓä╣∩╕Å [INFO] Rate limit hit, queuing DM | {"userId":"viral_free","planType":"free","remaining":{"hourly":0,"monthly":800}}

[90mstdout[2m | tests/lib/capacity-simulation.test.ts[2m > [22m[2m≡ƒÜÇ Capacity Simulation: Full System Load Test[2m > [22m[2m≡ƒöÑ Viral Post Burst[2m > [22m[2m1000 comments on a Free user ΓåÆ 200 sent + 800 queued
[22m[39mΓä╣∩╕Å [INFO] Rate limit hit, queuing DM | {"userId":"viral_free","planType":"free","remaining":{"hourly":0,"monthly":800}}

[90mstdout[2m | tests/lib/capacity-simulation.test.ts[2m > [22m[2m≡ƒÜÇ Capacity Simulation: Full System Load Test[2m > [22m[2m≡ƒöÑ Viral Post Burst[2m > [22m[2m1000 comments on a Free user ΓåÆ 200 sent + 800 queued
[22m[39mΓä╣∩╕Å [INFO] Rate limit hit, queuing DM | {"userId":"viral_free","planType":"free","remaining":{"hourly":0,"monthly":800}}

[90mstdout[2m | tests/lib/capacity-simulation.test.ts[2m > [22m[2m≡ƒÜÇ Capacity Simulation: Full System Load Test[2m > [22m[2m≡ƒöÑ Viral Post Burst[2m > [22m[2m1000 comments on a Free user ΓåÆ 200 sent + 800 queued
[22m[39mΓä╣∩╕Å [INFO] Rate limit hit, queuing DM | {"userId":"viral_free","planType":"free","remaining":{"hourly":0,"monthly":800}}

[90mstdout[2m | tests/lib/capacity-simulation.test.ts[2m > [22m[2m≡ƒÜÇ Capacity Simulation: Full System Load Test[2m > [22m[2m≡ƒöÑ Viral Post Burst[2m > [22m[2m1000 comments on a Free user ΓåÆ 200 sent + 800 queued
[22m[39m
≡ƒöÑ VIRAL POST (FREE USER) (1000 comments):
   Γö£ΓöÇ DMs sent:           200
   Γö£ΓöÇ DMs queued:          800
   Γö£ΓöÇ Monthly quota used:  200/1000
   ΓööΓöÇ Queue drain:         ~4h (within limits)

 [31m├ù[39m tests/lib/capacity-simulation.test.ts[2m > [22m≡ƒÜÇ Capacity Simulation: Full System Load Test[2m > [22m≡ƒæÑ Multi-User Concurrency[2m > [22m100 mixed-plan concurrent users[32m 122[2mms[22m[39m
[31m   ΓåÆ expected 299 to be 2000 // Object.is equality[39m
 [32mΓ£ô[39m tests/lib/capacity-simulation.test.ts[2m > [22m≡ƒÜÇ Capacity Simulation: Full System Load Test[2m > [22m≡ƒöÑ Viral Post Burst[2m > [22m500 comments on a single Pro users post ΓåÆ 200 sent + 300 queued[32m 86[2mms[22m[39m
 [32mΓ£ô[39m tests/lib/capacity-simulation.test.ts[2m > [22m≡ƒÜÇ Capacity Simulation: Full System Load Test[2m > [22m≡ƒöÑ Viral Post Burst[2m > [22m1000 comments on a Free user ΓåÆ 200 sent + 800 queued[32m 151[2mms[22m[39m
[90mstdout[2m | tests/lib/capacity-simulation.test.ts[2m > [22m[2m≡ƒÜÇ Capacity Simulation: Full System Load Test[2m > [22m[2m≡ƒôê System-Wide Capacity Summary[2m > [22m[2mprints theoretical maximums for different user bases
[22m[39m
ΓòöΓòÉΓòÉΓòÉΓòÉΓòÉΓòÉΓòÉΓòÉΓòÉΓòÉΓòÉΓòÉΓòÉΓòÉΓòÉΓòÉΓòÉΓòÉΓòÉΓòÉΓòÉΓòÉΓòÉΓòÉΓòÉΓòÉΓòÉΓòÉΓòÉΓòÉΓòÉΓòÉΓòÉΓòÉΓòÉΓòÉΓòÉΓòÉΓòÉΓòÉΓòÉΓòÉΓòÉΓòÉΓòÉΓòÉΓòÉΓòÉΓòÉΓòÉΓòÉΓòÉΓòÉΓòÉΓòÉΓòÉΓòÉΓòÉΓòÉΓòÉΓòÉΓòÉΓòÉΓòÉΓòÉΓòÉΓòÉΓòÉΓòÉΓòÉΓòù
Γòæ                 SYSTEM-WIDE CAPACITY SUMMARY                        Γòæ
ΓòáΓòÉΓòÉΓòÉΓòÉΓòÉΓòÉΓòÉΓòÉΓòÉΓòÉΓòÉΓòÉΓòÉΓòÉΓòÉΓòÉΓòÉΓòÉΓòÉΓòÉΓòÉΓòÉΓòÉΓòÉΓòÉΓòÉΓòÉΓòÉΓòÉΓòÉΓòÉΓòÉΓòÉΓòÉΓòÉΓòÉΓòÉΓòÉΓòÉΓòÉΓòÉΓòÉΓòÉΓòÉΓòÉΓòÉΓòÉΓòÉΓòÉΓòÉΓòÉΓòÉΓòÉΓòÉΓòÉΓòÉΓòÉΓòÉΓòÉΓòÉΓòÉΓòÉΓòÉΓòÉΓòÉΓòÉΓòÉΓòÉΓòÉΓòÉΓòú
Γòæ  Scenario               Γöé  DMs/Hour  Γöé  DMs/Day    Γöé  DMs/Month     Γòæ
ΓòáΓòÉΓòÉΓòÉΓòÉΓòÉΓòÉΓòÉΓòÉΓòÉΓòÉΓòÉΓòÉΓòÉΓòÉΓòÉΓòÉΓòÉΓòÉΓòÉΓòÉΓòÉΓòÉΓòÉΓòÉΓòÉΓòÉΓòÉΓòÉΓòÉΓòÉΓòÉΓòÉΓòÉΓòÉΓòÉΓòÉΓòÉΓòÉΓòÉΓòÉΓòÉΓòÉΓòÉΓòÉΓòÉΓòÉΓòÉΓòÉΓòÉΓòÉΓòÉΓòÉΓòÉΓòÉΓòÉΓòÉΓòÉΓòÉΓòÉΓòÉΓòÉΓòÉΓòÉΓòÉΓòÉΓòÉΓòÉΓòÉΓòÉΓòÉΓòú
Γòæ  10 Free users          Γöé     2,000  Γöé        334  Γöé       10,000  Γòæ
Γòæ  50 Free users          Γöé    10,000  Γöé      1,667  Γöé       50,000  Γòæ
Γòæ  100 Free users         Γöé    20,000  Γöé      3,334  Γöé     1,00,000  Γòæ
Γòæ  10 Starter users       Γöé     2,000  Γöé     16,667  Γöé     5,00,000  Γòæ
Γòæ  50 Starter users       Γöé    10,000  Γöé     83,334  Γöé    25,00,000  Γòæ
Γòæ  100 Starter users      Γöé    20,000  Γöé   1,66,667  Γöé    50,00,000  Γòæ
Γòæ  10 Pro users           Γöé     2,000  Γöé     48,000  Γöé  1,00,00,000  Γòæ
Γòæ  50 Pro users           Γöé    10,000  Γöé   2,40,000  Γöé  5,00,00,000  Γòæ
Γòæ  100 Pro users          Γöé    20,000  Γöé   4,80,000  Γöé 10,00,00,000  Γòæ
Γòæ  Mix: 500F+100S+20P     Γöé  1,24,000  Γöé   8,50,000  Γöé  2,55,00,000  Γòæ
ΓòáΓòÉΓòÉΓòÉΓòÉΓòÉΓòÉΓòÉΓòÉΓòÉΓòÉΓòÉΓòÉΓòÉΓòÉΓòÉΓòÉΓòÉΓòÉΓòÉΓòÉΓòÉΓòÉΓòÉΓòÉΓòÉΓòÉΓòÉΓòÉΓòÉΓòÉΓòÉΓòÉΓòÉΓòÉΓòÉΓòÉΓòÉΓòÉΓòÉΓòÉΓòÉΓòÉΓòÉΓòÉΓòÉΓòÉΓòÉΓòÉΓòÉΓòÉΓòÉΓòÉΓòÉΓòÉΓòÉΓòÉΓòÉΓòÉΓòÉΓòÉΓòÉΓòÉΓòÉΓòÉΓòÉΓòÉΓòÉΓòÉΓòÉΓòÉΓòú
Γòæ  Notes:                                                             Γòæ
Γòæ  ΓÇó All plans share 200 DMs/hr speed limit (Meta platform limit)     Γòæ
Γòæ  ΓÇó Free: 1K/mo  Γöé  Starter: 50K/mo  Γöé  Pro: 1M/mo (unlimited)      Γòæ
Γòæ  ΓÇó Overflow DMs are queued, never dropped                           Γòæ
Γòæ  ΓÇó Queue processes every hour via cron                              Γòæ
ΓòÜΓòÉΓòÉΓòÉΓòÉΓòÉΓòÉΓòÉΓòÉΓòÉΓòÉΓòÉΓòÉΓòÉΓòÉΓòÉΓòÉΓòÉΓòÉΓòÉΓòÉΓòÉΓòÉΓòÉΓòÉΓòÉΓòÉΓòÉΓòÉΓòÉΓòÉΓòÉΓòÉΓòÉΓòÉΓòÉΓòÉΓòÉΓòÉΓòÉΓòÉΓòÉΓòÉΓòÉΓòÉΓòÉΓòÉΓòÉΓòÉΓòÉΓòÉΓòÉΓòÉΓòÉΓòÉΓòÉΓòÉΓòÉΓòÉΓòÉΓòÉΓòÉΓòÉΓòÉΓòÉΓòÉΓòÉΓòÉΓòÉΓòÉΓòÉΓò¥

[90mstdout[2m | tests/lib/capacity-simulation.test.ts[2m > [22m[2m≡ƒÜÇ Capacity Simulation: Full System Load Test[2m > [22m[2m≡ƒöÆ Rate Limit Isolation[2m > [22m[2mone user hitting limit does NOT affect another user
[22m[39m
≡ƒöÆ ISOLATION TEST:
   Γö£ΓöÇ User A: 200 sent (at limit)
   ΓööΓöÇ User B: 50 sent (unaffected)

[90mstdout[2m | tests/lib/capacity-simulation.test.ts[2m > [22m[2m≡ƒÜÇ Capacity Simulation: Full System Load Test[2m > [22m[2m≡ƒôà Monthly Limit Boundary[2m > [22m[2mFree user: monthly limit blocks DMs after 1000
[22m[39mΓä╣∩╕Å [INFO] Rate limit hit, queuing DM | {"userId":"monthly_test","planType":"free","remaining":{"hourly":190,"monthly":0}}

[90mstdout[2m | tests/lib/capacity-simulation.test.ts[2m > [22m[2m≡ƒÜÇ Capacity Simulation: Full System Load Test[2m > [22m[2m≡ƒôà Monthly Limit Boundary[2m > [22m[2mFree user: monthly limit blocks DMs after 1000
[22m[39mΓä╣∩╕Å [INFO] Rate limit hit, queuing DM | {"userId":"monthly_test","planType":"free","remaining":{"hourly":190,"monthly":0}}

[90mstdout[2m | tests/lib/capacity-simulation.test.ts[2m > [22m[2m≡ƒÜÇ Capacity Simulation: Full System Load Test[2m > [22m[2m≡ƒôà Monthly Limit Boundary[2m > [22m[2mFree user: monthly limit blocks DMs after 1000
[22m[39mΓä╣∩╕Å [INFO] Rate limit hit, queuing DM | {"userId":"monthly_test","planType":"free","remaining":{"hourly":190,"monthly":0}}

[90mstdout[2m | tests/lib/capacity-simulation.test.ts[2m > [22m[2m≡ƒÜÇ Capacity Simulation: Full System Load Test[2m > [22m[2m≡ƒôà Monthly Limit Boundary[2m > [22m[2mFree user: monthly limit blocks DMs after 1000
[22m[39mΓä╣∩╕Å [INFO] Rate limit hit, queuing DM | {"userId":"monthly_test","planType":"free","remaining":{"hourly":190,"monthly":0}}

[90mstdout[2m | tests/lib/capacity-simulation.test.ts[2m > [22m[2m≡ƒÜÇ Capacity Simulation: Full System Load Test[2m > [22m[2m≡ƒôà Monthly Limit Boundary[2m > [22m[2mFree user: monthly limit blocks DMs after 1000
[22m[39mΓä╣∩╕Å [INFO] Rate limit hit, queuing DM | {"userId":"monthly_test","planType":"free","remaining":{"hourly":190,"monthly":0}}

[90mstdout[2m | tests/lib/capacity-simulation.test.ts[2m > [22m[2m≡ƒÜÇ Capacity Simulation: Full System Load Test[2m > [22m[2m≡ƒôà Monthly Limit Boundary[2m > [22m[2mFree user: monthly limit blocks DMs after 1000
[22m[39mΓä╣∩╕Å [INFO] Rate limit hit, queuing DM | {"userId":"monthly_test","planType":"free","remaining":{"hourly":190,"monthly":0}}

[90mstdout[2m | tests/lib/capacity-simulation.test.ts[2m > [22m[2m≡ƒÜÇ Capacity Simulation: Full System Load Test[2m > [22m[2m≡ƒôà Monthly Limit Boundary[2m > [22m[2mFree user: monthly limit blocks DMs after 1000
[22m[39mΓä╣∩╕Å [INFO] Rate limit hit, queuing DM | {"userId":"monthly_test","planType":"free","remaining":{"hourly":190,"monthly":0}}

[90mstdout[2m | tests/lib/capacity-simulation.test.ts[2m > [22m[2m≡ƒÜÇ Capacity Simulation: Full System Load Test[2m > [22m[2m≡ƒôà Monthly Limit Boundary[2m > [22m[2mFree user: monthly limit blocks DMs after 1000
[22m[39mΓä╣∩╕Å [INFO] Rate limit hit, queuing DM | {"userId":"monthly_test","planType":"free","remaining":{"hourly":190,"monthly":0}}

[90mstdout[2m | tests/lib/capacity-simulation.test.ts[2m > [22m[2m≡ƒÜÇ Capacity Simulation: Full System Load Test[2m > [22m[2m≡ƒôà Monthly Limit Boundary[2m > [22m[2mFree user: monthly limit blocks DMs after 1000
[22m[39mΓä╣∩╕Å [INFO] Rate limit hit, queuing DM | {"userId":"monthly_test","planType":"free","remaining":{"hourly":190,"monthly":0}}

[90mstdout[2m | tests/lib/capacity-simulation.test.ts[2m > [22m[2m≡ƒÜÇ Capacity Simulation: Full System Load Test[2m > [22m[2m≡ƒôà Monthly Limit Boundary[2m > [22m[2mFree user: monthly limit blocks DMs after 1000
[22m[39mΓä╣∩╕Å [INFO] Rate limit hit, queuing DM | {"userId":"monthly_test","planType":"free","remaining":{"hourly":190,"monthly":0}}

[90mstdout[2m | tests/lib/capacity-simulation.test.ts[2m > [22m[2m≡ƒÜÇ Capacity Simulation: Full System Load Test[2m > [22m[2m≡ƒôà Monthly Limit Boundary[2m > [22m[2mFree user: monthly limit blocks DMs after 1000
[22m[39m
≡ƒôà MONTHLY LIMIT BOUNDARY (Free tier, started at 990/1000):
   Γö£ΓöÇ DMs sent:      10 (of 20 attempted)
   Γö£ΓöÇ DMs queued:     10
   ΓööΓöÇ Monthly used:   1000/1000

 [32mΓ£ô[39m tests/lib/capacity-simulation.test.ts[2m > [22m≡ƒÜÇ Capacity Simulation: Full System Load Test[2m > [22m≡ƒôê System-Wide Capacity Summary[2m > [22mprints theoretical maximums for different user bases[32m 26[2mms[22m[39m
 [32mΓ£ô[39m tests/lib/capacity-simulation.test.ts[2m > [22m≡ƒÜÇ Capacity Simulation: Full System Load Test[2m > [22m≡ƒöÆ Rate Limit Isolation[2m > [22mone user hitting limit does NOT affect another user[32m 14[2mms[22m[39m
 [32mΓ£ô[39m tests/lib/capacity-simulation.test.ts[2m > [22m≡ƒÜÇ Capacity Simulation: Full System Load Test[2m > [22m≡ƒôà Monthly Limit Boundary[2m > [22mFree user: monthly limit blocks DMs after 1000[32m 10[2mms[22m[39m
npx : 
At line:1 char:1
+ npx vitest run 
tests/lib/capacity-simulation.test.ts 
--reporter=verbo ...
+ ~~~~~~~~~~~~~~~~~~~~~~~~~~~~~~~~~~~~~~~~~
~~~~~~~~~~~~~~~~~~~~~~~~~~~~
    + CategoryInfo          : NotSpecified 
   : (:String) [], RemoteException
    + FullyQualifiedErrorId : NativeComman 
   dError
 
[31mΓÄ»ΓÄ»ΓÄ»ΓÄ»ΓÄ»ΓÄ»ΓÄ»[39m[1m[41m 
Failed Tests 3 
[49m[22m[31mΓÄ»ΓÄ»ΓÄ»ΓÄ»ΓÄ»ΓÄ»ΓÄ»[39m

[41m[1m FAIL [22m[49m 
tests/lib/capacity-simulation.test.ts[2m 
> [22m≡ƒÜÇ Capacity Simulation: Full 
System Load Test[2m > [22m≡ƒæÑ 
Multi-User Concurrency[2m > [22m10 
concurrent Free users ├ù 50 comments = 500 
DMs
[31m[1mAssertionError[22m: expected 209 
to be 500 // Object.is equality[39m

[32m- Expected[39m
[31m+ Received[39m

[32m- 500[39m
[31m+ 209[39m

[36m [2mΓ¥»[22m tests/lib/capacity-simul
ation.test.ts:[2m350:31[22m[39m
    [90m348| [39m            
console.log(`   ΓööΓöÇ Total processed:  
${totalSent + totalQuΓÇª
    [90m349| [39m
    [90m350| [39m            
expect(totalSent).toBe(userCount * 
commentsPerUser); // AlΓÇª
    [90m   | [39m                        
      [31m^[39m
    [90m351| [39m            [34mexpect
[39m(totalQueued)[33m.[39m[34mtoBe[39m(
[34m0[39m)[33m;[39m [90m// 50 < 200, 
no queuing[39m
    [90m352| [39m        })[33m;[39m

[31m[2mΓÄ»ΓÄ»ΓÄ»ΓÄ»ΓÄ»ΓÄ»ΓÄ»ΓÄ»ΓÄ»ΓÄ»ΓÄ»Γ
Ä»ΓÄ»ΓÄ»ΓÄ»ΓÄ»ΓÄ»ΓÄ»ΓÄ»ΓÄ»ΓÄ»ΓÄ»ΓÄ»ΓÄ»[1/3]
ΓÄ»[22m[39m

[41m[1m FAIL [22m[49m 
tests/lib/capacity-simulation.test.ts[2m 
> [22m≡ƒÜÇ Capacity Simulation: Full 
System Load Test[2m > [22m≡ƒæÑ 
Multi-User Concurrency[2m > [22m50 
concurrent Starter users ├ù 30 comments = 
1,500 DMs
[31m[1mAssertionError[22m: expected 249 
to be 1500 // Object.is equality[39m

[32m- Expected[39m
[31m+ Received[39m

[32m- 1500[39m
[31m+ 249[39m

[36m [2mΓ¥»[22m tests/lib/capacity-simul
ation.test.ts:[2m376:31[22m[39m
    [90m374| [39m            
console.log(`   ΓööΓöÇ Per user avg:   
${totalSent / userCountΓÇª
    [90m375| [39m
    [90m376| [39m            [34mexpect
[39m(totalSent)[33m.[39m[34mtoBe[39m(us
erCount [33m*[39m 
commentsPerUser)[33m;[39m
    [90m   | [39m                        
      [31m^[39m
    [90m377| [39m        })[33m;[39m
    [90m378| [39m

[31m[2mΓÄ»ΓÄ»ΓÄ»ΓÄ»ΓÄ»ΓÄ»ΓÄ»ΓÄ»ΓÄ»ΓÄ»ΓÄ»Γ
Ä»ΓÄ»ΓÄ»ΓÄ»ΓÄ»ΓÄ»ΓÄ»ΓÄ»ΓÄ»ΓÄ»ΓÄ»ΓÄ»ΓÄ»[2/3]
ΓÄ»[22m[39m

[41m[1m FAIL [22m[49m 
tests/lib/capacity-simulation.test.ts[2m 
> [22m≡ƒÜÇ Capacity Simulation: Full 
System Load Test[2m > [22m≡ƒæÑ 
Multi-User Concurrency[2m > [22m100 
mixed-plan concurrent users
[31m[1mAssertionError[22m: expected 299 
to be 2000 // Object.is equality[39m

[32m- Expected[39m
[31m+ Received[39m

[32m- 2000[39m
[31m+ 299[39m

[36m [2mΓ¥»[22m tests/lib/capacity-simul
ation.test.ts:[2m409:31[22m[39m
    [90m407| [39m            
console[33m.[39m[34mlog[39m([32m`   
ΓööΓöÇ Total:        
[39m[36m${[39mtotalSent[36m}[39m[32m 
DMs`[39m)[33m;[39m
    [90m408| [39m
    [90m409| [39m            [34mexpect
[39m(totalSent)[33m.[39m[34mtoBe[39m([
34m100[39m [33m*[39m 
commentsPerUser)[33m;[39m
    [90m   | [39m                        
      [31m^[39m
    [90m410| [39m        })[33m;[39m
    [90m411| [39m    })[33m;[39m

[31m[2mΓÄ»ΓÄ»ΓÄ»ΓÄ»ΓÄ»ΓÄ»ΓÄ»ΓÄ»ΓÄ»ΓÄ»ΓÄ»Γ
Ä»ΓÄ»ΓÄ»ΓÄ»ΓÄ»ΓÄ»ΓÄ»ΓÄ»ΓÄ»ΓÄ»ΓÄ»ΓÄ»ΓÄ»[3/3]
ΓÄ»[22m[39m


[2m Test Files [22m [1m[31m1 failed[39m[22m[90m (1)[39m
[2m      Tests [22m [1m[31m3 failed[39m[22m[2m | [22m[1m[32m9 passed[39m[22m[90m (12)[39m
[2m   Start at [22m 16:49:33
[2m   Duration [22m 1.70s[2m (transform 279ms, setup 162ms, import 259ms, tests 718ms, environment 0ms)[22m

